[seed_sweep] running seed=2 run_dir=/home/harveybc/Documents/GitHub/financial-data/experiments/stage_a_screening/runs/omega/adausdt_4h_dqn_baseline_12_direct_atr_sltp_s2_20260609T212850Z_project3_stage31_firstwave
{
  "ok": true,
  "results": [
    {
      "seed": 2,
      "exit_code": 0,
      "summary": {
        "initial_cash": 10000.0,
        "final_equity": 10000.025111090185,
        "total_return": 2.511109018499269e-06,
        "max_drawdown_pct": 0.0002004796146963112,
        "max_drawdown_money": 0.02004800000031537,
        "sharpe_ratio": -779.7758688443715,
        "sqn": 2.0704502577326194,
        "trades_total": 470,
        "trades_won": 229,
        "trades_lost": 240,
        "avg_trade_pnl": 5.938654760889431e-05,
        "action_diagnostics": {
          "steps": 12452,
          "hold_actions": 3957,
          "long_actions": 218,
          "short_actions": 8277,
          "non_hold_actions": 8495,
          "continuous_deadband_actions": 0,
          "raw_abs_sum": 16772.0,
          "raw_min": 0.0,
          "raw_max": 2.0,
          "continuous_action_threshold": null
        },
        "execution_diagnostics": {
          "entry_actions_seen": 8495,
          "entry_orders_submitted": 452,
          "blocked_session_filter": 0,
          "blocked_atr_warmup": 1,
          "blocked_non_positive_atr": 0,
          "blocked_non_positive_size": 0,
          "blocked_non_positive_price": 0,
          "default_orders_submitted": 0,
          "plugin_apply_errors": 0,
          "event_context_no_trade_active_steps": 0,
          "event_context_action_overrides": 0,
          "event_context_blocked_entries": 0,
          "event_context_forced_flat_actions": 0,
          "event_context_forced_flat_orders": 0
        },
        "event_context_diagnostics": {
          "event_context_no_trade_value": 0.0,
          "event_context_no_trade_active": 0.0,
          "event_context_spread_stress_multiplier": 1.0,
          "event_context_slippage_stress_multiplier": 1.0,
          "event_context_execution_overlay": false,
          "event_context_action_before_overlay": 0,
          "event_context_action_after_overlay": 0,
          "event_context_action_overridden": false,
          "event_context_blocked_entry": false,
          "event_context_forced_flat": false,
          "event_context_position_before_overlay": -1
        },
        "episode_reward": 2.5225090184903655e-06,
        "episode_length": 12452,
        "eval_seed": 2,
        "action_steps": 12452,
        "action_hold_count": 3957,
        "action_long_count": 218,
        "action_short_count": 8277,
        "action_non_hold_count": 8495,
        "action_non_hold_rate": 0.6822197237391584,
        "action_abs_mean": 1.3469322197237392,
        "action_raw_min": 0.0,
        "action_raw_max": 2.0,
        "action_deadband_count": 0,
        "action_deadband_rate": 0.0,
        "execution_entry_actions_seen": 8495,
        "execution_entry_orders_submitted": 452,
        "execution_blocked_atr_warmup": 1,
        "execution_blocked_session_filter": 0,
        "execution_blocked_non_positive_atr": 0,
        "execution_blocked_non_positive_size": 0,
        "execution_blocked_non_positive_price": 0,
        "no_trade_diagnosis": "",
        "no_trade_min_trades": 1,
        "no_trade_gate_passed": true,
        "return_trace_file": "/home/harveybc/Documents/GitHub/financial-data/experiments/stage_a_screening/runs/omega/adausdt_4h_dqn_baseline_12_direct_atr_sltp_s2_20260609T212850Z_project3_stage31_firstwave/return_trace.csv",
        "return_trace_metadata_file": "/home/harveybc/Documents/GitHub/financial-data/experiments/stage_a_screening/runs/omega/adausdt_4h_dqn_baseline_12_direct_atr_sltp_s2_20260609T212850Z_project3_stage31_firstwave/return_trace.csv.meta.json",
        "return_trace_evidence": {
          "schema_version": "project3_return_trace_evidence_v1",
          "generated_at": "2026-06-09T21:30:19Z",
          "run_id": "adausdt_4h_dqn_baseline_12_direct_atr_sltp_s2_20260609T212850Z_project3_stage31_firstwave",
          "pipeline_plugin": "rl_pipeline",
          "trace_schema_version": "stage_b_return_trace_v1",
          "asset": "adausdt_4h",
          "timeframe": "4h",
          "seed": 2,
          "config_hash": "450f36c574c04e36cb834f26567714f45a2b39aee84c12d3d3bbe0c5265aff93",
          "data_file": "/home/harveybc/Documents/GitHub/financial-data/experiments/stage_a_screening/inputs/adausdt/4h/baseline_12/train.csv",
          "data_file_hash": "f23a5c320ba5342e837a4b9fc9466c9f448b3a86338b65c9ea65b4709954cbe8",
          "feature_list_hash": null,
          "feature_columns": null,
          "feature_column_count": 0,
          "observation_state_fields": [
            "equity_norm",
            "position",
            "prices",
            "returns",
            "steps_remaining_norm",
            "unrealized_pnl_norm"
          ],
          "observation_state_hash": "a1b97276bf4bd7fae0ba79fc580caaa16c6274e1055a86f3ae9260d816090946",
          "heldout_boundary": "2025-01-01",
          "contains_heldout_rows": false,
          "stage_c_authorized": false,
          "broker_profile": null,
          "market_type": null,
          "trade_rate_band_id": null,
          "calendar_policy_id": null,
          "market_state_profile_id": null,
          "market_state_profile_hash": null,
          "market_state_profile_family": null,
          "market_state_profile_name": null,
          "market_state_selected_columns": null,
          "traces": [
            {
              "split": "evaluation",
              "trace_file": "/home/harveybc/Documents/GitHub/financial-data/experiments/stage_a_screening/runs/omega/adausdt_4h_dqn_baseline_12_direct_atr_sltp_s2_20260609T212850Z_project3_stage31_firstwave/return_trace.csv",
              "trace_file_sha256": "4b66cb381de9163e90e0c50c47983dbc5b38ed6bc9f39871b74607458a24318c",
              "metadata_file": "/home/harveybc/Documents/GitHub/financial-data/experiments/stage_a_screening/runs/omega/adausdt_4h_dqn_baseline_12_direct_atr_sltp_s2_20260609T212850Z_project3_stage31_firstwave/return_trace.csv.meta.json",
              "row_count": 12451,
              "first_timestamp": "2018-04-25 08:00:00",
              "last_timestamp": "2023-12-31 20:00:00",
              "contains_heldout_rows": false,
              "stage_c_authorized": false,
              "episode_id": "adausdt_4h_dqn_baseline_12_direct_atr_sltp_s2_20260609T212850Z_project3_stage31_firstwave::eval0",
              "feature_list_hash": null,
              "feature_column_count": 0,
              "observation_state_hash": "a1b97276bf4bd7fae0ba79fc580caaa16c6274e1055a86f3ae9260d816090946"
            }
          ],
          "evidence_file": "/home/harveybc/Documents/GitHub/financial-data/experiments/stage_a_screening/runs/omega/adausdt_4h_dqn_baseline_12_direct_atr_sltp_s2_20260609T212850Z_project3_stage31_firstwave/evidence.json"
        },
        "return_trace_evidence_file": "/home/harveybc/Documents/GitHub/financial-data/experiments/stage_a_screening/runs/omega/adausdt_4h_dqn_baseline_12_direct_atr_sltp_s2_20260609T212850Z_project3_stage31_firstwave/evidence.json",
        "mode": "train"
      },
      "run_dir": "/home/harveybc/Documents/GitHub/financial-data/experiments/stage_a_screening/runs/omega/adausdt_4h_dqn_baseline_12_direct_atr_sltp_s2_20260609T212850Z_project3_stage31_firstwave"
    }
  ]
}
