[seed_sweep] running seed=1 run_dir=/home/harveybc/Documents/GitHub/financial-data/experiments/stage_a_screening/runs/omega/adausdt_4h_dqn_baseline_12_direct_atr_sltp_s1_20260530T022728Z_project3_stage31_firstwave
{
  "ok": true,
  "results": [
    {
      "seed": 1,
      "exit_code": 0,
      "summary": {
        "initial_cash": 10000.0,
        "final_equity": 10000.01516045633,
        "total_return": 1.5160456330320926e-06,
        "max_drawdown_pct": 0.00016126502056429008,
        "max_drawdown_money": 0.01612651030336565,
        "sharpe_ratio": -717.9073425802019,
        "sqn": 0.5611079617521445,
        "trades_total": 2940,
        "trades_won": 1373,
        "trades_lost": 1566,
        "avg_trade_pnl": 4.809219938365874e-06,
        "action_diagnostics": {
          "steps": 12452,
          "hold_actions": 1559,
          "long_actions": 1971,
          "short_actions": 8922,
          "non_hold_actions": 10893,
          "continuous_deadband_actions": 0,
          "raw_abs_sum": 19815.0,
          "raw_min": 0.0,
          "raw_max": 2.0,
          "continuous_action_threshold": null
        },
        "execution_diagnostics": {
          "entry_actions_seen": 10892,
          "entry_orders_submitted": 2720,
          "blocked_session_filter": 0,
          "blocked_atr_warmup": 13,
          "blocked_non_positive_atr": 0,
          "blocked_non_positive_size": 0,
          "blocked_non_positive_price": 0,
          "default_orders_submitted": 0,
          "plugin_apply_errors": 0
        },
        "episode_reward": 1.5217456331811257e-06,
        "episode_length": 12452,
        "eval_seed": 1,
        "action_steps": 12452,
        "action_hold_count": 1559,
        "action_long_count": 1971,
        "action_short_count": 8922,
        "action_non_hold_count": 10893,
        "action_non_hold_rate": 0.8747992290395117,
        "action_abs_mean": 1.5913106328300675,
        "action_raw_min": 0.0,
        "action_raw_max": 2.0,
        "action_deadband_count": 0,
        "action_deadband_rate": 0.0,
        "execution_entry_actions_seen": 10892,
        "execution_entry_orders_submitted": 2720,
        "execution_blocked_atr_warmup": 13,
        "execution_blocked_session_filter": 0,
        "execution_blocked_non_positive_atr": 0,
        "execution_blocked_non_positive_size": 0,
        "execution_blocked_non_positive_price": 0,
        "no_trade_diagnosis": "",
        "no_trade_min_trades": 1,
        "no_trade_gate_passed": true,
        "return_trace_file": "/home/harveybc/Documents/GitHub/financial-data/experiments/stage_a_screening/runs/omega/adausdt_4h_dqn_baseline_12_direct_atr_sltp_s1_20260530T022728Z_project3_stage31_firstwave/return_trace.csv",
        "return_trace_metadata_file": "/home/harveybc/Documents/GitHub/financial-data/experiments/stage_a_screening/runs/omega/adausdt_4h_dqn_baseline_12_direct_atr_sltp_s1_20260530T022728Z_project3_stage31_firstwave/return_trace.csv.meta.json",
        "return_trace_evidence": {
          "schema_version": "project3_return_trace_evidence_v1",
          "generated_at": "2026-05-30T02:29:22Z",
          "run_id": "adausdt_4h_dqn_baseline_12_direct_atr_sltp_s1_20260530T022728Z_project3_stage31_firstwave",
          "pipeline_plugin": "rl_pipeline",
          "trace_schema_version": "stage_b_return_trace_v1",
          "asset": "adausdt_4h",
          "timeframe": "4h",
          "seed": 1,
          "config_hash": "ded795d868ff0e186036a9d4fbad65ba4f6e70719400d6ccff7da1edf04f79a3",
          "data_file": "/home/harveybc/Documents/GitHub/financial-data/experiments/stage_a_screening/inputs/adausdt/4h/baseline_12/train.csv",
          "data_file_hash": "f23a5c320ba5342e837a4b9fc9466c9f448b3a86338b65c9ea65b4709954cbe8",
          "feature_list_hash": null,
          "feature_columns": null,
          "feature_column_count": 0,
          "observation_state_fields": [
            "equity_norm",
            "position",
            "prices",
            "returns",
            "steps_remaining_norm",
            "unrealized_pnl_norm"
          ],
          "observation_state_hash": "a1b97276bf4bd7fae0ba79fc580caaa16c6274e1055a86f3ae9260d816090946",
          "heldout_boundary": "2025-01-01",
          "contains_heldout_rows": false,
          "stage_c_authorized": false,
          "broker_profile": null,
          "market_type": null,
          "trade_rate_band_id": null,
          "calendar_policy_id": null,
          "market_state_profile_id": null,
          "market_state_profile_hash": null,
          "market_state_profile_family": null,
          "market_state_profile_name": null,
          "market_state_selected_columns": null,
          "traces": [
            {
              "split": "evaluation",
              "trace_file": "/home/harveybc/Documents/GitHub/financial-data/experiments/stage_a_screening/runs/omega/adausdt_4h_dqn_baseline_12_direct_atr_sltp_s1_20260530T022728Z_project3_stage31_firstwave/return_trace.csv",
              "trace_file_sha256": "bef9c9dfe5e89b836a67ca3517b4b25c2bd397d3aba4b600900b81cb7949cdbf",
              "metadata_file": "/home/harveybc/Documents/GitHub/financial-data/experiments/stage_a_screening/runs/omega/adausdt_4h_dqn_baseline_12_direct_atr_sltp_s1_20260530T022728Z_project3_stage31_firstwave/return_trace.csv.meta.json",
              "row_count": 12451,
              "first_timestamp": "2018-04-25 08:00:00",
              "last_timestamp": "2023-12-31 20:00:00",
              "contains_heldout_rows": false,
              "stage_c_authorized": false,
              "episode_id": "adausdt_4h_dqn_baseline_12_direct_atr_sltp_s1_20260530T022728Z_project3_stage31_firstwave::eval0",
              "feature_list_hash": null,
              "feature_column_count": 0,
              "observation_state_hash": "a1b97276bf4bd7fae0ba79fc580caaa16c6274e1055a86f3ae9260d816090946"
            }
          ],
          "evidence_file": "/home/harveybc/Documents/GitHub/financial-data/experiments/stage_a_screening/runs/omega/adausdt_4h_dqn_baseline_12_direct_atr_sltp_s1_20260530T022728Z_project3_stage31_firstwave/evidence.json"
        },
        "return_trace_evidence_file": "/home/harveybc/Documents/GitHub/financial-data/experiments/stage_a_screening/runs/omega/adausdt_4h_dqn_baseline_12_direct_atr_sltp_s1_20260530T022728Z_project3_stage31_firstwave/evidence.json",
        "mode": "train"
      },
      "run_dir": "/home/harveybc/Documents/GitHub/financial-data/experiments/stage_a_screening/runs/omega/adausdt_4h_dqn_baseline_12_direct_atr_sltp_s1_20260530T022728Z_project3_stage31_firstwave"
    }
  ]
}
