[seed_sweep] running seed=1 run_dir=/home/harveybc/Documents/GitHub/financial-data/experiments/stage_a_screening/runs/omega/adausdt_4h_ppo_kitchen_sink_guarded_direct_atr_sltp_s1_20260524T185712Z_project3_stage31_firstwave
{
  "ok": true,
  "results": [
    {
      "seed": 1,
      "exit_code": 0,
      "summary": {
        "initial_cash": 10000.0,
        "final_equity": 9999.997950597904,
        "total_return": -2.049402095805064e-07,
        "max_drawdown_pct": 1.3866116259813551e-05,
        "max_drawdown_money": 0.0013866116278222762,
        "sharpe_ratio": -5661.805167852172,
        "sqn": -0.7716725967252372,
        "trades_total": 696,
        "trades_won": 332,
        "trades_lost": 363,
        "avg_trade_pnl": -1.4714795576567344e-06,
        "action_diagnostics": {
          "steps": 12147,
          "hold_actions": 0,
          "long_actions": 6072,
          "short_actions": 6075,
          "non_hold_actions": 12147,
          "continuous_deadband_actions": 0,
          "raw_abs_sum": 18222.0,
          "raw_min": 1.0,
          "raw_max": 2.0,
          "continuous_action_threshold": null
        },
        "execution_diagnostics": {
          "entry_actions_seen": 12146,
          "entry_orders_submitted": 6230,
          "blocked_session_filter": 0,
          "blocked_atr_warmup": 13,
          "blocked_non_positive_atr": 0,
          "blocked_non_positive_size": 0,
          "blocked_non_positive_price": 0,
          "default_orders_submitted": 0,
          "plugin_apply_errors": 0
        },
        "episode_reward": -1.9948008939536508e-07,
        "episode_length": 12147,
        "eval_seed": 1,
        "action_steps": 12147,
        "action_hold_count": 0,
        "action_long_count": 6072,
        "action_short_count": 6075,
        "action_non_hold_count": 12147,
        "action_non_hold_rate": 1.0,
        "action_abs_mean": 1.50012348728081,
        "action_raw_min": 1.0,
        "action_raw_max": 2.0,
        "action_deadband_count": 0,
        "action_deadband_rate": 0.0,
        "execution_entry_actions_seen": 12146,
        "execution_entry_orders_submitted": 6230,
        "execution_blocked_atr_warmup": 13,
        "execution_blocked_session_filter": 0,
        "execution_blocked_non_positive_atr": 0,
        "execution_blocked_non_positive_size": 0,
        "execution_blocked_non_positive_price": 0,
        "no_trade_diagnosis": "",
        "no_trade_min_trades": 1,
        "no_trade_gate_passed": true,
        "return_trace_file": "/home/harveybc/Documents/GitHub/financial-data/experiments/stage_a_screening/runs/omega/adausdt_4h_ppo_kitchen_sink_guarded_direct_atr_sltp_s1_20260524T185712Z_project3_stage31_firstwave/return_trace.csv",
        "return_trace_metadata_file": "/home/harveybc/Documents/GitHub/financial-data/experiments/stage_a_screening/runs/omega/adausdt_4h_ppo_kitchen_sink_guarded_direct_atr_sltp_s1_20260524T185712Z_project3_stage31_firstwave/return_trace.csv.meta.json",
        "return_trace_evidence": {
          "schema_version": "project3_return_trace_evidence_v1",
          "generated_at": "2026-05-24T18:59:55Z",
          "run_id": "adausdt_4h_ppo_kitchen_sink_guarded_direct_atr_sltp_s1_20260524T185712Z_project3_stage31_firstwave",
          "pipeline_plugin": "rl_pipeline",
          "trace_schema_version": "stage_b_return_trace_v1",
          "asset": "adausdt_4h",
          "timeframe": "4h",
          "seed": 1,
          "config_hash": "60a1e8d5360dc405624de261052a7768342968dcf137e3fcb76ebe22b1fdabff",
          "data_file": "/home/harveybc/Documents/GitHub/financial-data/experiments/stage_a_screening/inputs/adausdt/4h/kitchen_sink_guarded/train.csv",
          "data_file_hash": "be66d507a80377bc0fa193fe615038a98437151fce1a7412f9e11bc8d6b717c4",
          "feature_list_hash": "d05f37df742502bb630602d47462ca1d7b273f158204009f5c46c3a32455b826",
          "feature_columns": [
            "OPEN",
            "HIGH",
            "LOW",
            "CLOSE",
            "VOLUME",
            "return_1",
            "log_return_1",
            "return_5",
            "log_return_5",
            "return_10",
            "log_return_10",
            "return_20",
            "log_return_20",
            "return_60",
            "log_return_60",
            "sma_10",
            "ema_10",
            "close_sma_ratio_10",
            "sma_20",
            "ema_20",
            "close_sma_ratio_20",
            "sma_50",
            "ema_50",
            "close_sma_ratio_50",
            "sma_100",
            "ema_100",
            "close_sma_ratio_100",
            "sma_200",
            "ema_200",
            "close_sma_ratio_200",
            "macd",
            "macd_signal",
            "macd_hist",
            "rsi_7",
            "rsi_14",
            "rsi_21",
            "stoch_k",
            "stoch_d",
            "williams_r_14",
            "cci_14",
            "roc_10",
            "roc_20",
            "roc_60",
            "mom_10",
            "mom_20",
            "bb_upper",
            "bb_middle",
            "bb_lower",
            "bb_pct_b",
            "bb_width",
            "atr_14",
            "natr_14",
            "hist_vol_10",
            "hist_vol_20",
            "hist_vol_60",
            "ema_cross_10_50",
            "ema_cross_20_100",
            "trend_slope_50",
            "trend_strength_50",
            "obv",
            "obv_delta_20",
            "volume_sma_10",
            "volume_sma_20",
            "volume_ratio_20",
            "vwap_60",
            "mfi_14",
            "statistical__log_return_1",
            "roll_mean_ret_20",
            "roll_std_ret_20",
            "roll_skew_ret_20",
            "roll_kurt_ret_20",
            "roll_mean_ret_60",
            "roll_std_ret_60",
            "roll_skew_ret_60",
            "roll_kurt_ret_60",
            "roll_mean_ret_252",
            "roll_std_ret_252",
            "roll_skew_ret_252",
            "roll_kurt_ret_252",
            "realized_var_12",
            "realized_var_48",
            "autocorr_lag1_100",
            "autocorr_lag5_100",
            "sqret_autocorr_lag1_100",
            "vol_regime_high",
            "vol_regime_low",
            "hurst_proxy_200",
            "zscore_close_100",
            "wavelet_approx_L1",
            "wavelet_approx_L2",
            "wavelet_approx_L3",
            "wavelet_approx_L4",
            "wavelet_detail_L1",
            "wavelet_detail_L2",
            "wavelet_detail_L3",
            "wavelet_detail_L4",
            "wavelet_energy_L1",
            "wavelet_energy_L2",
            "wavelet_energy_L3",
            "wavelet_energy_L4",
            "wavelet_relative_energy_L1",
            "wavelet_relative_energy_L2",
            "wavelet_relative_energy_L3",
            "wavelet_relative_energy_L4",
            "wavelet_entropy",
            "ht_amplitude",
            "ht_phase",
            "ht_inst_freq",
            "ht_phase_difference",
            "ht_amplitude_zscore_100",
            "mt_psd_0.05",
            "mt_psd_0.10",
            "mt_psd_0.15",
            "mt_psd_0.20",
            "mt_psd_0.30",
            "mt_psd_0.40",
            "mt_spec_entropy",
            "mt_dominant_freq",
            "mt_spectral_centroid",
            "emd_imf_1",
            "emd_imf_2",
            "emd_imf_3",
            "emd_residue",
            "fracdiff_d_0.4",
            "fracdiff_d_0.6",
            "fracdiff_d_0.8"
          ],
          "feature_column_count": 126,
          "observation_state_fields": [
            "equity_norm",
            "position",
            "prices",
            "returns",
            "steps_remaining_norm",
            "unrealized_pnl_norm"
          ],
          "observation_state_hash": "a1b97276bf4bd7fae0ba79fc580caaa16c6274e1055a86f3ae9260d816090946",
          "heldout_boundary": "2025-01-01",
          "contains_heldout_rows": false,
          "stage_c_authorized": false,
          "broker_profile": null,
          "market_type": null,
          "trade_rate_band_id": null,
          "calendar_policy_id": null,
          "traces": [
            {
              "split": "evaluation",
              "trace_file": "/home/harveybc/Documents/GitHub/financial-data/experiments/stage_a_screening/runs/omega/adausdt_4h_ppo_kitchen_sink_guarded_direct_atr_sltp_s1_20260524T185712Z_project3_stage31_firstwave/return_trace.csv",
              "trace_file_sha256": "04d8086c980042c3a895063f9c4214a4583930e8fba8273cdeb38ce3fbdf4af9",
              "metadata_file": "/home/harveybc/Documents/GitHub/financial-data/experiments/stage_a_screening/runs/omega/adausdt_4h_ppo_kitchen_sink_guarded_direct_atr_sltp_s1_20260524T185712Z_project3_stage31_firstwave/return_trace.csv.meta.json",
              "row_count": 12146,
              "first_timestamp": "2018-06-15 04:00:00",
              "last_timestamp": "2023-12-31 20:00:00",
              "contains_heldout_rows": false,
              "stage_c_authorized": false,
              "episode_id": "adausdt_4h_ppo_kitchen_sink_guarded_direct_atr_sltp_s1_20260524T185712Z_project3_stage31_firstwave::eval0",
              "feature_list_hash": "d05f37df742502bb630602d47462ca1d7b273f158204009f5c46c3a32455b826",
              "feature_column_count": 126,
              "observation_state_hash": "a1b97276bf4bd7fae0ba79fc580caaa16c6274e1055a86f3ae9260d816090946"
            }
          ],
          "evidence_file": "/home/harveybc/Documents/GitHub/financial-data/experiments/stage_a_screening/runs/omega/adausdt_4h_ppo_kitchen_sink_guarded_direct_atr_sltp_s1_20260524T185712Z_project3_stage31_firstwave/evidence.json"
        },
        "return_trace_evidence_file": "/home/harveybc/Documents/GitHub/financial-data/experiments/stage_a_screening/runs/omega/adausdt_4h_ppo_kitchen_sink_guarded_direct_atr_sltp_s1_20260524T185712Z_project3_stage31_firstwave/evidence.json",
        "mode": "train"
      },
      "run_dir": "/home/harveybc/Documents/GitHub/financial-data/experiments/stage_a_screening/runs/omega/adausdt_4h_ppo_kitchen_sink_guarded_direct_atr_sltp_s1_20260524T185712Z_project3_stage31_firstwave"
    }
  ]
}
