[seed_sweep] running seed=0 run_dir=/home/harveybc/Documents/GitHub/financial-data/experiments/stage_a_screening/runs/omega/adausdt_4h_dqn_learned_cnn_direct_atr_sltp_s0_20260524T184028Z_project3_stage31_firstwave
{
  "ok": true,
  "results": [
    {
      "seed": 0,
      "exit_code": 0,
      "summary": {
        "initial_cash": 10000.0,
        "final_equity": 9999.981487337938,
        "total_return": -1.8512662062208918e-06,
        "max_drawdown_pct": 0.0004361597486060397,
        "max_drawdown_money": 0.043616063872832456,
        "sharpe_ratio": -693.9228609919995,
        "sqn": -0.7605174654670276,
        "trades_total": 1561,
        "trades_won": 710,
        "trades_lost": 850,
        "avg_trade_pnl": -1.2086881829853482e-05,
        "action_diagnostics": {
          "steps": 12501,
          "hold_actions": 166,
          "long_actions": 11641,
          "short_actions": 694,
          "non_hold_actions": 12335,
          "continuous_deadband_actions": 0,
          "raw_abs_sum": 13029.0,
          "raw_min": 0.0,
          "raw_max": 2.0,
          "continuous_action_threshold": null
        },
        "execution_diagnostics": {
          "entry_actions_seen": 12334,
          "entry_orders_submitted": 1435,
          "blocked_session_filter": 0,
          "blocked_atr_warmup": 13,
          "blocked_non_positive_atr": 0,
          "blocked_non_positive_size": 0,
          "blocked_non_positive_price": 0,
          "default_orders_submitted": 0,
          "plugin_apply_errors": 0
        },
        "episode_reward": -1.8569662062873186e-06,
        "episode_length": 12501,
        "eval_seed": 0,
        "action_steps": 12501,
        "action_hold_count": 166,
        "action_long_count": 11641,
        "action_short_count": 694,
        "action_non_hold_count": 12335,
        "action_non_hold_rate": 0.9867210623150148,
        "action_abs_mean": 1.0422366210703145,
        "action_raw_min": 0.0,
        "action_raw_max": 2.0,
        "action_deadband_count": 0,
        "action_deadband_rate": 0.0,
        "execution_entry_actions_seen": 12334,
        "execution_entry_orders_submitted": 1435,
        "execution_blocked_atr_warmup": 13,
        "execution_blocked_session_filter": 0,
        "execution_blocked_non_positive_atr": 0,
        "execution_blocked_non_positive_size": 0,
        "execution_blocked_non_positive_price": 0,
        "no_trade_diagnosis": "",
        "no_trade_min_trades": 1,
        "no_trade_gate_passed": true,
        "return_trace_file": "/home/harveybc/Documents/GitHub/financial-data/experiments/stage_a_screening/runs/omega/adausdt_4h_dqn_learned_cnn_direct_atr_sltp_s0_20260524T184028Z_project3_stage31_firstwave/return_trace.csv",
        "return_trace_metadata_file": "/home/harveybc/Documents/GitHub/financial-data/experiments/stage_a_screening/runs/omega/adausdt_4h_dqn_learned_cnn_direct_atr_sltp_s0_20260524T184028Z_project3_stage31_firstwave/return_trace.csv.meta.json",
        "return_trace_evidence": {
          "schema_version": "project3_return_trace_evidence_v1",
          "generated_at": "2026-05-24T18:42:23Z",
          "run_id": "adausdt_4h_dqn_learned_cnn_direct_atr_sltp_s0_20260524T184028Z_project3_stage31_firstwave",
          "pipeline_plugin": "rl_pipeline",
          "trace_schema_version": "stage_b_return_trace_v1",
          "asset": "adausdt_4h",
          "timeframe": "4h",
          "seed": 0,
          "config_hash": "84737fe6c7339d56c514766168db3b32d89f4bd46181c3cc8aae16982e96df56",
          "data_file": "/home/harveybc/Documents/GitHub/financial-data/experiments/stage_a_screening/inputs/adausdt/4h/learned_cnn/train.csv",
          "data_file_hash": "fb899d6770510f22f9959b01d31ebd6f5fc9ff4005d024d22e61c95f43d8400b",
          "feature_list_hash": null,
          "feature_columns": null,
          "feature_column_count": 0,
          "observation_state_fields": [
            "equity_norm",
            "position",
            "prices",
            "returns",
            "steps_remaining_norm",
            "unrealized_pnl_norm"
          ],
          "observation_state_hash": "a1b97276bf4bd7fae0ba79fc580caaa16c6274e1055a86f3ae9260d816090946",
          "heldout_boundary": "2025-01-01",
          "contains_heldout_rows": false,
          "stage_c_authorized": false,
          "broker_profile": null,
          "market_type": null,
          "trade_rate_band_id": null,
          "calendar_policy_id": null,
          "traces": [
            {
              "split": "evaluation",
              "trace_file": "/home/harveybc/Documents/GitHub/financial-data/experiments/stage_a_screening/runs/omega/adausdt_4h_dqn_learned_cnn_direct_atr_sltp_s0_20260524T184028Z_project3_stage31_firstwave/return_trace.csv",
              "trace_file_sha256": "c8de8e793ce1cfd3d3dc4c889ae4f83fd3705c2f2141fa73a5db44bbe360e783",
              "metadata_file": "/home/harveybc/Documents/GitHub/financial-data/experiments/stage_a_screening/runs/omega/adausdt_4h_dqn_learned_cnn_direct_atr_sltp_s0_20260524T184028Z_project3_stage31_firstwave/return_trace.csv.meta.json",
              "row_count": 12500,
              "first_timestamp": "2018-04-17 04:00:00",
              "last_timestamp": "2023-12-31 20:00:00",
              "contains_heldout_rows": false,
              "stage_c_authorized": false,
              "episode_id": "adausdt_4h_dqn_learned_cnn_direct_atr_sltp_s0_20260524T184028Z_project3_stage31_firstwave::eval0",
              "feature_list_hash": null,
              "feature_column_count": 0,
              "observation_state_hash": "a1b97276bf4bd7fae0ba79fc580caaa16c6274e1055a86f3ae9260d816090946"
            }
          ],
          "evidence_file": "/home/harveybc/Documents/GitHub/financial-data/experiments/stage_a_screening/runs/omega/adausdt_4h_dqn_learned_cnn_direct_atr_sltp_s0_20260524T184028Z_project3_stage31_firstwave/evidence.json"
        },
        "return_trace_evidence_file": "/home/harveybc/Documents/GitHub/financial-data/experiments/stage_a_screening/runs/omega/adausdt_4h_dqn_learned_cnn_direct_atr_sltp_s0_20260524T184028Z_project3_stage31_firstwave/evidence.json",
        "mode": "train"
      },
      "run_dir": "/home/harveybc/Documents/GitHub/financial-data/experiments/stage_a_screening/runs/omega/adausdt_4h_dqn_learned_cnn_direct_atr_sltp_s0_20260524T184028Z_project3_stage31_firstwave"
    }
  ]
}
