[seed_sweep] running seed=0 run_dir=/home/harveybc/Documents/GitHub/financial-data/experiments/stage_a_screening/runs/omega/adausdt_4h_dqn_sota_low_cost_direct_atr_sltp_s0_20260524T185001Z_project3_stage31_firstwave
{
  "ok": true,
  "results": [
    {
      "seed": 0,
      "exit_code": 0,
      "summary": {
        "initial_cash": 10000.0,
        "final_equity": 10000.052271789471,
        "total_return": 5.2271789470204055e-06,
        "max_drawdown_pct": 0.00020042821488056695,
        "max_drawdown_money": 0.020042951744471793,
        "sharpe_ratio": -710.70447094591,
        "sqn": 1.8756801149324445,
        "trades_total": 2396,
        "trades_won": 1203,
        "trades_lost": 1192,
        "avg_trade_pnl": 2.1337446875633753e-05,
        "action_diagnostics": {
          "steps": 12249,
          "hold_actions": 5377,
          "long_actions": 5371,
          "short_actions": 1501,
          "non_hold_actions": 6872,
          "continuous_deadband_actions": 0,
          "raw_abs_sum": 8373.0,
          "raw_min": 0.0,
          "raw_max": 2.0,
          "continuous_action_threshold": null
        },
        "execution_diagnostics": {
          "entry_actions_seen": 6872,
          "entry_orders_submitted": 2125,
          "blocked_session_filter": 0,
          "blocked_atr_warmup": 3,
          "blocked_non_positive_atr": 0,
          "blocked_non_positive_size": 0,
          "blocked_non_positive_price": 0,
          "default_orders_submitted": 0,
          "plugin_apply_errors": 0
        },
        "episode_reward": 5.2385789471372796e-06,
        "episode_length": 12249,
        "eval_seed": 0,
        "action_steps": 12249,
        "action_hold_count": 5377,
        "action_long_count": 5371,
        "action_short_count": 1501,
        "action_non_hold_count": 6872,
        "action_non_hold_rate": 0.5610253898277411,
        "action_abs_mean": 0.683566005388195,
        "action_raw_min": 0.0,
        "action_raw_max": 2.0,
        "action_deadband_count": 0,
        "action_deadband_rate": 0.0,
        "execution_entry_actions_seen": 6872,
        "execution_entry_orders_submitted": 2125,
        "execution_blocked_atr_warmup": 3,
        "execution_blocked_session_filter": 0,
        "execution_blocked_non_positive_atr": 0,
        "execution_blocked_non_positive_size": 0,
        "execution_blocked_non_positive_price": 0,
        "no_trade_diagnosis": "",
        "no_trade_min_trades": 1,
        "no_trade_gate_passed": true,
        "return_trace_file": "/home/harveybc/Documents/GitHub/financial-data/experiments/stage_a_screening/runs/omega/adausdt_4h_dqn_sota_low_cost_direct_atr_sltp_s0_20260524T185001Z_project3_stage31_firstwave/return_trace.csv",
        "return_trace_metadata_file": "/home/harveybc/Documents/GitHub/financial-data/experiments/stage_a_screening/runs/omega/adausdt_4h_dqn_sota_low_cost_direct_atr_sltp_s0_20260524T185001Z_project3_stage31_firstwave/return_trace.csv.meta.json",
        "return_trace_evidence": {
          "schema_version": "project3_return_trace_evidence_v1",
          "generated_at": "2026-05-24T18:52:01Z",
          "run_id": "adausdt_4h_dqn_sota_low_cost_direct_atr_sltp_s0_20260524T185001Z_project3_stage31_firstwave",
          "pipeline_plugin": "rl_pipeline",
          "trace_schema_version": "stage_b_return_trace_v1",
          "asset": "adausdt_4h",
          "timeframe": "4h",
          "seed": 0,
          "config_hash": "58c1cbb1d9550b68d9572535403da8c61cbf6c6d417ff3f62bbfcc41240346f7",
          "data_file": "/home/harveybc/Documents/GitHub/financial-data/experiments/stage_a_screening/inputs/adausdt/4h/sota_low_cost/train.csv",
          "data_file_hash": "acf9a82cf71e59a715ea8eb558ba53215fa25b44c2dacc77b46fb9baed0a60dc",
          "feature_list_hash": null,
          "feature_columns": null,
          "feature_column_count": 0,
          "observation_state_fields": [
            "equity_norm",
            "position",
            "prices",
            "returns",
            "steps_remaining_norm",
            "unrealized_pnl_norm"
          ],
          "observation_state_hash": "a1b97276bf4bd7fae0ba79fc580caaa16c6274e1055a86f3ae9260d816090946",
          "heldout_boundary": "2025-01-01",
          "contains_heldout_rows": false,
          "stage_c_authorized": false,
          "broker_profile": null,
          "market_type": null,
          "trade_rate_band_id": null,
          "calendar_policy_id": null,
          "traces": [
            {
              "split": "evaluation",
              "trace_file": "/home/harveybc/Documents/GitHub/financial-data/experiments/stage_a_screening/runs/omega/adausdt_4h_dqn_sota_low_cost_direct_atr_sltp_s0_20260524T185001Z_project3_stage31_firstwave/return_trace.csv",
              "trace_file_sha256": "0eae27abc994852a67ca22aee82844c0f1b52de1fae34a7381e6df7fdc069510",
              "metadata_file": "/home/harveybc/Documents/GitHub/financial-data/experiments/stage_a_screening/runs/omega/adausdt_4h_dqn_sota_low_cost_direct_atr_sltp_s0_20260524T185001Z_project3_stage31_firstwave/return_trace.csv.meta.json",
              "row_count": 12248,
              "first_timestamp": "2018-05-29 04:00:00",
              "last_timestamp": "2023-12-31 20:00:00",
              "contains_heldout_rows": false,
              "stage_c_authorized": false,
              "episode_id": "adausdt_4h_dqn_sota_low_cost_direct_atr_sltp_s0_20260524T185001Z_project3_stage31_firstwave::eval0",
              "feature_list_hash": null,
              "feature_column_count": 0,
              "observation_state_hash": "a1b97276bf4bd7fae0ba79fc580caaa16c6274e1055a86f3ae9260d816090946"
            }
          ],
          "evidence_file": "/home/harveybc/Documents/GitHub/financial-data/experiments/stage_a_screening/runs/omega/adausdt_4h_dqn_sota_low_cost_direct_atr_sltp_s0_20260524T185001Z_project3_stage31_firstwave/evidence.json"
        },
        "return_trace_evidence_file": "/home/harveybc/Documents/GitHub/financial-data/experiments/stage_a_screening/runs/omega/adausdt_4h_dqn_sota_low_cost_direct_atr_sltp_s0_20260524T185001Z_project3_stage31_firstwave/evidence.json",
        "mode": "train"
      },
      "run_dir": "/home/harveybc/Documents/GitHub/financial-data/experiments/stage_a_screening/runs/omega/adausdt_4h_dqn_sota_low_cost_direct_atr_sltp_s0_20260524T185001Z_project3_stage31_firstwave"
    }
  ]
}
