[seed_sweep] running seed=2 run_dir=/home/harveybc/Documents/GitHub/financial-data/experiments/stage_a_screening/runs/omega/adausdt_4h_dqn_learned_lstm_direct_atr_sltp_s2_20260609T213203Z_project3_stage31_firstwave
{
  "ok": true,
  "results": [
    {
      "seed": 2,
      "exit_code": 0,
      "summary": {
        "initial_cash": 10000.0,
        "final_equity": 9999.970741548104,
        "total_return": -2.9258451895719517e-06,
        "max_drawdown_pct": 0.00032202192745380584,
        "max_drawdown_money": 0.03220219430295401,
        "sharpe_ratio": -770.5581917562159,
        "sqn": -1.3643096293185542,
        "trades_total": 2092,
        "trades_won": 969,
        "trades_lost": 1122,
        "avg_trade_pnl": -1.3961382676914698e-05,
        "action_diagnostics": {
          "steps": 12501,
          "hold_actions": 2544,
          "long_actions": 4553,
          "short_actions": 5404,
          "non_hold_actions": 9957,
          "continuous_deadband_actions": 0,
          "raw_abs_sum": 15361.0,
          "raw_min": 0.0,
          "raw_max": 2.0,
          "continuous_action_threshold": null
        },
        "execution_diagnostics": {
          "entry_actions_seen": 9956,
          "entry_orders_submitted": 1917,
          "blocked_session_filter": 0,
          "blocked_atr_warmup": 13,
          "blocked_non_positive_atr": 0,
          "blocked_non_positive_size": 0,
          "blocked_non_positive_price": 0,
          "default_orders_submitted": 0,
          "plugin_apply_errors": 0,
          "event_context_no_trade_active_steps": 0,
          "event_context_action_overrides": 0,
          "event_context_blocked_entries": 0,
          "event_context_forced_flat_actions": 0,
          "event_context_forced_flat_orders": 0
        },
        "event_context_diagnostics": {
          "event_context_no_trade_value": 0.0,
          "event_context_no_trade_active": 0.0,
          "event_context_spread_stress_multiplier": 1.0,
          "event_context_slippage_stress_multiplier": 1.0,
          "event_context_execution_overlay": false,
          "event_context_action_before_overlay": 2,
          "event_context_action_after_overlay": 2,
          "event_context_action_overridden": false,
          "event_context_blocked_entry": false,
          "event_context_forced_flat": false,
          "event_context_position_before_overlay": 1
        },
        "episode_reward": -2.9315451896763987e-06,
        "episode_length": 12501,
        "eval_seed": 2,
        "action_steps": 12501,
        "action_hold_count": 2544,
        "action_long_count": 4553,
        "action_short_count": 5404,
        "action_non_hold_count": 9957,
        "action_non_hold_rate": 0.7964962802975762,
        "action_abs_mean": 1.228781697464203,
        "action_raw_min": 0.0,
        "action_raw_max": 2.0,
        "action_deadband_count": 0,
        "action_deadband_rate": 0.0,
        "execution_entry_actions_seen": 9956,
        "execution_entry_orders_submitted": 1917,
        "execution_blocked_atr_warmup": 13,
        "execution_blocked_session_filter": 0,
        "execution_blocked_non_positive_atr": 0,
        "execution_blocked_non_positive_size": 0,
        "execution_blocked_non_positive_price": 0,
        "no_trade_diagnosis": "",
        "no_trade_min_trades": 1,
        "no_trade_gate_passed": true,
        "return_trace_file": "/home/harveybc/Documents/GitHub/financial-data/experiments/stage_a_screening/runs/omega/adausdt_4h_dqn_learned_lstm_direct_atr_sltp_s2_20260609T213203Z_project3_stage31_firstwave/return_trace.csv",
        "return_trace_metadata_file": "/home/harveybc/Documents/GitHub/financial-data/experiments/stage_a_screening/runs/omega/adausdt_4h_dqn_learned_lstm_direct_atr_sltp_s2_20260609T213203Z_project3_stage31_firstwave/return_trace.csv.meta.json",
        "return_trace_evidence": {
          "schema_version": "project3_return_trace_evidence_v1",
          "generated_at": "2026-06-09T21:33:36Z",
          "run_id": "adausdt_4h_dqn_learned_lstm_direct_atr_sltp_s2_20260609T213203Z_project3_stage31_firstwave",
          "pipeline_plugin": "rl_pipeline",
          "trace_schema_version": "stage_b_return_trace_v1",
          "asset": "adausdt_4h",
          "timeframe": "4h",
          "seed": 2,
          "config_hash": "b1aab0be09436dca1f67c994ff9e24584ce580a3d4e1ff5cf0b61d812c3a6e3d",
          "data_file": "/home/harveybc/Documents/GitHub/financial-data/experiments/stage_a_screening/inputs/adausdt/4h/learned_lstm/train.csv",
          "data_file_hash": "fb899d6770510f22f9959b01d31ebd6f5fc9ff4005d024d22e61c95f43d8400b",
          "feature_list_hash": null,
          "feature_columns": null,
          "feature_column_count": 0,
          "observation_state_fields": [
            "equity_norm",
            "position",
            "prices",
            "returns",
            "steps_remaining_norm",
            "unrealized_pnl_norm"
          ],
          "observation_state_hash": "a1b97276bf4bd7fae0ba79fc580caaa16c6274e1055a86f3ae9260d816090946",
          "heldout_boundary": "2025-01-01",
          "contains_heldout_rows": false,
          "stage_c_authorized": false,
          "broker_profile": null,
          "market_type": null,
          "trade_rate_band_id": null,
          "calendar_policy_id": null,
          "market_state_profile_id": null,
          "market_state_profile_hash": null,
          "market_state_profile_family": null,
          "market_state_profile_name": null,
          "market_state_selected_columns": null,
          "traces": [
            {
              "split": "evaluation",
              "trace_file": "/home/harveybc/Documents/GitHub/financial-data/experiments/stage_a_screening/runs/omega/adausdt_4h_dqn_learned_lstm_direct_atr_sltp_s2_20260609T213203Z_project3_stage31_firstwave/return_trace.csv",
              "trace_file_sha256": "b7719d8f3d0950dc025c0d9671b1fe18e1cf0b37c7d449f845ef29de133b26fa",
              "metadata_file": "/home/harveybc/Documents/GitHub/financial-data/experiments/stage_a_screening/runs/omega/adausdt_4h_dqn_learned_lstm_direct_atr_sltp_s2_20260609T213203Z_project3_stage31_firstwave/return_trace.csv.meta.json",
              "row_count": 12500,
              "first_timestamp": "2018-04-17 04:00:00",
              "last_timestamp": "2023-12-31 20:00:00",
              "contains_heldout_rows": false,
              "stage_c_authorized": false,
              "episode_id": "adausdt_4h_dqn_learned_lstm_direct_atr_sltp_s2_20260609T213203Z_project3_stage31_firstwave::eval0",
              "feature_list_hash": null,
              "feature_column_count": 0,
              "observation_state_hash": "a1b97276bf4bd7fae0ba79fc580caaa16c6274e1055a86f3ae9260d816090946"
            }
          ],
          "evidence_file": "/home/harveybc/Documents/GitHub/financial-data/experiments/stage_a_screening/runs/omega/adausdt_4h_dqn_learned_lstm_direct_atr_sltp_s2_20260609T213203Z_project3_stage31_firstwave/evidence.json"
        },
        "return_trace_evidence_file": "/home/harveybc/Documents/GitHub/financial-data/experiments/stage_a_screening/runs/omega/adausdt_4h_dqn_learned_lstm_direct_atr_sltp_s2_20260609T213203Z_project3_stage31_firstwave/evidence.json",
        "mode": "train"
      },
      "run_dir": "/home/harveybc/Documents/GitHub/financial-data/experiments/stage_a_screening/runs/omega/adausdt_4h_dqn_learned_lstm_direct_atr_sltp_s2_20260609T213203Z_project3_stage31_firstwave"
    }
  ]
}
