[seed_sweep] running seed=1 run_dir=/home/harveybc/Documents/GitHub/financial-data/experiments/stage_a_screening/runs/omega/adausdt_4h_dqn_sota_low_cost_direct_atr_sltp_s1_20260524T185232Z_project3_stage31_firstwave
{
  "ok": true,
  "results": [
    {
      "seed": 1,
      "exit_code": 0,
      "summary": {
        "initial_cash": 10000.0,
        "final_equity": 10000.009781314058,
        "total_return": 9.781314058709967e-07,
        "max_drawdown_pct": 0.00020047989839063783,
        "max_drawdown_money": 0.02004800000031537,
        "sharpe_ratio": -855.5282727429117,
        "sqn": 0.6830895204409898,
        "trades_total": 169,
        "trades_won": 77,
        "trades_lost": 91,
        "avg_trade_pnl": 7.511277507653057e-05,
        "action_diagnostics": {
          "steps": 12249,
          "hold_actions": 2546,
          "long_actions": 33,
          "short_actions": 9670,
          "non_hold_actions": 9703,
          "continuous_deadband_actions": 0,
          "raw_abs_sum": 19373.0,
          "raw_min": 0.0,
          "raw_max": 2.0,
          "continuous_action_threshold": null
        },
        "execution_diagnostics": {
          "entry_actions_seen": 9702,
          "entry_orders_submitted": 165,
          "blocked_session_filter": 0,
          "blocked_atr_warmup": 13,
          "blocked_non_positive_atr": 0,
          "blocked_non_positive_size": 0,
          "blocked_non_positive_price": 0,
          "default_orders_submitted": 0,
          "plugin_apply_errors": 0
        },
        "episode_reward": 9.838314059379665e-07,
        "episode_length": 12249,
        "eval_seed": 1,
        "action_steps": 12249,
        "action_hold_count": 2546,
        "action_long_count": 33,
        "action_short_count": 9670,
        "action_non_hold_count": 9703,
        "action_non_hold_rate": 0.7921462976569515,
        "action_abs_mean": 1.581598497836558,
        "action_raw_min": 0.0,
        "action_raw_max": 2.0,
        "action_deadband_count": 0,
        "action_deadband_rate": 0.0,
        "execution_entry_actions_seen": 9702,
        "execution_entry_orders_submitted": 165,
        "execution_blocked_atr_warmup": 13,
        "execution_blocked_session_filter": 0,
        "execution_blocked_non_positive_atr": 0,
        "execution_blocked_non_positive_size": 0,
        "execution_blocked_non_positive_price": 0,
        "no_trade_diagnosis": "",
        "no_trade_min_trades": 1,
        "no_trade_gate_passed": true,
        "return_trace_file": "/home/harveybc/Documents/GitHub/financial-data/experiments/stage_a_screening/runs/omega/adausdt_4h_dqn_sota_low_cost_direct_atr_sltp_s1_20260524T185232Z_project3_stage31_firstwave/return_trace.csv",
        "return_trace_metadata_file": "/home/harveybc/Documents/GitHub/financial-data/experiments/stage_a_screening/runs/omega/adausdt_4h_dqn_sota_low_cost_direct_atr_sltp_s1_20260524T185232Z_project3_stage31_firstwave/return_trace.csv.meta.json",
        "return_trace_evidence": {
          "schema_version": "project3_return_trace_evidence_v1",
          "generated_at": "2026-05-24T18:54:39Z",
          "run_id": "adausdt_4h_dqn_sota_low_cost_direct_atr_sltp_s1_20260524T185232Z_project3_stage31_firstwave",
          "pipeline_plugin": "rl_pipeline",
          "trace_schema_version": "stage_b_return_trace_v1",
          "asset": "adausdt_4h",
          "timeframe": "4h",
          "seed": 1,
          "config_hash": "fb07f79a48e9e40c923a06caa55c43791b8189aa75a349bd6d2c5f9a91116ede",
          "data_file": "/home/harveybc/Documents/GitHub/financial-data/experiments/stage_a_screening/inputs/adausdt/4h/sota_low_cost/train.csv",
          "data_file_hash": "acf9a82cf71e59a715ea8eb558ba53215fa25b44c2dacc77b46fb9baed0a60dc",
          "feature_list_hash": null,
          "feature_columns": null,
          "feature_column_count": 0,
          "observation_state_fields": [
            "equity_norm",
            "position",
            "prices",
            "returns",
            "steps_remaining_norm",
            "unrealized_pnl_norm"
          ],
          "observation_state_hash": "a1b97276bf4bd7fae0ba79fc580caaa16c6274e1055a86f3ae9260d816090946",
          "heldout_boundary": "2025-01-01",
          "contains_heldout_rows": false,
          "stage_c_authorized": false,
          "broker_profile": null,
          "market_type": null,
          "trade_rate_band_id": null,
          "calendar_policy_id": null,
          "traces": [
            {
              "split": "evaluation",
              "trace_file": "/home/harveybc/Documents/GitHub/financial-data/experiments/stage_a_screening/runs/omega/adausdt_4h_dqn_sota_low_cost_direct_atr_sltp_s1_20260524T185232Z_project3_stage31_firstwave/return_trace.csv",
              "trace_file_sha256": "98eb4bd4df7e3bcd66d338e2e814808644e8dfb6b131c009700bf282963edff0",
              "metadata_file": "/home/harveybc/Documents/GitHub/financial-data/experiments/stage_a_screening/runs/omega/adausdt_4h_dqn_sota_low_cost_direct_atr_sltp_s1_20260524T185232Z_project3_stage31_firstwave/return_trace.csv.meta.json",
              "row_count": 12248,
              "first_timestamp": "2018-05-29 04:00:00",
              "last_timestamp": "2023-12-31 20:00:00",
              "contains_heldout_rows": false,
              "stage_c_authorized": false,
              "episode_id": "adausdt_4h_dqn_sota_low_cost_direct_atr_sltp_s1_20260524T185232Z_project3_stage31_firstwave::eval0",
              "feature_list_hash": null,
              "feature_column_count": 0,
              "observation_state_hash": "a1b97276bf4bd7fae0ba79fc580caaa16c6274e1055a86f3ae9260d816090946"
            }
          ],
          "evidence_file": "/home/harveybc/Documents/GitHub/financial-data/experiments/stage_a_screening/runs/omega/adausdt_4h_dqn_sota_low_cost_direct_atr_sltp_s1_20260524T185232Z_project3_stage31_firstwave/evidence.json"
        },
        "return_trace_evidence_file": "/home/harveybc/Documents/GitHub/financial-data/experiments/stage_a_screening/runs/omega/adausdt_4h_dqn_sota_low_cost_direct_atr_sltp_s1_20260524T185232Z_project3_stage31_firstwave/evidence.json",
        "mode": "train"
      },
      "run_dir": "/home/harveybc/Documents/GitHub/financial-data/experiments/stage_a_screening/runs/omega/adausdt_4h_dqn_sota_low_cost_direct_atr_sltp_s1_20260524T185232Z_project3_stage31_firstwave"
    }
  ]
}
