[seed_sweep] running seed=1 run_dir=/home/harveybc/Documents/GitHub/financial-data/experiments/stage_a_screening/runs/omega/adausdt_4h_ppo_crypto_full_direct_atr_sltp_s1_20260609T200004Z_project3_stage31_firstwave
{
  "ok": true,
  "results": [
    {
      "seed": 1,
      "exit_code": 0,
      "summary": {
        "initial_cash": 10000.0,
        "final_equity": 9999.995852564063,
        "total_return": -4.147435936907584e-07,
        "max_drawdown_pct": 0.0003025709524994199,
        "max_drawdown_money": 0.030257099999289494,
        "sharpe_ratio": -875.4842268073929,
        "sqn": 0.8294399674910549,
        "trades_total": 122,
        "trades_won": 51,
        "trades_lost": 70,
        "avg_trade_pnl": 6.869407336481697e-06,
        "action_diagnostics": {
          "steps": 12246,
          "hold_actions": 1563,
          "long_actions": 179,
          "short_actions": 10504,
          "non_hold_actions": 10683,
          "continuous_deadband_actions": 0,
          "raw_abs_sum": 21187.0,
          "raw_min": 0.0,
          "raw_max": 2.0,
          "continuous_action_threshold": null
        },
        "execution_diagnostics": {
          "entry_actions_seen": 10682,
          "entry_orders_submitted": 123,
          "blocked_session_filter": 0,
          "blocked_atr_warmup": 13,
          "blocked_non_positive_atr": 0,
          "blocked_non_positive_size": 0,
          "blocked_non_positive_price": 0,
          "default_orders_submitted": 0,
          "plugin_apply_errors": 0,
          "event_context_no_trade_active_steps": 0,
          "event_context_action_overrides": 0,
          "event_context_blocked_entries": 0,
          "event_context_forced_flat_actions": 0,
          "event_context_forced_flat_orders": 0
        },
        "event_context_diagnostics": {
          "event_context_no_trade_value": 0.0,
          "event_context_no_trade_active": 0.0,
          "event_context_spread_stress_multiplier": 1.0,
          "event_context_slippage_stress_multiplier": 1.0,
          "event_context_execution_overlay": false,
          "event_context_action_before_overlay": 2,
          "event_context_action_after_overlay": 2,
          "event_context_action_overridden": false,
          "event_context_blocked_entry": false,
          "event_context_forced_flat": false,
          "event_context_position_before_overlay": -1
        },
        "episode_reward": -4.0904359357227613e-07,
        "episode_length": 12246,
        "eval_seed": 1,
        "action_steps": 12246,
        "action_hold_count": 1563,
        "action_long_count": 179,
        "action_short_count": 10504,
        "action_non_hold_count": 10683,
        "action_non_hold_rate": 0.8723664870161686,
        "action_abs_mean": 1.7301159562306059,
        "action_raw_min": 0.0,
        "action_raw_max": 2.0,
        "action_deadband_count": 0,
        "action_deadband_rate": 0.0,
        "execution_entry_actions_seen": 10682,
        "execution_entry_orders_submitted": 123,
        "execution_blocked_atr_warmup": 13,
        "execution_blocked_session_filter": 0,
        "execution_blocked_non_positive_atr": 0,
        "execution_blocked_non_positive_size": 0,
        "execution_blocked_non_positive_price": 0,
        "no_trade_diagnosis": "",
        "no_trade_min_trades": 1,
        "no_trade_gate_passed": true,
        "return_trace_file": "/home/harveybc/Documents/GitHub/financial-data/experiments/stage_a_screening/runs/omega/adausdt_4h_ppo_crypto_full_direct_atr_sltp_s1_20260609T200004Z_project3_stage31_firstwave/return_trace.csv",
        "return_trace_metadata_file": "/home/harveybc/Documents/GitHub/financial-data/experiments/stage_a_screening/runs/omega/adausdt_4h_ppo_crypto_full_direct_atr_sltp_s1_20260609T200004Z_project3_stage31_firstwave/return_trace.csv.meta.json",
        "return_trace_evidence": {
          "schema_version": "project3_return_trace_evidence_v1",
          "generated_at": "2026-06-09T20:02:33Z",
          "run_id": "adausdt_4h_ppo_crypto_full_direct_atr_sltp_s1_20260609T200004Z_project3_stage31_firstwave",
          "pipeline_plugin": "rl_pipeline",
          "trace_schema_version": "stage_b_return_trace_v1",
          "asset": "adausdt_4h",
          "timeframe": "4h",
          "seed": 1,
          "config_hash": "72d936d2ab6fd3706bba5d068d0d71314ae124ed285b9d524ed2fc2ed29ac769",
          "data_file": "/home/harveybc/Documents/GitHub/financial-data/experiments/stage_a_screening/inputs/adausdt/4h/crypto_full/train.csv",
          "data_file_hash": "a21b89dba71d839636b0144ba2ad9d073ece6f7ee07fe8f46f88cfe260aaa65e",
          "feature_list_hash": "1ee1021e1e273067ea61ccf1646ed1f8fbc0e0ffb6b2473fe1f9abbf077475b7",
          "feature_columns": [
            "OPEN",
            "HIGH",
            "LOW",
            "CLOSE",
            "VOLUME",
            "return_1",
            "log_return_1",
            "return_5",
            "log_return_5",
            "return_10",
            "log_return_10",
            "return_20",
            "log_return_20",
            "return_60",
            "log_return_60",
            "sma_10",
            "ema_10",
            "close_sma_ratio_10",
            "sma_20",
            "ema_20",
            "close_sma_ratio_20",
            "sma_50",
            "ema_50",
            "close_sma_ratio_50",
            "sma_100",
            "ema_100",
            "close_sma_ratio_100",
            "sma_200",
            "ema_200",
            "close_sma_ratio_200",
            "macd",
            "macd_signal",
            "macd_hist",
            "rsi_7",
            "rsi_14",
            "rsi_21",
            "stoch_k",
            "stoch_d",
            "williams_r_14",
            "cci_14",
            "roc_10",
            "roc_20",
            "roc_60",
            "mom_10",
            "mom_20",
            "bb_upper",
            "bb_middle",
            "bb_lower",
            "bb_pct_b",
            "bb_width",
            "atr_14",
            "natr_14",
            "hist_vol_10",
            "hist_vol_20",
            "hist_vol_60",
            "ema_cross_10_50",
            "ema_cross_20_100",
            "trend_slope_50",
            "trend_strength_50",
            "obv",
            "obv_delta_20",
            "volume_sma_10",
            "volume_sma_20",
            "volume_ratio_20",
            "vwap_60",
            "mfi_14",
            "statistical__log_return_1",
            "roll_mean_ret_20",
            "roll_std_ret_20",
            "roll_skew_ret_20",
            "roll_kurt_ret_20",
            "roll_mean_ret_60",
            "roll_std_ret_60",
            "roll_skew_ret_60",
            "roll_kurt_ret_60",
            "roll_mean_ret_252",
            "roll_std_ret_252",
            "roll_skew_ret_252",
            "roll_kurt_ret_252",
            "realized_var_12",
            "realized_var_48",
            "autocorr_lag1_100",
            "autocorr_lag5_100",
            "sqret_autocorr_lag1_100",
            "vol_regime_high",
            "vol_regime_low",
            "hurst_proxy_200",
            "zscore_close_100",
            "wavelet_approx_L1",
            "wavelet_approx_L2",
            "wavelet_approx_L3",
            "wavelet_approx_L4",
            "wavelet_detail_L1",
            "wavelet_detail_L2",
            "wavelet_detail_L3",
            "wavelet_detail_L4",
            "wavelet_energy_L1",
            "wavelet_energy_L2",
            "wavelet_energy_L3",
            "wavelet_energy_L4",
            "wavelet_relative_energy_L1",
            "wavelet_relative_energy_L2",
            "wavelet_relative_energy_L3",
            "wavelet_relative_energy_L4",
            "wavelet_entropy",
            "emd_imf_1",
            "emd_imf_2",
            "emd_imf_3",
            "emd_residue",
            "fracdiff_d_0.4",
            "fracdiff_d_0.6",
            "fracdiff_d_0.8"
          ],
          "feature_column_count": 112,
          "observation_state_fields": [
            "equity_norm",
            "position",
            "prices",
            "returns",
            "steps_remaining_norm",
            "unrealized_pnl_norm"
          ],
          "observation_state_hash": "a1b97276bf4bd7fae0ba79fc580caaa16c6274e1055a86f3ae9260d816090946",
          "heldout_boundary": "2025-01-01",
          "contains_heldout_rows": false,
          "stage_c_authorized": false,
          "broker_profile": null,
          "market_type": null,
          "trade_rate_band_id": null,
          "calendar_policy_id": null,
          "market_state_profile_id": null,
          "market_state_profile_hash": null,
          "market_state_profile_family": null,
          "market_state_profile_name": null,
          "market_state_selected_columns": null,
          "traces": [
            {
              "split": "evaluation",
              "trace_file": "/home/harveybc/Documents/GitHub/financial-data/experiments/stage_a_screening/runs/omega/adausdt_4h_ppo_crypto_full_direct_atr_sltp_s1_20260609T200004Z_project3_stage31_firstwave/return_trace.csv",
              "trace_file_sha256": "f2ac43501cae08e7356cb2809ba4690ba8f6042bc9c1e938f3f48edddb8e7647",
              "metadata_file": "/home/harveybc/Documents/GitHub/financial-data/experiments/stage_a_screening/runs/omega/adausdt_4h_ppo_crypto_full_direct_atr_sltp_s1_20260609T200004Z_project3_stage31_firstwave/return_trace.csv.meta.json",
              "row_count": 12245,
              "first_timestamp": "2018-05-29 16:00:00",
              "last_timestamp": "2023-12-31 20:00:00",
              "contains_heldout_rows": false,
              "stage_c_authorized": false,
              "episode_id": "adausdt_4h_ppo_crypto_full_direct_atr_sltp_s1_20260609T200004Z_project3_stage31_firstwave::eval0",
              "feature_list_hash": "1ee1021e1e273067ea61ccf1646ed1f8fbc0e0ffb6b2473fe1f9abbf077475b7",
              "feature_column_count": 112,
              "observation_state_hash": "a1b97276bf4bd7fae0ba79fc580caaa16c6274e1055a86f3ae9260d816090946"
            }
          ],
          "evidence_file": "/home/harveybc/Documents/GitHub/financial-data/experiments/stage_a_screening/runs/omega/adausdt_4h_ppo_crypto_full_direct_atr_sltp_s1_20260609T200004Z_project3_stage31_firstwave/evidence.json"
        },
        "return_trace_evidence_file": "/home/harveybc/Documents/GitHub/financial-data/experiments/stage_a_screening/runs/omega/adausdt_4h_ppo_crypto_full_direct_atr_sltp_s1_20260609T200004Z_project3_stage31_firstwave/evidence.json",
        "mode": "train"
      },
      "run_dir": "/home/harveybc/Documents/GitHub/financial-data/experiments/stage_a_screening/runs/omega/adausdt_4h_ppo_crypto_full_direct_atr_sltp_s1_20260609T200004Z_project3_stage31_firstwave"
    }
  ]
}
