[seed_sweep] running seed=0 run_dir=/home/harveybc/Documents/GitHub/financial-data/experiments/stage_a_screening/runs/omega/adausdt_4h_ppo_learned_lstm_direct_atr_sltp_s0_20260530T023535Z_project3_stage31_firstwave
{
  "ok": true,
  "results": [
    {
      "seed": 0,
      "exit_code": 0,
      "summary": {
        "initial_cash": 10000.0,
        "final_equity": 10000.00084162797,
        "total_return": 8.416279717593511e-08,
        "max_drawdown_pct": 2.28062018644826e-05,
        "max_drawdown_money": 0.0022806207489338703,
        "sharpe_ratio": -9110.15040610319,
        "sqn": 0.3857862376241181,
        "trades_total": 320,
        "trades_won": 120,
        "trades_lost": 200,
        "avg_trade_pnl": 2.630087395535715e-06,
        "action_diagnostics": {
          "steps": 12501,
          "hold_actions": 7533,
          "long_actions": 0,
          "short_actions": 4968,
          "non_hold_actions": 4968,
          "continuous_deadband_actions": 0,
          "raw_abs_sum": 9936.0,
          "raw_min": 0.0,
          "raw_max": 2.0,
          "continuous_action_threshold": null
        },
        "execution_diagnostics": {
          "entry_actions_seen": 4968,
          "entry_orders_submitted": 321,
          "blocked_session_filter": 0,
          "blocked_atr_warmup": 13,
          "blocked_non_positive_atr": 0,
          "blocked_non_positive_size": 0,
          "blocked_non_positive_price": 0,
          "default_orders_submitted": 0,
          "plugin_apply_errors": 0
        },
        "episode_reward": 8.416279706580196e-08,
        "episode_length": 12501,
        "eval_seed": 0,
        "action_steps": 12501,
        "action_hold_count": 7533,
        "action_long_count": 0,
        "action_short_count": 4968,
        "action_non_hold_count": 4968,
        "action_non_hold_rate": 0.39740820734341253,
        "action_abs_mean": 0.7948164146868251,
        "action_raw_min": 0.0,
        "action_raw_max": 2.0,
        "action_deadband_count": 0,
        "action_deadband_rate": 0.0,
        "execution_entry_actions_seen": 4968,
        "execution_entry_orders_submitted": 321,
        "execution_blocked_atr_warmup": 13,
        "execution_blocked_session_filter": 0,
        "execution_blocked_non_positive_atr": 0,
        "execution_blocked_non_positive_size": 0,
        "execution_blocked_non_positive_price": 0,
        "no_trade_diagnosis": "",
        "no_trade_min_trades": 1,
        "no_trade_gate_passed": true,
        "return_trace_file": "/home/harveybc/Documents/GitHub/financial-data/experiments/stage_a_screening/runs/omega/adausdt_4h_ppo_learned_lstm_direct_atr_sltp_s0_20260530T023535Z_project3_stage31_firstwave/return_trace.csv",
        "return_trace_metadata_file": "/home/harveybc/Documents/GitHub/financial-data/experiments/stage_a_screening/runs/omega/adausdt_4h_ppo_learned_lstm_direct_atr_sltp_s0_20260530T023535Z_project3_stage31_firstwave/return_trace.csv.meta.json",
        "return_trace_evidence": {
          "schema_version": "project3_return_trace_evidence_v1",
          "generated_at": "2026-05-30T02:37:59Z",
          "run_id": "adausdt_4h_ppo_learned_lstm_direct_atr_sltp_s0_20260530T023535Z_project3_stage31_firstwave",
          "pipeline_plugin": "rl_pipeline",
          "trace_schema_version": "stage_b_return_trace_v1",
          "asset": "adausdt_4h",
          "timeframe": "4h",
          "seed": 0,
          "config_hash": "d85dbf60dbf497eca47a56704911766511f02f1696be2a6e51be30eaf40df637",
          "data_file": "/home/harveybc/Documents/GitHub/financial-data/experiments/stage_a_screening/inputs/adausdt/4h/learned_lstm/train.csv",
          "data_file_hash": "fb899d6770510f22f9959b01d31ebd6f5fc9ff4005d024d22e61c95f43d8400b",
          "feature_list_hash": "47e262b27817c8bc38977eaaf96f200a50a7041ff42c6ded8d5491523ef24f87",
          "feature_columns": [
            "OPEN",
            "HIGH",
            "LOW",
            "CLOSE",
            "VOLUME"
          ],
          "feature_column_count": 5,
          "observation_state_fields": [
            "equity_norm",
            "position",
            "prices",
            "returns",
            "steps_remaining_norm",
            "unrealized_pnl_norm"
          ],
          "observation_state_hash": "a1b97276bf4bd7fae0ba79fc580caaa16c6274e1055a86f3ae9260d816090946",
          "heldout_boundary": "2025-01-01",
          "contains_heldout_rows": false,
          "stage_c_authorized": false,
          "broker_profile": null,
          "market_type": null,
          "trade_rate_band_id": null,
          "calendar_policy_id": null,
          "market_state_profile_id": null,
          "market_state_profile_hash": null,
          "market_state_profile_family": null,
          "market_state_profile_name": null,
          "market_state_selected_columns": null,
          "traces": [
            {
              "split": "evaluation",
              "trace_file": "/home/harveybc/Documents/GitHub/financial-data/experiments/stage_a_screening/runs/omega/adausdt_4h_ppo_learned_lstm_direct_atr_sltp_s0_20260530T023535Z_project3_stage31_firstwave/return_trace.csv",
              "trace_file_sha256": "f9162ba6c607d248a5245fb4cc7f937875fb51686d47cd3d6201494cc1439bfa",
              "metadata_file": "/home/harveybc/Documents/GitHub/financial-data/experiments/stage_a_screening/runs/omega/adausdt_4h_ppo_learned_lstm_direct_atr_sltp_s0_20260530T023535Z_project3_stage31_firstwave/return_trace.csv.meta.json",
              "row_count": 12500,
              "first_timestamp": "2018-04-17 04:00:00",
              "last_timestamp": "2023-12-31 20:00:00",
              "contains_heldout_rows": false,
              "stage_c_authorized": false,
              "episode_id": "adausdt_4h_ppo_learned_lstm_direct_atr_sltp_s0_20260530T023535Z_project3_stage31_firstwave::eval0",
              "feature_list_hash": "47e262b27817c8bc38977eaaf96f200a50a7041ff42c6ded8d5491523ef24f87",
              "feature_column_count": 5,
              "observation_state_hash": "a1b97276bf4bd7fae0ba79fc580caaa16c6274e1055a86f3ae9260d816090946"
            }
          ],
          "evidence_file": "/home/harveybc/Documents/GitHub/financial-data/experiments/stage_a_screening/runs/omega/adausdt_4h_ppo_learned_lstm_direct_atr_sltp_s0_20260530T023535Z_project3_stage31_firstwave/evidence.json"
        },
        "return_trace_evidence_file": "/home/harveybc/Documents/GitHub/financial-data/experiments/stage_a_screening/runs/omega/adausdt_4h_ppo_learned_lstm_direct_atr_sltp_s0_20260530T023535Z_project3_stage31_firstwave/evidence.json",
        "mode": "train"
      },
      "run_dir": "/home/harveybc/Documents/GitHub/financial-data/experiments/stage_a_screening/runs/omega/adausdt_4h_ppo_learned_lstm_direct_atr_sltp_s0_20260530T023535Z_project3_stage31_firstwave"
    }
  ]
}
