[seed_sweep] running seed=1 run_dir=/home/harveybc/Documents/GitHub/financial-data/experiments/stage_a_screening/runs/omega/adausdt_4h_dqn_tech_stat_decomp_direct_atr_sltp_s1_20260524T183418Z_project3_stage31_firstwave
{
  "ok": true,
  "results": [
    {
      "seed": 1,
      "exit_code": 0,
      "summary": {
        "initial_cash": 10000.0,
        "final_equity": 10000.004379517235,
        "total_return": 4.379517235530983e-07,
        "max_drawdown_pct": 0.0002794301598528713,
        "max_drawdown_money": 0.027943104398218566,
        "sharpe_ratio": -820.8229016182166,
        "sqn": 0.36353046202207173,
        "trades_total": 419,
        "trades_won": 195,
        "trades_lost": 223,
        "avg_trade_pnl": 1.2324060375256328e-05,
        "action_diagnostics": {
          "steps": 12246,
          "hold_actions": 6803,
          "long_actions": 5206,
          "short_actions": 237,
          "non_hold_actions": 5443,
          "continuous_deadband_actions": 0,
          "raw_abs_sum": 5680.0,
          "raw_min": 0.0,
          "raw_max": 2.0,
          "continuous_action_threshold": null
        },
        "execution_diagnostics": {
          "entry_actions_seen": 5443,
          "entry_orders_submitted": 388,
          "blocked_session_filter": 0,
          "blocked_atr_warmup": 13,
          "blocked_non_positive_atr": 0,
          "blocked_non_positive_size": 0,
          "blocked_non_positive_price": 0,
          "default_orders_submitted": 0,
          "plugin_apply_errors": 0
        },
        "episode_reward": 4.4365172361721346e-07,
        "episode_length": 12246,
        "eval_seed": 1,
        "action_steps": 12246,
        "action_hold_count": 6803,
        "action_long_count": 5206,
        "action_short_count": 237,
        "action_non_hold_count": 5443,
        "action_non_hold_rate": 0.44447166421688716,
        "action_abs_mean": 0.46382492242364853,
        "action_raw_min": 0.0,
        "action_raw_max": 2.0,
        "action_deadband_count": 0,
        "action_deadband_rate": 0.0,
        "execution_entry_actions_seen": 5443,
        "execution_entry_orders_submitted": 388,
        "execution_blocked_atr_warmup": 13,
        "execution_blocked_session_filter": 0,
        "execution_blocked_non_positive_atr": 0,
        "execution_blocked_non_positive_size": 0,
        "execution_blocked_non_positive_price": 0,
        "no_trade_diagnosis": "",
        "no_trade_min_trades": 1,
        "no_trade_gate_passed": true,
        "return_trace_file": "/home/harveybc/Documents/GitHub/financial-data/experiments/stage_a_screening/runs/omega/adausdt_4h_dqn_tech_stat_decomp_direct_atr_sltp_s1_20260524T183418Z_project3_stage31_firstwave/return_trace.csv",
        "return_trace_metadata_file": "/home/harveybc/Documents/GitHub/financial-data/experiments/stage_a_screening/runs/omega/adausdt_4h_dqn_tech_stat_decomp_direct_atr_sltp_s1_20260524T183418Z_project3_stage31_firstwave/return_trace.csv.meta.json",
        "return_trace_evidence": {
          "schema_version": "project3_return_trace_evidence_v1",
          "generated_at": "2026-05-24T18:36:03Z",
          "run_id": "adausdt_4h_dqn_tech_stat_decomp_direct_atr_sltp_s1_20260524T183418Z_project3_stage31_firstwave",
          "pipeline_plugin": "rl_pipeline",
          "trace_schema_version": "stage_b_return_trace_v1",
          "asset": "adausdt_4h",
          "timeframe": "4h",
          "seed": 1,
          "config_hash": "86492b3ee7fe708432116599cef31bdfbefe71eeb14a7113a158edd7756c399d",
          "data_file": "/home/harveybc/Documents/GitHub/financial-data/experiments/stage_a_screening/inputs/adausdt/4h/tech_stat_decomp/train.csv",
          "data_file_hash": "a21b89dba71d839636b0144ba2ad9d073ece6f7ee07fe8f46f88cfe260aaa65e",
          "feature_list_hash": null,
          "feature_columns": null,
          "feature_column_count": 0,
          "observation_state_fields": [
            "equity_norm",
            "position",
            "prices",
            "returns",
            "steps_remaining_norm",
            "unrealized_pnl_norm"
          ],
          "observation_state_hash": "a1b97276bf4bd7fae0ba79fc580caaa16c6274e1055a86f3ae9260d816090946",
          "heldout_boundary": "2025-01-01",
          "contains_heldout_rows": false,
          "stage_c_authorized": false,
          "broker_profile": null,
          "market_type": null,
          "trade_rate_band_id": null,
          "calendar_policy_id": null,
          "traces": [
            {
              "split": "evaluation",
              "trace_file": "/home/harveybc/Documents/GitHub/financial-data/experiments/stage_a_screening/runs/omega/adausdt_4h_dqn_tech_stat_decomp_direct_atr_sltp_s1_20260524T183418Z_project3_stage31_firstwave/return_trace.csv",
              "trace_file_sha256": "35cdf635297e6b8d1a04765c0acd6fea851bcf917e30a43ce83d8c51e982f2f2",
              "metadata_file": "/home/harveybc/Documents/GitHub/financial-data/experiments/stage_a_screening/runs/omega/adausdt_4h_dqn_tech_stat_decomp_direct_atr_sltp_s1_20260524T183418Z_project3_stage31_firstwave/return_trace.csv.meta.json",
              "row_count": 12245,
              "first_timestamp": "2018-05-29 16:00:00",
              "last_timestamp": "2023-12-31 20:00:00",
              "contains_heldout_rows": false,
              "stage_c_authorized": false,
              "episode_id": "adausdt_4h_dqn_tech_stat_decomp_direct_atr_sltp_s1_20260524T183418Z_project3_stage31_firstwave::eval0",
              "feature_list_hash": null,
              "feature_column_count": 0,
              "observation_state_hash": "a1b97276bf4bd7fae0ba79fc580caaa16c6274e1055a86f3ae9260d816090946"
            }
          ],
          "evidence_file": "/home/harveybc/Documents/GitHub/financial-data/experiments/stage_a_screening/runs/omega/adausdt_4h_dqn_tech_stat_decomp_direct_atr_sltp_s1_20260524T183418Z_project3_stage31_firstwave/evidence.json"
        },
        "return_trace_evidence_file": "/home/harveybc/Documents/GitHub/financial-data/experiments/stage_a_screening/runs/omega/adausdt_4h_dqn_tech_stat_decomp_direct_atr_sltp_s1_20260524T183418Z_project3_stage31_firstwave/evidence.json",
        "mode": "train"
      },
      "run_dir": "/home/harveybc/Documents/GitHub/financial-data/experiments/stage_a_screening/runs/omega/adausdt_4h_dqn_tech_stat_decomp_direct_atr_sltp_s1_20260524T183418Z_project3_stage31_firstwave"
    }
  ]
}
