[seed_sweep] running seed=1 run_dir=/home/harveybc/Documents/GitHub/financial-data/experiments/stage_a_screening/runs/omega/bnbusdt_4h_dqn_tech_stat_decomp_direct_atr_sltp_s1_20260609T185041Z_project3_stage31_firstwave
{
  "ok": true,
  "results": [
    {
      "seed": 1,
      "exit_code": 0,
      "summary": {
        "initial_cash": 10000.0,
        "final_equity": 9997.236184218425,
        "total_return": -0.00027638157815745856,
        "max_drawdown_pct": 0.10000092179591274,
        "max_drawdown_money": 10.006444326818382,
        "sharpe_ratio": -3.3219161984860315,
        "sqn": -0.4317617826715422,
        "trades_total": 666,
        "trades_won": 286,
        "trades_lost": 379,
        "avg_trade_pnl": -0.0038964778670590736,
        "action_diagnostics": {
          "steps": 13212,
          "hold_actions": 227,
          "long_actions": 12844,
          "short_actions": 141,
          "non_hold_actions": 12985,
          "continuous_deadband_actions": 0,
          "raw_abs_sum": 13126.0,
          "raw_min": 0.0,
          "raw_max": 2.0,
          "continuous_action_threshold": null
        },
        "execution_diagnostics": {
          "entry_actions_seen": 12984,
          "entry_orders_submitted": 650,
          "blocked_session_filter": 0,
          "blocked_atr_warmup": 13,
          "blocked_non_positive_atr": 0,
          "blocked_non_positive_size": 0,
          "blocked_non_positive_price": 0,
          "default_orders_submitted": 0,
          "plugin_apply_errors": 0
        },
        "episode_reward": -0.00028078157815743926,
        "episode_length": 13212,
        "eval_seed": 1,
        "action_steps": 13212,
        "action_hold_count": 227,
        "action_long_count": 12844,
        "action_short_count": 141,
        "action_non_hold_count": 12985,
        "action_non_hold_rate": 0.9828186497123826,
        "action_abs_mean": 0.99349076597033,
        "action_raw_min": 0.0,
        "action_raw_max": 2.0,
        "action_deadband_count": 0,
        "action_deadband_rate": 0.0,
        "execution_entry_actions_seen": 12984,
        "execution_entry_orders_submitted": 650,
        "execution_blocked_atr_warmup": 13,
        "execution_blocked_session_filter": 0,
        "execution_blocked_non_positive_atr": 0,
        "execution_blocked_non_positive_size": 0,
        "execution_blocked_non_positive_price": 0,
        "no_trade_diagnosis": "",
        "no_trade_min_trades": 1,
        "no_trade_gate_passed": true,
        "return_trace_file": "/home/harveybc/Documents/GitHub/financial-data/experiments/stage_a_screening/runs/omega/bnbusdt_4h_dqn_tech_stat_decomp_direct_atr_sltp_s1_20260609T185041Z_project3_stage31_firstwave/return_trace.csv",
        "return_trace_metadata_file": "/home/harveybc/Documents/GitHub/financial-data/experiments/stage_a_screening/runs/omega/bnbusdt_4h_dqn_tech_stat_decomp_direct_atr_sltp_s1_20260609T185041Z_project3_stage31_firstwave/return_trace.csv.meta.json",
        "return_trace_evidence": {
          "schema_version": "project3_return_trace_evidence_v1",
          "generated_at": "2026-06-09T18:52:01Z",
          "run_id": "bnbusdt_4h_dqn_tech_stat_decomp_direct_atr_sltp_s1_20260609T185041Z_project3_stage31_firstwave",
          "pipeline_plugin": "rl_pipeline",
          "trace_schema_version": "stage_b_return_trace_v1",
          "asset": "bnbusdt_4h",
          "timeframe": "4h",
          "seed": 1,
          "config_hash": "c39c8a598b26dcfd33ec71f16bb9e60a9af5437ce331c2c19cf27c4d4a00f685",
          "data_file": "/home/harveybc/Documents/GitHub/financial-data/experiments/stage_a_screening/inputs/bnbusdt/4h/tech_stat_decomp/train.csv",
          "data_file_hash": "7a0e85e343f9099a80c9cad70c648a50489b550390349263565dd66f02f82eb7",
          "feature_list_hash": null,
          "feature_columns": null,
          "feature_column_count": 0,
          "observation_state_fields": [
            "equity_norm",
            "position",
            "prices",
            "returns",
            "steps_remaining_norm",
            "unrealized_pnl_norm"
          ],
          "observation_state_hash": "a1b97276bf4bd7fae0ba79fc580caaa16c6274e1055a86f3ae9260d816090946",
          "heldout_boundary": "2025-01-01",
          "contains_heldout_rows": false,
          "stage_c_authorized": false,
          "broker_profile": null,
          "market_type": null,
          "trade_rate_band_id": null,
          "calendar_policy_id": null,
          "market_state_profile_id": null,
          "market_state_profile_hash": null,
          "market_state_profile_family": null,
          "market_state_profile_name": null,
          "market_state_selected_columns": null,
          "traces": [
            {
              "split": "evaluation",
              "trace_file": "/home/harveybc/Documents/GitHub/financial-data/experiments/stage_a_screening/runs/omega/bnbusdt_4h_dqn_tech_stat_decomp_direct_atr_sltp_s1_20260609T185041Z_project3_stage31_firstwave/return_trace.csv",
              "trace_file_sha256": "4208c3b302f1c645a9031e6afea1b4faeba65f3e8c65ca9e4c33b92a528c2bd6",
              "metadata_file": "/home/harveybc/Documents/GitHub/financial-data/experiments/stage_a_screening/runs/omega/bnbusdt_4h_dqn_tech_stat_decomp_direct_atr_sltp_s1_20260609T185041Z_project3_stage31_firstwave/return_trace.csv.meta.json",
              "row_count": 13211,
              "first_timestamp": "2017-12-18 12:00:00",
              "last_timestamp": "2023-12-31 20:00:00",
              "contains_heldout_rows": false,
              "stage_c_authorized": false,
              "episode_id": "bnbusdt_4h_dqn_tech_stat_decomp_direct_atr_sltp_s1_20260609T185041Z_project3_stage31_firstwave::eval0",
              "feature_list_hash": null,
              "feature_column_count": 0,
              "observation_state_hash": "a1b97276bf4bd7fae0ba79fc580caaa16c6274e1055a86f3ae9260d816090946"
            }
          ],
          "evidence_file": "/home/harveybc/Documents/GitHub/financial-data/experiments/stage_a_screening/runs/omega/bnbusdt_4h_dqn_tech_stat_decomp_direct_atr_sltp_s1_20260609T185041Z_project3_stage31_firstwave/evidence.json"
        },
        "return_trace_evidence_file": "/home/harveybc/Documents/GitHub/financial-data/experiments/stage_a_screening/runs/omega/bnbusdt_4h_dqn_tech_stat_decomp_direct_atr_sltp_s1_20260609T185041Z_project3_stage31_firstwave/evidence.json",
        "mode": "train"
      },
      "run_dir": "/home/harveybc/Documents/GitHub/financial-data/experiments/stage_a_screening/runs/omega/bnbusdt_4h_dqn_tech_stat_decomp_direct_atr_sltp_s1_20260609T185041Z_project3_stage31_firstwave"
    }
  ]
}
