[seed_sweep] running seed=2 run_dir=/home/harveybc/Documents/GitHub/financial-data/experiments/stage_a_screening/runs/omega/bnbusdt_4h_ppo_kitchen_sink_guarded_direct_atr_sltp_s2_20260516T063309Z_project3_stage31_firstwave
{
  "ok": true,
  "results": [
    {
      "seed": 2,
      "exit_code": 0,
      "summary": {
        "initial_cash": 10000.0,
        "final_equity": 10001.334614801648,
        "total_return": 0.00013346148016490922,
        "max_drawdown_pct": 0.0512622592632176,
        "max_drawdown_money": 5.126322559533946,
        "sharpe_ratio": -3.1013020737245545,
        "sqn": 0.5058531410378427,
        "trades_total": 184,
        "trades_won": 67,
        "trades_lost": 116,
        "avg_trade_pnl": 0.011690323812209209,
        "action_diagnostics": {
          "steps": 13113,
          "hold_actions": 0,
          "long_actions": 9,
          "short_actions": 13104,
          "non_hold_actions": 13113,
          "continuous_deadband_actions": 0,
          "raw_abs_sum": 26217.0,
          "raw_min": 1.0,
          "raw_max": 2.0,
          "continuous_action_threshold": null
        },
        "execution_diagnostics": {
          "entry_actions_seen": 13112,
          "entry_orders_submitted": 183,
          "blocked_session_filter": 0,
          "blocked_atr_warmup": 13,
          "blocked_non_positive_atr": 0,
          "blocked_non_positive_size": 0,
          "blocked_non_positive_price": 0,
          "default_orders_submitted": 0,
          "plugin_apply_errors": 0
        },
        "episode_reward": 0.00013786148016479253,
        "episode_length": 13113,
        "eval_seed": 2,
        "action_steps": 13113,
        "action_hold_count": 0,
        "action_long_count": 9,
        "action_short_count": 13104,
        "action_non_hold_count": 13113,
        "action_non_hold_rate": 1.0,
        "action_abs_mean": 1.9993136582017845,
        "action_raw_min": 1.0,
        "action_raw_max": 2.0,
        "action_deadband_count": 0,
        "action_deadband_rate": 0.0,
        "execution_entry_actions_seen": 13112,
        "execution_entry_orders_submitted": 183,
        "execution_blocked_atr_warmup": 13,
        "execution_blocked_session_filter": 0,
        "execution_blocked_non_positive_atr": 0,
        "execution_blocked_non_positive_size": 0,
        "execution_blocked_non_positive_price": 0,
        "no_trade_diagnosis": "",
        "no_trade_min_trades": 1,
        "no_trade_gate_passed": true,
        "return_trace_file": "/home/harveybc/Documents/GitHub/financial-data/experiments/stage_a_screening/runs/omega/bnbusdt_4h_ppo_kitchen_sink_guarded_direct_atr_sltp_s2_20260516T063309Z_project3_stage31_firstwave/return_trace.csv",
        "return_trace_metadata_file": "/home/harveybc/Documents/GitHub/financial-data/experiments/stage_a_screening/runs/omega/bnbusdt_4h_ppo_kitchen_sink_guarded_direct_atr_sltp_s2_20260516T063309Z_project3_stage31_firstwave/return_trace.csv.meta.json",
        "return_trace_evidence": {
          "schema_version": "project3_return_trace_evidence_v1",
          "generated_at": "2026-05-16T06:35:48Z",
          "run_id": "bnbusdt_4h_ppo_kitchen_sink_guarded_direct_atr_sltp_s2_20260516T063309Z_project3_stage31_firstwave",
          "pipeline_plugin": "rl_pipeline",
          "trace_schema_version": "stage_b_return_trace_v1",
          "asset": "bnbusdt_4h",
          "timeframe": "4h",
          "seed": 2,
          "config_hash": "f145a05390b52bb80909a1b7f38cf4f42300020fc99fb0a40c3668d6e8f29419",
          "data_file": "/home/harveybc/Documents/GitHub/financial-data/experiments/stage_a_screening/inputs/bnbusdt/4h/kitchen_sink_guarded/train.csv",
          "data_file_hash": "b02d56130ba7114221ae724f5c52a8922c694c286b6e537c05cbd1935a81cd3e",
          "feature_list_hash": "d05f37df742502bb630602d47462ca1d7b273f158204009f5c46c3a32455b826",
          "feature_columns": [
            "OPEN",
            "HIGH",
            "LOW",
            "CLOSE",
            "VOLUME",
            "return_1",
            "log_return_1",
            "return_5",
            "log_return_5",
            "return_10",
            "log_return_10",
            "return_20",
            "log_return_20",
            "return_60",
            "log_return_60",
            "sma_10",
            "ema_10",
            "close_sma_ratio_10",
            "sma_20",
            "ema_20",
            "close_sma_ratio_20",
            "sma_50",
            "ema_50",
            "close_sma_ratio_50",
            "sma_100",
            "ema_100",
            "close_sma_ratio_100",
            "sma_200",
            "ema_200",
            "close_sma_ratio_200",
            "macd",
            "macd_signal",
            "macd_hist",
            "rsi_7",
            "rsi_14",
            "rsi_21",
            "stoch_k",
            "stoch_d",
            "williams_r_14",
            "cci_14",
            "roc_10",
            "roc_20",
            "roc_60",
            "mom_10",
            "mom_20",
            "bb_upper",
            "bb_middle",
            "bb_lower",
            "bb_pct_b",
            "bb_width",
            "atr_14",
            "natr_14",
            "hist_vol_10",
            "hist_vol_20",
            "hist_vol_60",
            "ema_cross_10_50",
            "ema_cross_20_100",
            "trend_slope_50",
            "trend_strength_50",
            "obv",
            "obv_delta_20",
            "volume_sma_10",
            "volume_sma_20",
            "volume_ratio_20",
            "vwap_60",
            "mfi_14",
            "statistical__log_return_1",
            "roll_mean_ret_20",
            "roll_std_ret_20",
            "roll_skew_ret_20",
            "roll_kurt_ret_20",
            "roll_mean_ret_60",
            "roll_std_ret_60",
            "roll_skew_ret_60",
            "roll_kurt_ret_60",
            "roll_mean_ret_252",
            "roll_std_ret_252",
            "roll_skew_ret_252",
            "roll_kurt_ret_252",
            "realized_var_12",
            "realized_var_48",
            "autocorr_lag1_100",
            "autocorr_lag5_100",
            "sqret_autocorr_lag1_100",
            "vol_regime_high",
            "vol_regime_low",
            "hurst_proxy_200",
            "zscore_close_100",
            "wavelet_approx_L1",
            "wavelet_approx_L2",
            "wavelet_approx_L3",
            "wavelet_approx_L4",
            "wavelet_detail_L1",
            "wavelet_detail_L2",
            "wavelet_detail_L3",
            "wavelet_detail_L4",
            "wavelet_energy_L1",
            "wavelet_energy_L2",
            "wavelet_energy_L3",
            "wavelet_energy_L4",
            "wavelet_relative_energy_L1",
            "wavelet_relative_energy_L2",
            "wavelet_relative_energy_L3",
            "wavelet_relative_energy_L4",
            "wavelet_entropy",
            "ht_amplitude",
            "ht_phase",
            "ht_inst_freq",
            "ht_phase_difference",
            "ht_amplitude_zscore_100",
            "mt_psd_0.05",
            "mt_psd_0.10",
            "mt_psd_0.15",
            "mt_psd_0.20",
            "mt_psd_0.30",
            "mt_psd_0.40",
            "mt_spec_entropy",
            "mt_dominant_freq",
            "mt_spectral_centroid",
            "emd_imf_1",
            "emd_imf_2",
            "emd_imf_3",
            "emd_residue",
            "fracdiff_d_0.4",
            "fracdiff_d_0.6",
            "fracdiff_d_0.8"
          ],
          "feature_column_count": 126,
          "observation_state_fields": [
            "equity_norm",
            "position",
            "prices",
            "returns",
            "steps_remaining_norm",
            "unrealized_pnl_norm"
          ],
          "observation_state_hash": "a1b97276bf4bd7fae0ba79fc580caaa16c6274e1055a86f3ae9260d816090946",
          "heldout_boundary": "2025-01-01",
          "contains_heldout_rows": false,
          "stage_c_authorized": false,
          "broker_profile": null,
          "market_type": null,
          "trade_rate_band_id": null,
          "calendar_policy_id": null,
          "traces": [
            {
              "split": "evaluation",
              "trace_file": "/home/harveybc/Documents/GitHub/financial-data/experiments/stage_a_screening/runs/omega/bnbusdt_4h_ppo_kitchen_sink_guarded_direct_atr_sltp_s2_20260516T063309Z_project3_stage31_firstwave/return_trace.csv",
              "trace_file_sha256": "e6b8eb5bfca010814b81a0753b33dbbe9ea055cafd4ef8a51bf1bd21c16e9a7f",
              "metadata_file": "/home/harveybc/Documents/GitHub/financial-data/experiments/stage_a_screening/runs/omega/bnbusdt_4h_ppo_kitchen_sink_guarded_direct_atr_sltp_s2_20260516T063309Z_project3_stage31_firstwave/return_trace.csv.meta.json",
              "row_count": 13112,
              "first_timestamp": "2018-01-04 00:00:00",
              "last_timestamp": "2023-12-31 20:00:00",
              "contains_heldout_rows": false,
              "stage_c_authorized": false,
              "episode_id": "bnbusdt_4h_ppo_kitchen_sink_guarded_direct_atr_sltp_s2_20260516T063309Z_project3_stage31_firstwave::eval0",
              "feature_list_hash": "d05f37df742502bb630602d47462ca1d7b273f158204009f5c46c3a32455b826",
              "feature_column_count": 126,
              "observation_state_hash": "a1b97276bf4bd7fae0ba79fc580caaa16c6274e1055a86f3ae9260d816090946"
            }
          ],
          "evidence_file": "/home/harveybc/Documents/GitHub/financial-data/experiments/stage_a_screening/runs/omega/bnbusdt_4h_ppo_kitchen_sink_guarded_direct_atr_sltp_s2_20260516T063309Z_project3_stage31_firstwave/evidence.json"
        },
        "return_trace_evidence_file": "/home/harveybc/Documents/GitHub/financial-data/experiments/stage_a_screening/runs/omega/bnbusdt_4h_ppo_kitchen_sink_guarded_direct_atr_sltp_s2_20260516T063309Z_project3_stage31_firstwave/evidence.json",
        "mode": "train"
      },
      "run_dir": "/home/harveybc/Documents/GitHub/financial-data/experiments/stage_a_screening/runs/omega/bnbusdt_4h_ppo_kitchen_sink_guarded_direct_atr_sltp_s2_20260516T063309Z_project3_stage31_firstwave"
    }
  ]
}
