[seed_sweep] running seed=0 run_dir=/home/harveybc/Documents/GitHub/financial-data/experiments/stage_a_screening/runs/omega/bnbusdt_4h_dqn_kitchen_sink_guarded_direct_atr_sltp_s0_20260524T163737Z_project3_stage31_firstwave
{
  "ok": true,
  "results": [
    {
      "seed": 0,
      "exit_code": 0,
      "summary": {
        "initial_cash": 10000.0,
        "final_equity": 9989.568521406933,
        "total_return": -0.0010431478593067034,
        "max_drawdown_pct": 0.12411638735915403,
        "max_drawdown_money": 12.411638735915403,
        "sharpe_ratio": -2.5672014284335605,
        "sqn": -1.534815792351424,
        "trades_total": 1420,
        "trades_won": 687,
        "trades_lost": 732,
        "avg_trade_pnl": -0.007340276246004244,
        "action_diagnostics": {
          "steps": 13113,
          "hold_actions": 107,
          "long_actions": 12075,
          "short_actions": 931,
          "non_hold_actions": 13006,
          "continuous_deadband_actions": 0,
          "raw_abs_sum": 13937.0,
          "raw_min": 0.0,
          "raw_max": 2.0,
          "continuous_action_threshold": null
        },
        "execution_diagnostics": {
          "entry_actions_seen": 13005,
          "entry_orders_submitted": 1331,
          "blocked_session_filter": 0,
          "blocked_atr_warmup": 13,
          "blocked_non_positive_atr": 0,
          "blocked_non_positive_size": 0,
          "blocked_non_positive_price": 0,
          "default_orders_submitted": 0,
          "plugin_apply_errors": 0
        },
        "episode_reward": -0.0010475478593067321,
        "episode_length": 13113,
        "eval_seed": 0,
        "action_steps": 13113,
        "action_hold_count": 107,
        "action_long_count": 12075,
        "action_short_count": 931,
        "action_non_hold_count": 13006,
        "action_non_hold_rate": 0.9918401586212156,
        "action_abs_mean": 1.0628384046366202,
        "action_raw_min": 0.0,
        "action_raw_max": 2.0,
        "action_deadband_count": 0,
        "action_deadband_rate": 0.0,
        "execution_entry_actions_seen": 13005,
        "execution_entry_orders_submitted": 1331,
        "execution_blocked_atr_warmup": 13,
        "execution_blocked_session_filter": 0,
        "execution_blocked_non_positive_atr": 0,
        "execution_blocked_non_positive_size": 0,
        "execution_blocked_non_positive_price": 0,
        "no_trade_diagnosis": "",
        "no_trade_min_trades": 1,
        "no_trade_gate_passed": true,
        "return_trace_file": "/home/harveybc/Documents/GitHub/financial-data/experiments/stage_a_screening/runs/omega/bnbusdt_4h_dqn_kitchen_sink_guarded_direct_atr_sltp_s0_20260524T163737Z_project3_stage31_firstwave/return_trace.csv",
        "return_trace_metadata_file": "/home/harveybc/Documents/GitHub/financial-data/experiments/stage_a_screening/runs/omega/bnbusdt_4h_dqn_kitchen_sink_guarded_direct_atr_sltp_s0_20260524T163737Z_project3_stage31_firstwave/return_trace.csv.meta.json",
        "return_trace_evidence": {
          "schema_version": "project3_return_trace_evidence_v1",
          "generated_at": "2026-05-24T16:39:28Z",
          "run_id": "bnbusdt_4h_dqn_kitchen_sink_guarded_direct_atr_sltp_s0_20260524T163737Z_project3_stage31_firstwave",
          "pipeline_plugin": "rl_pipeline",
          "trace_schema_version": "stage_b_return_trace_v1",
          "asset": "bnbusdt_4h",
          "timeframe": "4h",
          "seed": 0,
          "config_hash": "dfcbaec08407448f0290c272e66e3cf1047de2ccc80bd48fd6d81a5c2ecac661",
          "data_file": "/home/harveybc/Documents/GitHub/financial-data/experiments/stage_a_screening/inputs/bnbusdt/4h/kitchen_sink_guarded/train.csv",
          "data_file_hash": "b02d56130ba7114221ae724f5c52a8922c694c286b6e537c05cbd1935a81cd3e",
          "feature_list_hash": null,
          "feature_columns": null,
          "feature_column_count": 0,
          "observation_state_fields": [
            "equity_norm",
            "position",
            "prices",
            "returns",
            "steps_remaining_norm",
            "unrealized_pnl_norm"
          ],
          "observation_state_hash": "a1b97276bf4bd7fae0ba79fc580caaa16c6274e1055a86f3ae9260d816090946",
          "heldout_boundary": "2025-01-01",
          "contains_heldout_rows": false,
          "stage_c_authorized": false,
          "broker_profile": null,
          "market_type": null,
          "trade_rate_band_id": null,
          "calendar_policy_id": null,
          "traces": [
            {
              "split": "evaluation",
              "trace_file": "/home/harveybc/Documents/GitHub/financial-data/experiments/stage_a_screening/runs/omega/bnbusdt_4h_dqn_kitchen_sink_guarded_direct_atr_sltp_s0_20260524T163737Z_project3_stage31_firstwave/return_trace.csv",
              "trace_file_sha256": "3a9989d9e86e4f1ec50e86142b144c528f513d64c777394dee64faecb8d240f5",
              "metadata_file": "/home/harveybc/Documents/GitHub/financial-data/experiments/stage_a_screening/runs/omega/bnbusdt_4h_dqn_kitchen_sink_guarded_direct_atr_sltp_s0_20260524T163737Z_project3_stage31_firstwave/return_trace.csv.meta.json",
              "row_count": 13112,
              "first_timestamp": "2018-01-04 00:00:00",
              "last_timestamp": "2023-12-31 20:00:00",
              "contains_heldout_rows": false,
              "stage_c_authorized": false,
              "episode_id": "bnbusdt_4h_dqn_kitchen_sink_guarded_direct_atr_sltp_s0_20260524T163737Z_project3_stage31_firstwave::eval0",
              "feature_list_hash": null,
              "feature_column_count": 0,
              "observation_state_hash": "a1b97276bf4bd7fae0ba79fc580caaa16c6274e1055a86f3ae9260d816090946"
            }
          ],
          "evidence_file": "/home/harveybc/Documents/GitHub/financial-data/experiments/stage_a_screening/runs/omega/bnbusdt_4h_dqn_kitchen_sink_guarded_direct_atr_sltp_s0_20260524T163737Z_project3_stage31_firstwave/evidence.json"
        },
        "return_trace_evidence_file": "/home/harveybc/Documents/GitHub/financial-data/experiments/stage_a_screening/runs/omega/bnbusdt_4h_dqn_kitchen_sink_guarded_direct_atr_sltp_s0_20260524T163737Z_project3_stage31_firstwave/evidence.json",
        "mode": "train"
      },
      "run_dir": "/home/harveybc/Documents/GitHub/financial-data/experiments/stage_a_screening/runs/omega/bnbusdt_4h_dqn_kitchen_sink_guarded_direct_atr_sltp_s0_20260524T163737Z_project3_stage31_firstwave"
    }
  ]
}
