[seed_sweep] running seed=1 run_dir=/home/harveybc/Documents/GitHub/financial-data/experiments/stage_a_screening/runs/omega/bnbusdt_4h_dqn_kitchen_sink_guarded_direct_atr_sltp_s1_20260530T010449Z_project3_stage31_firstwave
{
  "ok": true,
  "results": [
    {
      "seed": 1,
      "exit_code": 0,
      "summary": {
        "initial_cash": 10000.0,
        "final_equity": 9999.069233741355,
        "total_return": -9.307662586455212e-05,
        "max_drawdown_pct": 0.06295236875155896,
        "max_drawdown_money": 6.297719685731863,
        "sharpe_ratio": -3.538523625602,
        "sqn": -0.1680128753523924,
        "trades_total": 708,
        "trades_won": 315,
        "trades_lost": 393,
        "avg_trade_pnl": -0.0013146416082284239,
        "action_diagnostics": {
          "steps": 13113,
          "hold_actions": 9170,
          "long_actions": 1899,
          "short_actions": 2044,
          "non_hold_actions": 3943,
          "continuous_deadband_actions": 0,
          "raw_abs_sum": 5987.0,
          "raw_min": 0.0,
          "raw_max": 2.0,
          "continuous_action_threshold": null
        },
        "execution_diagnostics": {
          "entry_actions_seen": 3943,
          "entry_orders_submitted": 653,
          "blocked_session_filter": 0,
          "blocked_atr_warmup": 9,
          "blocked_non_positive_atr": 0,
          "blocked_non_positive_size": 0,
          "blocked_non_positive_price": 0,
          "default_orders_submitted": 0,
          "plugin_apply_errors": 0
        },
        "episode_reward": -9.307662586452365e-05,
        "episode_length": 13113,
        "eval_seed": 1,
        "action_steps": 13113,
        "action_hold_count": 9170,
        "action_long_count": 1899,
        "action_short_count": 2044,
        "action_non_hold_count": 3943,
        "action_non_hold_rate": 0.3006939678181957,
        "action_abs_mean": 0.4565698162129185,
        "action_raw_min": 0.0,
        "action_raw_max": 2.0,
        "action_deadband_count": 0,
        "action_deadband_rate": 0.0,
        "execution_entry_actions_seen": 3943,
        "execution_entry_orders_submitted": 653,
        "execution_blocked_atr_warmup": 9,
        "execution_blocked_session_filter": 0,
        "execution_blocked_non_positive_atr": 0,
        "execution_blocked_non_positive_size": 0,
        "execution_blocked_non_positive_price": 0,
        "no_trade_diagnosis": "",
        "no_trade_min_trades": 1,
        "no_trade_gate_passed": true,
        "return_trace_file": "/home/harveybc/Documents/GitHub/financial-data/experiments/stage_a_screening/runs/omega/bnbusdt_4h_dqn_kitchen_sink_guarded_direct_atr_sltp_s1_20260530T010449Z_project3_stage31_firstwave/return_trace.csv",
        "return_trace_metadata_file": "/home/harveybc/Documents/GitHub/financial-data/experiments/stage_a_screening/runs/omega/bnbusdt_4h_dqn_kitchen_sink_guarded_direct_atr_sltp_s1_20260530T010449Z_project3_stage31_firstwave/return_trace.csv.meta.json",
        "return_trace_evidence": {
          "schema_version": "project3_return_trace_evidence_v1",
          "generated_at": "2026-05-30T01:06:43Z",
          "run_id": "bnbusdt_4h_dqn_kitchen_sink_guarded_direct_atr_sltp_s1_20260530T010449Z_project3_stage31_firstwave",
          "pipeline_plugin": "rl_pipeline",
          "trace_schema_version": "stage_b_return_trace_v1",
          "asset": "bnbusdt_4h",
          "timeframe": "4h",
          "seed": 1,
          "config_hash": "1c36a7f4765bbb013dabcc663f30281343720adff603c05cd6af93ef122c237f",
          "data_file": "/home/harveybc/Documents/GitHub/financial-data/experiments/stage_a_screening/inputs/bnbusdt/4h/kitchen_sink_guarded/train.csv",
          "data_file_hash": "b02d56130ba7114221ae724f5c52a8922c694c286b6e537c05cbd1935a81cd3e",
          "feature_list_hash": null,
          "feature_columns": null,
          "feature_column_count": 0,
          "observation_state_fields": [
            "equity_norm",
            "position",
            "prices",
            "returns",
            "steps_remaining_norm",
            "unrealized_pnl_norm"
          ],
          "observation_state_hash": "a1b97276bf4bd7fae0ba79fc580caaa16c6274e1055a86f3ae9260d816090946",
          "heldout_boundary": "2025-01-01",
          "contains_heldout_rows": false,
          "stage_c_authorized": false,
          "broker_profile": null,
          "market_type": null,
          "trade_rate_band_id": null,
          "calendar_policy_id": null,
          "market_state_profile_id": null,
          "market_state_profile_hash": null,
          "market_state_profile_family": null,
          "market_state_profile_name": null,
          "market_state_selected_columns": null,
          "traces": [
            {
              "split": "evaluation",
              "trace_file": "/home/harveybc/Documents/GitHub/financial-data/experiments/stage_a_screening/runs/omega/bnbusdt_4h_dqn_kitchen_sink_guarded_direct_atr_sltp_s1_20260530T010449Z_project3_stage31_firstwave/return_trace.csv",
              "trace_file_sha256": "d8cfaab815556ce6421565c6d3c692f60b1a0f71c84afbe092161d94751f37fa",
              "metadata_file": "/home/harveybc/Documents/GitHub/financial-data/experiments/stage_a_screening/runs/omega/bnbusdt_4h_dqn_kitchen_sink_guarded_direct_atr_sltp_s1_20260530T010449Z_project3_stage31_firstwave/return_trace.csv.meta.json",
              "row_count": 13112,
              "first_timestamp": "2018-01-04 00:00:00",
              "last_timestamp": "2023-12-31 20:00:00",
              "contains_heldout_rows": false,
              "stage_c_authorized": false,
              "episode_id": "bnbusdt_4h_dqn_kitchen_sink_guarded_direct_atr_sltp_s1_20260530T010449Z_project3_stage31_firstwave::eval0",
              "feature_list_hash": null,
              "feature_column_count": 0,
              "observation_state_hash": "a1b97276bf4bd7fae0ba79fc580caaa16c6274e1055a86f3ae9260d816090946"
            }
          ],
          "evidence_file": "/home/harveybc/Documents/GitHub/financial-data/experiments/stage_a_screening/runs/omega/bnbusdt_4h_dqn_kitchen_sink_guarded_direct_atr_sltp_s1_20260530T010449Z_project3_stage31_firstwave/evidence.json"
        },
        "return_trace_evidence_file": "/home/harveybc/Documents/GitHub/financial-data/experiments/stage_a_screening/runs/omega/bnbusdt_4h_dqn_kitchen_sink_guarded_direct_atr_sltp_s1_20260530T010449Z_project3_stage31_firstwave/evidence.json",
        "mode": "train"
      },
      "run_dir": "/home/harveybc/Documents/GitHub/financial-data/experiments/stage_a_screening/runs/omega/bnbusdt_4h_dqn_kitchen_sink_guarded_direct_atr_sltp_s1_20260530T010449Z_project3_stage31_firstwave"
    }
  ]
}
