[seed_sweep] running seed=0 run_dir=/home/harveybc/Documents/GitHub/financial-data/experiments/stage_a_screening/runs/omega/btcusdt_perp_4h_dqn_tech_stat_decomp_direct_atr_sltp_s0_20260524T041947Z_project3_stage31_firstwave
{
  "ok": true,
  "results": [
    {
      "seed": 0,
      "exit_code": 0,
      "summary": {
        "initial_cash": 10000.0,
        "final_equity": 8415.76071896086,
        "total_return": -0.15842392810391392,
        "max_drawdown_pct": 16.75117718185374,
        "max_drawdown_money": 1680.2598167005526,
        "sharpe_ratio": -0.06839198012035388,
        "sqn": -1.6682627033695505,
        "trades_total": 5579,
        "trades_won": 2664,
        "trades_lost": 2914,
        "avg_trade_pnl": -0.2846204663390372,
        "action_diagnostics": {
          "steps": 9198,
          "hold_actions": 51,
          "long_actions": 4910,
          "short_actions": 4237,
          "non_hold_actions": 9147,
          "continuous_deadband_actions": 0,
          "raw_abs_sum": 13384.0,
          "raw_min": 0.0,
          "raw_max": 2.0,
          "continuous_action_threshold": null
        },
        "execution_diagnostics": {
          "entry_actions_seen": 9146,
          "entry_orders_submitted": 5366,
          "blocked_session_filter": 0,
          "blocked_atr_warmup": 13,
          "blocked_non_positive_atr": 0,
          "blocked_non_positive_size": 0,
          "blocked_non_positive_price": 0,
          "default_orders_submitted": 0,
          "plugin_apply_errors": 0
        },
        "episode_reward": -0.1580950920639135,
        "episode_length": 9198,
        "eval_seed": 0,
        "action_steps": 9198,
        "action_hold_count": 51,
        "action_long_count": 4910,
        "action_short_count": 4237,
        "action_non_hold_count": 9147,
        "action_non_hold_rate": 0.9944553163731246,
        "action_abs_mean": 1.4550989345509893,
        "action_raw_min": 0.0,
        "action_raw_max": 2.0,
        "action_deadband_count": 0,
        "action_deadband_rate": 0.0,
        "execution_entry_actions_seen": 9146,
        "execution_entry_orders_submitted": 5366,
        "execution_blocked_atr_warmup": 13,
        "execution_blocked_session_filter": 0,
        "execution_blocked_non_positive_atr": 0,
        "execution_blocked_non_positive_size": 0,
        "execution_blocked_non_positive_price": 0,
        "no_trade_diagnosis": "",
        "no_trade_min_trades": 1,
        "no_trade_gate_passed": true,
        "return_trace_file": "/home/harveybc/Documents/GitHub/financial-data/experiments/stage_a_screening/runs/omega/btcusdt_perp_4h_dqn_tech_stat_decomp_direct_atr_sltp_s0_20260524T041947Z_project3_stage31_firstwave/return_trace.csv",
        "return_trace_metadata_file": "/home/harveybc/Documents/GitHub/financial-data/experiments/stage_a_screening/runs/omega/btcusdt_perp_4h_dqn_tech_stat_decomp_direct_atr_sltp_s0_20260524T041947Z_project3_stage31_firstwave/return_trace.csv.meta.json",
        "return_trace_evidence": {
          "schema_version": "project3_return_trace_evidence_v1",
          "generated_at": "2026-05-24T04:21:41Z",
          "run_id": "btcusdt_perp_4h_dqn_tech_stat_decomp_direct_atr_sltp_s0_20260524T041947Z_project3_stage31_firstwave",
          "pipeline_plugin": "rl_pipeline",
          "trace_schema_version": "stage_b_return_trace_v1",
          "asset": "btcusdt_perp_4h",
          "timeframe": "4h",
          "seed": 0,
          "config_hash": "bd0c59f688d81116559c809de889d08f8de7501007ad316e8b8cb16739615221",
          "data_file": "/home/harveybc/Documents/GitHub/financial-data/experiments/stage_a_screening/inputs/btcusdt_perp/4h/tech_stat_decomp/train.csv",
          "data_file_hash": "fa5c9f4ea3adc7e60cbb354aed7ad33f166394650fd932f52db11296e4ad4494",
          "feature_list_hash": null,
          "feature_columns": null,
          "feature_column_count": 0,
          "observation_state_fields": [
            "equity_norm",
            "position",
            "prices",
            "returns",
            "steps_remaining_norm",
            "unrealized_pnl_norm"
          ],
          "observation_state_hash": "a1b97276bf4bd7fae0ba79fc580caaa16c6274e1055a86f3ae9260d816090946",
          "heldout_boundary": "2025-01-01",
          "contains_heldout_rows": false,
          "stage_c_authorized": false,
          "broker_profile": null,
          "market_type": null,
          "trade_rate_band_id": null,
          "calendar_policy_id": null,
          "traces": [
            {
              "split": "evaluation",
              "trace_file": "/home/harveybc/Documents/GitHub/financial-data/experiments/stage_a_screening/runs/omega/btcusdt_perp_4h_dqn_tech_stat_decomp_direct_atr_sltp_s0_20260524T041947Z_project3_stage31_firstwave/return_trace.csv",
              "trace_file_sha256": "5fe9e566ae20cb520ad2833c2cabaf9db9ed4cb851a94410bf1e2f253c29536b",
              "metadata_file": "/home/harveybc/Documents/GitHub/financial-data/experiments/stage_a_screening/runs/omega/btcusdt_perp_4h_dqn_tech_stat_decomp_direct_atr_sltp_s0_20260524T041947Z_project3_stage31_firstwave/return_trace.csv.meta.json",
              "row_count": 9197,
              "first_timestamp": "2019-10-21 04:00:00",
              "last_timestamp": "2023-12-31 20:00:00",
              "contains_heldout_rows": false,
              "stage_c_authorized": false,
              "episode_id": "btcusdt_perp_4h_dqn_tech_stat_decomp_direct_atr_sltp_s0_20260524T041947Z_project3_stage31_firstwave::eval0",
              "feature_list_hash": null,
              "feature_column_count": 0,
              "observation_state_hash": "a1b97276bf4bd7fae0ba79fc580caaa16c6274e1055a86f3ae9260d816090946"
            }
          ],
          "evidence_file": "/home/harveybc/Documents/GitHub/financial-data/experiments/stage_a_screening/runs/omega/btcusdt_perp_4h_dqn_tech_stat_decomp_direct_atr_sltp_s0_20260524T041947Z_project3_stage31_firstwave/evidence.json"
        },
        "return_trace_evidence_file": "/home/harveybc/Documents/GitHub/financial-data/experiments/stage_a_screening/runs/omega/btcusdt_perp_4h_dqn_tech_stat_decomp_direct_atr_sltp_s0_20260524T041947Z_project3_stage31_firstwave/evidence.json",
        "mode": "train"
      },
      "run_dir": "/home/harveybc/Documents/GitHub/financial-data/experiments/stage_a_screening/runs/omega/btcusdt_perp_4h_dqn_tech_stat_decomp_direct_atr_sltp_s0_20260524T041947Z_project3_stage31_firstwave"
    }
  ]
}
