[seed_sweep] running seed=2 run_dir=/home/harveybc/Documents/GitHub/financial-data/experiments/stage_a_screening/runs/omega/btcusdt_perp_4h_ppo_learned_lstm_direct_atr_sltp_s2_20260530T102736Z_project3_stage31_firstwave
{
  "ok": true,
  "results": [
    {
      "seed": 2,
      "exit_code": 0,
      "summary": {
        "initial_cash": 10000.0,
        "final_equity": 9890.334092634272,
        "total_return": -0.010966590736572801,
        "max_drawdown_pct": 5.235075551912921,
        "max_drawdown_money": 526.1094000157227,
        "sharpe_ratio": -0.040047906996808005,
        "sqn": -0.24925860433484506,
        "trades_total": 482,
        "trades_won": 179,
        "trades_lost": 302,
        "avg_trade_pnl": -0.22326968225720153,
        "action_diagnostics": {
          "steps": 9422,
          "hold_actions": 3,
          "long_actions": 0,
          "short_actions": 9419,
          "non_hold_actions": 9419,
          "continuous_deadband_actions": 0,
          "raw_abs_sum": 18838.0,
          "raw_min": 0.0,
          "raw_max": 2.0,
          "continuous_action_threshold": null
        },
        "execution_diagnostics": {
          "entry_actions_seen": 9418,
          "entry_orders_submitted": 483,
          "blocked_session_filter": 0,
          "blocked_atr_warmup": 13,
          "blocked_non_positive_atr": 0,
          "blocked_non_positive_size": 0,
          "blocked_non_positive_price": 0,
          "default_orders_submitted": 0,
          "plugin_apply_errors": 0
        },
        "episode_reward": -0.010620690736572827,
        "episode_length": 9422,
        "eval_seed": 2,
        "action_steps": 9422,
        "action_hold_count": 3,
        "action_long_count": 0,
        "action_short_count": 9419,
        "action_non_hold_count": 9419,
        "action_non_hold_rate": 0.9996815962640628,
        "action_abs_mean": 1.9993631925281257,
        "action_raw_min": 0.0,
        "action_raw_max": 2.0,
        "action_deadband_count": 0,
        "action_deadband_rate": 0.0,
        "execution_entry_actions_seen": 9418,
        "execution_entry_orders_submitted": 483,
        "execution_blocked_atr_warmup": 13,
        "execution_blocked_session_filter": 0,
        "execution_blocked_non_positive_atr": 0,
        "execution_blocked_non_positive_size": 0,
        "execution_blocked_non_positive_price": 0,
        "no_trade_diagnosis": "",
        "no_trade_min_trades": 1,
        "no_trade_gate_passed": true,
        "return_trace_file": "/home/harveybc/Documents/GitHub/financial-data/experiments/stage_a_screening/runs/omega/btcusdt_perp_4h_ppo_learned_lstm_direct_atr_sltp_s2_20260530T102736Z_project3_stage31_firstwave/return_trace.csv",
        "return_trace_metadata_file": "/home/harveybc/Documents/GitHub/financial-data/experiments/stage_a_screening/runs/omega/btcusdt_perp_4h_ppo_learned_lstm_direct_atr_sltp_s2_20260530T102736Z_project3_stage31_firstwave/return_trace.csv.meta.json",
        "return_trace_evidence": {
          "schema_version": "project3_return_trace_evidence_v1",
          "generated_at": "2026-05-30T10:30:17Z",
          "run_id": "btcusdt_perp_4h_ppo_learned_lstm_direct_atr_sltp_s2_20260530T102736Z_project3_stage31_firstwave",
          "pipeline_plugin": "rl_pipeline",
          "trace_schema_version": "stage_b_return_trace_v1",
          "asset": "btcusdt_perp_4h",
          "timeframe": "4h",
          "seed": 2,
          "config_hash": "5a4eea329dd6486eedfc8f5c00e453abe130fbb1611625b1a15cf8fee0d10bfd",
          "data_file": "/home/harveybc/Documents/GitHub/financial-data/experiments/stage_a_screening/inputs/btcusdt_perp/4h/learned_lstm/train.csv",
          "data_file_hash": "fdc1c2c755a45bae024dce98ed15323861ecbd2c43e04a05c8b9fdd17b6851f5",
          "feature_list_hash": "d3fbfe01faeae31c8fd4610d04b4ab53f53899e9a6cdfc6daf486083410d4c63",
          "feature_columns": [
            "OPEN",
            "HIGH",
            "LOW",
            "CLOSE",
            "VOLUME",
            "learned_lstm_00",
            "learned_lstm_01",
            "learned_lstm_02",
            "learned_lstm_03",
            "learned_lstm_04",
            "learned_lstm_05",
            "learned_lstm_06",
            "learned_lstm_07",
            "learned_lstm_08",
            "learned_lstm_09",
            "learned_lstm_10",
            "learned_lstm_11",
            "learned_lstm_12",
            "learned_lstm_13",
            "learned_lstm_14",
            "learned_lstm_15",
            "learned_lstm_16",
            "learned_lstm_17",
            "learned_lstm_18",
            "learned_lstm_19",
            "learned_lstm_20",
            "learned_lstm_21",
            "learned_lstm_22",
            "learned_lstm_23",
            "learned_lstm_24",
            "learned_lstm_25",
            "learned_lstm_26",
            "learned_lstm_27",
            "learned_lstm_28",
            "learned_lstm_29",
            "learned_lstm_30",
            "learned_lstm_31"
          ],
          "feature_column_count": 37,
          "observation_state_fields": [
            "equity_norm",
            "position",
            "prices",
            "returns",
            "steps_remaining_norm",
            "unrealized_pnl_norm"
          ],
          "observation_state_hash": "a1b97276bf4bd7fae0ba79fc580caaa16c6274e1055a86f3ae9260d816090946",
          "heldout_boundary": "2025-01-01",
          "contains_heldout_rows": false,
          "stage_c_authorized": false,
          "broker_profile": null,
          "market_type": null,
          "trade_rate_band_id": null,
          "calendar_policy_id": null,
          "market_state_profile_id": null,
          "market_state_profile_hash": null,
          "market_state_profile_family": null,
          "market_state_profile_name": null,
          "market_state_selected_columns": null,
          "traces": [
            {
              "split": "evaluation",
              "trace_file": "/home/harveybc/Documents/GitHub/financial-data/experiments/stage_a_screening/runs/omega/btcusdt_perp_4h_ppo_learned_lstm_direct_atr_sltp_s2_20260530T102736Z_project3_stage31_firstwave/return_trace.csv",
              "trace_file_sha256": "2d59d4cca788bc6027b82cd29fd1527a9e68051ec1c86a18e8ff836eee50c9ce",
              "metadata_file": "/home/harveybc/Documents/GitHub/financial-data/experiments/stage_a_screening/runs/omega/btcusdt_perp_4h_ppo_learned_lstm_direct_atr_sltp_s2_20260530T102736Z_project3_stage31_firstwave/return_trace.csv.meta.json",
              "row_count": 9421,
              "first_timestamp": "2019-09-13 20:00:00",
              "last_timestamp": "2023-12-31 20:00:00",
              "contains_heldout_rows": false,
              "stage_c_authorized": false,
              "episode_id": "btcusdt_perp_4h_ppo_learned_lstm_direct_atr_sltp_s2_20260530T102736Z_project3_stage31_firstwave::eval0",
              "feature_list_hash": "d3fbfe01faeae31c8fd4610d04b4ab53f53899e9a6cdfc6daf486083410d4c63",
              "feature_column_count": 37,
              "observation_state_hash": "a1b97276bf4bd7fae0ba79fc580caaa16c6274e1055a86f3ae9260d816090946"
            }
          ],
          "evidence_file": "/home/harveybc/Documents/GitHub/financial-data/experiments/stage_a_screening/runs/omega/btcusdt_perp_4h_ppo_learned_lstm_direct_atr_sltp_s2_20260530T102736Z_project3_stage31_firstwave/evidence.json"
        },
        "return_trace_evidence_file": "/home/harveybc/Documents/GitHub/financial-data/experiments/stage_a_screening/runs/omega/btcusdt_perp_4h_ppo_learned_lstm_direct_atr_sltp_s2_20260530T102736Z_project3_stage31_firstwave/evidence.json",
        "mode": "train"
      },
      "run_dir": "/home/harveybc/Documents/GitHub/financial-data/experiments/stage_a_screening/runs/omega/btcusdt_perp_4h_ppo_learned_lstm_direct_atr_sltp_s2_20260530T102736Z_project3_stage31_firstwave"
    }
  ]
}
