[seed_sweep] running seed=1 run_dir=/home/harveybc/Documents/GitHub/financial-data/experiments/stage_a_screening/runs/omega/btcusdt_perp_4h_dqn_tech_full_direct_atr_sltp_s1_20260524T034001Z_project3_stage31_firstwave
{
  "ok": true,
  "results": [
    {
      "seed": 1,
      "exit_code": 0,
      "summary": {
        "initial_cash": 10000.0,
        "final_equity": 10013.046008513718,
        "total_return": 0.00130460085137174,
        "max_drawdown_pct": 0.10898587782000765,
        "max_drawdown_money": 10.904955960000734,
        "sharpe_ratio": -1.2258333256385658,
        "sqn": 0.9477764365838864,
        "trades_total": 3,
        "trades_won": 1,
        "trades_lost": 2,
        "avg_trade_pnl": 4.348669504571429,
        "action_diagnostics": {
          "steps": 9254,
          "hold_actions": 9244,
          "long_actions": 6,
          "short_actions": 4,
          "non_hold_actions": 10,
          "continuous_deadband_actions": 0,
          "raw_abs_sum": 14.0,
          "raw_min": 0.0,
          "raw_max": 2.0,
          "continuous_action_threshold": null
        },
        "execution_diagnostics": {
          "entry_actions_seen": 10,
          "entry_orders_submitted": 3,
          "blocked_session_filter": 0,
          "blocked_atr_warmup": 0,
          "blocked_non_positive_atr": 0,
          "blocked_non_positive_size": 0,
          "blocked_non_positive_price": 0,
          "default_orders_submitted": 0,
          "plugin_apply_errors": 0
        },
        "episode_reward": 0.0013046008513718334,
        "episode_length": 9254,
        "eval_seed": 1,
        "action_steps": 9254,
        "action_hold_count": 9244,
        "action_long_count": 6,
        "action_short_count": 4,
        "action_non_hold_count": 10,
        "action_non_hold_rate": 0.001080613788631943,
        "action_abs_mean": 0.0015128593040847202,
        "action_raw_min": 0.0,
        "action_raw_max": 2.0,
        "action_deadband_count": 0,
        "action_deadband_rate": 0.0,
        "execution_entry_actions_seen": 10,
        "execution_entry_orders_submitted": 3,
        "execution_blocked_atr_warmup": 0,
        "execution_blocked_session_filter": 0,
        "execution_blocked_non_positive_atr": 0,
        "execution_blocked_non_positive_size": 0,
        "execution_blocked_non_positive_price": 0,
        "no_trade_diagnosis": "",
        "no_trade_min_trades": 1,
        "no_trade_gate_passed": true,
        "return_trace_file": "/home/harveybc/Documents/GitHub/financial-data/experiments/stage_a_screening/runs/omega/btcusdt_perp_4h_dqn_tech_full_direct_atr_sltp_s1_20260524T034001Z_project3_stage31_firstwave/return_trace.csv",
        "return_trace_metadata_file": "/home/harveybc/Documents/GitHub/financial-data/experiments/stage_a_screening/runs/omega/btcusdt_perp_4h_dqn_tech_full_direct_atr_sltp_s1_20260524T034001Z_project3_stage31_firstwave/return_trace.csv.meta.json",
        "return_trace_evidence": {
          "schema_version": "project3_return_trace_evidence_v1",
          "generated_at": "2026-05-24T03:41:47Z",
          "run_id": "btcusdt_perp_4h_dqn_tech_full_direct_atr_sltp_s1_20260524T034001Z_project3_stage31_firstwave",
          "pipeline_plugin": "rl_pipeline",
          "trace_schema_version": "stage_b_return_trace_v1",
          "asset": "btcusdt_perp_4h",
          "timeframe": "4h",
          "seed": 1,
          "config_hash": "aa6d900013ef96b757127eed33f80f424f2155aecafa3bbf216601a510f36eac",
          "data_file": "/home/harveybc/Documents/GitHub/financial-data/experiments/stage_a_screening/inputs/btcusdt_perp/4h/tech_full/train.csv",
          "data_file_hash": "6daad4d08a2fa7b88a41d01dcedde3d2e4030acd89af33441537f3e0c35e5edc",
          "feature_list_hash": null,
          "feature_columns": null,
          "feature_column_count": 0,
          "observation_state_fields": [
            "equity_norm",
            "position",
            "prices",
            "returns",
            "steps_remaining_norm",
            "unrealized_pnl_norm"
          ],
          "observation_state_hash": "a1b97276bf4bd7fae0ba79fc580caaa16c6274e1055a86f3ae9260d816090946",
          "heldout_boundary": "2025-01-01",
          "contains_heldout_rows": false,
          "stage_c_authorized": false,
          "broker_profile": null,
          "market_type": null,
          "trade_rate_band_id": null,
          "calendar_policy_id": null,
          "traces": [
            {
              "split": "evaluation",
              "trace_file": "/home/harveybc/Documents/GitHub/financial-data/experiments/stage_a_screening/runs/omega/btcusdt_perp_4h_dqn_tech_full_direct_atr_sltp_s1_20260524T034001Z_project3_stage31_firstwave/return_trace.csv",
              "trace_file_sha256": "e32b0a587c80736bc162a9ac1a38bc9cee4224ac098f99140054fc35b4b771f8",
              "metadata_file": "/home/harveybc/Documents/GitHub/financial-data/experiments/stage_a_screening/runs/omega/btcusdt_perp_4h_dqn_tech_full_direct_atr_sltp_s1_20260524T034001Z_project3_stage31_firstwave/return_trace.csv.meta.json",
              "row_count": 9253,
              "first_timestamp": "2019-10-11 20:00:00",
              "last_timestamp": "2023-12-31 20:00:00",
              "contains_heldout_rows": false,
              "stage_c_authorized": false,
              "episode_id": "btcusdt_perp_4h_dqn_tech_full_direct_atr_sltp_s1_20260524T034001Z_project3_stage31_firstwave::eval0",
              "feature_list_hash": null,
              "feature_column_count": 0,
              "observation_state_hash": "a1b97276bf4bd7fae0ba79fc580caaa16c6274e1055a86f3ae9260d816090946"
            }
          ],
          "evidence_file": "/home/harveybc/Documents/GitHub/financial-data/experiments/stage_a_screening/runs/omega/btcusdt_perp_4h_dqn_tech_full_direct_atr_sltp_s1_20260524T034001Z_project3_stage31_firstwave/evidence.json"
        },
        "return_trace_evidence_file": "/home/harveybc/Documents/GitHub/financial-data/experiments/stage_a_screening/runs/omega/btcusdt_perp_4h_dqn_tech_full_direct_atr_sltp_s1_20260524T034001Z_project3_stage31_firstwave/evidence.json",
        "mode": "train"
      },
      "run_dir": "/home/harveybc/Documents/GitHub/financial-data/experiments/stage_a_screening/runs/omega/btcusdt_perp_4h_dqn_tech_full_direct_atr_sltp_s1_20260524T034001Z_project3_stage31_firstwave"
    }
  ]
}
