[seed_sweep] running seed=1 run_dir=/home/harveybc/Documents/GitHub/financial-data/experiments/stage_a_screening/runs/omega/btcusdt_4h_dqn_tech_stat_decomp_direct_atr_sltp_s1_20260525T071949Z_project3_stage31_firstwave
{
  "ok": true,
  "results": [
    {
      "seed": 1,
      "exit_code": 0,
      "summary": {
        "initial_cash": 10000.0,
        "final_equity": 9575.57736354947,
        "total_return": -0.04244226364505299,
        "max_drawdown_pct": 11.020935771016152,
        "max_drawdown_money": 1161.1345779277162,
        "sharpe_ratio": -0.04650701742543648,
        "sqn": -0.7455457716183775,
        "trades_total": 2624,
        "trades_won": 1222,
        "trades_lost": 1401,
        "avg_trade_pnl": -0.16260194531855635,
        "action_diagnostics": {
          "steps": 13697,
          "hold_actions": 3128,
          "long_actions": 9134,
          "short_actions": 1435,
          "non_hold_actions": 10569,
          "continuous_deadband_actions": 0,
          "raw_abs_sum": 12004.0,
          "raw_min": 0.0,
          "raw_max": 2.0,
          "continuous_action_threshold": null
        },
        "execution_diagnostics": {
          "entry_actions_seen": 10568,
          "entry_orders_submitted": 2398,
          "blocked_session_filter": 0,
          "blocked_atr_warmup": 13,
          "blocked_non_positive_atr": 0,
          "blocked_non_positive_size": 0,
          "blocked_non_positive_price": 0,
          "default_orders_submitted": 0,
          "plugin_apply_errors": 0
        },
        "episode_reward": -0.042777723645052994,
        "episode_length": 13697,
        "eval_seed": 1,
        "action_steps": 13697,
        "action_hold_count": 3128,
        "action_long_count": 9134,
        "action_short_count": 1435,
        "action_non_hold_count": 10569,
        "action_non_hold_rate": 0.7716288238300357,
        "action_abs_mean": 0.8763962911586479,
        "action_raw_min": 0.0,
        "action_raw_max": 2.0,
        "action_deadband_count": 0,
        "action_deadband_rate": 0.0,
        "execution_entry_actions_seen": 10568,
        "execution_entry_orders_submitted": 2398,
        "execution_blocked_atr_warmup": 13,
        "execution_blocked_session_filter": 0,
        "execution_blocked_non_positive_atr": 0,
        "execution_blocked_non_positive_size": 0,
        "execution_blocked_non_positive_price": 0,
        "no_trade_diagnosis": "",
        "no_trade_min_trades": 1,
        "no_trade_gate_passed": true,
        "return_trace_file": "/home/harveybc/Documents/GitHub/financial-data/experiments/stage_a_screening/runs/omega/btcusdt_4h_dqn_tech_stat_decomp_direct_atr_sltp_s1_20260525T071949Z_project3_stage31_firstwave/return_trace.csv",
        "return_trace_metadata_file": "/home/harveybc/Documents/GitHub/financial-data/experiments/stage_a_screening/runs/omega/btcusdt_4h_dqn_tech_stat_decomp_direct_atr_sltp_s1_20260525T071949Z_project3_stage31_firstwave/return_trace.csv.meta.json",
        "return_trace_evidence": {
          "schema_version": "project3_return_trace_evidence_v1",
          "generated_at": "2026-05-25T07:21:40Z",
          "run_id": "btcusdt_4h_dqn_tech_stat_decomp_direct_atr_sltp_s1_20260525T071949Z_project3_stage31_firstwave",
          "pipeline_plugin": "rl_pipeline",
          "trace_schema_version": "stage_b_return_trace_v1",
          "asset": "btcusdt_4h",
          "timeframe": "4h",
          "seed": 1,
          "config_hash": "fcac6c3b8e8bb83b303a8c870e005cfb06db6d3f3dd4de6dd0e9911e439edcde",
          "data_file": "/home/harveybc/Documents/GitHub/financial-data/experiments/stage_a_screening/inputs/btcusdt/4h/tech_stat_decomp/train.csv",
          "data_file_hash": "0a8be0eb1d30643b8fd8e03d7652befa5bb77de312c114dd648927037ed7dba1",
          "feature_list_hash": null,
          "feature_columns": null,
          "feature_column_count": 0,
          "observation_state_fields": [
            "equity_norm",
            "position",
            "prices",
            "returns",
            "steps_remaining_norm",
            "unrealized_pnl_norm"
          ],
          "observation_state_hash": "a1b97276bf4bd7fae0ba79fc580caaa16c6274e1055a86f3ae9260d816090946",
          "heldout_boundary": "2025-01-01",
          "contains_heldout_rows": false,
          "stage_c_authorized": false,
          "broker_profile": null,
          "market_type": null,
          "trade_rate_band_id": null,
          "calendar_policy_id": null,
          "market_state_profile_id": null,
          "market_state_profile_hash": null,
          "market_state_profile_family": null,
          "market_state_profile_name": null,
          "market_state_selected_columns": null,
          "traces": [
            {
              "split": "evaluation",
              "trace_file": "/home/harveybc/Documents/GitHub/financial-data/experiments/stage_a_screening/runs/omega/btcusdt_4h_dqn_tech_stat_decomp_direct_atr_sltp_s1_20260525T071949Z_project3_stage31_firstwave/return_trace.csv",
              "trace_file_sha256": "bad3f6900e812c338a9312bca60678c129c58123efde35d925c0b95fe9a3f599",
              "metadata_file": "/home/harveybc/Documents/GitHub/financial-data/experiments/stage_a_screening/runs/omega/btcusdt_4h_dqn_tech_stat_decomp_direct_atr_sltp_s1_20260525T071949Z_project3_stage31_firstwave/return_trace.csv.meta.json",
              "row_count": 13696,
              "first_timestamp": "2017-09-28 16:00:00",
              "last_timestamp": "2023-12-31 20:00:00",
              "contains_heldout_rows": false,
              "stage_c_authorized": false,
              "episode_id": "btcusdt_4h_dqn_tech_stat_decomp_direct_atr_sltp_s1_20260525T071949Z_project3_stage31_firstwave::eval0",
              "feature_list_hash": null,
              "feature_column_count": 0,
              "observation_state_hash": "a1b97276bf4bd7fae0ba79fc580caaa16c6274e1055a86f3ae9260d816090946"
            }
          ],
          "evidence_file": "/home/harveybc/Documents/GitHub/financial-data/experiments/stage_a_screening/runs/omega/btcusdt_4h_dqn_tech_stat_decomp_direct_atr_sltp_s1_20260525T071949Z_project3_stage31_firstwave/evidence.json"
        },
        "return_trace_evidence_file": "/home/harveybc/Documents/GitHub/financial-data/experiments/stage_a_screening/runs/omega/btcusdt_4h_dqn_tech_stat_decomp_direct_atr_sltp_s1_20260525T071949Z_project3_stage31_firstwave/evidence.json",
        "mode": "train"
      },
      "run_dir": "/home/harveybc/Documents/GitHub/financial-data/experiments/stage_a_screening/runs/omega/btcusdt_4h_dqn_tech_stat_decomp_direct_atr_sltp_s1_20260525T071949Z_project3_stage31_firstwave"
    }
  ]
}
