[seed_sweep] running seed=0 run_dir=/home/harveybc/Documents/GitHub/financial-data/experiments/stage_a_screening/runs/omega/btcusdt_perp_4h_dqn_sota_low_cost_direct_atr_sltp_s0_20260524T053614Z_project3_stage31_firstwave
{
  "ok": true,
  "results": [
    {
      "seed": 0,
      "exit_code": 0,
      "summary": {
        "initial_cash": 10000.0,
        "final_equity": 9643.53776942286,
        "total_return": -0.03564622305771403,
        "max_drawdown_pct": 6.3532598195520675,
        "max_drawdown_money": 636.4361587171425,
        "sharpe_ratio": -0.053436919167255084,
        "sqn": 0.41335925181399624,
        "trades_total": 8,
        "trades_won": 4,
        "trades_lost": 3,
        "avg_trade_pnl": 0.8832258946938747,
        "action_diagnostics": {
          "steps": 9201,
          "hold_actions": 9169,
          "long_actions": 6,
          "short_actions": 26,
          "non_hold_actions": 32,
          "continuous_deadband_actions": 0,
          "raw_abs_sum": 58.0,
          "raw_min": 0.0,
          "raw_max": 2.0,
          "continuous_action_threshold": null
        },
        "execution_diagnostics": {
          "entry_actions_seen": 32,
          "entry_orders_submitted": 7,
          "blocked_session_filter": 0,
          "blocked_atr_warmup": 0,
          "blocked_non_positive_atr": 0,
          "blocked_non_positive_size": 0,
          "blocked_non_positive_price": 0,
          "default_orders_submitted": 0,
          "plugin_apply_errors": 0
        },
        "episode_reward": -0.03530032305771399,
        "episode_length": 9201,
        "eval_seed": 0,
        "action_steps": 9201,
        "action_hold_count": 9169,
        "action_long_count": 6,
        "action_short_count": 26,
        "action_non_hold_count": 32,
        "action_non_hold_rate": 0.0034778828388218673,
        "action_abs_mean": 0.006303662645364634,
        "action_raw_min": 0.0,
        "action_raw_max": 2.0,
        "action_deadband_count": 0,
        "action_deadband_rate": 0.0,
        "execution_entry_actions_seen": 32,
        "execution_entry_orders_submitted": 7,
        "execution_blocked_atr_warmup": 0,
        "execution_blocked_session_filter": 0,
        "execution_blocked_non_positive_atr": 0,
        "execution_blocked_non_positive_size": 0,
        "execution_blocked_non_positive_price": 0,
        "no_trade_diagnosis": "",
        "no_trade_min_trades": 1,
        "no_trade_gate_passed": true,
        "return_trace_file": "/home/harveybc/Documents/GitHub/financial-data/experiments/stage_a_screening/runs/omega/btcusdt_perp_4h_dqn_sota_low_cost_direct_atr_sltp_s0_20260524T053614Z_project3_stage31_firstwave/return_trace.csv",
        "return_trace_metadata_file": "/home/harveybc/Documents/GitHub/financial-data/experiments/stage_a_screening/runs/omega/btcusdt_perp_4h_dqn_sota_low_cost_direct_atr_sltp_s0_20260524T053614Z_project3_stage31_firstwave/return_trace.csv.meta.json",
        "return_trace_evidence": {
          "schema_version": "project3_return_trace_evidence_v1",
          "generated_at": "2026-05-24T05:38:05Z",
          "run_id": "btcusdt_perp_4h_dqn_sota_low_cost_direct_atr_sltp_s0_20260524T053614Z_project3_stage31_firstwave",
          "pipeline_plugin": "rl_pipeline",
          "trace_schema_version": "stage_b_return_trace_v1",
          "asset": "btcusdt_perp_4h",
          "timeframe": "4h",
          "seed": 0,
          "config_hash": "769be5c40d5eebc2d43931d0dfd755bff70472ce3152dfd42f9630531680a528",
          "data_file": "/home/harveybc/Documents/GitHub/financial-data/experiments/stage_a_screening/inputs/btcusdt_perp/4h/sota_low_cost/train.csv",
          "data_file_hash": "9aa1e2707713d4dfe10d5a2f12f73fb95f1a2832959c804d9cbf445cfa2096a3",
          "feature_list_hash": null,
          "feature_columns": null,
          "feature_column_count": 0,
          "observation_state_fields": [
            "equity_norm",
            "position",
            "prices",
            "returns",
            "steps_remaining_norm",
            "unrealized_pnl_norm"
          ],
          "observation_state_hash": "a1b97276bf4bd7fae0ba79fc580caaa16c6274e1055a86f3ae9260d816090946",
          "heldout_boundary": "2025-01-01",
          "contains_heldout_rows": false,
          "stage_c_authorized": false,
          "broker_profile": null,
          "market_type": null,
          "trade_rate_band_id": null,
          "calendar_policy_id": null,
          "traces": [
            {
              "split": "evaluation",
              "trace_file": "/home/harveybc/Documents/GitHub/financial-data/experiments/stage_a_screening/runs/omega/btcusdt_perp_4h_dqn_sota_low_cost_direct_atr_sltp_s0_20260524T053614Z_project3_stage31_firstwave/return_trace.csv",
              "trace_file_sha256": "72eccc4e19471f25180f0973506ffd17e76970f16589f4ebcbf1afc12726e3e4",
              "metadata_file": "/home/harveybc/Documents/GitHub/financial-data/experiments/stage_a_screening/runs/omega/btcusdt_perp_4h_dqn_sota_low_cost_direct_atr_sltp_s0_20260524T053614Z_project3_stage31_firstwave/return_trace.csv.meta.json",
              "row_count": 9200,
              "first_timestamp": "2019-10-20 16:00:00",
              "last_timestamp": "2023-12-31 20:00:00",
              "contains_heldout_rows": false,
              "stage_c_authorized": false,
              "episode_id": "btcusdt_perp_4h_dqn_sota_low_cost_direct_atr_sltp_s0_20260524T053614Z_project3_stage31_firstwave::eval0",
              "feature_list_hash": null,
              "feature_column_count": 0,
              "observation_state_hash": "a1b97276bf4bd7fae0ba79fc580caaa16c6274e1055a86f3ae9260d816090946"
            }
          ],
          "evidence_file": "/home/harveybc/Documents/GitHub/financial-data/experiments/stage_a_screening/runs/omega/btcusdt_perp_4h_dqn_sota_low_cost_direct_atr_sltp_s0_20260524T053614Z_project3_stage31_firstwave/evidence.json"
        },
        "return_trace_evidence_file": "/home/harveybc/Documents/GitHub/financial-data/experiments/stage_a_screening/runs/omega/btcusdt_perp_4h_dqn_sota_low_cost_direct_atr_sltp_s0_20260524T053614Z_project3_stage31_firstwave/evidence.json",
        "mode": "train"
      },
      "run_dir": "/home/harveybc/Documents/GitHub/financial-data/experiments/stage_a_screening/runs/omega/btcusdt_perp_4h_dqn_sota_low_cost_direct_atr_sltp_s0_20260524T053614Z_project3_stage31_firstwave"
    }
  ]
}
