[seed_sweep] running seed=2 run_dir=/home/harveybc/Documents/GitHub/financial-data/experiments/stage_a_screening/runs/omega/btcusdt_4h_dqn_learned_lstm_direct_atr_sltp_s2_20260530T093452Z_project3_stage31_firstwave
{
  "ok": true,
  "results": [
    {
      "seed": 2,
      "exit_code": 0,
      "summary": {
        "initial_cash": 10000.0,
        "final_equity": 9709.579718017703,
        "total_return": -0.029042028198229652,
        "max_drawdown_pct": 6.6233779893506215,
        "max_drawdown_money": 673.9069097334341,
        "sharpe_ratio": -0.04907598428530354,
        "sqn": -0.5998712944477429,
        "trades_total": 572,
        "trades_won": 257,
        "trades_lost": 314,
        "avg_trade_pnl": -0.5122636569216898,
        "action_diagnostics": {
          "steps": 13921,
          "hold_actions": 251,
          "long_actions": 13496,
          "short_actions": 174,
          "non_hold_actions": 13670,
          "continuous_deadband_actions": 0,
          "raw_abs_sum": 13844.0,
          "raw_min": 0.0,
          "raw_max": 2.0,
          "continuous_action_threshold": null
        },
        "execution_diagnostics": {
          "entry_actions_seen": 13669,
          "entry_orders_submitted": 554,
          "blocked_session_filter": 0,
          "blocked_atr_warmup": 13,
          "blocked_non_positive_atr": 0,
          "blocked_non_positive_size": 0,
          "blocked_non_positive_price": 0,
          "default_orders_submitted": 0,
          "plugin_apply_errors": 0
        },
        "episode_reward": -0.029377488198229534,
        "episode_length": 13921,
        "eval_seed": 2,
        "action_steps": 13921,
        "action_hold_count": 251,
        "action_long_count": 13496,
        "action_short_count": 174,
        "action_non_hold_count": 13670,
        "action_non_hold_rate": 0.9819696860857697,
        "action_abs_mean": 0.99446878816177,
        "action_raw_min": 0.0,
        "action_raw_max": 2.0,
        "action_deadband_count": 0,
        "action_deadband_rate": 0.0,
        "execution_entry_actions_seen": 13669,
        "execution_entry_orders_submitted": 554,
        "execution_blocked_atr_warmup": 13,
        "execution_blocked_session_filter": 0,
        "execution_blocked_non_positive_atr": 0,
        "execution_blocked_non_positive_size": 0,
        "execution_blocked_non_positive_price": 0,
        "no_trade_diagnosis": "",
        "no_trade_min_trades": 1,
        "no_trade_gate_passed": true,
        "return_trace_file": "/home/harveybc/Documents/GitHub/financial-data/experiments/stage_a_screening/runs/omega/btcusdt_4h_dqn_learned_lstm_direct_atr_sltp_s2_20260530T093452Z_project3_stage31_firstwave/return_trace.csv",
        "return_trace_metadata_file": "/home/harveybc/Documents/GitHub/financial-data/experiments/stage_a_screening/runs/omega/btcusdt_4h_dqn_learned_lstm_direct_atr_sltp_s2_20260530T093452Z_project3_stage31_firstwave/return_trace.csv.meta.json",
        "return_trace_evidence": {
          "schema_version": "project3_return_trace_evidence_v1",
          "generated_at": "2026-05-30T09:36:13Z",
          "run_id": "btcusdt_4h_dqn_learned_lstm_direct_atr_sltp_s2_20260530T093452Z_project3_stage31_firstwave",
          "pipeline_plugin": "rl_pipeline",
          "trace_schema_version": "stage_b_return_trace_v1",
          "asset": "btcusdt_4h",
          "timeframe": "4h",
          "seed": 2,
          "config_hash": "461c4198ff779877349135bad148f6ea67754913979345eec88c745288afcf47",
          "data_file": "/home/harveybc/Documents/GitHub/financial-data/experiments/stage_a_screening/inputs/btcusdt/4h/learned_lstm/train.csv",
          "data_file_hash": "0eb7524a183a8944cddb983f884139295ad64c52b52cbb6d99645687b4f4948d",
          "feature_list_hash": null,
          "feature_columns": null,
          "feature_column_count": 0,
          "observation_state_fields": [
            "equity_norm",
            "position",
            "prices",
            "returns",
            "steps_remaining_norm",
            "unrealized_pnl_norm"
          ],
          "observation_state_hash": "a1b97276bf4bd7fae0ba79fc580caaa16c6274e1055a86f3ae9260d816090946",
          "heldout_boundary": "2025-01-01",
          "contains_heldout_rows": false,
          "stage_c_authorized": false,
          "broker_profile": null,
          "market_type": null,
          "trade_rate_band_id": null,
          "calendar_policy_id": null,
          "market_state_profile_id": null,
          "market_state_profile_hash": null,
          "market_state_profile_family": null,
          "market_state_profile_name": null,
          "market_state_selected_columns": null,
          "traces": [
            {
              "split": "evaluation",
              "trace_file": "/home/harveybc/Documents/GitHub/financial-data/experiments/stage_a_screening/runs/omega/btcusdt_4h_dqn_learned_lstm_direct_atr_sltp_s2_20260530T093452Z_project3_stage31_firstwave/return_trace.csv",
              "trace_file_sha256": "28e272de722aea32febfba5b3033cf6a41a195a8b78d76fa0358e7dbc400ef6d",
              "metadata_file": "/home/harveybc/Documents/GitHub/financial-data/experiments/stage_a_screening/runs/omega/btcusdt_4h_dqn_learned_lstm_direct_atr_sltp_s2_20260530T093452Z_project3_stage31_firstwave/return_trace.csv.meta.json",
              "row_count": 13920,
              "first_timestamp": "2017-08-22 08:00:00",
              "last_timestamp": "2023-12-31 20:00:00",
              "contains_heldout_rows": false,
              "stage_c_authorized": false,
              "episode_id": "btcusdt_4h_dqn_learned_lstm_direct_atr_sltp_s2_20260530T093452Z_project3_stage31_firstwave::eval0",
              "feature_list_hash": null,
              "feature_column_count": 0,
              "observation_state_hash": "a1b97276bf4bd7fae0ba79fc580caaa16c6274e1055a86f3ae9260d816090946"
            }
          ],
          "evidence_file": "/home/harveybc/Documents/GitHub/financial-data/experiments/stage_a_screening/runs/omega/btcusdt_4h_dqn_learned_lstm_direct_atr_sltp_s2_20260530T093452Z_project3_stage31_firstwave/evidence.json"
        },
        "return_trace_evidence_file": "/home/harveybc/Documents/GitHub/financial-data/experiments/stage_a_screening/runs/omega/btcusdt_4h_dqn_learned_lstm_direct_atr_sltp_s2_20260530T093452Z_project3_stage31_firstwave/evidence.json",
        "mode": "train"
      },
      "run_dir": "/home/harveybc/Documents/GitHub/financial-data/experiments/stage_a_screening/runs/omega/btcusdt_4h_dqn_learned_lstm_direct_atr_sltp_s2_20260530T093452Z_project3_stage31_firstwave"
    }
  ]
}
