[seed_sweep] running seed=1 run_dir=/home/harveybc/Documents/GitHub/financial-data/experiments/stage_a_screening/runs/omega/btcusdt_perp_4h_sac_tech_full_direct_atr_sltp_s1_20260524T032506Z_project3_stage31_firstwave
{
  "ok": true,
  "results": [
    {
      "seed": 1,
      "exit_code": 0,
      "summary": {
        "initial_cash": 10000.0,
        "final_equity": 10820.087861852586,
        "total_return": 0.08200878618525853,
        "max_drawdown_pct": 7.2258200968136315,
        "max_drawdown_money": 801.8931031284174,
        "sharpe_ratio": 0.00744256182365722,
        "sqn": 1.1639624768562273,
        "trades_total": 455,
        "trades_won": 202,
        "trades_lost": 252,
        "avg_trade_pnl": 1.8004040651543152,
        "action_diagnostics": {
          "steps": 9254,
          "hold_actions": 0,
          "long_actions": 9254,
          "short_actions": 0,
          "non_hold_actions": 9254,
          "continuous_deadband_actions": 0,
          "raw_abs_sum": 8921.111810207367,
          "raw_min": 0.9640276432037354,
          "raw_max": 0.9640276432037354,
          "continuous_action_threshold": 0.1
        },
        "execution_diagnostics": {
          "entry_actions_seen": 9253,
          "entry_orders_submitted": 456,
          "blocked_session_filter": 0,
          "blocked_atr_warmup": 13,
          "blocked_non_positive_atr": 0,
          "blocked_non_positive_size": 0,
          "blocked_non_positive_price": 0,
          "default_orders_submitted": 0,
          "plugin_apply_errors": 0
        },
        "episode_reward": 0.08156434812312899,
        "episode_length": 9254,
        "eval_seed": 1,
        "action_steps": 9254,
        "action_hold_count": 0,
        "action_long_count": 9254,
        "action_short_count": 0,
        "action_non_hold_count": 9254,
        "action_non_hold_rate": 1.0,
        "action_abs_mean": 0.9640276432037354,
        "action_raw_min": 0.9640276432037354,
        "action_raw_max": 0.9640276432037354,
        "action_deadband_count": 0,
        "action_deadband_rate": 0.0,
        "execution_entry_actions_seen": 9253,
        "execution_entry_orders_submitted": 456,
        "execution_blocked_atr_warmup": 13,
        "execution_blocked_session_filter": 0,
        "execution_blocked_non_positive_atr": 0,
        "execution_blocked_non_positive_size": 0,
        "execution_blocked_non_positive_price": 0,
        "no_trade_diagnosis": "",
        "no_trade_min_trades": 1,
        "no_trade_gate_passed": true,
        "return_trace_file": "/home/harveybc/Documents/GitHub/financial-data/experiments/stage_a_screening/runs/omega/btcusdt_perp_4h_sac_tech_full_direct_atr_sltp_s1_20260524T032506Z_project3_stage31_firstwave/return_trace.csv",
        "return_trace_metadata_file": "/home/harveybc/Documents/GitHub/financial-data/experiments/stage_a_screening/runs/omega/btcusdt_perp_4h_sac_tech_full_direct_atr_sltp_s1_20260524T032506Z_project3_stage31_firstwave/return_trace.csv.meta.json",
        "return_trace_evidence": {
          "schema_version": "project3_return_trace_evidence_v1",
          "generated_at": "2026-05-24T03:33:18Z",
          "run_id": "btcusdt_perp_4h_sac_tech_full_direct_atr_sltp_s1_20260524T032506Z_project3_stage31_firstwave",
          "pipeline_plugin": "rl_pipeline",
          "trace_schema_version": "stage_b_return_trace_v1",
          "asset": "btcusdt_perp_4h",
          "timeframe": "4h",
          "seed": 1,
          "config_hash": "e6d05ee1f5517abf3ff8e07748545c41d09a40be8558610019f66fd5818c8225",
          "data_file": "/home/harveybc/Documents/GitHub/financial-data/experiments/stage_a_screening/inputs/btcusdt_perp/4h/tech_full/train.csv",
          "data_file_hash": "6daad4d08a2fa7b88a41d01dcedde3d2e4030acd89af33441537f3e0c35e5edc",
          "feature_list_hash": null,
          "feature_columns": null,
          "feature_column_count": 0,
          "observation_state_fields": [
            "equity_norm",
            "position",
            "prices",
            "returns",
            "steps_remaining_norm",
            "unrealized_pnl_norm"
          ],
          "observation_state_hash": "a1b97276bf4bd7fae0ba79fc580caaa16c6274e1055a86f3ae9260d816090946",
          "heldout_boundary": "2025-01-01",
          "contains_heldout_rows": false,
          "stage_c_authorized": false,
          "broker_profile": null,
          "market_type": null,
          "trade_rate_band_id": null,
          "calendar_policy_id": null,
          "traces": [
            {
              "split": "evaluation",
              "trace_file": "/home/harveybc/Documents/GitHub/financial-data/experiments/stage_a_screening/runs/omega/btcusdt_perp_4h_sac_tech_full_direct_atr_sltp_s1_20260524T032506Z_project3_stage31_firstwave/return_trace.csv",
              "trace_file_sha256": "3b5b688bc20349136eb7da879d511d028b16da5b58c495755ac215f5182d0633",
              "metadata_file": "/home/harveybc/Documents/GitHub/financial-data/experiments/stage_a_screening/runs/omega/btcusdt_perp_4h_sac_tech_full_direct_atr_sltp_s1_20260524T032506Z_project3_stage31_firstwave/return_trace.csv.meta.json",
              "row_count": 9253,
              "first_timestamp": "2019-10-11 20:00:00",
              "last_timestamp": "2023-12-31 20:00:00",
              "contains_heldout_rows": false,
              "stage_c_authorized": false,
              "episode_id": "btcusdt_perp_4h_sac_tech_full_direct_atr_sltp_s1_20260524T032506Z_project3_stage31_firstwave::eval0",
              "feature_list_hash": null,
              "feature_column_count": 0,
              "observation_state_hash": "a1b97276bf4bd7fae0ba79fc580caaa16c6274e1055a86f3ae9260d816090946"
            }
          ],
          "evidence_file": "/home/harveybc/Documents/GitHub/financial-data/experiments/stage_a_screening/runs/omega/btcusdt_perp_4h_sac_tech_full_direct_atr_sltp_s1_20260524T032506Z_project3_stage31_firstwave/evidence.json"
        },
        "return_trace_evidence_file": "/home/harveybc/Documents/GitHub/financial-data/experiments/stage_a_screening/runs/omega/btcusdt_perp_4h_sac_tech_full_direct_atr_sltp_s1_20260524T032506Z_project3_stage31_firstwave/evidence.json",
        "mode": "train"
      },
      "run_dir": "/home/harveybc/Documents/GitHub/financial-data/experiments/stage_a_screening/runs/omega/btcusdt_perp_4h_sac_tech_full_direct_atr_sltp_s1_20260524T032506Z_project3_stage31_firstwave"
    }
  ]
}
