[seed_sweep] running seed=2 run_dir=/home/harveybc/Documents/GitHub/financial-data/experiments/stage_a_screening/runs/omega/btcusdt_4h_dqn_tech_stat_direct_atr_sltp_s2_20260530T093029Z_project3_stage31_firstwave
{
  "ok": true,
  "results": [
    {
      "seed": 2,
      "exit_code": 0,
      "summary": {
        "initial_cash": 10000.0,
        "final_equity": 9675.686226273156,
        "total_return": -0.03243137737268442,
        "max_drawdown_pct": 6.4884511559632845,
        "max_drawdown_money": 653.1795000000002,
        "sharpe_ratio": -0.05382195272484557,
        "sqn": -2.0839464140166153,
        "trades_total": 49,
        "trades_won": 11,
        "trades_lost": 37,
        "avg_trade_pnl": -2.401600218065474,
        "action_diagnostics": {
          "steps": 13700,
          "hold_actions": 934,
          "long_actions": 2,
          "short_actions": 12764,
          "non_hold_actions": 12766,
          "continuous_deadband_actions": 0,
          "raw_abs_sum": 25530.0,
          "raw_min": 0.0,
          "raw_max": 2.0,
          "continuous_action_threshold": null
        },
        "execution_diagnostics": {
          "entry_actions_seen": 12765,
          "entry_orders_submitted": 48,
          "blocked_session_filter": 0,
          "blocked_atr_warmup": 13,
          "blocked_non_positive_atr": 0,
          "blocked_non_positive_size": 0,
          "blocked_non_positive_price": 0,
          "default_orders_submitted": 0,
          "plugin_apply_errors": 0
        },
        "episode_reward": -0.03209591737268475,
        "episode_length": 13700,
        "eval_seed": 2,
        "action_steps": 13700,
        "action_hold_count": 934,
        "action_long_count": 2,
        "action_short_count": 12764,
        "action_non_hold_count": 12766,
        "action_non_hold_rate": 0.9318248175182482,
        "action_abs_mean": 1.8635036496350366,
        "action_raw_min": 0.0,
        "action_raw_max": 2.0,
        "action_deadband_count": 0,
        "action_deadband_rate": 0.0,
        "execution_entry_actions_seen": 12765,
        "execution_entry_orders_submitted": 48,
        "execution_blocked_atr_warmup": 13,
        "execution_blocked_session_filter": 0,
        "execution_blocked_non_positive_atr": 0,
        "execution_blocked_non_positive_size": 0,
        "execution_blocked_non_positive_price": 0,
        "no_trade_diagnosis": "",
        "no_trade_min_trades": 1,
        "no_trade_gate_passed": true,
        "return_trace_file": "/home/harveybc/Documents/GitHub/financial-data/experiments/stage_a_screening/runs/omega/btcusdt_4h_dqn_tech_stat_direct_atr_sltp_s2_20260530T093029Z_project3_stage31_firstwave/return_trace.csv",
        "return_trace_metadata_file": "/home/harveybc/Documents/GitHub/financial-data/experiments/stage_a_screening/runs/omega/btcusdt_4h_dqn_tech_stat_direct_atr_sltp_s2_20260530T093029Z_project3_stage31_firstwave/return_trace.csv.meta.json",
        "return_trace_evidence": {
          "schema_version": "project3_return_trace_evidence_v1",
          "generated_at": "2026-05-30T09:31:49Z",
          "run_id": "btcusdt_4h_dqn_tech_stat_direct_atr_sltp_s2_20260530T093029Z_project3_stage31_firstwave",
          "pipeline_plugin": "rl_pipeline",
          "trace_schema_version": "stage_b_return_trace_v1",
          "asset": "btcusdt_4h",
          "timeframe": "4h",
          "seed": 2,
          "config_hash": "1c21b2425a04216d5e1af6b0262efcb768236011adb968d8da2c47723b185571",
          "data_file": "/home/harveybc/Documents/GitHub/financial-data/experiments/stage_a_screening/inputs/btcusdt/4h/tech_stat/train.csv",
          "data_file_hash": "7ded65d9bb28ca62b5b78025937dab3358ecf16aa225cb6b33480f1a21552702",
          "feature_list_hash": null,
          "feature_columns": null,
          "feature_column_count": 0,
          "observation_state_fields": [
            "equity_norm",
            "position",
            "prices",
            "returns",
            "steps_remaining_norm",
            "unrealized_pnl_norm"
          ],
          "observation_state_hash": "a1b97276bf4bd7fae0ba79fc580caaa16c6274e1055a86f3ae9260d816090946",
          "heldout_boundary": "2025-01-01",
          "contains_heldout_rows": false,
          "stage_c_authorized": false,
          "broker_profile": null,
          "market_type": null,
          "trade_rate_band_id": null,
          "calendar_policy_id": null,
          "market_state_profile_id": null,
          "market_state_profile_hash": null,
          "market_state_profile_family": null,
          "market_state_profile_name": null,
          "market_state_selected_columns": null,
          "traces": [
            {
              "split": "evaluation",
              "trace_file": "/home/harveybc/Documents/GitHub/financial-data/experiments/stage_a_screening/runs/omega/btcusdt_4h_dqn_tech_stat_direct_atr_sltp_s2_20260530T093029Z_project3_stage31_firstwave/return_trace.csv",
              "trace_file_sha256": "7ce7ca585d91b9d3b31a6e41f1fb09d6b6b0b8224532824017b1e00b9192f7c2",
              "metadata_file": "/home/harveybc/Documents/GitHub/financial-data/experiments/stage_a_screening/runs/omega/btcusdt_4h_dqn_tech_stat_direct_atr_sltp_s2_20260530T093029Z_project3_stage31_firstwave/return_trace.csv.meta.json",
              "row_count": 13699,
              "first_timestamp": "2017-09-28 04:00:00",
              "last_timestamp": "2023-12-31 20:00:00",
              "contains_heldout_rows": false,
              "stage_c_authorized": false,
              "episode_id": "btcusdt_4h_dqn_tech_stat_direct_atr_sltp_s2_20260530T093029Z_project3_stage31_firstwave::eval0",
              "feature_list_hash": null,
              "feature_column_count": 0,
              "observation_state_hash": "a1b97276bf4bd7fae0ba79fc580caaa16c6274e1055a86f3ae9260d816090946"
            }
          ],
          "evidence_file": "/home/harveybc/Documents/GitHub/financial-data/experiments/stage_a_screening/runs/omega/btcusdt_4h_dqn_tech_stat_direct_atr_sltp_s2_20260530T093029Z_project3_stage31_firstwave/evidence.json"
        },
        "return_trace_evidence_file": "/home/harveybc/Documents/GitHub/financial-data/experiments/stage_a_screening/runs/omega/btcusdt_4h_dqn_tech_stat_direct_atr_sltp_s2_20260530T093029Z_project3_stage31_firstwave/evidence.json",
        "mode": "train"
      },
      "run_dir": "/home/harveybc/Documents/GitHub/financial-data/experiments/stage_a_screening/runs/omega/btcusdt_4h_dqn_tech_stat_direct_atr_sltp_s2_20260530T093029Z_project3_stage31_firstwave"
    }
  ]
}
