[seed_sweep] running seed=1 run_dir=/home/harveybc/Documents/GitHub/financial-data/experiments/stage_a_screening/runs/omega/btcusdt_4h_ppo_baseline_12_direct_atr_sltp_s1_20260603T044449Z_project3_stage31_firstwave
{
  "ok": true,
  "results": [
    {
      "seed": 1,
      "exit_code": 0,
      "summary": {
        "initial_cash": 10000.0,
        "final_equity": 9987.551701479999,
        "total_return": -0.00124482985200014,
        "max_drawdown_pct": 4.928000159900016,
        "max_drawdown_money": 498.3389575022993,
        "sharpe_ratio": -0.04076269781883553,
        "sqn": -0.022435418319434942,
        "trades_total": 741,
        "trades_won": 281,
        "trades_lost": 459,
        "avg_trade_pnl": -0.013780898135135803,
        "action_diagnostics": {
          "steps": 13903,
          "hold_actions": 0,
          "long_actions": 0,
          "short_actions": 13903,
          "non_hold_actions": 13903,
          "continuous_deadband_actions": 0,
          "raw_abs_sum": 27806.0,
          "raw_min": 2.0,
          "raw_max": 2.0,
          "continuous_action_threshold": null
        },
        "execution_diagnostics": {
          "entry_actions_seen": 13902,
          "entry_orders_submitted": 744,
          "blocked_session_filter": 0,
          "blocked_atr_warmup": 13,
          "blocked_non_positive_atr": 0,
          "blocked_non_positive_size": 0,
          "blocked_non_positive_price": 0,
          "default_orders_submitted": 0,
          "plugin_apply_errors": 0
        },
        "episode_reward": -0.0009093698520001184,
        "episode_length": 13903,
        "eval_seed": 1,
        "action_steps": 13903,
        "action_hold_count": 0,
        "action_long_count": 0,
        "action_short_count": 13903,
        "action_non_hold_count": 13903,
        "action_non_hold_rate": 1.0,
        "action_abs_mean": 2.0,
        "action_raw_min": 2.0,
        "action_raw_max": 2.0,
        "action_deadband_count": 0,
        "action_deadband_rate": 0.0,
        "execution_entry_actions_seen": 13902,
        "execution_entry_orders_submitted": 744,
        "execution_blocked_atr_warmup": 13,
        "execution_blocked_session_filter": 0,
        "execution_blocked_non_positive_atr": 0,
        "execution_blocked_non_positive_size": 0,
        "execution_blocked_non_positive_price": 0,
        "no_trade_diagnosis": "",
        "no_trade_min_trades": 1,
        "no_trade_gate_passed": true,
        "return_trace_file": "/home/harveybc/Documents/GitHub/financial-data/experiments/stage_a_screening/runs/omega/btcusdt_4h_ppo_baseline_12_direct_atr_sltp_s1_20260603T044449Z_project3_stage31_firstwave/return_trace.csv",
        "return_trace_metadata_file": "/home/harveybc/Documents/GitHub/financial-data/experiments/stage_a_screening/runs/omega/btcusdt_4h_ppo_baseline_12_direct_atr_sltp_s1_20260603T044449Z_project3_stage31_firstwave/return_trace.csv.meta.json",
        "return_trace_evidence": {
          "schema_version": "project3_return_trace_evidence_v1",
          "generated_at": "2026-06-03T04:47:31Z",
          "run_id": "btcusdt_4h_ppo_baseline_12_direct_atr_sltp_s1_20260603T044449Z_project3_stage31_firstwave",
          "pipeline_plugin": "rl_pipeline",
          "trace_schema_version": "stage_b_return_trace_v1",
          "asset": "btcusdt_4h",
          "timeframe": "4h",
          "seed": 1,
          "config_hash": "1e332b47c8855aeff60b21b792ca4ad005b8701c94d9d71cd2cfc893dfcf7626",
          "data_file": "/home/harveybc/Documents/GitHub/financial-data/experiments/stage_a_screening/inputs/btcusdt/4h/baseline_12/train.csv",
          "data_file_hash": "c7cc221541f26b6c303404c64abfda1b229c853049b7e7dd4a9616303e3d6d51",
          "feature_list_hash": "a3477d689804412c604c64dc9da5a91f73e1a7d1e2209dd08f2eec7ecd7aadc1",
          "feature_columns": [
            "OPEN",
            "HIGH",
            "LOW",
            "CLOSE",
            "VOLUME",
            "returns",
            "log_returns",
            "rsi_14",
            "macd_hist",
            "bb_pos",
            "volume_ratio",
            "ema_cross",
            "atr_norm",
            "obv_delta",
            "momentum_5",
            "momentum_20",
            "vol_20"
          ],
          "feature_column_count": 17,
          "observation_state_fields": [
            "equity_norm",
            "position",
            "prices",
            "returns",
            "steps_remaining_norm",
            "unrealized_pnl_norm"
          ],
          "observation_state_hash": "a1b97276bf4bd7fae0ba79fc580caaa16c6274e1055a86f3ae9260d816090946",
          "heldout_boundary": "2025-01-01",
          "contains_heldout_rows": false,
          "stage_c_authorized": false,
          "broker_profile": null,
          "market_type": null,
          "trade_rate_band_id": null,
          "calendar_policy_id": null,
          "market_state_profile_id": null,
          "market_state_profile_hash": null,
          "market_state_profile_family": null,
          "market_state_profile_name": null,
          "market_state_selected_columns": null,
          "traces": [
            {
              "split": "evaluation",
              "trace_file": "/home/harveybc/Documents/GitHub/financial-data/experiments/stage_a_screening/runs/omega/btcusdt_4h_ppo_baseline_12_direct_atr_sltp_s1_20260603T044449Z_project3_stage31_firstwave/return_trace.csv",
              "trace_file_sha256": "44b63bdc252331398a2ded8ce7b352d6a412dad41ddc4c05f4804e400851e6a9",
              "metadata_file": "/home/harveybc/Documents/GitHub/financial-data/experiments/stage_a_screening/runs/omega/btcusdt_4h_ppo_baseline_12_direct_atr_sltp_s1_20260603T044449Z_project3_stage31_firstwave/return_trace.csv.meta.json",
              "row_count": 13902,
              "first_timestamp": "2017-08-25 08:00:00",
              "last_timestamp": "2023-12-31 20:00:00",
              "contains_heldout_rows": false,
              "stage_c_authorized": false,
              "episode_id": "btcusdt_4h_ppo_baseline_12_direct_atr_sltp_s1_20260603T044449Z_project3_stage31_firstwave::eval0",
              "feature_list_hash": "a3477d689804412c604c64dc9da5a91f73e1a7d1e2209dd08f2eec7ecd7aadc1",
              "feature_column_count": 17,
              "observation_state_hash": "a1b97276bf4bd7fae0ba79fc580caaa16c6274e1055a86f3ae9260d816090946"
            }
          ],
          "evidence_file": "/home/harveybc/Documents/GitHub/financial-data/experiments/stage_a_screening/runs/omega/btcusdt_4h_ppo_baseline_12_direct_atr_sltp_s1_20260603T044449Z_project3_stage31_firstwave/evidence.json"
        },
        "return_trace_evidence_file": "/home/harveybc/Documents/GitHub/financial-data/experiments/stage_a_screening/runs/omega/btcusdt_4h_ppo_baseline_12_direct_atr_sltp_s1_20260603T044449Z_project3_stage31_firstwave/evidence.json",
        "mode": "train"
      },
      "run_dir": "/home/harveybc/Documents/GitHub/financial-data/experiments/stage_a_screening/runs/omega/btcusdt_4h_ppo_baseline_12_direct_atr_sltp_s1_20260603T044449Z_project3_stage31_firstwave"
    }
  ]
}
