[seed_sweep] running seed=1 run_dir=/home/harveybc/Documents/GitHub/financial-data/experiments/stage_a_screening/runs/omega/btcusdt_perp_4h_ppo_tech_full_direct_atr_sltp_s1_20260524T033551Z_project3_stage31_firstwave
{
  "ok": true,
  "results": [
    {
      "seed": 1,
      "exit_code": 0,
      "summary": {
        "initial_cash": 10000.0,
        "final_equity": 10033.97323071834,
        "total_return": 0.0033973230718340464,
        "max_drawdown_pct": 6.104258664821793,
        "max_drawdown_money": 637.4715932199761,
        "sharpe_ratio": -0.033079826190231434,
        "sqn": 0.07311590388010492,
        "trades_total": 454,
        "trades_won": 201,
        "trades_lost": 252,
        "avg_trade_pnl": 0.07034971505140344,
        "action_diagnostics": {
          "steps": 9254,
          "hold_actions": 0,
          "long_actions": 9254,
          "short_actions": 0,
          "non_hold_actions": 9254,
          "continuous_deadband_actions": 0,
          "raw_abs_sum": 9254.0,
          "raw_min": 1.0,
          "raw_max": 1.0,
          "continuous_action_threshold": null
        },
        "execution_diagnostics": {
          "entry_actions_seen": 9253,
          "entry_orders_submitted": 456,
          "blocked_session_filter": 0,
          "blocked_atr_warmup": 13,
          "blocked_non_positive_atr": 0,
          "blocked_non_positive_size": 0,
          "blocked_non_positive_price": 0,
          "default_orders_submitted": 0,
          "plugin_apply_errors": 0
        },
        "episode_reward": 0.0030514230718339803,
        "episode_length": 9254,
        "eval_seed": 1,
        "action_steps": 9254,
        "action_hold_count": 0,
        "action_long_count": 9254,
        "action_short_count": 0,
        "action_non_hold_count": 9254,
        "action_non_hold_rate": 1.0,
        "action_abs_mean": 1.0,
        "action_raw_min": 1.0,
        "action_raw_max": 1.0,
        "action_deadband_count": 0,
        "action_deadband_rate": 0.0,
        "execution_entry_actions_seen": 9253,
        "execution_entry_orders_submitted": 456,
        "execution_blocked_atr_warmup": 13,
        "execution_blocked_session_filter": 0,
        "execution_blocked_non_positive_atr": 0,
        "execution_blocked_non_positive_size": 0,
        "execution_blocked_non_positive_price": 0,
        "no_trade_diagnosis": "",
        "no_trade_min_trades": 1,
        "no_trade_gate_passed": true,
        "return_trace_file": "/home/harveybc/Documents/GitHub/financial-data/experiments/stage_a_screening/runs/omega/btcusdt_perp_4h_ppo_tech_full_direct_atr_sltp_s1_20260524T033551Z_project3_stage31_firstwave/return_trace.csv",
        "return_trace_metadata_file": "/home/harveybc/Documents/GitHub/financial-data/experiments/stage_a_screening/runs/omega/btcusdt_perp_4h_ppo_tech_full_direct_atr_sltp_s1_20260524T033551Z_project3_stage31_firstwave/return_trace.csv.meta.json",
        "return_trace_evidence": {
          "schema_version": "project3_return_trace_evidence_v1",
          "generated_at": "2026-05-24T03:38:09Z",
          "run_id": "btcusdt_perp_4h_ppo_tech_full_direct_atr_sltp_s1_20260524T033551Z_project3_stage31_firstwave",
          "pipeline_plugin": "rl_pipeline",
          "trace_schema_version": "stage_b_return_trace_v1",
          "asset": "btcusdt_perp_4h",
          "timeframe": "4h",
          "seed": 1,
          "config_hash": "76acf99b35cda1399e85509fd0c997334b278c04be532d6a8debaad774ef29ed",
          "data_file": "/home/harveybc/Documents/GitHub/financial-data/experiments/stage_a_screening/inputs/btcusdt_perp/4h/tech_full/train.csv",
          "data_file_hash": "6daad4d08a2fa7b88a41d01dcedde3d2e4030acd89af33441537f3e0c35e5edc",
          "feature_list_hash": "ac737b2c0ef9280ea21b64249dd127cce42fcba8bd33443ca6504cbf80c774c7",
          "feature_columns": [
            "OPEN",
            "HIGH",
            "LOW",
            "CLOSE",
            "VOLUME",
            "return_1",
            "log_return_1",
            "return_5",
            "log_return_5",
            "return_10",
            "log_return_10",
            "return_20",
            "log_return_20",
            "return_60",
            "log_return_60",
            "sma_10",
            "ema_10",
            "close_sma_ratio_10",
            "sma_20",
            "ema_20",
            "close_sma_ratio_20",
            "sma_50",
            "ema_50",
            "close_sma_ratio_50",
            "sma_100",
            "ema_100",
            "close_sma_ratio_100",
            "sma_200",
            "ema_200",
            "close_sma_ratio_200",
            "macd",
            "macd_signal",
            "macd_hist",
            "rsi_7",
            "rsi_14",
            "rsi_21",
            "stoch_k",
            "stoch_d",
            "williams_r_14",
            "cci_14",
            "roc_10",
            "roc_20",
            "roc_60",
            "mom_10",
            "mom_20",
            "bb_upper",
            "bb_middle",
            "bb_lower",
            "bb_pct_b",
            "bb_width",
            "atr_14",
            "natr_14",
            "hist_vol_10",
            "hist_vol_20",
            "hist_vol_60",
            "ema_cross_10_50",
            "ema_cross_20_100",
            "trend_slope_50",
            "trend_strength_50",
            "obv",
            "obv_delta_20",
            "volume_sma_10",
            "volume_sma_20",
            "volume_ratio_20",
            "vwap_60",
            "mfi_14"
          ],
          "feature_column_count": 66,
          "observation_state_fields": [
            "equity_norm",
            "position",
            "prices",
            "returns",
            "steps_remaining_norm",
            "unrealized_pnl_norm"
          ],
          "observation_state_hash": "a1b97276bf4bd7fae0ba79fc580caaa16c6274e1055a86f3ae9260d816090946",
          "heldout_boundary": "2025-01-01",
          "contains_heldout_rows": false,
          "stage_c_authorized": false,
          "broker_profile": null,
          "market_type": null,
          "trade_rate_band_id": null,
          "calendar_policy_id": null,
          "traces": [
            {
              "split": "evaluation",
              "trace_file": "/home/harveybc/Documents/GitHub/financial-data/experiments/stage_a_screening/runs/omega/btcusdt_perp_4h_ppo_tech_full_direct_atr_sltp_s1_20260524T033551Z_project3_stage31_firstwave/return_trace.csv",
              "trace_file_sha256": "9d738842ce5a65c9906c81d66e4689632c0a09b2b27da64622ee2852b4a77939",
              "metadata_file": "/home/harveybc/Documents/GitHub/financial-data/experiments/stage_a_screening/runs/omega/btcusdt_perp_4h_ppo_tech_full_direct_atr_sltp_s1_20260524T033551Z_project3_stage31_firstwave/return_trace.csv.meta.json",
              "row_count": 9253,
              "first_timestamp": "2019-10-11 20:00:00",
              "last_timestamp": "2023-12-31 20:00:00",
              "contains_heldout_rows": false,
              "stage_c_authorized": false,
              "episode_id": "btcusdt_perp_4h_ppo_tech_full_direct_atr_sltp_s1_20260524T033551Z_project3_stage31_firstwave::eval0",
              "feature_list_hash": "ac737b2c0ef9280ea21b64249dd127cce42fcba8bd33443ca6504cbf80c774c7",
              "feature_column_count": 66,
              "observation_state_hash": "a1b97276bf4bd7fae0ba79fc580caaa16c6274e1055a86f3ae9260d816090946"
            }
          ],
          "evidence_file": "/home/harveybc/Documents/GitHub/financial-data/experiments/stage_a_screening/runs/omega/btcusdt_perp_4h_ppo_tech_full_direct_atr_sltp_s1_20260524T033551Z_project3_stage31_firstwave/evidence.json"
        },
        "return_trace_evidence_file": "/home/harveybc/Documents/GitHub/financial-data/experiments/stage_a_screening/runs/omega/btcusdt_perp_4h_ppo_tech_full_direct_atr_sltp_s1_20260524T033551Z_project3_stage31_firstwave/evidence.json",
        "mode": "train"
      },
      "run_dir": "/home/harveybc/Documents/GitHub/financial-data/experiments/stage_a_screening/runs/omega/btcusdt_perp_4h_ppo_tech_full_direct_atr_sltp_s1_20260524T033551Z_project3_stage31_firstwave"
    }
  ]
}
