[seed_sweep] running seed=1 run_dir=/home/harveybc/Documents/GitHub/financial-data/experiments/stage_a_screening/runs/omega/btcusdt_4h_dqn_sota_low_cost_direct_atr_sltp_s1_20260524T001120Z_project3_stage31_firstwave
{
  "ok": true,
  "results": [
    {
      "seed": 1,
      "exit_code": 0,
      "summary": {
        "initial_cash": 10000.0,
        "final_equity": 11109.577932142858,
        "total_return": 0.11095779321428578,
        "max_drawdown_pct": 4.48992330180617,
        "max_drawdown_money": 509.08018234342853,
        "sharpe_ratio": 0.019933641027273668,
        "sqn": 0.7432031369961931,
        "trades_total": 40,
        "trades_won": 15,
        "trades_lost": 24,
        "avg_trade_pnl": 22.596855806263747,
        "action_diagnostics": {
          "steps": 9433,
          "hold_actions": 9077,
          "long_actions": 340,
          "short_actions": 16,
          "non_hold_actions": 356,
          "continuous_deadband_actions": 0,
          "raw_abs_sum": 372.0,
          "raw_min": 0.0,
          "raw_max": 2.0,
          "continuous_action_threshold": null
        },
        "execution_diagnostics": {
          "entry_actions_seen": 356,
          "entry_orders_submitted": 39,
          "blocked_session_filter": 0,
          "blocked_atr_warmup": 0,
          "blocked_non_positive_atr": 0,
          "blocked_non_positive_size": 0,
          "blocked_non_positive_price": 0,
          "default_orders_submitted": 0,
          "plugin_apply_errors": 0
        },
        "episode_reward": 0.11062233321428562,
        "episode_length": 9433,
        "eval_seed": 1,
        "action_steps": 9433,
        "action_hold_count": 9077,
        "action_long_count": 340,
        "action_short_count": 16,
        "action_non_hold_count": 356,
        "action_non_hold_rate": 0.03773984946464539,
        "action_abs_mean": 0.03943602247429238,
        "action_raw_min": 0.0,
        "action_raw_max": 2.0,
        "action_deadband_count": 0,
        "action_deadband_rate": 0.0,
        "execution_entry_actions_seen": 356,
        "execution_entry_orders_submitted": 39,
        "execution_blocked_atr_warmup": 0,
        "execution_blocked_session_filter": 0,
        "execution_blocked_non_positive_atr": 0,
        "execution_blocked_non_positive_size": 0,
        "execution_blocked_non_positive_price": 0,
        "no_trade_diagnosis": "",
        "no_trade_min_trades": 1,
        "no_trade_gate_passed": true,
        "return_trace_file": "/home/harveybc/Documents/GitHub/financial-data/experiments/stage_a_screening/runs/omega/btcusdt_4h_dqn_sota_low_cost_direct_atr_sltp_s1_20260524T001120Z_project3_stage31_firstwave/return_trace.csv",
        "return_trace_metadata_file": "/home/harveybc/Documents/GitHub/financial-data/experiments/stage_a_screening/runs/omega/btcusdt_4h_dqn_sota_low_cost_direct_atr_sltp_s1_20260524T001120Z_project3_stage31_firstwave/return_trace.csv.meta.json",
        "return_trace_evidence": {
          "schema_version": "project3_return_trace_evidence_v1",
          "generated_at": "2026-05-24T00:12:54Z",
          "run_id": "btcusdt_4h_dqn_sota_low_cost_direct_atr_sltp_s1_20260524T001120Z_project3_stage31_firstwave",
          "pipeline_plugin": "rl_pipeline",
          "trace_schema_version": "stage_b_return_trace_v1",
          "asset": "btcusdt_4h",
          "timeframe": "4h",
          "seed": 1,
          "config_hash": "2fc9df2b5c48054a3bc810cb96d8e27044fc09b6146e65ea61573fee2f61d60d",
          "data_file": "/home/harveybc/Documents/GitHub/financial-data/experiments/stage_a_screening/inputs/btcusdt/4h/sota_low_cost/train.csv",
          "data_file_hash": "05bedb74311d100c9b86d46598dcdfe219714622e1fca6b1ef61436c1078752c",
          "feature_list_hash": null,
          "feature_columns": null,
          "feature_column_count": 0,
          "observation_state_fields": [
            "equity_norm",
            "position",
            "prices",
            "returns",
            "steps_remaining_norm",
            "unrealized_pnl_norm"
          ],
          "observation_state_hash": "a1b97276bf4bd7fae0ba79fc580caaa16c6274e1055a86f3ae9260d816090946",
          "heldout_boundary": "2025-01-01",
          "contains_heldout_rows": false,
          "stage_c_authorized": false,
          "broker_profile": null,
          "market_type": null,
          "trade_rate_band_id": null,
          "calendar_policy_id": null,
          "traces": [
            {
              "split": "evaluation",
              "trace_file": "/home/harveybc/Documents/GitHub/financial-data/experiments/stage_a_screening/runs/omega/btcusdt_4h_dqn_sota_low_cost_direct_atr_sltp_s1_20260524T001120Z_project3_stage31_firstwave/return_trace.csv",
              "trace_file_sha256": "db7b60ffcdc17bac2624900e8e1da8b6a6a580b0bf031dd3a0613dd0047dc7fc",
              "metadata_file": "/home/harveybc/Documents/GitHub/financial-data/experiments/stage_a_screening/runs/omega/btcusdt_4h_dqn_sota_low_cost_direct_atr_sltp_s1_20260524T001120Z_project3_stage31_firstwave/return_trace.csv.meta.json",
              "row_count": 9432,
              "first_timestamp": "2019-09-11 20:00:00",
              "last_timestamp": "2023-12-31 20:00:00",
              "contains_heldout_rows": false,
              "stage_c_authorized": false,
              "episode_id": "btcusdt_4h_dqn_sota_low_cost_direct_atr_sltp_s1_20260524T001120Z_project3_stage31_firstwave::eval0",
              "feature_list_hash": null,
              "feature_column_count": 0,
              "observation_state_hash": "a1b97276bf4bd7fae0ba79fc580caaa16c6274e1055a86f3ae9260d816090946"
            }
          ],
          "evidence_file": "/home/harveybc/Documents/GitHub/financial-data/experiments/stage_a_screening/runs/omega/btcusdt_4h_dqn_sota_low_cost_direct_atr_sltp_s1_20260524T001120Z_project3_stage31_firstwave/evidence.json"
        },
        "return_trace_evidence_file": "/home/harveybc/Documents/GitHub/financial-data/experiments/stage_a_screening/runs/omega/btcusdt_4h_dqn_sota_low_cost_direct_atr_sltp_s1_20260524T001120Z_project3_stage31_firstwave/evidence.json",
        "mode": "train"
      },
      "run_dir": "/home/harveybc/Documents/GitHub/financial-data/experiments/stage_a_screening/runs/omega/btcusdt_4h_dqn_sota_low_cost_direct_atr_sltp_s1_20260524T001120Z_project3_stage31_firstwave"
    }
  ]
}
