[seed_sweep] running seed=0 run_dir=/home/harveybc/Documents/GitHub/financial-data/experiments/stage_a_screening/runs/omega/btcusdt_perp_4h_dqn_kitchen_sink_guarded_direct_atr_sltp_s0_20260524T062729Z_project3_stage31_firstwave
{
  "ok": true,
  "results": [
    {
      "seed": 0,
      "exit_code": 0,
      "summary": {
        "initial_cash": 10000.0,
        "final_equity": 9451.868468222556,
        "total_return": -0.05481315317774438,
        "max_drawdown_pct": 11.446425585129653,
        "max_drawdown_money": 1150.1382291600057,
        "sharpe_ratio": -0.03167224294786214,
        "sqn": -0.3129489770934432,
        "trades_total": 108,
        "trades_won": 44,
        "trades_lost": 63,
        "avg_trade_pnl": -2.1848604051295064,
        "action_diagnostics": {
          "steps": 9326,
          "hold_actions": 88,
          "long_actions": 26,
          "short_actions": 9212,
          "non_hold_actions": 9238,
          "continuous_deadband_actions": 0,
          "raw_abs_sum": 18450.0,
          "raw_min": 0.0,
          "raw_max": 2.0,
          "continuous_action_threshold": null
        },
        "execution_diagnostics": {
          "entry_actions_seen": 9237,
          "entry_orders_submitted": 104,
          "blocked_session_filter": 0,
          "blocked_atr_warmup": 13,
          "blocked_non_positive_atr": 0,
          "blocked_non_positive_size": 0,
          "blocked_non_positive_price": 0,
          "default_orders_submitted": 0,
          "plugin_apply_errors": 0
        },
        "episode_reward": -0.054121353177744566,
        "episode_length": 9326,
        "eval_seed": 0,
        "action_steps": 9326,
        "action_hold_count": 88,
        "action_long_count": 26,
        "action_short_count": 9212,
        "action_non_hold_count": 9238,
        "action_non_hold_rate": 0.9905640145828866,
        "action_abs_mean": 1.9783401243834442,
        "action_raw_min": 0.0,
        "action_raw_max": 2.0,
        "action_deadband_count": 0,
        "action_deadband_rate": 0.0,
        "execution_entry_actions_seen": 9237,
        "execution_entry_orders_submitted": 104,
        "execution_blocked_atr_warmup": 13,
        "execution_blocked_session_filter": 0,
        "execution_blocked_non_positive_atr": 0,
        "execution_blocked_non_positive_size": 0,
        "execution_blocked_non_positive_price": 0,
        "no_trade_diagnosis": "",
        "no_trade_min_trades": 1,
        "no_trade_gate_passed": true,
        "return_trace_file": "/home/harveybc/Documents/GitHub/financial-data/experiments/stage_a_screening/runs/omega/btcusdt_perp_4h_dqn_kitchen_sink_guarded_direct_atr_sltp_s0_20260524T062729Z_project3_stage31_firstwave/return_trace.csv",
        "return_trace_metadata_file": "/home/harveybc/Documents/GitHub/financial-data/experiments/stage_a_screening/runs/omega/btcusdt_perp_4h_dqn_kitchen_sink_guarded_direct_atr_sltp_s0_20260524T062729Z_project3_stage31_firstwave/return_trace.csv.meta.json",
        "return_trace_evidence": {
          "schema_version": "project3_return_trace_evidence_v1",
          "generated_at": "2026-05-24T06:29:10Z",
          "run_id": "btcusdt_perp_4h_dqn_kitchen_sink_guarded_direct_atr_sltp_s0_20260524T062729Z_project3_stage31_firstwave",
          "pipeline_plugin": "rl_pipeline",
          "trace_schema_version": "stage_b_return_trace_v1",
          "asset": "btcusdt_perp_4h",
          "timeframe": "4h",
          "seed": 0,
          "config_hash": "fe56828069af2fa3c745d8b255a675ac9cd2a38f98c5f72f120f387210bc5a30",
          "data_file": "/home/harveybc/Documents/GitHub/financial-data/experiments/stage_a_screening/inputs/btcusdt_perp/4h/kitchen_sink_guarded/train.csv",
          "data_file_hash": "c344a936846bc9ae8bbc899f55674acd4696314addecc4bf3d8bb420094e89c4",
          "feature_list_hash": null,
          "feature_columns": null,
          "feature_column_count": 0,
          "observation_state_fields": [
            "equity_norm",
            "position",
            "prices",
            "returns",
            "steps_remaining_norm",
            "unrealized_pnl_norm"
          ],
          "observation_state_hash": "a1b97276bf4bd7fae0ba79fc580caaa16c6274e1055a86f3ae9260d816090946",
          "heldout_boundary": "2025-01-01",
          "contains_heldout_rows": false,
          "stage_c_authorized": false,
          "broker_profile": null,
          "market_type": null,
          "trade_rate_band_id": null,
          "calendar_policy_id": null,
          "traces": [
            {
              "split": "evaluation",
              "trace_file": "/home/harveybc/Documents/GitHub/financial-data/experiments/stage_a_screening/runs/omega/btcusdt_perp_4h_dqn_kitchen_sink_guarded_direct_atr_sltp_s0_20260524T062729Z_project3_stage31_firstwave/return_trace.csv",
              "trace_file_sha256": "85941a2bf3b6492d7a6b8c10b37c95689b5c113cffe364fc02a08169fbacd838",
              "metadata_file": "/home/harveybc/Documents/GitHub/financial-data/experiments/stage_a_screening/runs/omega/btcusdt_perp_4h_dqn_kitchen_sink_guarded_direct_atr_sltp_s0_20260524T062729Z_project3_stage31_firstwave/return_trace.csv.meta.json",
              "row_count": 9325,
              "first_timestamp": "2019-09-29 20:00:00",
              "last_timestamp": "2023-12-31 20:00:00",
              "contains_heldout_rows": false,
              "stage_c_authorized": false,
              "episode_id": "btcusdt_perp_4h_dqn_kitchen_sink_guarded_direct_atr_sltp_s0_20260524T062729Z_project3_stage31_firstwave::eval0",
              "feature_list_hash": null,
              "feature_column_count": 0,
              "observation_state_hash": "a1b97276bf4bd7fae0ba79fc580caaa16c6274e1055a86f3ae9260d816090946"
            }
          ],
          "evidence_file": "/home/harveybc/Documents/GitHub/financial-data/experiments/stage_a_screening/runs/omega/btcusdt_perp_4h_dqn_kitchen_sink_guarded_direct_atr_sltp_s0_20260524T062729Z_project3_stage31_firstwave/evidence.json"
        },
        "return_trace_evidence_file": "/home/harveybc/Documents/GitHub/financial-data/experiments/stage_a_screening/runs/omega/btcusdt_perp_4h_dqn_kitchen_sink_guarded_direct_atr_sltp_s0_20260524T062729Z_project3_stage31_firstwave/evidence.json",
        "mode": "train"
      },
      "run_dir": "/home/harveybc/Documents/GitHub/financial-data/experiments/stage_a_screening/runs/omega/btcusdt_perp_4h_dqn_kitchen_sink_guarded_direct_atr_sltp_s0_20260524T062729Z_project3_stage31_firstwave"
    }
  ]
}
