[seed_sweep] running seed=0 run_dir=/home/harveybc/Documents/GitHub/financial-data/experiments/stage_a_screening/runs/omega/btcusdt_4h_ppo_learned_cnn_direct_atr_sltp_s0_20260523T234643Z_project3_stage31_firstwave
{
  "ok": true,
  "results": [
    {
      "seed": 0,
      "exit_code": 0,
      "summary": {
        "initial_cash": 10000.0,
        "final_equity": 10013.306826827727,
        "total_return": 0.0013306826827728102,
        "max_drawdown_pct": 5.539323849430828,
        "max_drawdown_money": 572.995703791983,
        "sharpe_ratio": -0.04131263597909211,
        "sqn": 0.025475499734131803,
        "trades_total": 697,
        "trades_won": 307,
        "trades_lost": 389,
        "avg_trade_pnl": 0.016127242396140547,
        "action_diagnostics": {
          "steps": 13921,
          "hold_actions": 0,
          "long_actions": 13921,
          "short_actions": 0,
          "non_hold_actions": 13921,
          "continuous_deadband_actions": 0,
          "raw_abs_sum": 13921.0,
          "raw_min": 1.0,
          "raw_max": 1.0,
          "continuous_action_threshold": null
        },
        "execution_diagnostics": {
          "entry_actions_seen": 13920,
          "entry_orders_submitted": 701,
          "blocked_session_filter": 0,
          "blocked_atr_warmup": 13,
          "blocked_non_positive_atr": 0,
          "blocked_non_positive_size": 0,
          "blocked_non_positive_price": 0,
          "default_orders_submitted": 0,
          "plugin_apply_errors": 0
        },
        "episode_reward": 0.0009952226827728606,
        "episode_length": 13921,
        "eval_seed": 0,
        "action_steps": 13921,
        "action_hold_count": 0,
        "action_long_count": 13921,
        "action_short_count": 0,
        "action_non_hold_count": 13921,
        "action_non_hold_rate": 1.0,
        "action_abs_mean": 1.0,
        "action_raw_min": 1.0,
        "action_raw_max": 1.0,
        "action_deadband_count": 0,
        "action_deadband_rate": 0.0,
        "execution_entry_actions_seen": 13920,
        "execution_entry_orders_submitted": 701,
        "execution_blocked_atr_warmup": 13,
        "execution_blocked_session_filter": 0,
        "execution_blocked_non_positive_atr": 0,
        "execution_blocked_non_positive_size": 0,
        "execution_blocked_non_positive_price": 0,
        "no_trade_diagnosis": "",
        "no_trade_min_trades": 1,
        "no_trade_gate_passed": true,
        "return_trace_file": "/home/harveybc/Documents/GitHub/financial-data/experiments/stage_a_screening/runs/omega/btcusdt_4h_ppo_learned_cnn_direct_atr_sltp_s0_20260523T234643Z_project3_stage31_firstwave/return_trace.csv",
        "return_trace_metadata_file": "/home/harveybc/Documents/GitHub/financial-data/experiments/stage_a_screening/runs/omega/btcusdt_4h_ppo_learned_cnn_direct_atr_sltp_s0_20260523T234643Z_project3_stage31_firstwave/return_trace.csv.meta.json",
        "return_trace_evidence": {
          "schema_version": "project3_return_trace_evidence_v1",
          "generated_at": "2026-05-23T23:49:19Z",
          "run_id": "btcusdt_4h_ppo_learned_cnn_direct_atr_sltp_s0_20260523T234643Z_project3_stage31_firstwave",
          "pipeline_plugin": "rl_pipeline",
          "trace_schema_version": "stage_b_return_trace_v1",
          "asset": "btcusdt_4h",
          "timeframe": "4h",
          "seed": 0,
          "config_hash": "6feb30f6614c06ec6a34ab3ace9aa1d46be282336b99f2c952dd3eee8ebbe57b",
          "data_file": "/home/harveybc/Documents/GitHub/financial-data/experiments/stage_a_screening/inputs/btcusdt/4h/learned_cnn/train.csv",
          "data_file_hash": "07dabb5cbba48ff65e4dfe2e874d247284767e66dc012c95dcd1121e55098830",
          "feature_list_hash": "0c9ddaac9c0e86c9f91239e07c71724c1f76f912806aeb33fcdf266af14fc817",
          "feature_columns": [
            "OPEN",
            "HIGH",
            "LOW",
            "CLOSE",
            "VOLUME",
            "learned_cnn_00",
            "learned_cnn_01",
            "learned_cnn_02",
            "learned_cnn_03",
            "learned_cnn_04",
            "learned_cnn_05",
            "learned_cnn_06",
            "learned_cnn_07",
            "learned_cnn_08",
            "learned_cnn_09",
            "learned_cnn_10",
            "learned_cnn_11",
            "learned_cnn_12",
            "learned_cnn_13",
            "learned_cnn_14",
            "learned_cnn_15",
            "learned_cnn_16",
            "learned_cnn_17",
            "learned_cnn_18",
            "learned_cnn_19",
            "learned_cnn_20",
            "learned_cnn_21",
            "learned_cnn_22",
            "learned_cnn_23",
            "learned_cnn_24",
            "learned_cnn_25",
            "learned_cnn_26",
            "learned_cnn_27",
            "learned_cnn_28",
            "learned_cnn_29",
            "learned_cnn_30",
            "learned_cnn_31"
          ],
          "feature_column_count": 37,
          "observation_state_fields": [
            "equity_norm",
            "position",
            "prices",
            "returns",
            "steps_remaining_norm",
            "unrealized_pnl_norm"
          ],
          "observation_state_hash": "a1b97276bf4bd7fae0ba79fc580caaa16c6274e1055a86f3ae9260d816090946",
          "heldout_boundary": "2025-01-01",
          "contains_heldout_rows": false,
          "stage_c_authorized": false,
          "broker_profile": null,
          "market_type": null,
          "trade_rate_band_id": null,
          "calendar_policy_id": null,
          "traces": [
            {
              "split": "evaluation",
              "trace_file": "/home/harveybc/Documents/GitHub/financial-data/experiments/stage_a_screening/runs/omega/btcusdt_4h_ppo_learned_cnn_direct_atr_sltp_s0_20260523T234643Z_project3_stage31_firstwave/return_trace.csv",
              "trace_file_sha256": "061a2756e809cb76e8eda2cce42d36bbcb5faa8c3305b9fa60f3236cc94094e2",
              "metadata_file": "/home/harveybc/Documents/GitHub/financial-data/experiments/stage_a_screening/runs/omega/btcusdt_4h_ppo_learned_cnn_direct_atr_sltp_s0_20260523T234643Z_project3_stage31_firstwave/return_trace.csv.meta.json",
              "row_count": 13920,
              "first_timestamp": "2017-08-22 08:00:00",
              "last_timestamp": "2023-12-31 20:00:00",
              "contains_heldout_rows": false,
              "stage_c_authorized": false,
              "episode_id": "btcusdt_4h_ppo_learned_cnn_direct_atr_sltp_s0_20260523T234643Z_project3_stage31_firstwave::eval0",
              "feature_list_hash": "0c9ddaac9c0e86c9f91239e07c71724c1f76f912806aeb33fcdf266af14fc817",
              "feature_column_count": 37,
              "observation_state_hash": "a1b97276bf4bd7fae0ba79fc580caaa16c6274e1055a86f3ae9260d816090946"
            }
          ],
          "evidence_file": "/home/harveybc/Documents/GitHub/financial-data/experiments/stage_a_screening/runs/omega/btcusdt_4h_ppo_learned_cnn_direct_atr_sltp_s0_20260523T234643Z_project3_stage31_firstwave/evidence.json"
        },
        "return_trace_evidence_file": "/home/harveybc/Documents/GitHub/financial-data/experiments/stage_a_screening/runs/omega/btcusdt_4h_ppo_learned_cnn_direct_atr_sltp_s0_20260523T234643Z_project3_stage31_firstwave/evidence.json",
        "mode": "train"
      },
      "run_dir": "/home/harveybc/Documents/GitHub/financial-data/experiments/stage_a_screening/runs/omega/btcusdt_4h_ppo_learned_cnn_direct_atr_sltp_s0_20260523T234643Z_project3_stage31_firstwave"
    }
  ]
}
