[seed_sweep] running seed=1 run_dir=/home/harveybc/Documents/GitHub/financial-data/experiments/stage_a_screening/runs/omega/dogeusdt_4h_sac_learned_cnn_direct_atr_sltp_s1_20260530T033645Z_project3_stage31_firstwave
{
  "ok": true,
  "results": [
    {
      "seed": 1,
      "exit_code": 0,
      "summary": {
        "initial_cash": 10000.0,
        "final_equity": 10041.612027324434,
        "total_return": 0.004161202732443359,
        "max_drawdown_pct": 0.5941864721988823,
        "max_drawdown_money": 59.419769552399885,
        "sharpe_ratio": -0.2713162090795361,
        "sqn": 0.7719247634636476,
        "trades_total": 483,
        "trades_won": 190,
        "trades_lost": 292,
        "avg_trade_pnl": 0.08545623054866637,
        "action_diagnostics": {
          "steps": 9842,
          "hold_actions": 197,
          "long_actions": 0,
          "short_actions": 9645,
          "non_hold_actions": 9645,
          "continuous_deadband_actions": 197,
          "raw_abs_sum": 1485.6127395629883,
          "raw_min": -0.27169620990753174,
          "raw_max": -0.08647787570953369,
          "continuous_action_threshold": 0.1
        },
        "execution_diagnostics": {
          "entry_actions_seen": 9644,
          "entry_orders_submitted": 485,
          "blocked_session_filter": 0,
          "blocked_atr_warmup": 13,
          "blocked_non_positive_atr": 0,
          "blocked_non_positive_size": 0,
          "blocked_non_positive_price": 0,
          "default_orders_submitted": 0,
          "plugin_apply_errors": 0
        },
        "episode_reward": 0.0041686027324434535,
        "episode_length": 9842,
        "eval_seed": 1,
        "action_steps": 9842,
        "action_hold_count": 197,
        "action_long_count": 0,
        "action_short_count": 9645,
        "action_non_hold_count": 9645,
        "action_non_hold_rate": 0.9799837431416378,
        "action_abs_mean": 0.15094622430024265,
        "action_raw_min": -0.27169620990753174,
        "action_raw_max": -0.08647787570953369,
        "action_deadband_count": 197,
        "action_deadband_rate": 0.02001625685836212,
        "execution_entry_actions_seen": 9644,
        "execution_entry_orders_submitted": 485,
        "execution_blocked_atr_warmup": 13,
        "execution_blocked_session_filter": 0,
        "execution_blocked_non_positive_atr": 0,
        "execution_blocked_non_positive_size": 0,
        "execution_blocked_non_positive_price": 0,
        "no_trade_diagnosis": "",
        "no_trade_min_trades": 1,
        "no_trade_gate_passed": true,
        "return_trace_file": "/home/harveybc/Documents/GitHub/financial-data/experiments/stage_a_screening/runs/omega/dogeusdt_4h_sac_learned_cnn_direct_atr_sltp_s1_20260530T033645Z_project3_stage31_firstwave/return_trace.csv",
        "return_trace_metadata_file": "/home/harveybc/Documents/GitHub/financial-data/experiments/stage_a_screening/runs/omega/dogeusdt_4h_sac_learned_cnn_direct_atr_sltp_s1_20260530T033645Z_project3_stage31_firstwave/return_trace.csv.meta.json",
        "return_trace_evidence": {
          "schema_version": "project3_return_trace_evidence_v1",
          "generated_at": "2026-05-30T03:45:09Z",
          "run_id": "dogeusdt_4h_sac_learned_cnn_direct_atr_sltp_s1_20260530T033645Z_project3_stage31_firstwave",
          "pipeline_plugin": "rl_pipeline",
          "trace_schema_version": "stage_b_return_trace_v1",
          "asset": "dogeusdt_4h",
          "timeframe": "4h",
          "seed": 1,
          "config_hash": "6384b6088ccd02b4924c54823adc6d2bdeeaff199a5805052aa2353d4d6c5b5d",
          "data_file": "/home/harveybc/Documents/GitHub/financial-data/experiments/stage_a_screening/inputs/dogeusdt/4h/learned_cnn/train.csv",
          "data_file_hash": "f7c65727248ff742854b04d25279fcf83bdaffb94dbccb2bd9a27c70b87dc2dc",
          "feature_list_hash": null,
          "feature_columns": null,
          "feature_column_count": 0,
          "observation_state_fields": [
            "equity_norm",
            "position",
            "prices",
            "returns",
            "steps_remaining_norm",
            "unrealized_pnl_norm"
          ],
          "observation_state_hash": "a1b97276bf4bd7fae0ba79fc580caaa16c6274e1055a86f3ae9260d816090946",
          "heldout_boundary": "2025-01-01",
          "contains_heldout_rows": false,
          "stage_c_authorized": false,
          "broker_profile": null,
          "market_type": null,
          "trade_rate_band_id": null,
          "calendar_policy_id": null,
          "market_state_profile_id": null,
          "market_state_profile_hash": null,
          "market_state_profile_family": null,
          "market_state_profile_name": null,
          "market_state_selected_columns": null,
          "traces": [
            {
              "split": "evaluation",
              "trace_file": "/home/harveybc/Documents/GitHub/financial-data/experiments/stage_a_screening/runs/omega/dogeusdt_4h_sac_learned_cnn_direct_atr_sltp_s1_20260530T033645Z_project3_stage31_firstwave/return_trace.csv",
              "trace_file_sha256": "bdb6a1ca234da88aeb0792021a5668bb60d55c13c5da4f5d191293e7b2b2d086",
              "metadata_file": "/home/harveybc/Documents/GitHub/financial-data/experiments/stage_a_screening/runs/omega/dogeusdt_4h_sac_learned_cnn_direct_atr_sltp_s1_20260530T033645Z_project3_stage31_firstwave/return_trace.csv.meta.json",
              "row_count": 9841,
              "first_timestamp": "2019-07-05 12:00:00",
              "last_timestamp": "2023-12-31 20:00:00",
              "contains_heldout_rows": false,
              "stage_c_authorized": false,
              "episode_id": "dogeusdt_4h_sac_learned_cnn_direct_atr_sltp_s1_20260530T033645Z_project3_stage31_firstwave::eval0",
              "feature_list_hash": null,
              "feature_column_count": 0,
              "observation_state_hash": "a1b97276bf4bd7fae0ba79fc580caaa16c6274e1055a86f3ae9260d816090946"
            }
          ],
          "evidence_file": "/home/harveybc/Documents/GitHub/financial-data/experiments/stage_a_screening/runs/omega/dogeusdt_4h_sac_learned_cnn_direct_atr_sltp_s1_20260530T033645Z_project3_stage31_firstwave/evidence.json"
        },
        "return_trace_evidence_file": "/home/harveybc/Documents/GitHub/financial-data/experiments/stage_a_screening/runs/omega/dogeusdt_4h_sac_learned_cnn_direct_atr_sltp_s1_20260530T033645Z_project3_stage31_firstwave/evidence.json",
        "mode": "train"
      },
      "run_dir": "/home/harveybc/Documents/GitHub/financial-data/experiments/stage_a_screening/runs/omega/dogeusdt_4h_sac_learned_cnn_direct_atr_sltp_s1_20260530T033645Z_project3_stage31_firstwave"
    }
  ]
}
