[seed_sweep] running seed=0 run_dir=/home/harveybc/Documents/GitHub/financial-data/experiments/stage_a_screening/runs/omega/dogeusdt_4h_dqn_tech_stat_direct_atr_sltp_s0_20260524T202229Z_project3_stage31_firstwave
{
  "ok": true,
  "results": [
    {
      "seed": 0,
      "exit_code": 0,
      "summary": {
        "initial_cash": 10000.0,
        "final_equity": 10000.007301267233,
        "total_return": 7.301267233028597e-07,
        "max_drawdown_pct": 5.384788179303021e-05,
        "max_drawdown_money": 0.005384794541896554,
        "sharpe_ratio": -2112.2745408597057,
        "sqn": 1.0140934203741687,
        "trades_total": 1080,
        "trades_won": 502,
        "trades_lost": 577,
        "avg_trade_pnl": 6.777971100971789e-06,
        "action_diagnostics": {
          "steps": 9590,
          "hold_actions": 3612,
          "long_actions": 5088,
          "short_actions": 890,
          "non_hold_actions": 5978,
          "continuous_deadband_actions": 0,
          "raw_abs_sum": 6868.0,
          "raw_min": 0.0,
          "raw_max": 2.0,
          "continuous_action_threshold": null
        },
        "execution_diagnostics": {
          "entry_actions_seen": 5977,
          "entry_orders_submitted": 1014,
          "blocked_session_filter": 0,
          "blocked_atr_warmup": 0,
          "blocked_non_positive_atr": 0,
          "blocked_non_positive_size": 0,
          "blocked_non_positive_price": 0,
          "default_orders_submitted": 0,
          "plugin_apply_errors": 0
        },
        "episode_reward": 7.293867232874556e-07,
        "episode_length": 9590,
        "eval_seed": 0,
        "action_steps": 9590,
        "action_hold_count": 3612,
        "action_long_count": 5088,
        "action_short_count": 890,
        "action_non_hold_count": 5978,
        "action_non_hold_rate": 0.6233576642335766,
        "action_abs_mean": 0.716162669447341,
        "action_raw_min": 0.0,
        "action_raw_max": 2.0,
        "action_deadband_count": 0,
        "action_deadband_rate": 0.0,
        "execution_entry_actions_seen": 5977,
        "execution_entry_orders_submitted": 1014,
        "execution_blocked_atr_warmup": 0,
        "execution_blocked_session_filter": 0,
        "execution_blocked_non_positive_atr": 0,
        "execution_blocked_non_positive_size": 0,
        "execution_blocked_non_positive_price": 0,
        "no_trade_diagnosis": "",
        "no_trade_min_trades": 1,
        "no_trade_gate_passed": true,
        "return_trace_file": "/home/harveybc/Documents/GitHub/financial-data/experiments/stage_a_screening/runs/omega/dogeusdt_4h_dqn_tech_stat_direct_atr_sltp_s0_20260524T202229Z_project3_stage31_firstwave/return_trace.csv",
        "return_trace_metadata_file": "/home/harveybc/Documents/GitHub/financial-data/experiments/stage_a_screening/runs/omega/dogeusdt_4h_dqn_tech_stat_direct_atr_sltp_s0_20260524T202229Z_project3_stage31_firstwave/return_trace.csv.meta.json",
        "return_trace_evidence": {
          "schema_version": "project3_return_trace_evidence_v1",
          "generated_at": "2026-05-24T20:23:44Z",
          "run_id": "dogeusdt_4h_dqn_tech_stat_direct_atr_sltp_s0_20260524T202229Z_project3_stage31_firstwave",
          "pipeline_plugin": "rl_pipeline",
          "trace_schema_version": "stage_b_return_trace_v1",
          "asset": "dogeusdt_4h",
          "timeframe": "4h",
          "seed": 0,
          "config_hash": "deeabc03f024ecd1e31d05e66163b827d62be9154a023ceee25c5cd2d32d183c",
          "data_file": "/home/harveybc/Documents/GitHub/financial-data/experiments/stage_a_screening/inputs/dogeusdt/4h/tech_stat/train.csv",
          "data_file_hash": "4d05e0775c06d6613a3f6b4630f00e6914f1ef4948a4d79473e0315bfbdd7891",
          "feature_list_hash": null,
          "feature_columns": null,
          "feature_column_count": 0,
          "observation_state_fields": [
            "equity_norm",
            "position",
            "prices",
            "returns",
            "steps_remaining_norm",
            "unrealized_pnl_norm"
          ],
          "observation_state_hash": "a1b97276bf4bd7fae0ba79fc580caaa16c6274e1055a86f3ae9260d816090946",
          "heldout_boundary": "2025-01-01",
          "contains_heldout_rows": false,
          "stage_c_authorized": false,
          "broker_profile": null,
          "market_type": null,
          "trade_rate_band_id": null,
          "calendar_policy_id": null,
          "traces": [
            {
              "split": "evaluation",
              "trace_file": "/home/harveybc/Documents/GitHub/financial-data/experiments/stage_a_screening/runs/omega/dogeusdt_4h_dqn_tech_stat_direct_atr_sltp_s0_20260524T202229Z_project3_stage31_firstwave/return_trace.csv",
              "trace_file_sha256": "242c7ce4a851484744dc973e150d921ea802f5206e2cd44ce2eb71870d0e0a11",
              "metadata_file": "/home/harveybc/Documents/GitHub/financial-data/experiments/stage_a_screening/runs/omega/dogeusdt_4h_dqn_tech_stat_direct_atr_sltp_s0_20260524T202229Z_project3_stage31_firstwave/return_trace.csv.meta.json",
              "row_count": 9589,
              "first_timestamp": "2019-08-16 16:00:00",
              "last_timestamp": "2023-12-31 20:00:00",
              "contains_heldout_rows": false,
              "stage_c_authorized": false,
              "episode_id": "dogeusdt_4h_dqn_tech_stat_direct_atr_sltp_s0_20260524T202229Z_project3_stage31_firstwave::eval0",
              "feature_list_hash": null,
              "feature_column_count": 0,
              "observation_state_hash": "a1b97276bf4bd7fae0ba79fc580caaa16c6274e1055a86f3ae9260d816090946"
            }
          ],
          "evidence_file": "/home/harveybc/Documents/GitHub/financial-data/experiments/stage_a_screening/runs/omega/dogeusdt_4h_dqn_tech_stat_direct_atr_sltp_s0_20260524T202229Z_project3_stage31_firstwave/evidence.json"
        },
        "return_trace_evidence_file": "/home/harveybc/Documents/GitHub/financial-data/experiments/stage_a_screening/runs/omega/dogeusdt_4h_dqn_tech_stat_direct_atr_sltp_s0_20260524T202229Z_project3_stage31_firstwave/evidence.json",
        "mode": "train"
      },
      "run_dir": "/home/harveybc/Documents/GitHub/financial-data/experiments/stage_a_screening/runs/omega/dogeusdt_4h_dqn_tech_stat_direct_atr_sltp_s0_20260524T202229Z_project3_stage31_firstwave"
    }
  ]
}
