[seed_sweep] running seed=0 run_dir=/home/harveybc/Documents/GitHub/financial-data/experiments/stage_a_screening/runs/omega/dogeusdt_4h_dqn_tech_stat_decomp_direct_atr_sltp_s0_20260524T202942Z_project3_stage31_firstwave
{
  "ok": true,
  "results": [
    {
      "seed": 0,
      "exit_code": 0,
      "summary": {
        "initial_cash": 10000.0,
        "final_equity": 10000.005299766259,
        "total_return": 5.299766259181382e-07,
        "max_drawdown_pct": 4.94857019055945e-05,
        "max_drawdown_money": 0.00494857236117241,
        "sharpe_ratio": -2405.611303473684,
        "sqn": 1.2574062765528182,
        "trades_total": 706,
        "trades_won": 344,
        "trades_lost": 361,
        "avg_trade_pnl": 7.537656972044553e-06,
        "action_diagnostics": {
          "steps": 9587,
          "hold_actions": 24,
          "long_actions": 7517,
          "short_actions": 2046,
          "non_hold_actions": 9563,
          "continuous_deadband_actions": 0,
          "raw_abs_sum": 11609.0,
          "raw_min": 0.0,
          "raw_max": 2.0,
          "continuous_action_threshold": null
        },
        "execution_diagnostics": {
          "entry_actions_seen": 9562,
          "entry_orders_submitted": 675,
          "blocked_session_filter": 0,
          "blocked_atr_warmup": 13,
          "blocked_non_positive_atr": 0,
          "blocked_non_positive_size": 0,
          "blocked_non_positive_price": 0,
          "default_orders_submitted": 0,
          "plugin_apply_errors": 0
        },
        "episode_reward": 5.292366258800034e-07,
        "episode_length": 9587,
        "eval_seed": 0,
        "action_steps": 9587,
        "action_hold_count": 24,
        "action_long_count": 7517,
        "action_short_count": 2046,
        "action_non_hold_count": 9563,
        "action_non_hold_rate": 0.9974966099926984,
        "action_abs_mean": 1.210910608115156,
        "action_raw_min": 0.0,
        "action_raw_max": 2.0,
        "action_deadband_count": 0,
        "action_deadband_rate": 0.0,
        "execution_entry_actions_seen": 9562,
        "execution_entry_orders_submitted": 675,
        "execution_blocked_atr_warmup": 13,
        "execution_blocked_session_filter": 0,
        "execution_blocked_non_positive_atr": 0,
        "execution_blocked_non_positive_size": 0,
        "execution_blocked_non_positive_price": 0,
        "no_trade_diagnosis": "",
        "no_trade_min_trades": 1,
        "no_trade_gate_passed": true,
        "return_trace_file": "/home/harveybc/Documents/GitHub/financial-data/experiments/stage_a_screening/runs/omega/dogeusdt_4h_dqn_tech_stat_decomp_direct_atr_sltp_s0_20260524T202942Z_project3_stage31_firstwave/return_trace.csv",
        "return_trace_metadata_file": "/home/harveybc/Documents/GitHub/financial-data/experiments/stage_a_screening/runs/omega/dogeusdt_4h_dqn_tech_stat_decomp_direct_atr_sltp_s0_20260524T202942Z_project3_stage31_firstwave/return_trace.csv.meta.json",
        "return_trace_evidence": {
          "schema_version": "project3_return_trace_evidence_v1",
          "generated_at": "2026-05-24T20:31:04Z",
          "run_id": "dogeusdt_4h_dqn_tech_stat_decomp_direct_atr_sltp_s0_20260524T202942Z_project3_stage31_firstwave",
          "pipeline_plugin": "rl_pipeline",
          "trace_schema_version": "stage_b_return_trace_v1",
          "asset": "dogeusdt_4h",
          "timeframe": "4h",
          "seed": 0,
          "config_hash": "ca0be952e639053ae7930446c7dbcf668b33cd254d5b1f0c487852285357b0f5",
          "data_file": "/home/harveybc/Documents/GitHub/financial-data/experiments/stage_a_screening/inputs/dogeusdt/4h/tech_stat_decomp/train.csv",
          "data_file_hash": "ca347b285eaffb954ed5ecc78092250da586bad2c7333b9d0559b631eb59e566",
          "feature_list_hash": null,
          "feature_columns": null,
          "feature_column_count": 0,
          "observation_state_fields": [
            "equity_norm",
            "position",
            "prices",
            "returns",
            "steps_remaining_norm",
            "unrealized_pnl_norm"
          ],
          "observation_state_hash": "a1b97276bf4bd7fae0ba79fc580caaa16c6274e1055a86f3ae9260d816090946",
          "heldout_boundary": "2025-01-01",
          "contains_heldout_rows": false,
          "stage_c_authorized": false,
          "broker_profile": null,
          "market_type": null,
          "trade_rate_band_id": null,
          "calendar_policy_id": null,
          "traces": [
            {
              "split": "evaluation",
              "trace_file": "/home/harveybc/Documents/GitHub/financial-data/experiments/stage_a_screening/runs/omega/dogeusdt_4h_dqn_tech_stat_decomp_direct_atr_sltp_s0_20260524T202942Z_project3_stage31_firstwave/return_trace.csv",
              "trace_file_sha256": "cfd83cca46980a7143494fee2528ceb08f18c6a89fc03ea7ca8a4716bfa9121e",
              "metadata_file": "/home/harveybc/Documents/GitHub/financial-data/experiments/stage_a_screening/runs/omega/dogeusdt_4h_dqn_tech_stat_decomp_direct_atr_sltp_s0_20260524T202942Z_project3_stage31_firstwave/return_trace.csv.meta.json",
              "row_count": 9586,
              "first_timestamp": "2019-08-17 04:00:00",
              "last_timestamp": "2023-12-31 20:00:00",
              "contains_heldout_rows": false,
              "stage_c_authorized": false,
              "episode_id": "dogeusdt_4h_dqn_tech_stat_decomp_direct_atr_sltp_s0_20260524T202942Z_project3_stage31_firstwave::eval0",
              "feature_list_hash": null,
              "feature_column_count": 0,
              "observation_state_hash": "a1b97276bf4bd7fae0ba79fc580caaa16c6274e1055a86f3ae9260d816090946"
            }
          ],
          "evidence_file": "/home/harveybc/Documents/GitHub/financial-data/experiments/stage_a_screening/runs/omega/dogeusdt_4h_dqn_tech_stat_decomp_direct_atr_sltp_s0_20260524T202942Z_project3_stage31_firstwave/evidence.json"
        },
        "return_trace_evidence_file": "/home/harveybc/Documents/GitHub/financial-data/experiments/stage_a_screening/runs/omega/dogeusdt_4h_dqn_tech_stat_decomp_direct_atr_sltp_s0_20260524T202942Z_project3_stage31_firstwave/evidence.json",
        "mode": "train"
      },
      "run_dir": "/home/harveybc/Documents/GitHub/financial-data/experiments/stage_a_screening/runs/omega/dogeusdt_4h_dqn_tech_stat_decomp_direct_atr_sltp_s0_20260524T202942Z_project3_stage31_firstwave"
    }
  ]
}
