[seed_sweep] running seed=0 run_dir=/home/harveybc/Documents/GitHub/financial-data/experiments/stage_a_screening/runs/omega/dogeusdt_4h_dqn_baseline_12_direct_atr_sltp_s0_20260524T195402Z_project3_stage31_firstwave
{
  "ok": true,
  "results": [
    {
      "seed": 0,
      "exit_code": 0,
      "summary": {
        "initial_cash": 10000.0,
        "final_equity": 9999.998323833464,
        "total_return": -1.6761665355691235e-07,
        "max_drawdown_pct": 7.058766072939788e-05,
        "max_drawdown_money": 0.007058767365379026,
        "sharpe_ratio": -2680.6669564254694,
        "sqn": -0.25812141104061403,
        "trades_total": 974,
        "trades_won": 474,
        "trades_lost": 499,
        "avg_trade_pnl": -1.6901438101864582e-06,
        "action_diagnostics": {
          "steps": 9793,
          "hold_actions": 1330,
          "long_actions": 415,
          "short_actions": 8048,
          "non_hold_actions": 8463,
          "continuous_deadband_actions": 0,
          "raw_abs_sum": 16511.0,
          "raw_min": 0.0,
          "raw_max": 2.0,
          "continuous_action_threshold": null
        },
        "execution_diagnostics": {
          "entry_actions_seen": 8463,
          "entry_orders_submitted": 886,
          "blocked_session_filter": 0,
          "blocked_atr_warmup": 13,
          "blocked_non_positive_atr": 0,
          "blocked_non_positive_size": 0,
          "blocked_non_positive_price": 0,
          "default_orders_submitted": 0,
          "plugin_apply_errors": 0
        },
        "episode_reward": -1.6687665356584906e-07,
        "episode_length": 9793,
        "eval_seed": 0,
        "action_steps": 9793,
        "action_hold_count": 1330,
        "action_long_count": 415,
        "action_short_count": 8048,
        "action_non_hold_count": 8463,
        "action_non_hold_rate": 0.8641887062187277,
        "action_abs_mean": 1.6860002042275095,
        "action_raw_min": 0.0,
        "action_raw_max": 2.0,
        "action_deadband_count": 0,
        "action_deadband_rate": 0.0,
        "execution_entry_actions_seen": 8463,
        "execution_entry_orders_submitted": 886,
        "execution_blocked_atr_warmup": 13,
        "execution_blocked_session_filter": 0,
        "execution_blocked_non_positive_atr": 0,
        "execution_blocked_non_positive_size": 0,
        "execution_blocked_non_positive_price": 0,
        "no_trade_diagnosis": "",
        "no_trade_min_trades": 1,
        "no_trade_gate_passed": true,
        "return_trace_file": "/home/harveybc/Documents/GitHub/financial-data/experiments/stage_a_screening/runs/omega/dogeusdt_4h_dqn_baseline_12_direct_atr_sltp_s0_20260524T195402Z_project3_stage31_firstwave/return_trace.csv",
        "return_trace_metadata_file": "/home/harveybc/Documents/GitHub/financial-data/experiments/stage_a_screening/runs/omega/dogeusdt_4h_dqn_baseline_12_direct_atr_sltp_s0_20260524T195402Z_project3_stage31_firstwave/return_trace.csv.meta.json",
        "return_trace_evidence": {
          "schema_version": "project3_return_trace_evidence_v1",
          "generated_at": "2026-05-24T19:55:23Z",
          "run_id": "dogeusdt_4h_dqn_baseline_12_direct_atr_sltp_s0_20260524T195402Z_project3_stage31_firstwave",
          "pipeline_plugin": "rl_pipeline",
          "trace_schema_version": "stage_b_return_trace_v1",
          "asset": "dogeusdt_4h",
          "timeframe": "4h",
          "seed": 0,
          "config_hash": "77ce1b5ba4a42dca77abc5255788ded8ac58a2ca39a5ff78d86303e57a69e7bf",
          "data_file": "/home/harveybc/Documents/GitHub/financial-data/experiments/stage_a_screening/inputs/dogeusdt/4h/baseline_12/train.csv",
          "data_file_hash": "9e75617ea9b311edbaec1482a38a0634711f2808a3de7258bda73025a3da065b",
          "feature_list_hash": null,
          "feature_columns": null,
          "feature_column_count": 0,
          "observation_state_fields": [
            "equity_norm",
            "position",
            "prices",
            "returns",
            "steps_remaining_norm",
            "unrealized_pnl_norm"
          ],
          "observation_state_hash": "a1b97276bf4bd7fae0ba79fc580caaa16c6274e1055a86f3ae9260d816090946",
          "heldout_boundary": "2025-01-01",
          "contains_heldout_rows": false,
          "stage_c_authorized": false,
          "broker_profile": null,
          "market_type": null,
          "trade_rate_band_id": null,
          "calendar_policy_id": null,
          "traces": [
            {
              "split": "evaluation",
              "trace_file": "/home/harveybc/Documents/GitHub/financial-data/experiments/stage_a_screening/runs/omega/dogeusdt_4h_dqn_baseline_12_direct_atr_sltp_s0_20260524T195402Z_project3_stage31_firstwave/return_trace.csv",
              "trace_file_sha256": "03e2e6d16817e932b05af33176c3aaae13a780182cb950630e86b3289daf7bc5",
              "metadata_file": "/home/harveybc/Documents/GitHub/financial-data/experiments/stage_a_screening/runs/omega/dogeusdt_4h_dqn_baseline_12_direct_atr_sltp_s0_20260524T195402Z_project3_stage31_firstwave/return_trace.csv.meta.json",
              "row_count": 9792,
              "first_timestamp": "2019-07-13 16:00:00",
              "last_timestamp": "2023-12-31 20:00:00",
              "contains_heldout_rows": false,
              "stage_c_authorized": false,
              "episode_id": "dogeusdt_4h_dqn_baseline_12_direct_atr_sltp_s0_20260524T195402Z_project3_stage31_firstwave::eval0",
              "feature_list_hash": null,
              "feature_column_count": 0,
              "observation_state_hash": "a1b97276bf4bd7fae0ba79fc580caaa16c6274e1055a86f3ae9260d816090946"
            }
          ],
          "evidence_file": "/home/harveybc/Documents/GitHub/financial-data/experiments/stage_a_screening/runs/omega/dogeusdt_4h_dqn_baseline_12_direct_atr_sltp_s0_20260524T195402Z_project3_stage31_firstwave/evidence.json"
        },
        "return_trace_evidence_file": "/home/harveybc/Documents/GitHub/financial-data/experiments/stage_a_screening/runs/omega/dogeusdt_4h_dqn_baseline_12_direct_atr_sltp_s0_20260524T195402Z_project3_stage31_firstwave/evidence.json",
        "mode": "train"
      },
      "run_dir": "/home/harveybc/Documents/GitHub/financial-data/experiments/stage_a_screening/runs/omega/dogeusdt_4h_dqn_baseline_12_direct_atr_sltp_s0_20260524T195402Z_project3_stage31_firstwave"
    }
  ]
}
