[seed_sweep] running seed=2 run_dir=/home/harveybc/Documents/GitHub/financial-data/experiments/stage_a_screening/runs/omega/dogeusdt_4h_dqn_tech_stat_direct_atr_sltp_s2_20260516T064506Z_project3_stage31_firstwave
{
  "ok": true,
  "results": [
    {
      "seed": 2,
      "exit_code": 0,
      "summary": {
        "initial_cash": 10000.0,
        "final_equity": 10000.001003096748,
        "total_return": 1.0030967478869002e-07,
        "max_drawdown_pct": 6.959289843018133e-05,
        "max_drawdown_money": 0.0069592898562405026,
        "sharpe_ratio": -2732.9310705921944,
        "sqn": 0.19037164271601897,
        "trades_total": 548,
        "trades_won": 284,
        "trades_lost": 263,
        "avg_trade_pnl": 1.9623310193105136e-06,
        "action_diagnostics": {
          "steps": 9590,
          "hold_actions": 7109,
          "long_actions": 304,
          "short_actions": 2177,
          "non_hold_actions": 2481,
          "continuous_deadband_actions": 0,
          "raw_abs_sum": 4658.0,
          "raw_min": 0.0,
          "raw_max": 2.0,
          "continuous_action_threshold": null
        },
        "execution_diagnostics": {
          "entry_actions_seen": 2481,
          "entry_orders_submitted": 502,
          "blocked_session_filter": 0,
          "blocked_atr_warmup": 0,
          "blocked_non_positive_atr": 0,
          "blocked_non_positive_size": 0,
          "blocked_non_positive_price": 0,
          "default_orders_submitted": 0,
          "plugin_apply_errors": 0
        },
        "episode_reward": 1.0104967477673235e-07,
        "episode_length": 9590,
        "eval_seed": 2,
        "action_steps": 9590,
        "action_hold_count": 7109,
        "action_long_count": 304,
        "action_short_count": 2177,
        "action_non_hold_count": 2481,
        "action_non_hold_rate": 0.2587069864442127,
        "action_abs_mean": 0.4857142857142857,
        "action_raw_min": 0.0,
        "action_raw_max": 2.0,
        "action_deadband_count": 0,
        "action_deadband_rate": 0.0,
        "execution_entry_actions_seen": 2481,
        "execution_entry_orders_submitted": 502,
        "execution_blocked_atr_warmup": 0,
        "execution_blocked_session_filter": 0,
        "execution_blocked_non_positive_atr": 0,
        "execution_blocked_non_positive_size": 0,
        "execution_blocked_non_positive_price": 0,
        "no_trade_diagnosis": "",
        "no_trade_min_trades": 1,
        "no_trade_gate_passed": true,
        "return_trace_file": "/home/harveybc/Documents/GitHub/financial-data/experiments/stage_a_screening/runs/omega/dogeusdt_4h_dqn_tech_stat_direct_atr_sltp_s2_20260516T064506Z_project3_stage31_firstwave/return_trace.csv",
        "return_trace_metadata_file": "/home/harveybc/Documents/GitHub/financial-data/experiments/stage_a_screening/runs/omega/dogeusdt_4h_dqn_tech_stat_direct_atr_sltp_s2_20260516T064506Z_project3_stage31_firstwave/return_trace.csv.meta.json",
        "return_trace_evidence": {
          "schema_version": "project3_return_trace_evidence_v1",
          "generated_at": "2026-05-16T06:46:33Z",
          "run_id": "dogeusdt_4h_dqn_tech_stat_direct_atr_sltp_s2_20260516T064506Z_project3_stage31_firstwave",
          "pipeline_plugin": "rl_pipeline",
          "trace_schema_version": "stage_b_return_trace_v1",
          "asset": "dogeusdt_4h",
          "timeframe": "4h",
          "seed": 2,
          "config_hash": "9eab096665a61f13fc7a87c0c121461b109b2b85e5371b5cb0f65128f04dc344",
          "data_file": "/home/harveybc/Documents/GitHub/financial-data/experiments/stage_a_screening/inputs/dogeusdt/4h/tech_stat/train.csv",
          "data_file_hash": "4d05e0775c06d6613a3f6b4630f00e6914f1ef4948a4d79473e0315bfbdd7891",
          "feature_list_hash": null,
          "feature_columns": null,
          "feature_column_count": 0,
          "observation_state_fields": [
            "equity_norm",
            "position",
            "prices",
            "returns",
            "steps_remaining_norm",
            "unrealized_pnl_norm"
          ],
          "observation_state_hash": "a1b97276bf4bd7fae0ba79fc580caaa16c6274e1055a86f3ae9260d816090946",
          "heldout_boundary": "2025-01-01",
          "contains_heldout_rows": false,
          "stage_c_authorized": false,
          "broker_profile": null,
          "market_type": null,
          "trade_rate_band_id": null,
          "calendar_policy_id": null,
          "traces": [
            {
              "split": "evaluation",
              "trace_file": "/home/harveybc/Documents/GitHub/financial-data/experiments/stage_a_screening/runs/omega/dogeusdt_4h_dqn_tech_stat_direct_atr_sltp_s2_20260516T064506Z_project3_stage31_firstwave/return_trace.csv",
              "trace_file_sha256": "c7125196c5af49fe5d0812f02de4bd2e04965af7abf488ba796d0947ab36a6aa",
              "metadata_file": "/home/harveybc/Documents/GitHub/financial-data/experiments/stage_a_screening/runs/omega/dogeusdt_4h_dqn_tech_stat_direct_atr_sltp_s2_20260516T064506Z_project3_stage31_firstwave/return_trace.csv.meta.json",
              "row_count": 9589,
              "first_timestamp": "2019-08-16 16:00:00",
              "last_timestamp": "2023-12-31 20:00:00",
              "contains_heldout_rows": false,
              "stage_c_authorized": false,
              "episode_id": "dogeusdt_4h_dqn_tech_stat_direct_atr_sltp_s2_20260516T064506Z_project3_stage31_firstwave::eval0",
              "feature_list_hash": null,
              "feature_column_count": 0,
              "observation_state_hash": "a1b97276bf4bd7fae0ba79fc580caaa16c6274e1055a86f3ae9260d816090946"
            }
          ],
          "evidence_file": "/home/harveybc/Documents/GitHub/financial-data/experiments/stage_a_screening/runs/omega/dogeusdt_4h_dqn_tech_stat_direct_atr_sltp_s2_20260516T064506Z_project3_stage31_firstwave/evidence.json"
        },
        "return_trace_evidence_file": "/home/harveybc/Documents/GitHub/financial-data/experiments/stage_a_screening/runs/omega/dogeusdt_4h_dqn_tech_stat_direct_atr_sltp_s2_20260516T064506Z_project3_stage31_firstwave/evidence.json",
        "mode": "train"
      },
      "run_dir": "/home/harveybc/Documents/GitHub/financial-data/experiments/stage_a_screening/runs/omega/dogeusdt_4h_dqn_tech_stat_direct_atr_sltp_s2_20260516T064506Z_project3_stage31_firstwave"
    }
  ]
}
