[seed_sweep] running seed=0 run_dir=/home/harveybc/Documents/GitHub/financial-data/experiments/stage_a_screening/runs/omega/dogeusdt_4h_sac_baseline_12_direct_atr_sltp_s0_20260609T201955Z_project3_stage31_firstwave
{
  "ok": true,
  "results": [
    {
      "seed": 0,
      "exit_code": 0,
      "summary": {
        "initial_cash": 10000.0,
        "final_equity": 10009.769481399999,
        "total_return": 0.0009769481399999336,
        "max_drawdown_pct": 0.0,
        "max_drawdown_money": 0.0,
        "sharpe_ratio": -1.6090510526469919,
        "sqn": 0,
        "trades_total": 1,
        "trades_won": 1,
        "trades_lost": 0,
        "avg_trade_pnl": 9.769481399999993,
        "action_diagnostics": {
          "steps": 9793,
          "hold_actions": 9792,
          "long_actions": 1,
          "short_actions": 0,
          "non_hold_actions": 1,
          "continuous_deadband_actions": 9792,
          "raw_abs_sum": 570.3148950338364,
          "raw_min": 0.04897594451904297,
          "raw_max": 0.10405576229095459,
          "continuous_action_threshold": 0.1
        },
        "execution_diagnostics": {
          "entry_actions_seen": 1,
          "entry_orders_submitted": 1,
          "blocked_session_filter": 0,
          "blocked_atr_warmup": 0,
          "blocked_non_positive_atr": 0,
          "blocked_non_positive_size": 0,
          "blocked_non_positive_price": 0,
          "default_orders_submitted": 0,
          "plugin_apply_errors": 0,
          "event_context_no_trade_active_steps": 0,
          "event_context_action_overrides": 0,
          "event_context_blocked_entries": 0,
          "event_context_forced_flat_actions": 0,
          "event_context_forced_flat_orders": 0
        },
        "event_context_diagnostics": {
          "event_context_no_trade_value": 0.0,
          "event_context_no_trade_active": 0.0,
          "event_context_spread_stress_multiplier": 1.0,
          "event_context_slippage_stress_multiplier": 1.0,
          "event_context_execution_overlay": false,
          "event_context_action_before_overlay": 0,
          "event_context_action_after_overlay": 0,
          "event_context_action_overridden": false,
          "event_context_blocked_entry": false,
          "event_context_forced_flat": false,
          "event_context_position_before_overlay": 0
        },
        "episode_reward": 0.0009769481399998768,
        "episode_length": 9793,
        "eval_seed": 0,
        "action_steps": 9793,
        "action_hold_count": 9792,
        "action_long_count": 1,
        "action_short_count": 0,
        "action_non_hold_count": 1,
        "action_non_hold_rate": 0.00010211375472276115,
        "action_abs_mean": 0.05823699530622244,
        "action_raw_min": 0.04897594451904297,
        "action_raw_max": 0.10405576229095459,
        "action_deadband_count": 9792,
        "action_deadband_rate": 0.9998978862452772,
        "execution_entry_actions_seen": 1,
        "execution_entry_orders_submitted": 1,
        "execution_blocked_atr_warmup": 0,
        "execution_blocked_session_filter": 0,
        "execution_blocked_non_positive_atr": 0,
        "execution_blocked_non_positive_size": 0,
        "execution_blocked_non_positive_price": 0,
        "no_trade_diagnosis": "",
        "no_trade_min_trades": 1,
        "no_trade_gate_passed": true,
        "return_trace_file": "/home/harveybc/Documents/GitHub/financial-data/experiments/stage_a_screening/runs/omega/dogeusdt_4h_sac_baseline_12_direct_atr_sltp_s0_20260609T201955Z_project3_stage31_firstwave/return_trace.csv",
        "return_trace_metadata_file": "/home/harveybc/Documents/GitHub/financial-data/experiments/stage_a_screening/runs/omega/dogeusdt_4h_sac_baseline_12_direct_atr_sltp_s0_20260609T201955Z_project3_stage31_firstwave/return_trace.csv.meta.json",
        "return_trace_evidence": {
          "schema_version": "project3_return_trace_evidence_v1",
          "generated_at": "2026-06-09T20:26:57Z",
          "run_id": "dogeusdt_4h_sac_baseline_12_direct_atr_sltp_s0_20260609T201955Z_project3_stage31_firstwave",
          "pipeline_plugin": "rl_pipeline",
          "trace_schema_version": "stage_b_return_trace_v1",
          "asset": "dogeusdt_4h",
          "timeframe": "4h",
          "seed": 0,
          "config_hash": "896c3adfaec49b8745fb9daf153be1be11ac8c4f8cf69b5bd2a3fb739d09727e",
          "data_file": "/home/harveybc/Documents/GitHub/financial-data/experiments/stage_a_screening/inputs/dogeusdt/4h/baseline_12/train.csv",
          "data_file_hash": "9e75617ea9b311edbaec1482a38a0634711f2808a3de7258bda73025a3da065b",
          "feature_list_hash": null,
          "feature_columns": null,
          "feature_column_count": 0,
          "observation_state_fields": [
            "equity_norm",
            "position",
            "prices",
            "returns",
            "steps_remaining_norm",
            "unrealized_pnl_norm"
          ],
          "observation_state_hash": "a1b97276bf4bd7fae0ba79fc580caaa16c6274e1055a86f3ae9260d816090946",
          "heldout_boundary": "2025-01-01",
          "contains_heldout_rows": false,
          "stage_c_authorized": false,
          "broker_profile": null,
          "market_type": null,
          "trade_rate_band_id": null,
          "calendar_policy_id": null,
          "market_state_profile_id": null,
          "market_state_profile_hash": null,
          "market_state_profile_family": null,
          "market_state_profile_name": null,
          "market_state_selected_columns": null,
          "traces": [
            {
              "split": "evaluation",
              "trace_file": "/home/harveybc/Documents/GitHub/financial-data/experiments/stage_a_screening/runs/omega/dogeusdt_4h_sac_baseline_12_direct_atr_sltp_s0_20260609T201955Z_project3_stage31_firstwave/return_trace.csv",
              "trace_file_sha256": "501bb08daa8008726bede26da45ff3f173ca53b63dd6095b699f050aa2a03ba5",
              "metadata_file": "/home/harveybc/Documents/GitHub/financial-data/experiments/stage_a_screening/runs/omega/dogeusdt_4h_sac_baseline_12_direct_atr_sltp_s0_20260609T201955Z_project3_stage31_firstwave/return_trace.csv.meta.json",
              "row_count": 9792,
              "first_timestamp": "2019-07-13 16:00:00",
              "last_timestamp": "2023-12-31 20:00:00",
              "contains_heldout_rows": false,
              "stage_c_authorized": false,
              "episode_id": "dogeusdt_4h_sac_baseline_12_direct_atr_sltp_s0_20260609T201955Z_project3_stage31_firstwave::eval0",
              "feature_list_hash": null,
              "feature_column_count": 0,
              "observation_state_hash": "a1b97276bf4bd7fae0ba79fc580caaa16c6274e1055a86f3ae9260d816090946"
            }
          ],
          "evidence_file": "/home/harveybc/Documents/GitHub/financial-data/experiments/stage_a_screening/runs/omega/dogeusdt_4h_sac_baseline_12_direct_atr_sltp_s0_20260609T201955Z_project3_stage31_firstwave/evidence.json"
        },
        "return_trace_evidence_file": "/home/harveybc/Documents/GitHub/financial-data/experiments/stage_a_screening/runs/omega/dogeusdt_4h_sac_baseline_12_direct_atr_sltp_s0_20260609T201955Z_project3_stage31_firstwave/evidence.json",
        "mode": "train"
      },
      "run_dir": "/home/harveybc/Documents/GitHub/financial-data/experiments/stage_a_screening/runs/omega/dogeusdt_4h_sac_baseline_12_direct_atr_sltp_s0_20260609T201955Z_project3_stage31_firstwave"
    }
  ]
}
