[seed_sweep] running seed=1 run_dir=/home/harveybc/Documents/GitHub/financial-data/experiments/stage_a_screening/runs/omega/dogeusdt_4h_dqn_kitchen_sink_guarded_direct_atr_sltp_s1_20260524T210135Z_project3_stage31_firstwave
{
  "ok": true,
  "results": [
    {
      "seed": 1,
      "exit_code": 0,
      "summary": {
        "initial_cash": 10000.0,
        "final_equity": 10000.00091494542,
        "total_return": 9.149454194279372e-08,
        "max_drawdown_pct": 6.017570988668874e-05,
        "max_drawdown_money": 0.006017574289217009,
        "sharpe_ratio": -3310.4643464290584,
        "sqn": 0.19614616650026137,
        "trades_total": 439,
        "trades_won": 209,
        "trades_lost": 229,
        "avg_trade_pnl": 2.357956271904738e-06,
        "action_diagnostics": {
          "steps": 9488,
          "hold_actions": 8684,
          "long_actions": 547,
          "short_actions": 257,
          "non_hold_actions": 804,
          "continuous_deadband_actions": 0,
          "raw_abs_sum": 1061.0,
          "raw_min": 0.0,
          "raw_max": 2.0,
          "continuous_action_threshold": null
        },
        "execution_diagnostics": {
          "entry_actions_seen": 804,
          "entry_orders_submitted": 381,
          "blocked_session_filter": 0,
          "blocked_atr_warmup": 0,
          "blocked_non_positive_atr": 0,
          "blocked_non_positive_size": 0,
          "blocked_non_positive_price": 0,
          "default_orders_submitted": 0,
          "plugin_apply_errors": 0
        },
        "episode_reward": 9.075454199773987e-08,
        "episode_length": 9488,
        "eval_seed": 1,
        "action_steps": 9488,
        "action_hold_count": 8684,
        "action_long_count": 547,
        "action_short_count": 257,
        "action_non_hold_count": 804,
        "action_non_hold_rate": 0.08473861720067453,
        "action_abs_mean": 0.11182546374367622,
        "action_raw_min": 0.0,
        "action_raw_max": 2.0,
        "action_deadband_count": 0,
        "action_deadband_rate": 0.0,
        "execution_entry_actions_seen": 804,
        "execution_entry_orders_submitted": 381,
        "execution_blocked_atr_warmup": 0,
        "execution_blocked_session_filter": 0,
        "execution_blocked_non_positive_atr": 0,
        "execution_blocked_non_positive_size": 0,
        "execution_blocked_non_positive_price": 0,
        "no_trade_diagnosis": "",
        "no_trade_min_trades": 1,
        "no_trade_gate_passed": true,
        "return_trace_file": "/home/harveybc/Documents/GitHub/financial-data/experiments/stage_a_screening/runs/omega/dogeusdt_4h_dqn_kitchen_sink_guarded_direct_atr_sltp_s1_20260524T210135Z_project3_stage31_firstwave/return_trace.csv",
        "return_trace_metadata_file": "/home/harveybc/Documents/GitHub/financial-data/experiments/stage_a_screening/runs/omega/dogeusdt_4h_dqn_kitchen_sink_guarded_direct_atr_sltp_s1_20260524T210135Z_project3_stage31_firstwave/return_trace.csv.meta.json",
        "return_trace_evidence": {
          "schema_version": "project3_return_trace_evidence_v1",
          "generated_at": "2026-05-24T21:02:53Z",
          "run_id": "dogeusdt_4h_dqn_kitchen_sink_guarded_direct_atr_sltp_s1_20260524T210135Z_project3_stage31_firstwave",
          "pipeline_plugin": "rl_pipeline",
          "trace_schema_version": "stage_b_return_trace_v1",
          "asset": "dogeusdt_4h",
          "timeframe": "4h",
          "seed": 1,
          "config_hash": "6f15417a6f447077aaf2c910fc972cc80479fbe56f8d29c99c7e187df667ec82",
          "data_file": "/home/harveybc/Documents/GitHub/financial-data/experiments/stage_a_screening/inputs/dogeusdt/4h/kitchen_sink_guarded/train.csv",
          "data_file_hash": "3d525894a5c1f6aac1b6dfc00cdff4d32106f9ac5bf9722318dc80b9cef530ce",
          "feature_list_hash": null,
          "feature_columns": null,
          "feature_column_count": 0,
          "observation_state_fields": [
            "equity_norm",
            "position",
            "prices",
            "returns",
            "steps_remaining_norm",
            "unrealized_pnl_norm"
          ],
          "observation_state_hash": "a1b97276bf4bd7fae0ba79fc580caaa16c6274e1055a86f3ae9260d816090946",
          "heldout_boundary": "2025-01-01",
          "contains_heldout_rows": false,
          "stage_c_authorized": false,
          "broker_profile": null,
          "market_type": null,
          "trade_rate_band_id": null,
          "calendar_policy_id": null,
          "traces": [
            {
              "split": "evaluation",
              "trace_file": "/home/harveybc/Documents/GitHub/financial-data/experiments/stage_a_screening/runs/omega/dogeusdt_4h_dqn_kitchen_sink_guarded_direct_atr_sltp_s1_20260524T210135Z_project3_stage31_firstwave/return_trace.csv",
              "trace_file_sha256": "f6c6debab24c42470b0277485ceb3aff84ac0debfe6e769ae6f2db6591700f90",
              "metadata_file": "/home/harveybc/Documents/GitHub/financial-data/experiments/stage_a_screening/runs/omega/dogeusdt_4h_dqn_kitchen_sink_guarded_direct_atr_sltp_s1_20260524T210135Z_project3_stage31_firstwave/return_trace.csv.meta.json",
              "row_count": 9487,
              "first_timestamp": "2019-09-02 16:00:00",
              "last_timestamp": "2023-12-31 20:00:00",
              "contains_heldout_rows": false,
              "stage_c_authorized": false,
              "episode_id": "dogeusdt_4h_dqn_kitchen_sink_guarded_direct_atr_sltp_s1_20260524T210135Z_project3_stage31_firstwave::eval0",
              "feature_list_hash": null,
              "feature_column_count": 0,
              "observation_state_hash": "a1b97276bf4bd7fae0ba79fc580caaa16c6274e1055a86f3ae9260d816090946"
            }
          ],
          "evidence_file": "/home/harveybc/Documents/GitHub/financial-data/experiments/stage_a_screening/runs/omega/dogeusdt_4h_dqn_kitchen_sink_guarded_direct_atr_sltp_s1_20260524T210135Z_project3_stage31_firstwave/evidence.json"
        },
        "return_trace_evidence_file": "/home/harveybc/Documents/GitHub/financial-data/experiments/stage_a_screening/runs/omega/dogeusdt_4h_dqn_kitchen_sink_guarded_direct_atr_sltp_s1_20260524T210135Z_project3_stage31_firstwave/evidence.json",
        "mode": "train"
      },
      "run_dir": "/home/harveybc/Documents/GitHub/financial-data/experiments/stage_a_screening/runs/omega/dogeusdt_4h_dqn_kitchen_sink_guarded_direct_atr_sltp_s1_20260524T210135Z_project3_stage31_firstwave"
    }
  ]
}
