[seed_sweep] running seed=0 run_dir=/home/harveybc/Documents/GitHub/financial-data/experiments/stage_a_screening/runs/omega/dogeusdt_4h_ppo_learned_lstm_direct_atr_sltp_s0_20260530T033356Z_project3_stage31_firstwave
{
  "ok": true,
  "results": [
    {
      "seed": 0,
      "exit_code": 0,
      "summary": {
        "initial_cash": 10000.0,
        "final_equity": 10000.006700619211,
        "total_return": 6.700619210597836e-07,
        "max_drawdown_pct": 5.034096253877455e-05,
        "max_drawdown_money": 0.005034097084717359,
        "sharpe_ratio": -2890.825482628601,
        "sqn": 1.2429912327772767,
        "trades_total": 490,
        "trades_won": 217,
        "trades_lost": 272,
        "avg_trade_pnl": 1.3616373792036243e-05,
        "action_diagnostics": {
          "steps": 9842,
          "hold_actions": 16,
          "long_actions": 3878,
          "short_actions": 5948,
          "non_hold_actions": 9826,
          "continuous_deadband_actions": 0,
          "raw_abs_sum": 15774.0,
          "raw_min": 0.0,
          "raw_max": 2.0,
          "continuous_action_threshold": null
        },
        "execution_diagnostics": {
          "entry_actions_seen": 9825,
          "entry_orders_submitted": 490,
          "blocked_session_filter": 0,
          "blocked_atr_warmup": 13,
          "blocked_non_positive_atr": 0,
          "blocked_non_positive_size": 0,
          "blocked_non_positive_price": 0,
          "default_orders_submitted": 0,
          "plugin_apply_errors": 0
        },
        "episode_reward": 6.708019211146186e-07,
        "episode_length": 9842,
        "eval_seed": 0,
        "action_steps": 9842,
        "action_hold_count": 16,
        "action_long_count": 3878,
        "action_short_count": 5948,
        "action_non_hold_count": 9826,
        "action_non_hold_rate": 0.9983743141637879,
        "action_abs_mean": 1.6027230237756553,
        "action_raw_min": 0.0,
        "action_raw_max": 2.0,
        "action_deadband_count": 0,
        "action_deadband_rate": 0.0,
        "execution_entry_actions_seen": 9825,
        "execution_entry_orders_submitted": 490,
        "execution_blocked_atr_warmup": 13,
        "execution_blocked_session_filter": 0,
        "execution_blocked_non_positive_atr": 0,
        "execution_blocked_non_positive_size": 0,
        "execution_blocked_non_positive_price": 0,
        "no_trade_diagnosis": "",
        "no_trade_min_trades": 1,
        "no_trade_gate_passed": true,
        "return_trace_file": "/home/harveybc/Documents/GitHub/financial-data/experiments/stage_a_screening/runs/omega/dogeusdt_4h_ppo_learned_lstm_direct_atr_sltp_s0_20260530T033356Z_project3_stage31_firstwave/return_trace.csv",
        "return_trace_metadata_file": "/home/harveybc/Documents/GitHub/financial-data/experiments/stage_a_screening/runs/omega/dogeusdt_4h_ppo_learned_lstm_direct_atr_sltp_s0_20260530T033356Z_project3_stage31_firstwave/return_trace.csv.meta.json",
        "return_trace_evidence": {
          "schema_version": "project3_return_trace_evidence_v1",
          "generated_at": "2026-05-30T03:36:14Z",
          "run_id": "dogeusdt_4h_ppo_learned_lstm_direct_atr_sltp_s0_20260530T033356Z_project3_stage31_firstwave",
          "pipeline_plugin": "rl_pipeline",
          "trace_schema_version": "stage_b_return_trace_v1",
          "asset": "dogeusdt_4h",
          "timeframe": "4h",
          "seed": 0,
          "config_hash": "09172ef83a3f6ccfa78fec8e498b53320715dbfcf724bb40aa014495e7cef42e",
          "data_file": "/home/harveybc/Documents/GitHub/financial-data/experiments/stage_a_screening/inputs/dogeusdt/4h/learned_lstm/train.csv",
          "data_file_hash": "f7c65727248ff742854b04d25279fcf83bdaffb94dbccb2bd9a27c70b87dc2dc",
          "feature_list_hash": "47e262b27817c8bc38977eaaf96f200a50a7041ff42c6ded8d5491523ef24f87",
          "feature_columns": [
            "OPEN",
            "HIGH",
            "LOW",
            "CLOSE",
            "VOLUME"
          ],
          "feature_column_count": 5,
          "observation_state_fields": [
            "equity_norm",
            "position",
            "prices",
            "returns",
            "steps_remaining_norm",
            "unrealized_pnl_norm"
          ],
          "observation_state_hash": "a1b97276bf4bd7fae0ba79fc580caaa16c6274e1055a86f3ae9260d816090946",
          "heldout_boundary": "2025-01-01",
          "contains_heldout_rows": false,
          "stage_c_authorized": false,
          "broker_profile": null,
          "market_type": null,
          "trade_rate_band_id": null,
          "calendar_policy_id": null,
          "market_state_profile_id": null,
          "market_state_profile_hash": null,
          "market_state_profile_family": null,
          "market_state_profile_name": null,
          "market_state_selected_columns": null,
          "traces": [
            {
              "split": "evaluation",
              "trace_file": "/home/harveybc/Documents/GitHub/financial-data/experiments/stage_a_screening/runs/omega/dogeusdt_4h_ppo_learned_lstm_direct_atr_sltp_s0_20260530T033356Z_project3_stage31_firstwave/return_trace.csv",
              "trace_file_sha256": "9fa5662edca4bca237a3beba4658778ab665dd717ca8ebce4989b1a156fe68f1",
              "metadata_file": "/home/harveybc/Documents/GitHub/financial-data/experiments/stage_a_screening/runs/omega/dogeusdt_4h_ppo_learned_lstm_direct_atr_sltp_s0_20260530T033356Z_project3_stage31_firstwave/return_trace.csv.meta.json",
              "row_count": 9841,
              "first_timestamp": "2019-07-05 12:00:00",
              "last_timestamp": "2023-12-31 20:00:00",
              "contains_heldout_rows": false,
              "stage_c_authorized": false,
              "episode_id": "dogeusdt_4h_ppo_learned_lstm_direct_atr_sltp_s0_20260530T033356Z_project3_stage31_firstwave::eval0",
              "feature_list_hash": "47e262b27817c8bc38977eaaf96f200a50a7041ff42c6ded8d5491523ef24f87",
              "feature_column_count": 5,
              "observation_state_hash": "a1b97276bf4bd7fae0ba79fc580caaa16c6274e1055a86f3ae9260d816090946"
            }
          ],
          "evidence_file": "/home/harveybc/Documents/GitHub/financial-data/experiments/stage_a_screening/runs/omega/dogeusdt_4h_ppo_learned_lstm_direct_atr_sltp_s0_20260530T033356Z_project3_stage31_firstwave/evidence.json"
        },
        "return_trace_evidence_file": "/home/harveybc/Documents/GitHub/financial-data/experiments/stage_a_screening/runs/omega/dogeusdt_4h_ppo_learned_lstm_direct_atr_sltp_s0_20260530T033356Z_project3_stage31_firstwave/evidence.json",
        "mode": "train"
      },
      "run_dir": "/home/harveybc/Documents/GitHub/financial-data/experiments/stage_a_screening/runs/omega/dogeusdt_4h_ppo_learned_lstm_direct_atr_sltp_s0_20260530T033356Z_project3_stage31_firstwave"
    }
  ]
}
