[seed_sweep] running seed=2 run_dir=/home/harveybc/Documents/GitHub/financial-data/experiments/stage_a_screening/runs/omega/dogeusdt_4h_dqn_tech_stat_decomp_direct_atr_sltp_s2_20260530T122451Z_project3_stage31_firstwave
{
  "ok": true,
  "results": [
    {
      "seed": 2,
      "exit_code": 0,
      "summary": {
        "initial_cash": 10000.0,
        "final_equity": 9999.991113224274,
        "total_return": -8.886775725303053e-07,
        "max_drawdown_pct": 0.0001367819521049065,
        "max_drawdown_money": 0.01367819620827504,
        "sharpe_ratio": -1765.4091732513143,
        "sqn": -0.7489663600815829,
        "trades_total": 891,
        "trades_won": 427,
        "trades_lost": 463,
        "avg_trade_pnl": -9.367600982545745e-06,
        "action_diagnostics": {
          "steps": 9587,
          "hold_actions": 1621,
          "long_actions": 5645,
          "short_actions": 2321,
          "non_hold_actions": 7966,
          "continuous_deadband_actions": 0,
          "raw_abs_sum": 10287.0,
          "raw_min": 0.0,
          "raw_max": 2.0,
          "continuous_action_threshold": null
        },
        "execution_diagnostics": {
          "entry_actions_seen": 7965,
          "entry_orders_submitted": 830,
          "blocked_session_filter": 0,
          "blocked_atr_warmup": 13,
          "blocked_non_positive_atr": 0,
          "blocked_non_positive_size": 0,
          "blocked_non_positive_price": 0,
          "default_orders_submitted": 0,
          "plugin_apply_errors": 0
        },
        "episode_reward": -8.894175725799863e-07,
        "episode_length": 9587,
        "eval_seed": 2,
        "action_steps": 9587,
        "action_hold_count": 1621,
        "action_long_count": 5645,
        "action_short_count": 2321,
        "action_non_hold_count": 7966,
        "action_non_hold_rate": 0.8309168665901742,
        "action_abs_mean": 1.0730155418796286,
        "action_raw_min": 0.0,
        "action_raw_max": 2.0,
        "action_deadband_count": 0,
        "action_deadband_rate": 0.0,
        "execution_entry_actions_seen": 7965,
        "execution_entry_orders_submitted": 830,
        "execution_blocked_atr_warmup": 13,
        "execution_blocked_session_filter": 0,
        "execution_blocked_non_positive_atr": 0,
        "execution_blocked_non_positive_size": 0,
        "execution_blocked_non_positive_price": 0,
        "no_trade_diagnosis": "",
        "no_trade_min_trades": 1,
        "no_trade_gate_passed": true,
        "return_trace_file": "/home/harveybc/Documents/GitHub/financial-data/experiments/stage_a_screening/runs/omega/dogeusdt_4h_dqn_tech_stat_decomp_direct_atr_sltp_s2_20260530T122451Z_project3_stage31_firstwave/return_trace.csv",
        "return_trace_metadata_file": "/home/harveybc/Documents/GitHub/financial-data/experiments/stage_a_screening/runs/omega/dogeusdt_4h_dqn_tech_stat_decomp_direct_atr_sltp_s2_20260530T122451Z_project3_stage31_firstwave/return_trace.csv.meta.json",
        "return_trace_evidence": {
          "schema_version": "project3_return_trace_evidence_v1",
          "generated_at": "2026-05-30T12:26:09Z",
          "run_id": "dogeusdt_4h_dqn_tech_stat_decomp_direct_atr_sltp_s2_20260530T122451Z_project3_stage31_firstwave",
          "pipeline_plugin": "rl_pipeline",
          "trace_schema_version": "stage_b_return_trace_v1",
          "asset": "dogeusdt_4h",
          "timeframe": "4h",
          "seed": 2,
          "config_hash": "b52f11b5919062219499d073bae0292d326865c040beec868ab8b55079c0ef74",
          "data_file": "/home/harveybc/Documents/GitHub/financial-data/experiments/stage_a_screening/inputs/dogeusdt/4h/tech_stat_decomp/train.csv",
          "data_file_hash": "ca347b285eaffb954ed5ecc78092250da586bad2c7333b9d0559b631eb59e566",
          "feature_list_hash": null,
          "feature_columns": null,
          "feature_column_count": 0,
          "observation_state_fields": [
            "equity_norm",
            "position",
            "prices",
            "returns",
            "steps_remaining_norm",
            "unrealized_pnl_norm"
          ],
          "observation_state_hash": "a1b97276bf4bd7fae0ba79fc580caaa16c6274e1055a86f3ae9260d816090946",
          "heldout_boundary": "2025-01-01",
          "contains_heldout_rows": false,
          "stage_c_authorized": false,
          "broker_profile": null,
          "market_type": null,
          "trade_rate_band_id": null,
          "calendar_policy_id": null,
          "market_state_profile_id": null,
          "market_state_profile_hash": null,
          "market_state_profile_family": null,
          "market_state_profile_name": null,
          "market_state_selected_columns": null,
          "traces": [
            {
              "split": "evaluation",
              "trace_file": "/home/harveybc/Documents/GitHub/financial-data/experiments/stage_a_screening/runs/omega/dogeusdt_4h_dqn_tech_stat_decomp_direct_atr_sltp_s2_20260530T122451Z_project3_stage31_firstwave/return_trace.csv",
              "trace_file_sha256": "1d436bd46b834f6d04f7b2b7f8eac6b1d9b5820d05641d2977016b6ed54c2a36",
              "metadata_file": "/home/harveybc/Documents/GitHub/financial-data/experiments/stage_a_screening/runs/omega/dogeusdt_4h_dqn_tech_stat_decomp_direct_atr_sltp_s2_20260530T122451Z_project3_stage31_firstwave/return_trace.csv.meta.json",
              "row_count": 9586,
              "first_timestamp": "2019-08-17 04:00:00",
              "last_timestamp": "2023-12-31 20:00:00",
              "contains_heldout_rows": false,
              "stage_c_authorized": false,
              "episode_id": "dogeusdt_4h_dqn_tech_stat_decomp_direct_atr_sltp_s2_20260530T122451Z_project3_stage31_firstwave::eval0",
              "feature_list_hash": null,
              "feature_column_count": 0,
              "observation_state_hash": "a1b97276bf4bd7fae0ba79fc580caaa16c6274e1055a86f3ae9260d816090946"
            }
          ],
          "evidence_file": "/home/harveybc/Documents/GitHub/financial-data/experiments/stage_a_screening/runs/omega/dogeusdt_4h_dqn_tech_stat_decomp_direct_atr_sltp_s2_20260530T122451Z_project3_stage31_firstwave/evidence.json"
        },
        "return_trace_evidence_file": "/home/harveybc/Documents/GitHub/financial-data/experiments/stage_a_screening/runs/omega/dogeusdt_4h_dqn_tech_stat_decomp_direct_atr_sltp_s2_20260530T122451Z_project3_stage31_firstwave/evidence.json",
        "mode": "train"
      },
      "run_dir": "/home/harveybc/Documents/GitHub/financial-data/experiments/stage_a_screening/runs/omega/dogeusdt_4h_dqn_tech_stat_decomp_direct_atr_sltp_s2_20260530T122451Z_project3_stage31_firstwave"
    }
  ]
}
