[seed_sweep] running seed=1 run_dir=/home/harveybc/Documents/GitHub/financial-data/experiments/stage_a_screening/runs/omega/dogeusdt_4h_sac_tech_full_direct_atr_sltp_s1_20260524T195530Z_project3_stage31_firstwave
{
  "ok": true,
  "results": [
    {
      "seed": 1,
      "exit_code": 0,
      "summary": {
        "initial_cash": 10000.0,
        "final_equity": 10039.358776648165,
        "total_return": 0.003935877664816401,
        "max_drawdown_pct": 0.5941900483306385,
        "max_drawdown_money": 59.419769552399885,
        "sharpe_ratio": -0.27219577242732707,
        "sqn": 0.7464712766797098,
        "trades_total": 318,
        "trades_won": 125,
        "trades_lost": 193,
        "avg_trade_pnl": 0.12376973788733157,
        "action_diagnostics": {
          "steps": 9643,
          "hold_actions": 3639,
          "long_actions": 0,
          "short_actions": 6004,
          "non_hold_actions": 6004,
          "continuous_deadband_actions": 3639,
          "raw_abs_sum": 1202.0830544233322,
          "raw_min": -0.2205381989479065,
          "raw_max": -0.053509652614593506,
          "continuous_action_threshold": 0.1
        },
        "execution_diagnostics": {
          "entry_actions_seen": 6004,
          "entry_orders_submitted": 320,
          "blocked_session_filter": 0,
          "blocked_atr_warmup": 13,
          "blocked_non_positive_atr": 0,
          "blocked_non_positive_size": 0,
          "blocked_non_positive_price": 0,
          "default_orders_submitted": 0,
          "plugin_apply_errors": 0
        },
        "episode_reward": 0.003935877664816503,
        "episode_length": 9643,
        "eval_seed": 1,
        "action_steps": 9643,
        "action_hold_count": 3639,
        "action_long_count": 0,
        "action_short_count": 6004,
        "action_non_hold_count": 6004,
        "action_non_hold_rate": 0.6226278129212901,
        "action_abs_mean": 0.12465861810881802,
        "action_raw_min": -0.2205381989479065,
        "action_raw_max": -0.053509652614593506,
        "action_deadband_count": 3639,
        "action_deadband_rate": 0.37737218707870995,
        "execution_entry_actions_seen": 6004,
        "execution_entry_orders_submitted": 320,
        "execution_blocked_atr_warmup": 13,
        "execution_blocked_session_filter": 0,
        "execution_blocked_non_positive_atr": 0,
        "execution_blocked_non_positive_size": 0,
        "execution_blocked_non_positive_price": 0,
        "no_trade_diagnosis": "",
        "no_trade_min_trades": 1,
        "no_trade_gate_passed": true,
        "return_trace_file": "/home/harveybc/Documents/GitHub/financial-data/experiments/stage_a_screening/runs/omega/dogeusdt_4h_sac_tech_full_direct_atr_sltp_s1_20260524T195530Z_project3_stage31_firstwave/return_trace.csv",
        "return_trace_metadata_file": "/home/harveybc/Documents/GitHub/financial-data/experiments/stage_a_screening/runs/omega/dogeusdt_4h_sac_tech_full_direct_atr_sltp_s1_20260524T195530Z_project3_stage31_firstwave/return_trace.csv.meta.json",
        "return_trace_evidence": {
          "schema_version": "project3_return_trace_evidence_v1",
          "generated_at": "2026-05-24T20:02:33Z",
          "run_id": "dogeusdt_4h_sac_tech_full_direct_atr_sltp_s1_20260524T195530Z_project3_stage31_firstwave",
          "pipeline_plugin": "rl_pipeline",
          "trace_schema_version": "stage_b_return_trace_v1",
          "asset": "dogeusdt_4h",
          "timeframe": "4h",
          "seed": 1,
          "config_hash": "c3cae4fb743629750aaefa5bda126275382bd70daaf6890cdbffbbef1d275614",
          "data_file": "/home/harveybc/Documents/GitHub/financial-data/experiments/stage_a_screening/inputs/dogeusdt/4h/tech_full/train.csv",
          "data_file_hash": "be432f48d56deede94a1fbd06c139dd16354f1dabd8a0ca237a293beef98d057",
          "feature_list_hash": null,
          "feature_columns": null,
          "feature_column_count": 0,
          "observation_state_fields": [
            "equity_norm",
            "position",
            "prices",
            "returns",
            "steps_remaining_norm",
            "unrealized_pnl_norm"
          ],
          "observation_state_hash": "a1b97276bf4bd7fae0ba79fc580caaa16c6274e1055a86f3ae9260d816090946",
          "heldout_boundary": "2025-01-01",
          "contains_heldout_rows": false,
          "stage_c_authorized": false,
          "broker_profile": null,
          "market_type": null,
          "trade_rate_band_id": null,
          "calendar_policy_id": null,
          "traces": [
            {
              "split": "evaluation",
              "trace_file": "/home/harveybc/Documents/GitHub/financial-data/experiments/stage_a_screening/runs/omega/dogeusdt_4h_sac_tech_full_direct_atr_sltp_s1_20260524T195530Z_project3_stage31_firstwave/return_trace.csv",
              "trace_file_sha256": "ecdf5579ad2091a797d8b88d10ba0467dbfb17e7aaae9217db1aca90c230acb0",
              "metadata_file": "/home/harveybc/Documents/GitHub/financial-data/experiments/stage_a_screening/runs/omega/dogeusdt_4h_sac_tech_full_direct_atr_sltp_s1_20260524T195530Z_project3_stage31_firstwave/return_trace.csv.meta.json",
              "row_count": 9642,
              "first_timestamp": "2019-08-07 16:00:00",
              "last_timestamp": "2023-12-31 20:00:00",
              "contains_heldout_rows": false,
              "stage_c_authorized": false,
              "episode_id": "dogeusdt_4h_sac_tech_full_direct_atr_sltp_s1_20260524T195530Z_project3_stage31_firstwave::eval0",
              "feature_list_hash": null,
              "feature_column_count": 0,
              "observation_state_hash": "a1b97276bf4bd7fae0ba79fc580caaa16c6274e1055a86f3ae9260d816090946"
            }
          ],
          "evidence_file": "/home/harveybc/Documents/GitHub/financial-data/experiments/stage_a_screening/runs/omega/dogeusdt_4h_sac_tech_full_direct_atr_sltp_s1_20260524T195530Z_project3_stage31_firstwave/evidence.json"
        },
        "return_trace_evidence_file": "/home/harveybc/Documents/GitHub/financial-data/experiments/stage_a_screening/runs/omega/dogeusdt_4h_sac_tech_full_direct_atr_sltp_s1_20260524T195530Z_project3_stage31_firstwave/evidence.json",
        "mode": "train"
      },
      "run_dir": "/home/harveybc/Documents/GitHub/financial-data/experiments/stage_a_screening/runs/omega/dogeusdt_4h_sac_tech_full_direct_atr_sltp_s1_20260524T195530Z_project3_stage31_firstwave"
    }
  ]
}
