[seed_sweep] running seed=1 run_dir=/home/harveybc/Documents/GitHub/financial-data/experiments/stage_a_screening/runs/omega/dogeusdt_4h_sac_baseline_12_direct_atr_sltp_s1_20260524T192851Z_project3_stage31_firstwave
{
  "ok": true,
  "results": [
    {
      "seed": 1,
      "exit_code": 0,
      "summary": {
        "initial_cash": 10000.0,
        "final_equity": 9988.57862971819,
        "total_return": -0.0011421370281811116,
        "max_drawdown_pct": 0.3282599569107723,
        "max_drawdown_money": 32.82647268674373,
        "sharpe_ratio": -0.615930487752115,
        "sqn": -0.5122168209780489,
        "trades_total": 311,
        "trades_won": 116,
        "trades_lost": 194,
        "avg_trade_pnl": -0.03820482090903221,
        "action_diagnostics": {
          "steps": 9793,
          "hold_actions": 3452,
          "long_actions": 0,
          "short_actions": 6341,
          "non_hold_actions": 6341,
          "continuous_deadband_actions": 3452,
          "raw_abs_sum": 1070.4234523177147,
          "raw_min": -0.14325779676437378,
          "raw_max": -0.04081326723098755,
          "continuous_action_threshold": 0.1
        },
        "execution_diagnostics": {
          "entry_actions_seen": 6340,
          "entry_orders_submitted": 313,
          "blocked_session_filter": 0,
          "blocked_atr_warmup": 13,
          "blocked_non_positive_atr": 0,
          "blocked_non_positive_size": 0,
          "blocked_non_positive_price": 0,
          "default_orders_submitted": 0,
          "plugin_apply_errors": 0
        },
        "episode_reward": -0.001134737028181003,
        "episode_length": 9793,
        "eval_seed": 1,
        "action_steps": 9793,
        "action_hold_count": 3452,
        "action_long_count": 0,
        "action_short_count": 6341,
        "action_non_hold_count": 6341,
        "action_non_hold_rate": 0.6475033186970285,
        "action_abs_mean": 0.10930495785946234,
        "action_raw_min": -0.14325779676437378,
        "action_raw_max": -0.04081326723098755,
        "action_deadband_count": 3452,
        "action_deadband_rate": 0.3524966813029715,
        "execution_entry_actions_seen": 6340,
        "execution_entry_orders_submitted": 313,
        "execution_blocked_atr_warmup": 13,
        "execution_blocked_session_filter": 0,
        "execution_blocked_non_positive_atr": 0,
        "execution_blocked_non_positive_size": 0,
        "execution_blocked_non_positive_price": 0,
        "no_trade_diagnosis": "",
        "no_trade_min_trades": 1,
        "no_trade_gate_passed": true,
        "return_trace_file": "/home/harveybc/Documents/GitHub/financial-data/experiments/stage_a_screening/runs/omega/dogeusdt_4h_sac_baseline_12_direct_atr_sltp_s1_20260524T192851Z_project3_stage31_firstwave/return_trace.csv",
        "return_trace_metadata_file": "/home/harveybc/Documents/GitHub/financial-data/experiments/stage_a_screening/runs/omega/dogeusdt_4h_sac_baseline_12_direct_atr_sltp_s1_20260524T192851Z_project3_stage31_firstwave/return_trace.csv.meta.json",
        "return_trace_evidence": {
          "schema_version": "project3_return_trace_evidence_v1",
          "generated_at": "2026-05-24T19:38:07Z",
          "run_id": "dogeusdt_4h_sac_baseline_12_direct_atr_sltp_s1_20260524T192851Z_project3_stage31_firstwave",
          "pipeline_plugin": "rl_pipeline",
          "trace_schema_version": "stage_b_return_trace_v1",
          "asset": "dogeusdt_4h",
          "timeframe": "4h",
          "seed": 1,
          "config_hash": "ce4de1a4e9ab2e1cabcbdafd3a9ce92d9fc7bc2f01e1fbe2f3f27456c2281935",
          "data_file": "/home/harveybc/Documents/GitHub/financial-data/experiments/stage_a_screening/inputs/dogeusdt/4h/baseline_12/train.csv",
          "data_file_hash": "9e75617ea9b311edbaec1482a38a0634711f2808a3de7258bda73025a3da065b",
          "feature_list_hash": null,
          "feature_columns": null,
          "feature_column_count": 0,
          "observation_state_fields": [
            "equity_norm",
            "position",
            "prices",
            "returns",
            "steps_remaining_norm",
            "unrealized_pnl_norm"
          ],
          "observation_state_hash": "a1b97276bf4bd7fae0ba79fc580caaa16c6274e1055a86f3ae9260d816090946",
          "heldout_boundary": "2025-01-01",
          "contains_heldout_rows": false,
          "stage_c_authorized": false,
          "broker_profile": null,
          "market_type": null,
          "trade_rate_band_id": null,
          "calendar_policy_id": null,
          "traces": [
            {
              "split": "evaluation",
              "trace_file": "/home/harveybc/Documents/GitHub/financial-data/experiments/stage_a_screening/runs/omega/dogeusdt_4h_sac_baseline_12_direct_atr_sltp_s1_20260524T192851Z_project3_stage31_firstwave/return_trace.csv",
              "trace_file_sha256": "d2fe9b45d6d7b38edcb8d2a3bcf9850e9cb3c50fd1de0f1a1daca6dbadbcf405",
              "metadata_file": "/home/harveybc/Documents/GitHub/financial-data/experiments/stage_a_screening/runs/omega/dogeusdt_4h_sac_baseline_12_direct_atr_sltp_s1_20260524T192851Z_project3_stage31_firstwave/return_trace.csv.meta.json",
              "row_count": 9792,
              "first_timestamp": "2019-07-13 16:00:00",
              "last_timestamp": "2023-12-31 20:00:00",
              "contains_heldout_rows": false,
              "stage_c_authorized": false,
              "episode_id": "dogeusdt_4h_sac_baseline_12_direct_atr_sltp_s1_20260524T192851Z_project3_stage31_firstwave::eval0",
              "feature_list_hash": null,
              "feature_column_count": 0,
              "observation_state_hash": "a1b97276bf4bd7fae0ba79fc580caaa16c6274e1055a86f3ae9260d816090946"
            }
          ],
          "evidence_file": "/home/harveybc/Documents/GitHub/financial-data/experiments/stage_a_screening/runs/omega/dogeusdt_4h_sac_baseline_12_direct_atr_sltp_s1_20260524T192851Z_project3_stage31_firstwave/evidence.json"
        },
        "return_trace_evidence_file": "/home/harveybc/Documents/GitHub/financial-data/experiments/stage_a_screening/runs/omega/dogeusdt_4h_sac_baseline_12_direct_atr_sltp_s1_20260524T192851Z_project3_stage31_firstwave/evidence.json",
        "mode": "train"
      },
      "run_dir": "/home/harveybc/Documents/GitHub/financial-data/experiments/stage_a_screening/runs/omega/dogeusdt_4h_sac_baseline_12_direct_atr_sltp_s1_20260524T192851Z_project3_stage31_firstwave"
    }
  ]
}
