[seed_sweep] running seed=0 run_dir=/home/harveybc/Documents/GitHub/financial-data/experiments/stage_a_screening/runs/omega/dogeusdt_4h_dqn_learned_lstm_direct_atr_sltp_s0_20260524T203438Z_project3_stage31_firstwave
{
  "ok": true,
  "results": [
    {
      "seed": 0,
      "exit_code": 0,
      "summary": {
        "initial_cash": 10000.0,
        "final_equity": 10000.0101677311,
        "total_return": 1.0167731099297583e-06,
        "max_drawdown_pct": 5.624723602880454e-05,
        "max_drawdown_money": 0.005624730647468823,
        "sharpe_ratio": -2536.0911653267585,
        "sqn": 1.3691205735593455,
        "trades_total": 949,
        "trades_won": 465,
        "trades_lost": 483,
        "avg_trade_pnl": 1.0744873119722712e-05,
        "action_diagnostics": {
          "steps": 9842,
          "hold_actions": 722,
          "long_actions": 6201,
          "short_actions": 2919,
          "non_hold_actions": 9120,
          "continuous_deadband_actions": 0,
          "raw_abs_sum": 12039.0,
          "raw_min": 0.0,
          "raw_max": 2.0,
          "continuous_action_threshold": null
        },
        "execution_diagnostics": {
          "entry_actions_seen": 9119,
          "entry_orders_submitted": 879,
          "blocked_session_filter": 0,
          "blocked_atr_warmup": 13,
          "blocked_non_positive_atr": 0,
          "blocked_non_positive_size": 0,
          "blocked_non_positive_price": 0,
          "default_orders_submitted": 0,
          "plugin_apply_errors": 0
        },
        "episode_reward": 1.0152931099582907e-06,
        "episode_length": 9842,
        "eval_seed": 0,
        "action_steps": 9842,
        "action_hold_count": 722,
        "action_long_count": 6201,
        "action_short_count": 2919,
        "action_non_hold_count": 9120,
        "action_non_hold_rate": 0.9266409266409267,
        "action_abs_mean": 1.223226986384881,
        "action_raw_min": 0.0,
        "action_raw_max": 2.0,
        "action_deadband_count": 0,
        "action_deadband_rate": 0.0,
        "execution_entry_actions_seen": 9119,
        "execution_entry_orders_submitted": 879,
        "execution_blocked_atr_warmup": 13,
        "execution_blocked_session_filter": 0,
        "execution_blocked_non_positive_atr": 0,
        "execution_blocked_non_positive_size": 0,
        "execution_blocked_non_positive_price": 0,
        "no_trade_diagnosis": "",
        "no_trade_min_trades": 1,
        "no_trade_gate_passed": true,
        "return_trace_file": "/home/harveybc/Documents/GitHub/financial-data/experiments/stage_a_screening/runs/omega/dogeusdt_4h_dqn_learned_lstm_direct_atr_sltp_s0_20260524T203438Z_project3_stage31_firstwave/return_trace.csv",
        "return_trace_metadata_file": "/home/harveybc/Documents/GitHub/financial-data/experiments/stage_a_screening/runs/omega/dogeusdt_4h_dqn_learned_lstm_direct_atr_sltp_s0_20260524T203438Z_project3_stage31_firstwave/return_trace.csv.meta.json",
        "return_trace_evidence": {
          "schema_version": "project3_return_trace_evidence_v1",
          "generated_at": "2026-05-24T20:35:55Z",
          "run_id": "dogeusdt_4h_dqn_learned_lstm_direct_atr_sltp_s0_20260524T203438Z_project3_stage31_firstwave",
          "pipeline_plugin": "rl_pipeline",
          "trace_schema_version": "stage_b_return_trace_v1",
          "asset": "dogeusdt_4h",
          "timeframe": "4h",
          "seed": 0,
          "config_hash": "40f4e189debd84c04d9a94fee6ba278a1ffc9225bd6a8d071a33aefa3a072fa4",
          "data_file": "/home/harveybc/Documents/GitHub/financial-data/experiments/stage_a_screening/inputs/dogeusdt/4h/learned_lstm/train.csv",
          "data_file_hash": "f7c65727248ff742854b04d25279fcf83bdaffb94dbccb2bd9a27c70b87dc2dc",
          "feature_list_hash": null,
          "feature_columns": null,
          "feature_column_count": 0,
          "observation_state_fields": [
            "equity_norm",
            "position",
            "prices",
            "returns",
            "steps_remaining_norm",
            "unrealized_pnl_norm"
          ],
          "observation_state_hash": "a1b97276bf4bd7fae0ba79fc580caaa16c6274e1055a86f3ae9260d816090946",
          "heldout_boundary": "2025-01-01",
          "contains_heldout_rows": false,
          "stage_c_authorized": false,
          "broker_profile": null,
          "market_type": null,
          "trade_rate_band_id": null,
          "calendar_policy_id": null,
          "traces": [
            {
              "split": "evaluation",
              "trace_file": "/home/harveybc/Documents/GitHub/financial-data/experiments/stage_a_screening/runs/omega/dogeusdt_4h_dqn_learned_lstm_direct_atr_sltp_s0_20260524T203438Z_project3_stage31_firstwave/return_trace.csv",
              "trace_file_sha256": "a605573efcb0b6d418af348f6bdbda9cd1fc9a845ddc098d99973adbba18e5c6",
              "metadata_file": "/home/harveybc/Documents/GitHub/financial-data/experiments/stage_a_screening/runs/omega/dogeusdt_4h_dqn_learned_lstm_direct_atr_sltp_s0_20260524T203438Z_project3_stage31_firstwave/return_trace.csv.meta.json",
              "row_count": 9841,
              "first_timestamp": "2019-07-05 12:00:00",
              "last_timestamp": "2023-12-31 20:00:00",
              "contains_heldout_rows": false,
              "stage_c_authorized": false,
              "episode_id": "dogeusdt_4h_dqn_learned_lstm_direct_atr_sltp_s0_20260524T203438Z_project3_stage31_firstwave::eval0",
              "feature_list_hash": null,
              "feature_column_count": 0,
              "observation_state_hash": "a1b97276bf4bd7fae0ba79fc580caaa16c6274e1055a86f3ae9260d816090946"
            }
          ],
          "evidence_file": "/home/harveybc/Documents/GitHub/financial-data/experiments/stage_a_screening/runs/omega/dogeusdt_4h_dqn_learned_lstm_direct_atr_sltp_s0_20260524T203438Z_project3_stage31_firstwave/evidence.json"
        },
        "return_trace_evidence_file": "/home/harveybc/Documents/GitHub/financial-data/experiments/stage_a_screening/runs/omega/dogeusdt_4h_dqn_learned_lstm_direct_atr_sltp_s0_20260524T203438Z_project3_stage31_firstwave/evidence.json",
        "mode": "train"
      },
      "run_dir": "/home/harveybc/Documents/GitHub/financial-data/experiments/stage_a_screening/runs/omega/dogeusdt_4h_dqn_learned_lstm_direct_atr_sltp_s0_20260524T203438Z_project3_stage31_firstwave"
    }
  ]
}
