[seed_sweep] running seed=1 run_dir=/home/harveybc/Documents/GitHub/financial-data/experiments/stage_a_screening/runs/omega/ethusdt_4h_dqn_learned_cnn_direct_atr_sltp_s1_20260524T013240Z_project3_stage31_firstwave
{
  "ok": true,
  "results": [
    {
      "seed": 1,
      "exit_code": 0,
      "summary": {
        "initial_cash": 10000.0,
        "final_equity": 10005.276865887145,
        "total_return": 0.0005276865887144933,
        "max_drawdown_pct": 0.3871191130936329,
        "max_drawdown_money": 38.83376413457336,
        "sharpe_ratio": -0.8096079748799518,
        "sqn": -0.26143794668378056,
        "trades_total": 41,
        "trades_won": 13,
        "trades_lost": 27,
        "avg_trade_pnl": -0.09960099653571435,
        "action_diagnostics": {
          "steps": 13921,
          "hold_actions": 13845,
          "long_actions": 55,
          "short_actions": 21,
          "non_hold_actions": 76,
          "continuous_deadband_actions": 0,
          "raw_abs_sum": 97.0,
          "raw_min": 0.0,
          "raw_max": 2.0,
          "continuous_action_threshold": null
        },
        "execution_diagnostics": {
          "entry_actions_seen": 76,
          "entry_orders_submitted": 37,
          "blocked_session_filter": 0,
          "blocked_atr_warmup": 0,
          "blocked_non_positive_atr": 0,
          "blocked_non_positive_size": 0,
          "blocked_non_positive_price": 0,
          "default_orders_submitted": 0,
          "plugin_apply_errors": 0
        },
        "episode_reward": 0.000514726588714441,
        "episode_length": 13921,
        "eval_seed": 1,
        "action_steps": 13921,
        "action_hold_count": 13845,
        "action_long_count": 55,
        "action_short_count": 21,
        "action_non_hold_count": 76,
        "action_non_hold_rate": 0.005459377918252999,
        "action_abs_mean": 0.006967890237770275,
        "action_raw_min": 0.0,
        "action_raw_max": 2.0,
        "action_deadband_count": 0,
        "action_deadband_rate": 0.0,
        "execution_entry_actions_seen": 76,
        "execution_entry_orders_submitted": 37,
        "execution_blocked_atr_warmup": 0,
        "execution_blocked_session_filter": 0,
        "execution_blocked_non_positive_atr": 0,
        "execution_blocked_non_positive_size": 0,
        "execution_blocked_non_positive_price": 0,
        "no_trade_diagnosis": "",
        "no_trade_min_trades": 1,
        "no_trade_gate_passed": true,
        "return_trace_file": "/home/harveybc/Documents/GitHub/financial-data/experiments/stage_a_screening/runs/omega/ethusdt_4h_dqn_learned_cnn_direct_atr_sltp_s1_20260524T013240Z_project3_stage31_firstwave/return_trace.csv",
        "return_trace_metadata_file": "/home/harveybc/Documents/GitHub/financial-data/experiments/stage_a_screening/runs/omega/ethusdt_4h_dqn_learned_cnn_direct_atr_sltp_s1_20260524T013240Z_project3_stage31_firstwave/return_trace.csv.meta.json",
        "return_trace_evidence": {
          "schema_version": "project3_return_trace_evidence_v1",
          "generated_at": "2026-05-24T01:34:07Z",
          "run_id": "ethusdt_4h_dqn_learned_cnn_direct_atr_sltp_s1_20260524T013240Z_project3_stage31_firstwave",
          "pipeline_plugin": "rl_pipeline",
          "trace_schema_version": "stage_b_return_trace_v1",
          "asset": "ethusdt_4h",
          "timeframe": "4h",
          "seed": 1,
          "config_hash": "064cfc57b5ef1637c7bff543518760b228f21a0fa6a4c236b2dc92e141cb7ac0",
          "data_file": "/home/harveybc/Documents/GitHub/financial-data/experiments/stage_a_screening/inputs/ethusdt/4h/learned_cnn/train.csv",
          "data_file_hash": "03c424b961d2167c7ec66440a214c20ebe49ae66f16a8d1143020df202c95087",
          "feature_list_hash": null,
          "feature_columns": null,
          "feature_column_count": 0,
          "observation_state_fields": [
            "equity_norm",
            "position",
            "prices",
            "returns",
            "steps_remaining_norm",
            "unrealized_pnl_norm"
          ],
          "observation_state_hash": "a1b97276bf4bd7fae0ba79fc580caaa16c6274e1055a86f3ae9260d816090946",
          "heldout_boundary": "2025-01-01",
          "contains_heldout_rows": false,
          "stage_c_authorized": false,
          "broker_profile": null,
          "market_type": null,
          "trade_rate_band_id": null,
          "calendar_policy_id": null,
          "traces": [
            {
              "split": "evaluation",
              "trace_file": "/home/harveybc/Documents/GitHub/financial-data/experiments/stage_a_screening/runs/omega/ethusdt_4h_dqn_learned_cnn_direct_atr_sltp_s1_20260524T013240Z_project3_stage31_firstwave/return_trace.csv",
              "trace_file_sha256": "f4bb45d4d57421be219de6466bc240723d94cd4a8f89cd0579c1d6b5666445ae",
              "metadata_file": "/home/harveybc/Documents/GitHub/financial-data/experiments/stage_a_screening/runs/omega/ethusdt_4h_dqn_learned_cnn_direct_atr_sltp_s1_20260524T013240Z_project3_stage31_firstwave/return_trace.csv.meta.json",
              "row_count": 13920,
              "first_timestamp": "2017-08-22 08:00:00",
              "last_timestamp": "2023-12-31 20:00:00",
              "contains_heldout_rows": false,
              "stage_c_authorized": false,
              "episode_id": "ethusdt_4h_dqn_learned_cnn_direct_atr_sltp_s1_20260524T013240Z_project3_stage31_firstwave::eval0",
              "feature_list_hash": null,
              "feature_column_count": 0,
              "observation_state_hash": "a1b97276bf4bd7fae0ba79fc580caaa16c6274e1055a86f3ae9260d816090946"
            }
          ],
          "evidence_file": "/home/harveybc/Documents/GitHub/financial-data/experiments/stage_a_screening/runs/omega/ethusdt_4h_dqn_learned_cnn_direct_atr_sltp_s1_20260524T013240Z_project3_stage31_firstwave/evidence.json"
        },
        "return_trace_evidence_file": "/home/harveybc/Documents/GitHub/financial-data/experiments/stage_a_screening/runs/omega/ethusdt_4h_dqn_learned_cnn_direct_atr_sltp_s1_20260524T013240Z_project3_stage31_firstwave/evidence.json",
        "mode": "train"
      },
      "run_dir": "/home/harveybc/Documents/GitHub/financial-data/experiments/stage_a_screening/runs/omega/ethusdt_4h_dqn_learned_cnn_direct_atr_sltp_s1_20260524T013240Z_project3_stage31_firstwave"
    }
  ]
}
