[seed_sweep] running seed=0 run_dir=/home/harveybc/Documents/GitHub/financial-data/experiments/stage_a_screening/runs/omega/ethusdt_perp_4h_dqn_tech_stat_decomp_direct_atr_sltp_s0_20260524T095701Z_project3_stage31_firstwave
{
  "ok": true,
  "results": [
    {
      "seed": 0,
      "exit_code": 0,
      "summary": {
        "initial_cash": 10000.0,
        "final_equity": 9965.037108715163,
        "total_return": -0.003496289128483654,
        "max_drawdown_pct": 0.42153564417786776,
        "max_drawdown_money": 42.17188065027767,
        "sharpe_ratio": -0.3719016670766661,
        "sqn": -0.555319105968979,
        "trades_total": 712,
        "trades_won": 338,
        "trades_lost": 373,
        "avg_trade_pnl": -0.034372117035161694,
        "action_diagnostics": {
          "steps": 8721,
          "hold_actions": 17,
          "long_actions": 435,
          "short_actions": 8269,
          "non_hold_actions": 8704,
          "continuous_deadband_actions": 0,
          "raw_abs_sum": 16973.0,
          "raw_min": 0.0,
          "raw_max": 2.0,
          "continuous_action_threshold": null
        },
        "execution_diagnostics": {
          "entry_actions_seen": 8703,
          "entry_orders_submitted": 665,
          "blocked_session_filter": 0,
          "blocked_atr_warmup": 13,
          "blocked_non_positive_atr": 0,
          "blocked_non_positive_size": 0,
          "blocked_non_positive_price": 0,
          "default_orders_submitted": 0,
          "plugin_apply_errors": 0
        },
        "episode_reward": -0.0034702691284835933,
        "episode_length": 8721,
        "eval_seed": 0,
        "action_steps": 8721,
        "action_hold_count": 17,
        "action_long_count": 435,
        "action_short_count": 8269,
        "action_non_hold_count": 8704,
        "action_non_hold_rate": 0.9980506822612085,
        "action_abs_mean": 1.946221763559225,
        "action_raw_min": 0.0,
        "action_raw_max": 2.0,
        "action_deadband_count": 0,
        "action_deadband_rate": 0.0,
        "execution_entry_actions_seen": 8703,
        "execution_entry_orders_submitted": 665,
        "execution_blocked_atr_warmup": 13,
        "execution_blocked_session_filter": 0,
        "execution_blocked_non_positive_atr": 0,
        "execution_blocked_non_positive_size": 0,
        "execution_blocked_non_positive_price": 0,
        "no_trade_diagnosis": "",
        "no_trade_min_trades": 1,
        "no_trade_gate_passed": true,
        "return_trace_file": "/home/harveybc/Documents/GitHub/financial-data/experiments/stage_a_screening/runs/omega/ethusdt_perp_4h_dqn_tech_stat_decomp_direct_atr_sltp_s0_20260524T095701Z_project3_stage31_firstwave/return_trace.csv",
        "return_trace_metadata_file": "/home/harveybc/Documents/GitHub/financial-data/experiments/stage_a_screening/runs/omega/ethusdt_perp_4h_dqn_tech_stat_decomp_direct_atr_sltp_s0_20260524T095701Z_project3_stage31_firstwave/return_trace.csv.meta.json",
        "return_trace_evidence": {
          "schema_version": "project3_return_trace_evidence_v1",
          "generated_at": "2026-05-24T09:58:57Z",
          "run_id": "ethusdt_perp_4h_dqn_tech_stat_decomp_direct_atr_sltp_s0_20260524T095701Z_project3_stage31_firstwave",
          "pipeline_plugin": "rl_pipeline",
          "trace_schema_version": "stage_b_return_trace_v1",
          "asset": "ethusdt_perp_4h",
          "timeframe": "4h",
          "seed": 0,
          "config_hash": "d795ae66e0b570ecd21cb3fbf38028bcda817202b486f0e2bd325d2bff34bb2a",
          "data_file": "/home/harveybc/Documents/GitHub/financial-data/experiments/stage_a_screening/inputs/ethusdt_perp/4h/tech_stat_decomp/train.csv",
          "data_file_hash": "be5fea52176f92fbb0f55bcae3025ff57724f9198e1278ac1dc65e5a127aad0a",
          "feature_list_hash": null,
          "feature_columns": null,
          "feature_column_count": 0,
          "observation_state_fields": [
            "equity_norm",
            "position",
            "prices",
            "returns",
            "steps_remaining_norm",
            "unrealized_pnl_norm"
          ],
          "observation_state_hash": "a1b97276bf4bd7fae0ba79fc580caaa16c6274e1055a86f3ae9260d816090946",
          "heldout_boundary": "2025-01-01",
          "contains_heldout_rows": false,
          "stage_c_authorized": false,
          "broker_profile": null,
          "market_type": null,
          "trade_rate_band_id": null,
          "calendar_policy_id": null,
          "traces": [
            {
              "split": "evaluation",
              "trace_file": "/home/harveybc/Documents/GitHub/financial-data/experiments/stage_a_screening/runs/omega/ethusdt_perp_4h_dqn_tech_stat_decomp_direct_atr_sltp_s0_20260524T095701Z_project3_stage31_firstwave/return_trace.csv",
              "trace_file_sha256": "10fa1788eddded551c4958ea20eaf6879e8beeb41719da7d574398e45b6fa886",
              "metadata_file": "/home/harveybc/Documents/GitHub/financial-data/experiments/stage_a_screening/runs/omega/ethusdt_perp_4h_dqn_tech_stat_decomp_direct_atr_sltp_s0_20260524T095701Z_project3_stage31_firstwave/return_trace.csv.meta.json",
              "row_count": 8720,
              "first_timestamp": "2020-01-08 16:00:00",
              "last_timestamp": "2023-12-31 20:00:00",
              "contains_heldout_rows": false,
              "stage_c_authorized": false,
              "episode_id": "ethusdt_perp_4h_dqn_tech_stat_decomp_direct_atr_sltp_s0_20260524T095701Z_project3_stage31_firstwave::eval0",
              "feature_list_hash": null,
              "feature_column_count": 0,
              "observation_state_hash": "a1b97276bf4bd7fae0ba79fc580caaa16c6274e1055a86f3ae9260d816090946"
            }
          ],
          "evidence_file": "/home/harveybc/Documents/GitHub/financial-data/experiments/stage_a_screening/runs/omega/ethusdt_perp_4h_dqn_tech_stat_decomp_direct_atr_sltp_s0_20260524T095701Z_project3_stage31_firstwave/evidence.json"
        },
        "return_trace_evidence_file": "/home/harveybc/Documents/GitHub/financial-data/experiments/stage_a_screening/runs/omega/ethusdt_perp_4h_dqn_tech_stat_decomp_direct_atr_sltp_s0_20260524T095701Z_project3_stage31_firstwave/evidence.json",
        "mode": "train"
      },
      "run_dir": "/home/harveybc/Documents/GitHub/financial-data/experiments/stage_a_screening/runs/omega/ethusdt_perp_4h_dqn_tech_stat_decomp_direct_atr_sltp_s0_20260524T095701Z_project3_stage31_firstwave"
    }
  ]
}
