[seed_sweep] running seed=0 run_dir=/home/harveybc/Documents/GitHub/financial-data/experiments/stage_a_screening/runs/omega/ethusdt_perp_4h_sac_learned_cnn_direct_atr_sltp_s0_20260524T101759Z_project3_stage31_firstwave
{
  "ok": true,
  "results": [
    {
      "seed": 0,
      "exit_code": 0,
      "summary": {
        "initial_cash": 10000.0,
        "final_equity": 8533.3644141258,
        "total_return": -0.14666355858742008,
        "max_drawdown_pct": 17.07525347367257,
        "max_drawdown_money": 1722.022636861806,
        "sharpe_ratio": -0.06146214750719875,
        "sqn": -1.9330078343461314,
        "trades_total": 476,
        "trades_won": 168,
        "trades_lost": 307,
        "avg_trade_pnl": -3.1010183395519126,
        "action_diagnostics": {
          "steps": 8976,
          "hold_actions": 0,
          "long_actions": 0,
          "short_actions": 8976,
          "non_hold_actions": 8976,
          "continuous_deadband_actions": 0,
          "raw_abs_sum": 8653.111590385437,
          "raw_min": -0.9640275835990906,
          "raw_max": -0.9640275835990906,
          "continuous_action_threshold": 0.1
        },
        "execution_diagnostics": {
          "entry_actions_seen": 8975,
          "entry_orders_submitted": 476,
          "blocked_session_filter": 0,
          "blocked_atr_warmup": 13,
          "blocked_non_positive_atr": 0,
          "blocked_non_positive_size": 0,
          "blocked_non_positive_price": 0,
          "default_orders_submitted": 0,
          "plugin_apply_errors": 0
        },
        "episode_reward": -0.14642435173848684,
        "episode_length": 8976,
        "eval_seed": 0,
        "action_steps": 8976,
        "action_hold_count": 0,
        "action_long_count": 0,
        "action_short_count": 8976,
        "action_non_hold_count": 8976,
        "action_non_hold_rate": 1.0,
        "action_abs_mean": 0.9640275835990906,
        "action_raw_min": -0.9640275835990906,
        "action_raw_max": -0.9640275835990906,
        "action_deadband_count": 0,
        "action_deadband_rate": 0.0,
        "execution_entry_actions_seen": 8975,
        "execution_entry_orders_submitted": 476,
        "execution_blocked_atr_warmup": 13,
        "execution_blocked_session_filter": 0,
        "execution_blocked_non_positive_atr": 0,
        "execution_blocked_non_positive_size": 0,
        "execution_blocked_non_positive_price": 0,
        "no_trade_diagnosis": "",
        "no_trade_min_trades": 1,
        "no_trade_gate_passed": true,
        "return_trace_file": "/home/harveybc/Documents/GitHub/financial-data/experiments/stage_a_screening/runs/omega/ethusdt_perp_4h_sac_learned_cnn_direct_atr_sltp_s0_20260524T101759Z_project3_stage31_firstwave/return_trace.csv",
        "return_trace_metadata_file": "/home/harveybc/Documents/GitHub/financial-data/experiments/stage_a_screening/runs/omega/ethusdt_perp_4h_sac_learned_cnn_direct_atr_sltp_s0_20260524T101759Z_project3_stage31_firstwave/return_trace.csv.meta.json",
        "return_trace_evidence": {
          "schema_version": "project3_return_trace_evidence_v1",
          "generated_at": "2026-05-24T10:25:50Z",
          "run_id": "ethusdt_perp_4h_sac_learned_cnn_direct_atr_sltp_s0_20260524T101759Z_project3_stage31_firstwave",
          "pipeline_plugin": "rl_pipeline",
          "trace_schema_version": "stage_b_return_trace_v1",
          "asset": "ethusdt_perp_4h",
          "timeframe": "4h",
          "seed": 0,
          "config_hash": "713227d33f1fecee20fbe6cfee6e01d5780a307d7031d51b774929d3196a31e7",
          "data_file": "/home/harveybc/Documents/GitHub/financial-data/experiments/stage_a_screening/inputs/ethusdt_perp/4h/learned_cnn/train.csv",
          "data_file_hash": "0cb60263326f9758e75eb26dec65a737e34218ec7b15733a62eb001681cbabeb",
          "feature_list_hash": null,
          "feature_columns": null,
          "feature_column_count": 0,
          "observation_state_fields": [
            "equity_norm",
            "position",
            "prices",
            "returns",
            "steps_remaining_norm",
            "unrealized_pnl_norm"
          ],
          "observation_state_hash": "a1b97276bf4bd7fae0ba79fc580caaa16c6274e1055a86f3ae9260d816090946",
          "heldout_boundary": "2025-01-01",
          "contains_heldout_rows": false,
          "stage_c_authorized": false,
          "broker_profile": null,
          "market_type": null,
          "trade_rate_band_id": null,
          "calendar_policy_id": null,
          "traces": [
            {
              "split": "evaluation",
              "trace_file": "/home/harveybc/Documents/GitHub/financial-data/experiments/stage_a_screening/runs/omega/ethusdt_perp_4h_sac_learned_cnn_direct_atr_sltp_s0_20260524T101759Z_project3_stage31_firstwave/return_trace.csv",
              "trace_file_sha256": "593552095a474b76cf073ecfdfb937938848eaecc2f1faf454c38513b5b9a9de",
              "metadata_file": "/home/harveybc/Documents/GitHub/financial-data/experiments/stage_a_screening/runs/omega/ethusdt_perp_4h_sac_learned_cnn_direct_atr_sltp_s0_20260524T101759Z_project3_stage31_firstwave/return_trace.csv.meta.json",
              "row_count": 8975,
              "first_timestamp": "2019-11-27 04:00:00",
              "last_timestamp": "2023-12-31 20:00:00",
              "contains_heldout_rows": false,
              "stage_c_authorized": false,
              "episode_id": "ethusdt_perp_4h_sac_learned_cnn_direct_atr_sltp_s0_20260524T101759Z_project3_stage31_firstwave::eval0",
              "feature_list_hash": null,
              "feature_column_count": 0,
              "observation_state_hash": "a1b97276bf4bd7fae0ba79fc580caaa16c6274e1055a86f3ae9260d816090946"
            }
          ],
          "evidence_file": "/home/harveybc/Documents/GitHub/financial-data/experiments/stage_a_screening/runs/omega/ethusdt_perp_4h_sac_learned_cnn_direct_atr_sltp_s0_20260524T101759Z_project3_stage31_firstwave/evidence.json"
        },
        "return_trace_evidence_file": "/home/harveybc/Documents/GitHub/financial-data/experiments/stage_a_screening/runs/omega/ethusdt_perp_4h_sac_learned_cnn_direct_atr_sltp_s0_20260524T101759Z_project3_stage31_firstwave/evidence.json",
        "mode": "train"
      },
      "run_dir": "/home/harveybc/Documents/GitHub/financial-data/experiments/stage_a_screening/runs/omega/ethusdt_perp_4h_sac_learned_cnn_direct_atr_sltp_s0_20260524T101759Z_project3_stage31_firstwave"
    }
  ]
}
