[seed_sweep] running seed=0 run_dir=/home/harveybc/Documents/GitHub/financial-data/experiments/stage_a_screening/runs/omega/ethusdt_perp_4h_dqn_tech_full_direct_atr_sltp_s0_20260524T090524Z_project3_stage31_firstwave
{
  "ok": true,
  "results": [
    {
      "seed": 0,
      "exit_code": 0,
      "summary": {
        "initial_cash": 10000.0,
        "final_equity": 10021.671209486847,
        "total_return": 0.002167120948684653,
        "max_drawdown_pct": 0.4412194669209605,
        "max_drawdown_money": 44.344438313992214,
        "sharpe_ratio": -0.40389188845575574,
        "sqn": 0.3454615315734135,
        "trades_total": 278,
        "trades_won": 129,
        "trades_lost": 148,
        "avg_trade_pnl": 0.046331542128932576,
        "action_diagnostics": {
          "steps": 8777,
          "hold_actions": 210,
          "long_actions": 8511,
          "short_actions": 56,
          "non_hold_actions": 8567,
          "continuous_deadband_actions": 0,
          "raw_abs_sum": 8623.0,
          "raw_min": 0.0,
          "raw_max": 2.0,
          "continuous_action_threshold": null
        },
        "execution_diagnostics": {
          "entry_actions_seen": 8566,
          "entry_orders_submitted": 274,
          "blocked_session_filter": 0,
          "blocked_atr_warmup": 13,
          "blocked_non_positive_atr": 0,
          "blocked_non_positive_size": 0,
          "blocked_non_positive_price": 0,
          "default_orders_submitted": 0,
          "plugin_apply_errors": 0
        },
        "episode_reward": 0.0021541109486846737,
        "episode_length": 8777,
        "eval_seed": 0,
        "action_steps": 8777,
        "action_hold_count": 210,
        "action_long_count": 8511,
        "action_short_count": 56,
        "action_non_hold_count": 8567,
        "action_non_hold_rate": 0.9760738293266492,
        "action_abs_mean": 0.9824541415062095,
        "action_raw_min": 0.0,
        "action_raw_max": 2.0,
        "action_deadband_count": 0,
        "action_deadband_rate": 0.0,
        "execution_entry_actions_seen": 8566,
        "execution_entry_orders_submitted": 274,
        "execution_blocked_atr_warmup": 13,
        "execution_blocked_session_filter": 0,
        "execution_blocked_non_positive_atr": 0,
        "execution_blocked_non_positive_size": 0,
        "execution_blocked_non_positive_price": 0,
        "no_trade_diagnosis": "",
        "no_trade_min_trades": 1,
        "no_trade_gate_passed": true,
        "return_trace_file": "/home/harveybc/Documents/GitHub/financial-data/experiments/stage_a_screening/runs/omega/ethusdt_perp_4h_dqn_tech_full_direct_atr_sltp_s0_20260524T090524Z_project3_stage31_firstwave/return_trace.csv",
        "return_trace_metadata_file": "/home/harveybc/Documents/GitHub/financial-data/experiments/stage_a_screening/runs/omega/ethusdt_perp_4h_dqn_tech_full_direct_atr_sltp_s0_20260524T090524Z_project3_stage31_firstwave/return_trace.csv.meta.json",
        "return_trace_evidence": {
          "schema_version": "project3_return_trace_evidence_v1",
          "generated_at": "2026-05-24T09:07:04Z",
          "run_id": "ethusdt_perp_4h_dqn_tech_full_direct_atr_sltp_s0_20260524T090524Z_project3_stage31_firstwave",
          "pipeline_plugin": "rl_pipeline",
          "trace_schema_version": "stage_b_return_trace_v1",
          "asset": "ethusdt_perp_4h",
          "timeframe": "4h",
          "seed": 0,
          "config_hash": "6fc886413be7bfa7fd97ffc5db455b8516f156e62c09a610dbce604c12e809bc",
          "data_file": "/home/harveybc/Documents/GitHub/financial-data/experiments/stage_a_screening/inputs/ethusdt_perp/4h/tech_full/train.csv",
          "data_file_hash": "0f510e6eedbefed36be9525913cd82c04c7a41a8a5725e6c386f8cd30189a623",
          "feature_list_hash": null,
          "feature_columns": null,
          "feature_column_count": 0,
          "observation_state_fields": [
            "equity_norm",
            "position",
            "prices",
            "returns",
            "steps_remaining_norm",
            "unrealized_pnl_norm"
          ],
          "observation_state_hash": "a1b97276bf4bd7fae0ba79fc580caaa16c6274e1055a86f3ae9260d816090946",
          "heldout_boundary": "2025-01-01",
          "contains_heldout_rows": false,
          "stage_c_authorized": false,
          "broker_profile": null,
          "market_type": null,
          "trade_rate_band_id": null,
          "calendar_policy_id": null,
          "traces": [
            {
              "split": "evaluation",
              "trace_file": "/home/harveybc/Documents/GitHub/financial-data/experiments/stage_a_screening/runs/omega/ethusdt_perp_4h_dqn_tech_full_direct_atr_sltp_s0_20260524T090524Z_project3_stage31_firstwave/return_trace.csv",
              "trace_file_sha256": "bce50e884f13b92ff656402912f4115de5a97adf39bc9ab04dfa92485abc757c",
              "metadata_file": "/home/harveybc/Documents/GitHub/financial-data/experiments/stage_a_screening/runs/omega/ethusdt_perp_4h_dqn_tech_full_direct_atr_sltp_s0_20260524T090524Z_project3_stage31_firstwave/return_trace.csv.meta.json",
              "row_count": 8776,
              "first_timestamp": "2019-12-30 08:00:00",
              "last_timestamp": "2023-12-31 20:00:00",
              "contains_heldout_rows": false,
              "stage_c_authorized": false,
              "episode_id": "ethusdt_perp_4h_dqn_tech_full_direct_atr_sltp_s0_20260524T090524Z_project3_stage31_firstwave::eval0",
              "feature_list_hash": null,
              "feature_column_count": 0,
              "observation_state_hash": "a1b97276bf4bd7fae0ba79fc580caaa16c6274e1055a86f3ae9260d816090946"
            }
          ],
          "evidence_file": "/home/harveybc/Documents/GitHub/financial-data/experiments/stage_a_screening/runs/omega/ethusdt_perp_4h_dqn_tech_full_direct_atr_sltp_s0_20260524T090524Z_project3_stage31_firstwave/evidence.json"
        },
        "return_trace_evidence_file": "/home/harveybc/Documents/GitHub/financial-data/experiments/stage_a_screening/runs/omega/ethusdt_perp_4h_dqn_tech_full_direct_atr_sltp_s0_20260524T090524Z_project3_stage31_firstwave/evidence.json",
        "mode": "train"
      },
      "run_dir": "/home/harveybc/Documents/GitHub/financial-data/experiments/stage_a_screening/runs/omega/ethusdt_perp_4h_dqn_tech_full_direct_atr_sltp_s0_20260524T090524Z_project3_stage31_firstwave"
    }
  ]
}
