[seed_sweep] running seed=1 run_dir=/home/harveybc/Documents/GitHub/financial-data/experiments/stage_a_screening/runs/omega/ethusdt_4h_dqn_sota_low_cost_direct_atr_sltp_s1_20260524T015830Z_project3_stage31_firstwave
{
  "ok": true,
  "results": [
    {
      "seed": 1,
      "exit_code": 0,
      "summary": {
        "initial_cash": 10000.0,
        "final_equity": 9999.684588155156,
        "total_return": -3.154118448434051e-05,
        "max_drawdown_pct": 0.5777052451584729,
        "max_drawdown_money": 58.01541391256069,
        "sharpe_ratio": -0.411007681993246,
        "sqn": -0.5667564116714078,
        "trades_total": 88,
        "trades_won": 39,
        "trades_lost": 48,
        "avg_trade_pnl": -0.1796021736683085,
        "action_diagnostics": {
          "steps": 8972,
          "hold_actions": 11,
          "long_actions": 8931,
          "short_actions": 30,
          "non_hold_actions": 8961,
          "continuous_deadband_actions": 0,
          "raw_abs_sum": 8991.0,
          "raw_min": 0.0,
          "raw_max": 2.0,
          "continuous_action_threshold": null
        },
        "execution_diagnostics": {
          "entry_actions_seen": 8960,
          "entry_orders_submitted": 86,
          "blocked_session_filter": 0,
          "blocked_atr_warmup": 13,
          "blocked_non_positive_atr": 0,
          "blocked_non_positive_size": 0,
          "blocked_non_positive_price": 0,
          "default_orders_submitted": 0,
          "plugin_apply_errors": 0
        },
        "episode_reward": -4.450118448440031e-05,
        "episode_length": 8972,
        "eval_seed": 1,
        "action_steps": 8972,
        "action_hold_count": 11,
        "action_long_count": 8931,
        "action_short_count": 30,
        "action_non_hold_count": 8961,
        "action_non_hold_rate": 0.998773963441819,
        "action_abs_mean": 1.0021176995095853,
        "action_raw_min": 0.0,
        "action_raw_max": 2.0,
        "action_deadband_count": 0,
        "action_deadband_rate": 0.0,
        "execution_entry_actions_seen": 8960,
        "execution_entry_orders_submitted": 86,
        "execution_blocked_atr_warmup": 13,
        "execution_blocked_session_filter": 0,
        "execution_blocked_non_positive_atr": 0,
        "execution_blocked_non_positive_size": 0,
        "execution_blocked_non_positive_price": 0,
        "no_trade_diagnosis": "",
        "no_trade_min_trades": 1,
        "no_trade_gate_passed": true,
        "return_trace_file": "/home/harveybc/Documents/GitHub/financial-data/experiments/stage_a_screening/runs/omega/ethusdt_4h_dqn_sota_low_cost_direct_atr_sltp_s1_20260524T015830Z_project3_stage31_firstwave/return_trace.csv",
        "return_trace_metadata_file": "/home/harveybc/Documents/GitHub/financial-data/experiments/stage_a_screening/runs/omega/ethusdt_4h_dqn_sota_low_cost_direct_atr_sltp_s1_20260524T015830Z_project3_stage31_firstwave/return_trace.csv.meta.json",
        "return_trace_evidence": {
          "schema_version": "project3_return_trace_evidence_v1",
          "generated_at": "2026-05-24T01:59:53Z",
          "run_id": "ethusdt_4h_dqn_sota_low_cost_direct_atr_sltp_s1_20260524T015830Z_project3_stage31_firstwave",
          "pipeline_plugin": "rl_pipeline",
          "trace_schema_version": "stage_b_return_trace_v1",
          "asset": "ethusdt_4h",
          "timeframe": "4h",
          "seed": 1,
          "config_hash": "707e88e33046f62061eaa33c1fd80ce76f44556914e61e5a39a483b0865f628e",
          "data_file": "/home/harveybc/Documents/GitHub/financial-data/experiments/stage_a_screening/inputs/ethusdt/4h/sota_low_cost/train.csv",
          "data_file_hash": "ea78d0f22d73bd96b7959f197de9c1ba69029f57a93169d9ad5dfc7061782796",
          "feature_list_hash": null,
          "feature_columns": null,
          "feature_column_count": 0,
          "observation_state_fields": [
            "equity_norm",
            "position",
            "prices",
            "returns",
            "steps_remaining_norm",
            "unrealized_pnl_norm"
          ],
          "observation_state_hash": "a1b97276bf4bd7fae0ba79fc580caaa16c6274e1055a86f3ae9260d816090946",
          "heldout_boundary": "2025-01-01",
          "contains_heldout_rows": false,
          "stage_c_authorized": false,
          "broker_profile": null,
          "market_type": null,
          "trade_rate_band_id": null,
          "calendar_policy_id": null,
          "traces": [
            {
              "split": "evaluation",
              "trace_file": "/home/harveybc/Documents/GitHub/financial-data/experiments/stage_a_screening/runs/omega/ethusdt_4h_dqn_sota_low_cost_direct_atr_sltp_s1_20260524T015830Z_project3_stage31_firstwave/return_trace.csv",
              "trace_file_sha256": "623976431d4ce75334d1551e33b7a6baf0ffd01c6ba9ed37281920bac445b0d2",
              "metadata_file": "/home/harveybc/Documents/GitHub/financial-data/experiments/stage_a_screening/runs/omega/ethusdt_4h_dqn_sota_low_cost_direct_atr_sltp_s1_20260524T015830Z_project3_stage31_firstwave/return_trace.csv.meta.json",
              "row_count": 8971,
              "first_timestamp": "2019-11-27 16:00:00",
              "last_timestamp": "2023-12-31 20:00:00",
              "contains_heldout_rows": false,
              "stage_c_authorized": false,
              "episode_id": "ethusdt_4h_dqn_sota_low_cost_direct_atr_sltp_s1_20260524T015830Z_project3_stage31_firstwave::eval0",
              "feature_list_hash": null,
              "feature_column_count": 0,
              "observation_state_hash": "a1b97276bf4bd7fae0ba79fc580caaa16c6274e1055a86f3ae9260d816090946"
            }
          ],
          "evidence_file": "/home/harveybc/Documents/GitHub/financial-data/experiments/stage_a_screening/runs/omega/ethusdt_4h_dqn_sota_low_cost_direct_atr_sltp_s1_20260524T015830Z_project3_stage31_firstwave/evidence.json"
        },
        "return_trace_evidence_file": "/home/harveybc/Documents/GitHub/financial-data/experiments/stage_a_screening/runs/omega/ethusdt_4h_dqn_sota_low_cost_direct_atr_sltp_s1_20260524T015830Z_project3_stage31_firstwave/evidence.json",
        "mode": "train"
      },
      "run_dir": "/home/harveybc/Documents/GitHub/financial-data/experiments/stage_a_screening/runs/omega/ethusdt_4h_dqn_sota_low_cost_direct_atr_sltp_s1_20260524T015830Z_project3_stage31_firstwave"
    }
  ]
}
