[seed_sweep] running seed=0 run_dir=/home/harveybc/Documents/GitHub/financial-data/experiments/stage_a_screening/runs/omega/ethusdt_perp_4h_sac_tech_stat_direct_atr_sltp_s0_20260524T090902Z_project3_stage31_firstwave
{
  "ok": true,
  "results": [
    {
      "seed": 0,
      "exit_code": 0,
      "summary": {
        "initial_cash": 10000.0,
        "final_equity": 8510.716924754272,
        "total_return": -0.14892830752457287,
        "max_drawdown_pct": 17.07525347367271,
        "max_drawdown_money": 1717.4524008478365,
        "sharpe_ratio": -0.06287805740528209,
        "sqn": -1.9779760775788064,
        "trades_total": 469,
        "trades_won": 165,
        "trades_lost": 303,
        "avg_trade_pnl": -3.195757164056251,
        "action_diagnostics": {
          "steps": 8724,
          "hold_actions": 0,
          "long_actions": 0,
          "short_actions": 8724,
          "non_hold_actions": 8724,
          "continuous_deadband_actions": 0,
          "raw_abs_sum": 8410.176639318466,
          "raw_min": -0.9640275835990906,
          "raw_max": -0.9640275835990906,
          "continuous_action_threshold": 0.1
        },
        "execution_diagnostics": {
          "entry_actions_seen": 8723,
          "entry_orders_submitted": 469,
          "blocked_session_filter": 0,
          "blocked_atr_warmup": 13,
          "blocked_non_positive_atr": 0,
          "blocked_non_positive_size": 0,
          "blocked_non_positive_price": 0,
          "default_orders_submitted": 0,
          "plugin_apply_errors": 0
        },
        "episode_reward": -0.14868973552894119,
        "episode_length": 8724,
        "eval_seed": 0,
        "action_steps": 8724,
        "action_hold_count": 0,
        "action_long_count": 0,
        "action_short_count": 8724,
        "action_non_hold_count": 8724,
        "action_non_hold_rate": 1.0,
        "action_abs_mean": 0.9640275835990906,
        "action_raw_min": -0.9640275835990906,
        "action_raw_max": -0.9640275835990906,
        "action_deadband_count": 0,
        "action_deadband_rate": 0.0,
        "execution_entry_actions_seen": 8723,
        "execution_entry_orders_submitted": 469,
        "execution_blocked_atr_warmup": 13,
        "execution_blocked_session_filter": 0,
        "execution_blocked_non_positive_atr": 0,
        "execution_blocked_non_positive_size": 0,
        "execution_blocked_non_positive_price": 0,
        "no_trade_diagnosis": "",
        "no_trade_min_trades": 1,
        "no_trade_gate_passed": true,
        "return_trace_file": "/home/harveybc/Documents/GitHub/financial-data/experiments/stage_a_screening/runs/omega/ethusdt_perp_4h_sac_tech_stat_direct_atr_sltp_s0_20260524T090902Z_project3_stage31_firstwave/return_trace.csv",
        "return_trace_metadata_file": "/home/harveybc/Documents/GitHub/financial-data/experiments/stage_a_screening/runs/omega/ethusdt_perp_4h_sac_tech_stat_direct_atr_sltp_s0_20260524T090902Z_project3_stage31_firstwave/return_trace.csv.meta.json",
        "return_trace_evidence": {
          "schema_version": "project3_return_trace_evidence_v1",
          "generated_at": "2026-05-24T09:16:57Z",
          "run_id": "ethusdt_perp_4h_sac_tech_stat_direct_atr_sltp_s0_20260524T090902Z_project3_stage31_firstwave",
          "pipeline_plugin": "rl_pipeline",
          "trace_schema_version": "stage_b_return_trace_v1",
          "asset": "ethusdt_perp_4h",
          "timeframe": "4h",
          "seed": 0,
          "config_hash": "df1cd8df13670723fdac98cbd1b5995b037a7d6fa974d85f3db759fdb465ddce",
          "data_file": "/home/harveybc/Documents/GitHub/financial-data/experiments/stage_a_screening/inputs/ethusdt_perp/4h/tech_stat/train.csv",
          "data_file_hash": "1dcaf734ae9b79e0e36c2c433c683e6d8363f5f3b62e7c2140e0fe84f1e01197",
          "feature_list_hash": null,
          "feature_columns": null,
          "feature_column_count": 0,
          "observation_state_fields": [
            "equity_norm",
            "position",
            "prices",
            "returns",
            "steps_remaining_norm",
            "unrealized_pnl_norm"
          ],
          "observation_state_hash": "a1b97276bf4bd7fae0ba79fc580caaa16c6274e1055a86f3ae9260d816090946",
          "heldout_boundary": "2025-01-01",
          "contains_heldout_rows": false,
          "stage_c_authorized": false,
          "broker_profile": null,
          "market_type": null,
          "trade_rate_band_id": null,
          "calendar_policy_id": null,
          "traces": [
            {
              "split": "evaluation",
              "trace_file": "/home/harveybc/Documents/GitHub/financial-data/experiments/stage_a_screening/runs/omega/ethusdt_perp_4h_sac_tech_stat_direct_atr_sltp_s0_20260524T090902Z_project3_stage31_firstwave/return_trace.csv",
              "trace_file_sha256": "f5b019a649aa1908f588895a2e83844d4a415b22b6a76b46ef1513aaaa554642",
              "metadata_file": "/home/harveybc/Documents/GitHub/financial-data/experiments/stage_a_screening/runs/omega/ethusdt_perp_4h_sac_tech_stat_direct_atr_sltp_s0_20260524T090902Z_project3_stage31_firstwave/return_trace.csv.meta.json",
              "row_count": 8723,
              "first_timestamp": "2020-01-08 04:00:00",
              "last_timestamp": "2023-12-31 20:00:00",
              "contains_heldout_rows": false,
              "stage_c_authorized": false,
              "episode_id": "ethusdt_perp_4h_sac_tech_stat_direct_atr_sltp_s0_20260524T090902Z_project3_stage31_firstwave::eval0",
              "feature_list_hash": null,
              "feature_column_count": 0,
              "observation_state_hash": "a1b97276bf4bd7fae0ba79fc580caaa16c6274e1055a86f3ae9260d816090946"
            }
          ],
          "evidence_file": "/home/harveybc/Documents/GitHub/financial-data/experiments/stage_a_screening/runs/omega/ethusdt_perp_4h_sac_tech_stat_direct_atr_sltp_s0_20260524T090902Z_project3_stage31_firstwave/evidence.json"
        },
        "return_trace_evidence_file": "/home/harveybc/Documents/GitHub/financial-data/experiments/stage_a_screening/runs/omega/ethusdt_perp_4h_sac_tech_stat_direct_atr_sltp_s0_20260524T090902Z_project3_stage31_firstwave/evidence.json",
        "mode": "train"
      },
      "run_dir": "/home/harveybc/Documents/GitHub/financial-data/experiments/stage_a_screening/runs/omega/ethusdt_perp_4h_sac_tech_stat_direct_atr_sltp_s0_20260524T090902Z_project3_stage31_firstwave"
    }
  ]
}
