[seed_sweep] running seed=0 run_dir=/home/harveybc/Documents/GitHub/financial-data/experiments/stage_a_screening/runs/omega/ethusdt_4h_dqn_tech_stat_decomp_direct_atr_sltp_s0_20260524T011717Z_project3_stage31_firstwave
{
  "ok": true,
  "results": [
    {
      "seed": 0,
      "exit_code": 0,
      "summary": {
        "initial_cash": 10000.0,
        "final_equity": 10015.755362583153,
        "total_return": 0.001575536258315413,
        "max_drawdown_pct": 0.5111456077135436,
        "max_drawdown_money": 51.3648173239817,
        "sharpe_ratio": -0.40519117907533897,
        "sqn": 0.1989537465048691,
        "trades_total": 460,
        "trades_won": 222,
        "trades_lost": 237,
        "avg_trade_pnl": 0.01594910414628075,
        "action_diagnostics": {
          "steps": 13697,
          "hold_actions": 1863,
          "long_actions": 11683,
          "short_actions": 151,
          "non_hold_actions": 11834,
          "continuous_deadband_actions": 0,
          "raw_abs_sum": 11985.0,
          "raw_min": 0.0,
          "raw_max": 2.0,
          "continuous_action_threshold": null
        },
        "execution_diagnostics": {
          "entry_actions_seen": 11833,
          "entry_orders_submitted": 432,
          "blocked_session_filter": 0,
          "blocked_atr_warmup": 12,
          "blocked_non_positive_atr": 0,
          "blocked_non_positive_size": 0,
          "blocked_non_positive_price": 0,
          "default_orders_submitted": 0,
          "plugin_apply_errors": 0
        },
        "episode_reward": 0.0015625762583153149,
        "episode_length": 13697,
        "eval_seed": 0,
        "action_steps": 13697,
        "action_hold_count": 1863,
        "action_long_count": 11683,
        "action_short_count": 151,
        "action_non_hold_count": 11834,
        "action_non_hold_rate": 0.863984814192889,
        "action_abs_mean": 0.8750091260860042,
        "action_raw_min": 0.0,
        "action_raw_max": 2.0,
        "action_deadband_count": 0,
        "action_deadband_rate": 0.0,
        "execution_entry_actions_seen": 11833,
        "execution_entry_orders_submitted": 432,
        "execution_blocked_atr_warmup": 12,
        "execution_blocked_session_filter": 0,
        "execution_blocked_non_positive_atr": 0,
        "execution_blocked_non_positive_size": 0,
        "execution_blocked_non_positive_price": 0,
        "no_trade_diagnosis": "",
        "no_trade_min_trades": 1,
        "no_trade_gate_passed": true,
        "return_trace_file": "/home/harveybc/Documents/GitHub/financial-data/experiments/stage_a_screening/runs/omega/ethusdt_4h_dqn_tech_stat_decomp_direct_atr_sltp_s0_20260524T011717Z_project3_stage31_firstwave/return_trace.csv",
        "return_trace_metadata_file": "/home/harveybc/Documents/GitHub/financial-data/experiments/stage_a_screening/runs/omega/ethusdt_4h_dqn_tech_stat_decomp_direct_atr_sltp_s0_20260524T011717Z_project3_stage31_firstwave/return_trace.csv.meta.json",
        "return_trace_evidence": {
          "schema_version": "project3_return_trace_evidence_v1",
          "generated_at": "2026-05-24T01:18:53Z",
          "run_id": "ethusdt_4h_dqn_tech_stat_decomp_direct_atr_sltp_s0_20260524T011717Z_project3_stage31_firstwave",
          "pipeline_plugin": "rl_pipeline",
          "trace_schema_version": "stage_b_return_trace_v1",
          "asset": "ethusdt_4h",
          "timeframe": "4h",
          "seed": 0,
          "config_hash": "3bd21958422e7dbd9215159838d526c29bd54099f3adcdb5672173b2c6e2076e",
          "data_file": "/home/harveybc/Documents/GitHub/financial-data/experiments/stage_a_screening/inputs/ethusdt/4h/tech_stat_decomp/train.csv",
          "data_file_hash": "7073b5c94ea25b376891ec1b72df61d9e90a85b2615e74ece7114748a0ee2115",
          "feature_list_hash": null,
          "feature_columns": null,
          "feature_column_count": 0,
          "observation_state_fields": [
            "equity_norm",
            "position",
            "prices",
            "returns",
            "steps_remaining_norm",
            "unrealized_pnl_norm"
          ],
          "observation_state_hash": "a1b97276bf4bd7fae0ba79fc580caaa16c6274e1055a86f3ae9260d816090946",
          "heldout_boundary": "2025-01-01",
          "contains_heldout_rows": false,
          "stage_c_authorized": false,
          "broker_profile": null,
          "market_type": null,
          "trade_rate_band_id": null,
          "calendar_policy_id": null,
          "traces": [
            {
              "split": "evaluation",
              "trace_file": "/home/harveybc/Documents/GitHub/financial-data/experiments/stage_a_screening/runs/omega/ethusdt_4h_dqn_tech_stat_decomp_direct_atr_sltp_s0_20260524T011717Z_project3_stage31_firstwave/return_trace.csv",
              "trace_file_sha256": "f3c65b81a15006ad6e7f87dd390b3ffa902e0b35ee5cc31941ab382d07db949e",
              "metadata_file": "/home/harveybc/Documents/GitHub/financial-data/experiments/stage_a_screening/runs/omega/ethusdt_4h_dqn_tech_stat_decomp_direct_atr_sltp_s0_20260524T011717Z_project3_stage31_firstwave/return_trace.csv.meta.json",
              "row_count": 13696,
              "first_timestamp": "2017-09-28 16:00:00",
              "last_timestamp": "2023-12-31 20:00:00",
              "contains_heldout_rows": false,
              "stage_c_authorized": false,
              "episode_id": "ethusdt_4h_dqn_tech_stat_decomp_direct_atr_sltp_s0_20260524T011717Z_project3_stage31_firstwave::eval0",
              "feature_list_hash": null,
              "feature_column_count": 0,
              "observation_state_hash": "a1b97276bf4bd7fae0ba79fc580caaa16c6274e1055a86f3ae9260d816090946"
            }
          ],
          "evidence_file": "/home/harveybc/Documents/GitHub/financial-data/experiments/stage_a_screening/runs/omega/ethusdt_4h_dqn_tech_stat_decomp_direct_atr_sltp_s0_20260524T011717Z_project3_stage31_firstwave/evidence.json"
        },
        "return_trace_evidence_file": "/home/harveybc/Documents/GitHub/financial-data/experiments/stage_a_screening/runs/omega/ethusdt_4h_dqn_tech_stat_decomp_direct_atr_sltp_s0_20260524T011717Z_project3_stage31_firstwave/evidence.json",
        "mode": "train"
      },
      "run_dir": "/home/harveybc/Documents/GitHub/financial-data/experiments/stage_a_screening/runs/omega/ethusdt_4h_dqn_tech_stat_decomp_direct_atr_sltp_s0_20260524T011717Z_project3_stage31_firstwave"
    }
  ]
}
