[seed_sweep] running seed=1 run_dir=/home/harveybc/Documents/GitHub/financial-data/experiments/stage_a_screening/runs/omega/ethusdt_perp_4h_dqn_tech_full_direct_atr_sltp_s1_20260524T090711Z_project3_stage31_firstwave
{
  "ok": true,
  "results": [
    {
      "seed": 1,
      "exit_code": 0,
      "summary": {
        "initial_cash": 10000.0,
        "final_equity": 9987.581323513721,
        "total_return": -0.0012418676486278812,
        "max_drawdown_pct": 0.3870076359215249,
        "max_drawdown_money": 38.70099023631337,
        "sharpe_ratio": -0.39748920091672074,
        "sqn": -0.2230033045108749,
        "trades_total": 482,
        "trades_won": 216,
        "trades_lost": 265,
        "avg_trade_pnl": -0.018621847402435433,
        "action_diagnostics": {
          "steps": 8777,
          "hold_actions": 5210,
          "long_actions": 214,
          "short_actions": 3353,
          "non_hold_actions": 3567,
          "continuous_deadband_actions": 0,
          "raw_abs_sum": 6920.0,
          "raw_min": 0.0,
          "raw_max": 2.0,
          "continuous_action_threshold": null
        },
        "execution_diagnostics": {
          "entry_actions_seen": 3567,
          "entry_orders_submitted": 446,
          "blocked_session_filter": 0,
          "blocked_atr_warmup": 8,
          "blocked_non_positive_atr": 0,
          "blocked_non_positive_size": 0,
          "blocked_non_positive_price": 0,
          "default_orders_submitted": 0,
          "plugin_apply_errors": 0
        },
        "episode_reward": -0.0012288576486278538,
        "episode_length": 8777,
        "eval_seed": 1,
        "action_steps": 8777,
        "action_hold_count": 5210,
        "action_long_count": 214,
        "action_short_count": 3353,
        "action_non_hold_count": 3567,
        "action_non_hold_rate": 0.4064030990087729,
        "action_abs_mean": 0.7884242907599408,
        "action_raw_min": 0.0,
        "action_raw_max": 2.0,
        "action_deadband_count": 0,
        "action_deadband_rate": 0.0,
        "execution_entry_actions_seen": 3567,
        "execution_entry_orders_submitted": 446,
        "execution_blocked_atr_warmup": 8,
        "execution_blocked_session_filter": 0,
        "execution_blocked_non_positive_atr": 0,
        "execution_blocked_non_positive_size": 0,
        "execution_blocked_non_positive_price": 0,
        "no_trade_diagnosis": "",
        "no_trade_min_trades": 1,
        "no_trade_gate_passed": true,
        "return_trace_file": "/home/harveybc/Documents/GitHub/financial-data/experiments/stage_a_screening/runs/omega/ethusdt_perp_4h_dqn_tech_full_direct_atr_sltp_s1_20260524T090711Z_project3_stage31_firstwave/return_trace.csv",
        "return_trace_metadata_file": "/home/harveybc/Documents/GitHub/financial-data/experiments/stage_a_screening/runs/omega/ethusdt_perp_4h_dqn_tech_full_direct_atr_sltp_s1_20260524T090711Z_project3_stage31_firstwave/return_trace.csv.meta.json",
        "return_trace_evidence": {
          "schema_version": "project3_return_trace_evidence_v1",
          "generated_at": "2026-05-24T09:08:51Z",
          "run_id": "ethusdt_perp_4h_dqn_tech_full_direct_atr_sltp_s1_20260524T090711Z_project3_stage31_firstwave",
          "pipeline_plugin": "rl_pipeline",
          "trace_schema_version": "stage_b_return_trace_v1",
          "asset": "ethusdt_perp_4h",
          "timeframe": "4h",
          "seed": 1,
          "config_hash": "07104669e26fa7dfa667de1125510897a595836ee8bb9c49c74596a4541d3732",
          "data_file": "/home/harveybc/Documents/GitHub/financial-data/experiments/stage_a_screening/inputs/ethusdt_perp/4h/tech_full/train.csv",
          "data_file_hash": "0f510e6eedbefed36be9525913cd82c04c7a41a8a5725e6c386f8cd30189a623",
          "feature_list_hash": null,
          "feature_columns": null,
          "feature_column_count": 0,
          "observation_state_fields": [
            "equity_norm",
            "position",
            "prices",
            "returns",
            "steps_remaining_norm",
            "unrealized_pnl_norm"
          ],
          "observation_state_hash": "a1b97276bf4bd7fae0ba79fc580caaa16c6274e1055a86f3ae9260d816090946",
          "heldout_boundary": "2025-01-01",
          "contains_heldout_rows": false,
          "stage_c_authorized": false,
          "broker_profile": null,
          "market_type": null,
          "trade_rate_band_id": null,
          "calendar_policy_id": null,
          "traces": [
            {
              "split": "evaluation",
              "trace_file": "/home/harveybc/Documents/GitHub/financial-data/experiments/stage_a_screening/runs/omega/ethusdt_perp_4h_dqn_tech_full_direct_atr_sltp_s1_20260524T090711Z_project3_stage31_firstwave/return_trace.csv",
              "trace_file_sha256": "299130808d59c0bfe122e802577071e22a4b3e666d5d88c9c9f323d86b721bea",
              "metadata_file": "/home/harveybc/Documents/GitHub/financial-data/experiments/stage_a_screening/runs/omega/ethusdt_perp_4h_dqn_tech_full_direct_atr_sltp_s1_20260524T090711Z_project3_stage31_firstwave/return_trace.csv.meta.json",
              "row_count": 8776,
              "first_timestamp": "2019-12-30 08:00:00",
              "last_timestamp": "2023-12-31 20:00:00",
              "contains_heldout_rows": false,
              "stage_c_authorized": false,
              "episode_id": "ethusdt_perp_4h_dqn_tech_full_direct_atr_sltp_s1_20260524T090711Z_project3_stage31_firstwave::eval0",
              "feature_list_hash": null,
              "feature_column_count": 0,
              "observation_state_hash": "a1b97276bf4bd7fae0ba79fc580caaa16c6274e1055a86f3ae9260d816090946"
            }
          ],
          "evidence_file": "/home/harveybc/Documents/GitHub/financial-data/experiments/stage_a_screening/runs/omega/ethusdt_perp_4h_dqn_tech_full_direct_atr_sltp_s1_20260524T090711Z_project3_stage31_firstwave/evidence.json"
        },
        "return_trace_evidence_file": "/home/harveybc/Documents/GitHub/financial-data/experiments/stage_a_screening/runs/omega/ethusdt_perp_4h_dqn_tech_full_direct_atr_sltp_s1_20260524T090711Z_project3_stage31_firstwave/evidence.json",
        "mode": "train"
      },
      "run_dir": "/home/harveybc/Documents/GitHub/financial-data/experiments/stage_a_screening/runs/omega/ethusdt_perp_4h_dqn_tech_full_direct_atr_sltp_s1_20260524T090711Z_project3_stage31_firstwave"
    }
  ]
}
