[seed_sweep] running seed=2 run_dir=/home/harveybc/Documents/GitHub/financial-data/experiments/stage_a_screening/runs/omega/ethusdt_perp_4h_dqn_learned_lstm_direct_atr_sltp_s2_20260516T060644Z_project3_stage31_firstwave
{
  "ok": true,
  "results": [
    {
      "seed": 2,
      "exit_code": 0,
      "summary": {
        "initial_cash": 10000.0,
        "final_equity": 10099.619741090863,
        "total_return": 0.009961974109086169,
        "max_drawdown_pct": 0.5000831272477481,
        "max_drawdown_money": 50.192263929131514,
        "sharpe_ratio": -0.15588415289489724,
        "sqn": 1.1002622302026737,
        "trades_total": 135,
        "trades_won": 63,
        "trades_lost": 72,
        "avg_trade_pnl": 0.7379240080804237,
        "action_diagnostics": {
          "steps": 8976,
          "hold_actions": 8147,
          "long_actions": 811,
          "short_actions": 18,
          "non_hold_actions": 829,
          "continuous_deadband_actions": 0,
          "raw_abs_sum": 847.0,
          "raw_min": 0.0,
          "raw_max": 2.0,
          "continuous_action_threshold": null
        },
        "execution_diagnostics": {
          "entry_actions_seen": 829,
          "entry_orders_submitted": 134,
          "blocked_session_filter": 0,
          "blocked_atr_warmup": 0,
          "blocked_non_positive_atr": 0,
          "blocked_non_positive_size": 0,
          "blocked_non_positive_price": 0,
          "default_orders_submitted": 0,
          "plugin_apply_errors": 0
        },
        "episode_reward": 0.00996197410908622,
        "episode_length": 8976,
        "eval_seed": 2,
        "action_steps": 8976,
        "action_hold_count": 8147,
        "action_long_count": 811,
        "action_short_count": 18,
        "action_non_hold_count": 829,
        "action_non_hold_rate": 0.09235739750445633,
        "action_abs_mean": 0.09436274509803921,
        "action_raw_min": 0.0,
        "action_raw_max": 2.0,
        "action_deadband_count": 0,
        "action_deadband_rate": 0.0,
        "execution_entry_actions_seen": 829,
        "execution_entry_orders_submitted": 134,
        "execution_blocked_atr_warmup": 0,
        "execution_blocked_session_filter": 0,
        "execution_blocked_non_positive_atr": 0,
        "execution_blocked_non_positive_size": 0,
        "execution_blocked_non_positive_price": 0,
        "no_trade_diagnosis": "",
        "no_trade_min_trades": 1,
        "no_trade_gate_passed": true,
        "return_trace_file": "/home/harveybc/Documents/GitHub/financial-data/experiments/stage_a_screening/runs/omega/ethusdt_perp_4h_dqn_learned_lstm_direct_atr_sltp_s2_20260516T060644Z_project3_stage31_firstwave/return_trace.csv",
        "return_trace_metadata_file": "/home/harveybc/Documents/GitHub/financial-data/experiments/stage_a_screening/runs/omega/ethusdt_perp_4h_dqn_learned_lstm_direct_atr_sltp_s2_20260516T060644Z_project3_stage31_firstwave/return_trace.csv.meta.json",
        "return_trace_evidence": {
          "schema_version": "project3_return_trace_evidence_v1",
          "generated_at": "2026-05-16T06:08:30Z",
          "run_id": "ethusdt_perp_4h_dqn_learned_lstm_direct_atr_sltp_s2_20260516T060644Z_project3_stage31_firstwave",
          "pipeline_plugin": "rl_pipeline",
          "trace_schema_version": "stage_b_return_trace_v1",
          "asset": "ethusdt_perp_4h",
          "timeframe": "4h",
          "seed": 2,
          "config_hash": "ebf8157c1aa178d8a36c78063ac926ce17c0b40d8cfebf34548439fbb4ce92da",
          "data_file": "/home/harveybc/Documents/GitHub/financial-data/experiments/stage_a_screening/inputs/ethusdt_perp/4h/learned_lstm/train.csv",
          "data_file_hash": "0cb60263326f9758e75eb26dec65a737e34218ec7b15733a62eb001681cbabeb",
          "feature_list_hash": null,
          "feature_columns": null,
          "feature_column_count": 0,
          "observation_state_fields": [
            "equity_norm",
            "position",
            "prices",
            "returns",
            "steps_remaining_norm",
            "unrealized_pnl_norm"
          ],
          "observation_state_hash": "a1b97276bf4bd7fae0ba79fc580caaa16c6274e1055a86f3ae9260d816090946",
          "heldout_boundary": "2025-01-01",
          "contains_heldout_rows": false,
          "stage_c_authorized": false,
          "broker_profile": null,
          "market_type": null,
          "trade_rate_band_id": null,
          "calendar_policy_id": null,
          "traces": [
            {
              "split": "evaluation",
              "trace_file": "/home/harveybc/Documents/GitHub/financial-data/experiments/stage_a_screening/runs/omega/ethusdt_perp_4h_dqn_learned_lstm_direct_atr_sltp_s2_20260516T060644Z_project3_stage31_firstwave/return_trace.csv",
              "trace_file_sha256": "5194a62ef6217f7d9f5d0473eaf6535e14298d1db43eaa415cb9778a47b4669d",
              "metadata_file": "/home/harveybc/Documents/GitHub/financial-data/experiments/stage_a_screening/runs/omega/ethusdt_perp_4h_dqn_learned_lstm_direct_atr_sltp_s2_20260516T060644Z_project3_stage31_firstwave/return_trace.csv.meta.json",
              "row_count": 8975,
              "first_timestamp": "2019-11-27 04:00:00",
              "last_timestamp": "2023-12-31 20:00:00",
              "contains_heldout_rows": false,
              "stage_c_authorized": false,
              "episode_id": "ethusdt_perp_4h_dqn_learned_lstm_direct_atr_sltp_s2_20260516T060644Z_project3_stage31_firstwave::eval0",
              "feature_list_hash": null,
              "feature_column_count": 0,
              "observation_state_hash": "a1b97276bf4bd7fae0ba79fc580caaa16c6274e1055a86f3ae9260d816090946"
            }
          ],
          "evidence_file": "/home/harveybc/Documents/GitHub/financial-data/experiments/stage_a_screening/runs/omega/ethusdt_perp_4h_dqn_learned_lstm_direct_atr_sltp_s2_20260516T060644Z_project3_stage31_firstwave/evidence.json"
        },
        "return_trace_evidence_file": "/home/harveybc/Documents/GitHub/financial-data/experiments/stage_a_screening/runs/omega/ethusdt_perp_4h_dqn_learned_lstm_direct_atr_sltp_s2_20260516T060644Z_project3_stage31_firstwave/evidence.json",
        "mode": "train"
      },
      "run_dir": "/home/harveybc/Documents/GitHub/financial-data/experiments/stage_a_screening/runs/omega/ethusdt_perp_4h_dqn_learned_lstm_direct_atr_sltp_s2_20260516T060644Z_project3_stage31_firstwave"
    }
  ]
}
