[seed_sweep] running seed=1 run_dir=/home/harveybc/Documents/GitHub/financial-data/experiments/stage_a_screening/runs/omega/ethusdt_perp_4h_dqn_tech_stat_decomp_direct_atr_sltp_s1_20260524T095908Z_project3_stage31_firstwave
{
  "ok": true,
  "results": [
    {
      "seed": 1,
      "exit_code": 0,
      "summary": {
        "initial_cash": 10000.0,
        "final_equity": 9988.538352763739,
        "total_return": -0.001146164723626164,
        "max_drawdown_pct": 0.5046235967994039,
        "max_drawdown_money": 50.61200453883794,
        "sharpe_ratio": -0.47385069832467414,
        "sqn": -0.3312712335804994,
        "trades_total": 279,
        "trades_won": 114,
        "trades_lost": 164,
        "avg_trade_pnl": -0.04062570833196278,
        "action_diagnostics": {
          "steps": 8721,
          "hold_actions": 6917,
          "long_actions": 1795,
          "short_actions": 9,
          "non_hold_actions": 1804,
          "continuous_deadband_actions": 0,
          "raw_abs_sum": 1813.0,
          "raw_min": 0.0,
          "raw_max": 2.0,
          "continuous_action_threshold": null
        },
        "execution_diagnostics": {
          "entry_actions_seen": 1804,
          "entry_orders_submitted": 278,
          "blocked_session_filter": 0,
          "blocked_atr_warmup": 0,
          "blocked_non_positive_atr": 0,
          "blocked_non_positive_size": 0,
          "blocked_non_positive_price": 0,
          "default_orders_submitted": 0,
          "plugin_apply_errors": 0
        },
        "episode_reward": -0.0011591747236261627,
        "episode_length": 8721,
        "eval_seed": 1,
        "action_steps": 8721,
        "action_hold_count": 6917,
        "action_long_count": 1795,
        "action_short_count": 9,
        "action_non_hold_count": 1804,
        "action_non_hold_rate": 0.20685701181057217,
        "action_abs_mean": 0.20788900355463824,
        "action_raw_min": 0.0,
        "action_raw_max": 2.0,
        "action_deadband_count": 0,
        "action_deadband_rate": 0.0,
        "execution_entry_actions_seen": 1804,
        "execution_entry_orders_submitted": 278,
        "execution_blocked_atr_warmup": 0,
        "execution_blocked_session_filter": 0,
        "execution_blocked_non_positive_atr": 0,
        "execution_blocked_non_positive_size": 0,
        "execution_blocked_non_positive_price": 0,
        "no_trade_diagnosis": "",
        "no_trade_min_trades": 1,
        "no_trade_gate_passed": true,
        "return_trace_file": "/home/harveybc/Documents/GitHub/financial-data/experiments/stage_a_screening/runs/omega/ethusdt_perp_4h_dqn_tech_stat_decomp_direct_atr_sltp_s1_20260524T095908Z_project3_stage31_firstwave/return_trace.csv",
        "return_trace_metadata_file": "/home/harveybc/Documents/GitHub/financial-data/experiments/stage_a_screening/runs/omega/ethusdt_perp_4h_dqn_tech_stat_decomp_direct_atr_sltp_s1_20260524T095908Z_project3_stage31_firstwave/return_trace.csv.meta.json",
        "return_trace_evidence": {
          "schema_version": "project3_return_trace_evidence_v1",
          "generated_at": "2026-05-24T10:00:47Z",
          "run_id": "ethusdt_perp_4h_dqn_tech_stat_decomp_direct_atr_sltp_s1_20260524T095908Z_project3_stage31_firstwave",
          "pipeline_plugin": "rl_pipeline",
          "trace_schema_version": "stage_b_return_trace_v1",
          "asset": "ethusdt_perp_4h",
          "timeframe": "4h",
          "seed": 1,
          "config_hash": "9d23d052789cb7514ba26b35d4028745643696f3d19c0b012dd4152ab589f502",
          "data_file": "/home/harveybc/Documents/GitHub/financial-data/experiments/stage_a_screening/inputs/ethusdt_perp/4h/tech_stat_decomp/train.csv",
          "data_file_hash": "be5fea52176f92fbb0f55bcae3025ff57724f9198e1278ac1dc65e5a127aad0a",
          "feature_list_hash": null,
          "feature_columns": null,
          "feature_column_count": 0,
          "observation_state_fields": [
            "equity_norm",
            "position",
            "prices",
            "returns",
            "steps_remaining_norm",
            "unrealized_pnl_norm"
          ],
          "observation_state_hash": "a1b97276bf4bd7fae0ba79fc580caaa16c6274e1055a86f3ae9260d816090946",
          "heldout_boundary": "2025-01-01",
          "contains_heldout_rows": false,
          "stage_c_authorized": false,
          "broker_profile": null,
          "market_type": null,
          "trade_rate_band_id": null,
          "calendar_policy_id": null,
          "traces": [
            {
              "split": "evaluation",
              "trace_file": "/home/harveybc/Documents/GitHub/financial-data/experiments/stage_a_screening/runs/omega/ethusdt_perp_4h_dqn_tech_stat_decomp_direct_atr_sltp_s1_20260524T095908Z_project3_stage31_firstwave/return_trace.csv",
              "trace_file_sha256": "4f9852c22f5260177c6caa957635445c5d4f148d8aa5dfc2bda388b03027bfa8",
              "metadata_file": "/home/harveybc/Documents/GitHub/financial-data/experiments/stage_a_screening/runs/omega/ethusdt_perp_4h_dqn_tech_stat_decomp_direct_atr_sltp_s1_20260524T095908Z_project3_stage31_firstwave/return_trace.csv.meta.json",
              "row_count": 8720,
              "first_timestamp": "2020-01-08 16:00:00",
              "last_timestamp": "2023-12-31 20:00:00",
              "contains_heldout_rows": false,
              "stage_c_authorized": false,
              "episode_id": "ethusdt_perp_4h_dqn_tech_stat_decomp_direct_atr_sltp_s1_20260524T095908Z_project3_stage31_firstwave::eval0",
              "feature_list_hash": null,
              "feature_column_count": 0,
              "observation_state_hash": "a1b97276bf4bd7fae0ba79fc580caaa16c6274e1055a86f3ae9260d816090946"
            }
          ],
          "evidence_file": "/home/harveybc/Documents/GitHub/financial-data/experiments/stage_a_screening/runs/omega/ethusdt_perp_4h_dqn_tech_stat_decomp_direct_atr_sltp_s1_20260524T095908Z_project3_stage31_firstwave/evidence.json"
        },
        "return_trace_evidence_file": "/home/harveybc/Documents/GitHub/financial-data/experiments/stage_a_screening/runs/omega/ethusdt_perp_4h_dqn_tech_stat_decomp_direct_atr_sltp_s1_20260524T095908Z_project3_stage31_firstwave/evidence.json",
        "mode": "train"
      },
      "run_dir": "/home/harveybc/Documents/GitHub/financial-data/experiments/stage_a_screening/runs/omega/ethusdt_perp_4h_dqn_tech_stat_decomp_direct_atr_sltp_s1_20260524T095908Z_project3_stage31_firstwave"
    }
  ]
}
