[seed_sweep] running seed=0 run_dir=/home/harveybc/Documents/GitHub/financial-data/experiments/stage_a_screening/runs/omega/ethusdt_perp_4h_dqn_baseline_12_direct_atr_sltp_s0_20260524T084016Z_project3_stage31_firstwave
{
  "ok": true,
  "results": [
    {
      "seed": 0,
      "exit_code": 0,
      "summary": {
        "initial_cash": 10000.0,
        "final_equity": 9991.063678152033,
        "total_return": -0.0008936321847966555,
        "max_drawdown_pct": 0.6207197438782697,
        "max_drawdown_money": 62.33140333771007,
        "sharpe_ratio": -0.37009407093679164,
        "sqn": -0.20011104217020886,
        "trades_total": 967,
        "trades_won": 472,
        "trades_lost": 494,
        "avg_trade_pnl": -0.009072692182194628,
        "action_diagnostics": {
          "steps": 8927,
          "hold_actions": 11,
          "long_actions": 8535,
          "short_actions": 381,
          "non_hold_actions": 8916,
          "continuous_deadband_actions": 0,
          "raw_abs_sum": 9297.0,
          "raw_min": 0.0,
          "raw_max": 2.0,
          "continuous_action_threshold": null
        },
        "execution_diagnostics": {
          "entry_actions_seen": 8915,
          "entry_orders_submitted": 910,
          "blocked_session_filter": 0,
          "blocked_atr_warmup": 13,
          "blocked_non_positive_atr": 0,
          "blocked_non_positive_size": 0,
          "blocked_non_positive_price": 0,
          "default_orders_submitted": 0,
          "plugin_apply_errors": 0
        },
        "episode_reward": -0.0009066421847966879,
        "episode_length": 8927,
        "eval_seed": 0,
        "action_steps": 8927,
        "action_hold_count": 11,
        "action_long_count": 8535,
        "action_short_count": 381,
        "action_non_hold_count": 8916,
        "action_non_hold_rate": 0.9987677831298308,
        "action_abs_mean": 1.0414472947238713,
        "action_raw_min": 0.0,
        "action_raw_max": 2.0,
        "action_deadband_count": 0,
        "action_deadband_rate": 0.0,
        "execution_entry_actions_seen": 8915,
        "execution_entry_orders_submitted": 910,
        "execution_blocked_atr_warmup": 13,
        "execution_blocked_session_filter": 0,
        "execution_blocked_non_positive_atr": 0,
        "execution_blocked_non_positive_size": 0,
        "execution_blocked_non_positive_price": 0,
        "no_trade_diagnosis": "",
        "no_trade_min_trades": 1,
        "no_trade_gate_passed": true,
        "return_trace_file": "/home/harveybc/Documents/GitHub/financial-data/experiments/stage_a_screening/runs/omega/ethusdt_perp_4h_dqn_baseline_12_direct_atr_sltp_s0_20260524T084016Z_project3_stage31_firstwave/return_trace.csv",
        "return_trace_metadata_file": "/home/harveybc/Documents/GitHub/financial-data/experiments/stage_a_screening/runs/omega/ethusdt_perp_4h_dqn_baseline_12_direct_atr_sltp_s0_20260524T084016Z_project3_stage31_firstwave/return_trace.csv.meta.json",
        "return_trace_evidence": {
          "schema_version": "project3_return_trace_evidence_v1",
          "generated_at": "2026-05-24T08:41:51Z",
          "run_id": "ethusdt_perp_4h_dqn_baseline_12_direct_atr_sltp_s0_20260524T084016Z_project3_stage31_firstwave",
          "pipeline_plugin": "rl_pipeline",
          "trace_schema_version": "stage_b_return_trace_v1",
          "asset": "ethusdt_perp_4h",
          "timeframe": "4h",
          "seed": 0,
          "config_hash": "8ba480be01c385bdb29d607dc6df84db2ad5ac8f6c09027d7211142b4133af51",
          "data_file": "/home/harveybc/Documents/GitHub/financial-data/experiments/stage_a_screening/inputs/ethusdt_perp/4h/baseline_12/train.csv",
          "data_file_hash": "cbc46ad5103129a089d3090657dd5d28201bc0a699904eb5a73f85d010809992",
          "feature_list_hash": null,
          "feature_columns": null,
          "feature_column_count": 0,
          "observation_state_fields": [
            "equity_norm",
            "position",
            "prices",
            "returns",
            "steps_remaining_norm",
            "unrealized_pnl_norm"
          ],
          "observation_state_hash": "a1b97276bf4bd7fae0ba79fc580caaa16c6274e1055a86f3ae9260d816090946",
          "heldout_boundary": "2025-01-01",
          "contains_heldout_rows": false,
          "stage_c_authorized": false,
          "broker_profile": null,
          "market_type": null,
          "trade_rate_band_id": null,
          "calendar_policy_id": null,
          "traces": [
            {
              "split": "evaluation",
              "trace_file": "/home/harveybc/Documents/GitHub/financial-data/experiments/stage_a_screening/runs/omega/ethusdt_perp_4h_dqn_baseline_12_direct_atr_sltp_s0_20260524T084016Z_project3_stage31_firstwave/return_trace.csv",
              "trace_file_sha256": "7d11ff744f3e4505ef9345cb065cc9df9c63f12024a4fb3fed71a9870a81de29",
              "metadata_file": "/home/harveybc/Documents/GitHub/financial-data/experiments/stage_a_screening/runs/omega/ethusdt_perp_4h_dqn_baseline_12_direct_atr_sltp_s0_20260524T084016Z_project3_stage31_firstwave/return_trace.csv.meta.json",
              "row_count": 8926,
              "first_timestamp": "2019-12-05 08:00:00",
              "last_timestamp": "2023-12-31 20:00:00",
              "contains_heldout_rows": false,
              "stage_c_authorized": false,
              "episode_id": "ethusdt_perp_4h_dqn_baseline_12_direct_atr_sltp_s0_20260524T084016Z_project3_stage31_firstwave::eval0",
              "feature_list_hash": null,
              "feature_column_count": 0,
              "observation_state_hash": "a1b97276bf4bd7fae0ba79fc580caaa16c6274e1055a86f3ae9260d816090946"
            }
          ],
          "evidence_file": "/home/harveybc/Documents/GitHub/financial-data/experiments/stage_a_screening/runs/omega/ethusdt_perp_4h_dqn_baseline_12_direct_atr_sltp_s0_20260524T084016Z_project3_stage31_firstwave/evidence.json"
        },
        "return_trace_evidence_file": "/home/harveybc/Documents/GitHub/financial-data/experiments/stage_a_screening/runs/omega/ethusdt_perp_4h_dqn_baseline_12_direct_atr_sltp_s0_20260524T084016Z_project3_stage31_firstwave/evidence.json",
        "mode": "train"
      },
      "run_dir": "/home/harveybc/Documents/GitHub/financial-data/experiments/stage_a_screening/runs/omega/ethusdt_perp_4h_dqn_baseline_12_direct_atr_sltp_s0_20260524T084016Z_project3_stage31_firstwave"
    }
  ]
}
