[seed_sweep] running seed=1 run_dir=/home/harveybc/Documents/GitHub/financial-data/experiments/stage_a_screening/runs/omega/ethusdt_perp_4h_ppo_baseline_12_direct_atr_sltp_s1_20260524T083804Z_project3_stage31_firstwave
{
  "ok": true,
  "results": [
    {
      "seed": 1,
      "exit_code": 0,
      "summary": {
        "initial_cash": 10000.0,
        "final_equity": 10001.235134929379,
        "total_return": 0.0001235134929378212,
        "max_drawdown_pct": 0.3485797231047648,
        "max_drawdown_money": 34.85927736288431,
        "sharpe_ratio": -0.41660097517063227,
        "sqn": 0.025837594629578704,
        "trades_total": 478,
        "trades_won": 169,
        "trades_lost": 308,
        "avg_trade_pnl": 0.0018655610260557712,
        "action_diagnostics": {
          "steps": 8927,
          "hold_actions": 0,
          "long_actions": 0,
          "short_actions": 8927,
          "non_hold_actions": 8927,
          "continuous_deadband_actions": 0,
          "raw_abs_sum": 17854.0,
          "raw_min": 2.0,
          "raw_max": 2.0,
          "continuous_action_threshold": null
        },
        "execution_diagnostics": {
          "entry_actions_seen": 8926,
          "entry_orders_submitted": 478,
          "blocked_session_filter": 0,
          "blocked_atr_warmup": 13,
          "blocked_non_positive_atr": 0,
          "blocked_non_positive_size": 0,
          "blocked_non_positive_price": 0,
          "default_orders_submitted": 0,
          "plugin_apply_errors": 0
        },
        "episode_reward": 0.0001365234929378891,
        "episode_length": 8927,
        "eval_seed": 1,
        "action_steps": 8927,
        "action_hold_count": 0,
        "action_long_count": 0,
        "action_short_count": 8927,
        "action_non_hold_count": 8927,
        "action_non_hold_rate": 1.0,
        "action_abs_mean": 2.0,
        "action_raw_min": 2.0,
        "action_raw_max": 2.0,
        "action_deadband_count": 0,
        "action_deadband_rate": 0.0,
        "execution_entry_actions_seen": 8926,
        "execution_entry_orders_submitted": 478,
        "execution_blocked_atr_warmup": 13,
        "execution_blocked_session_filter": 0,
        "execution_blocked_non_positive_atr": 0,
        "execution_blocked_non_positive_size": 0,
        "execution_blocked_non_positive_price": 0,
        "no_trade_diagnosis": "",
        "no_trade_min_trades": 1,
        "no_trade_gate_passed": true,
        "return_trace_file": "/home/harveybc/Documents/GitHub/financial-data/experiments/stage_a_screening/runs/omega/ethusdt_perp_4h_ppo_baseline_12_direct_atr_sltp_s1_20260524T083804Z_project3_stage31_firstwave/return_trace.csv",
        "return_trace_metadata_file": "/home/harveybc/Documents/GitHub/financial-data/experiments/stage_a_screening/runs/omega/ethusdt_perp_4h_ppo_baseline_12_direct_atr_sltp_s1_20260524T083804Z_project3_stage31_firstwave/return_trace.csv.meta.json",
        "return_trace_evidence": {
          "schema_version": "project3_return_trace_evidence_v1",
          "generated_at": "2026-05-24T08:40:09Z",
          "run_id": "ethusdt_perp_4h_ppo_baseline_12_direct_atr_sltp_s1_20260524T083804Z_project3_stage31_firstwave",
          "pipeline_plugin": "rl_pipeline",
          "trace_schema_version": "stage_b_return_trace_v1",
          "asset": "ethusdt_perp_4h",
          "timeframe": "4h",
          "seed": 1,
          "config_hash": "ffab6bfa26b80d3c22a8e1fa22558012a86efe00bf6712dab268b67fef21e3fd",
          "data_file": "/home/harveybc/Documents/GitHub/financial-data/experiments/stage_a_screening/inputs/ethusdt_perp/4h/baseline_12/train.csv",
          "data_file_hash": "cbc46ad5103129a089d3090657dd5d28201bc0a699904eb5a73f85d010809992",
          "feature_list_hash": "a3477d689804412c604c64dc9da5a91f73e1a7d1e2209dd08f2eec7ecd7aadc1",
          "feature_columns": [
            "OPEN",
            "HIGH",
            "LOW",
            "CLOSE",
            "VOLUME",
            "returns",
            "log_returns",
            "rsi_14",
            "macd_hist",
            "bb_pos",
            "volume_ratio",
            "ema_cross",
            "atr_norm",
            "obv_delta",
            "momentum_5",
            "momentum_20",
            "vol_20"
          ],
          "feature_column_count": 17,
          "observation_state_fields": [
            "equity_norm",
            "position",
            "prices",
            "returns",
            "steps_remaining_norm",
            "unrealized_pnl_norm"
          ],
          "observation_state_hash": "a1b97276bf4bd7fae0ba79fc580caaa16c6274e1055a86f3ae9260d816090946",
          "heldout_boundary": "2025-01-01",
          "contains_heldout_rows": false,
          "stage_c_authorized": false,
          "broker_profile": null,
          "market_type": null,
          "trade_rate_band_id": null,
          "calendar_policy_id": null,
          "traces": [
            {
              "split": "evaluation",
              "trace_file": "/home/harveybc/Documents/GitHub/financial-data/experiments/stage_a_screening/runs/omega/ethusdt_perp_4h_ppo_baseline_12_direct_atr_sltp_s1_20260524T083804Z_project3_stage31_firstwave/return_trace.csv",
              "trace_file_sha256": "7b22ed3c4a780eb818756bef0a227bc038d3afd8ea827e069a6fff38d6171ed9",
              "metadata_file": "/home/harveybc/Documents/GitHub/financial-data/experiments/stage_a_screening/runs/omega/ethusdt_perp_4h_ppo_baseline_12_direct_atr_sltp_s1_20260524T083804Z_project3_stage31_firstwave/return_trace.csv.meta.json",
              "row_count": 8926,
              "first_timestamp": "2019-12-05 08:00:00",
              "last_timestamp": "2023-12-31 20:00:00",
              "contains_heldout_rows": false,
              "stage_c_authorized": false,
              "episode_id": "ethusdt_perp_4h_ppo_baseline_12_direct_atr_sltp_s1_20260524T083804Z_project3_stage31_firstwave::eval0",
              "feature_list_hash": "a3477d689804412c604c64dc9da5a91f73e1a7d1e2209dd08f2eec7ecd7aadc1",
              "feature_column_count": 17,
              "observation_state_hash": "a1b97276bf4bd7fae0ba79fc580caaa16c6274e1055a86f3ae9260d816090946"
            }
          ],
          "evidence_file": "/home/harveybc/Documents/GitHub/financial-data/experiments/stage_a_screening/runs/omega/ethusdt_perp_4h_ppo_baseline_12_direct_atr_sltp_s1_20260524T083804Z_project3_stage31_firstwave/evidence.json"
        },
        "return_trace_evidence_file": "/home/harveybc/Documents/GitHub/financial-data/experiments/stage_a_screening/runs/omega/ethusdt_perp_4h_ppo_baseline_12_direct_atr_sltp_s1_20260524T083804Z_project3_stage31_firstwave/evidence.json",
        "mode": "train"
      },
      "run_dir": "/home/harveybc/Documents/GitHub/financial-data/experiments/stage_a_screening/runs/omega/ethusdt_perp_4h_ppo_baseline_12_direct_atr_sltp_s1_20260524T083804Z_project3_stage31_firstwave"
    }
  ]
}
