[seed_sweep] running seed=1 run_dir=/home/harveybc/Documents/GitHub/financial-data/experiments/stage_a_screening/runs/omega/ethusdt_4h_ppo_baseline_12_direct_atr_sltp_s1_20260525T075005Z_project3_stage31_firstwave
{
  "ok": true,
  "results": [
    {
      "seed": 1,
      "exit_code": 0,
      "summary": {
        "initial_cash": 10000.0,
        "final_equity": 9998.121685293416,
        "total_return": -0.0001878314706583728,
        "max_drawdown_pct": 0.420733689626575,
        "max_drawdown_money": 42.18849871002021,
        "sharpe_ratio": -0.5302040849800038,
        "sqn": -0.04785337562975765,
        "trades_total": 771,
        "trades_won": 341,
        "trades_lost": 429,
        "avg_trade_pnl": -0.0022083328656771844,
        "action_diagnostics": {
          "steps": 13903,
          "hold_actions": 0,
          "long_actions": 13903,
          "short_actions": 0,
          "non_hold_actions": 13903,
          "continuous_deadband_actions": 0,
          "raw_abs_sum": 13903.0,
          "raw_min": 1.0,
          "raw_max": 1.0,
          "continuous_action_threshold": null
        },
        "execution_diagnostics": {
          "entry_actions_seen": 13902,
          "entry_orders_submitted": 775,
          "blocked_session_filter": 0,
          "blocked_atr_warmup": 13,
          "blocked_non_positive_atr": 0,
          "blocked_non_positive_size": 0,
          "blocked_non_positive_price": 0,
          "default_orders_submitted": 0,
          "plugin_apply_errors": 0
        },
        "episode_reward": -0.00020079147065844616,
        "episode_length": 13903,
        "eval_seed": 1,
        "action_steps": 13903,
        "action_hold_count": 0,
        "action_long_count": 13903,
        "action_short_count": 0,
        "action_non_hold_count": 13903,
        "action_non_hold_rate": 1.0,
        "action_abs_mean": 1.0,
        "action_raw_min": 1.0,
        "action_raw_max": 1.0,
        "action_deadband_count": 0,
        "action_deadband_rate": 0.0,
        "execution_entry_actions_seen": 13902,
        "execution_entry_orders_submitted": 775,
        "execution_blocked_atr_warmup": 13,
        "execution_blocked_session_filter": 0,
        "execution_blocked_non_positive_atr": 0,
        "execution_blocked_non_positive_size": 0,
        "execution_blocked_non_positive_price": 0,
        "no_trade_diagnosis": "",
        "no_trade_min_trades": 1,
        "no_trade_gate_passed": true,
        "return_trace_file": "/home/harveybc/Documents/GitHub/financial-data/experiments/stage_a_screening/runs/omega/ethusdt_4h_ppo_baseline_12_direct_atr_sltp_s1_20260525T075005Z_project3_stage31_firstwave/return_trace.csv",
        "return_trace_metadata_file": "/home/harveybc/Documents/GitHub/financial-data/experiments/stage_a_screening/runs/omega/ethusdt_4h_ppo_baseline_12_direct_atr_sltp_s1_20260525T075005Z_project3_stage31_firstwave/return_trace.csv.meta.json",
        "return_trace_evidence": {
          "schema_version": "project3_return_trace_evidence_v1",
          "generated_at": "2026-05-25T07:52:36Z",
          "run_id": "ethusdt_4h_ppo_baseline_12_direct_atr_sltp_s1_20260525T075005Z_project3_stage31_firstwave",
          "pipeline_plugin": "rl_pipeline",
          "trace_schema_version": "stage_b_return_trace_v1",
          "asset": "ethusdt_4h",
          "timeframe": "4h",
          "seed": 1,
          "config_hash": "a7acfba9a16ca5284f26abfd8b308e12df8b5eac3ffe96a29d8d13c77bb7d657",
          "data_file": "/home/harveybc/Documents/GitHub/financial-data/experiments/stage_a_screening/inputs/ethusdt/4h/baseline_12/train.csv",
          "data_file_hash": "4f3ff80d2c8b322f56c5a77b5bbca86364cd66e5f30259ddd3e9d68c74ee0c73",
          "feature_list_hash": "a3477d689804412c604c64dc9da5a91f73e1a7d1e2209dd08f2eec7ecd7aadc1",
          "feature_columns": [
            "OPEN",
            "HIGH",
            "LOW",
            "CLOSE",
            "VOLUME",
            "returns",
            "log_returns",
            "rsi_14",
            "macd_hist",
            "bb_pos",
            "volume_ratio",
            "ema_cross",
            "atr_norm",
            "obv_delta",
            "momentum_5",
            "momentum_20",
            "vol_20"
          ],
          "feature_column_count": 17,
          "observation_state_fields": [
            "equity_norm",
            "position",
            "prices",
            "returns",
            "steps_remaining_norm",
            "unrealized_pnl_norm"
          ],
          "observation_state_hash": "a1b97276bf4bd7fae0ba79fc580caaa16c6274e1055a86f3ae9260d816090946",
          "heldout_boundary": "2025-01-01",
          "contains_heldout_rows": false,
          "stage_c_authorized": false,
          "broker_profile": null,
          "market_type": null,
          "trade_rate_band_id": null,
          "calendar_policy_id": null,
          "market_state_profile_id": null,
          "market_state_profile_hash": null,
          "market_state_profile_family": null,
          "market_state_profile_name": null,
          "market_state_selected_columns": null,
          "traces": [
            {
              "split": "evaluation",
              "trace_file": "/home/harveybc/Documents/GitHub/financial-data/experiments/stage_a_screening/runs/omega/ethusdt_4h_ppo_baseline_12_direct_atr_sltp_s1_20260525T075005Z_project3_stage31_firstwave/return_trace.csv",
              "trace_file_sha256": "59ce46ec1d8b0f5a2f00f42e8dfe38309d67eba910c41ca60a6db7f3613bfa6e",
              "metadata_file": "/home/harveybc/Documents/GitHub/financial-data/experiments/stage_a_screening/runs/omega/ethusdt_4h_ppo_baseline_12_direct_atr_sltp_s1_20260525T075005Z_project3_stage31_firstwave/return_trace.csv.meta.json",
              "row_count": 13902,
              "first_timestamp": "2017-08-25 08:00:00",
              "last_timestamp": "2023-12-31 20:00:00",
              "contains_heldout_rows": false,
              "stage_c_authorized": false,
              "episode_id": "ethusdt_4h_ppo_baseline_12_direct_atr_sltp_s1_20260525T075005Z_project3_stage31_firstwave::eval0",
              "feature_list_hash": "a3477d689804412c604c64dc9da5a91f73e1a7d1e2209dd08f2eec7ecd7aadc1",
              "feature_column_count": 17,
              "observation_state_hash": "a1b97276bf4bd7fae0ba79fc580caaa16c6274e1055a86f3ae9260d816090946"
            }
          ],
          "evidence_file": "/home/harveybc/Documents/GitHub/financial-data/experiments/stage_a_screening/runs/omega/ethusdt_4h_ppo_baseline_12_direct_atr_sltp_s1_20260525T075005Z_project3_stage31_firstwave/evidence.json"
        },
        "return_trace_evidence_file": "/home/harveybc/Documents/GitHub/financial-data/experiments/stage_a_screening/runs/omega/ethusdt_4h_ppo_baseline_12_direct_atr_sltp_s1_20260525T075005Z_project3_stage31_firstwave/evidence.json",
        "mode": "train"
      },
      "run_dir": "/home/harveybc/Documents/GitHub/financial-data/experiments/stage_a_screening/runs/omega/ethusdt_4h_ppo_baseline_12_direct_atr_sltp_s1_20260525T075005Z_project3_stage31_firstwave"
    }
  ]
}
