[seed_sweep] running seed=1 run_dir=/home/harveybc/Documents/GitHub/financial-data/experiments/stage_a_screening/runs/omega/ethusdt_4h_dqn_tech_stat_direct_atr_sltp_s1_20260524T011325Z_project3_stage31_firstwave
{
  "ok": true,
  "results": [
    {
      "seed": 1,
      "exit_code": 0,
      "summary": {
        "initial_cash": 10000.0,
        "final_equity": 10032.194156617981,
        "total_return": 0.003219415661798175,
        "max_drawdown_pct": 0.4249888945987637,
        "max_drawdown_money": 42.72260952999386,
        "sharpe_ratio": -0.4084695617974594,
        "sqn": 0.44836496195288855,
        "trades_total": 242,
        "trades_won": 125,
        "trades_lost": 116,
        "avg_trade_pnl": 0.060761843880260624,
        "action_diagnostics": {
          "steps": 13700,
          "hold_actions": 2,
          "long_actions": 13588,
          "short_actions": 110,
          "non_hold_actions": 13698,
          "continuous_deadband_actions": 0,
          "raw_abs_sum": 13808.0,
          "raw_min": 0.0,
          "raw_max": 2.0,
          "continuous_action_threshold": null
        },
        "execution_diagnostics": {
          "entry_actions_seen": 13697,
          "entry_orders_submitted": 231,
          "blocked_session_filter": 0,
          "blocked_atr_warmup": 13,
          "blocked_non_positive_atr": 0,
          "blocked_non_positive_size": 0,
          "blocked_non_positive_price": 0,
          "default_orders_submitted": 0,
          "plugin_apply_errors": 0
        },
        "episode_reward": 0.0031934956617980658,
        "episode_length": 13700,
        "eval_seed": 1,
        "action_steps": 13700,
        "action_hold_count": 2,
        "action_long_count": 13588,
        "action_short_count": 110,
        "action_non_hold_count": 13698,
        "action_non_hold_rate": 0.9998540145985402,
        "action_abs_mean": 1.007883211678832,
        "action_raw_min": 0.0,
        "action_raw_max": 2.0,
        "action_deadband_count": 0,
        "action_deadband_rate": 0.0,
        "execution_entry_actions_seen": 13697,
        "execution_entry_orders_submitted": 231,
        "execution_blocked_atr_warmup": 13,
        "execution_blocked_session_filter": 0,
        "execution_blocked_non_positive_atr": 0,
        "execution_blocked_non_positive_size": 0,
        "execution_blocked_non_positive_price": 0,
        "no_trade_diagnosis": "",
        "no_trade_min_trades": 1,
        "no_trade_gate_passed": true,
        "return_trace_file": "/home/harveybc/Documents/GitHub/financial-data/experiments/stage_a_screening/runs/omega/ethusdt_4h_dqn_tech_stat_direct_atr_sltp_s1_20260524T011325Z_project3_stage31_firstwave/return_trace.csv",
        "return_trace_metadata_file": "/home/harveybc/Documents/GitHub/financial-data/experiments/stage_a_screening/runs/omega/ethusdt_4h_dqn_tech_stat_direct_atr_sltp_s1_20260524T011325Z_project3_stage31_firstwave/return_trace.csv.meta.json",
        "return_trace_evidence": {
          "schema_version": "project3_return_trace_evidence_v1",
          "generated_at": "2026-05-24T01:15:03Z",
          "run_id": "ethusdt_4h_dqn_tech_stat_direct_atr_sltp_s1_20260524T011325Z_project3_stage31_firstwave",
          "pipeline_plugin": "rl_pipeline",
          "trace_schema_version": "stage_b_return_trace_v1",
          "asset": "ethusdt_4h",
          "timeframe": "4h",
          "seed": 1,
          "config_hash": "e33367af8e7405d2e644b5fd8c4878cdf769cfed01df8876ef726c2d50ffadc6",
          "data_file": "/home/harveybc/Documents/GitHub/financial-data/experiments/stage_a_screening/inputs/ethusdt/4h/tech_stat/train.csv",
          "data_file_hash": "b624f4cc8e7d1ad8f37591c7ffee7e181d39b50a7faaa999c289abea2f466e01",
          "feature_list_hash": null,
          "feature_columns": null,
          "feature_column_count": 0,
          "observation_state_fields": [
            "equity_norm",
            "position",
            "prices",
            "returns",
            "steps_remaining_norm",
            "unrealized_pnl_norm"
          ],
          "observation_state_hash": "a1b97276bf4bd7fae0ba79fc580caaa16c6274e1055a86f3ae9260d816090946",
          "heldout_boundary": "2025-01-01",
          "contains_heldout_rows": false,
          "stage_c_authorized": false,
          "broker_profile": null,
          "market_type": null,
          "trade_rate_band_id": null,
          "calendar_policy_id": null,
          "traces": [
            {
              "split": "evaluation",
              "trace_file": "/home/harveybc/Documents/GitHub/financial-data/experiments/stage_a_screening/runs/omega/ethusdt_4h_dqn_tech_stat_direct_atr_sltp_s1_20260524T011325Z_project3_stage31_firstwave/return_trace.csv",
              "trace_file_sha256": "fe27a2d00f8f01dddf81fae0632e46a7e06ef969b324eb4de8335cb20de00ecc",
              "metadata_file": "/home/harveybc/Documents/GitHub/financial-data/experiments/stage_a_screening/runs/omega/ethusdt_4h_dqn_tech_stat_direct_atr_sltp_s1_20260524T011325Z_project3_stage31_firstwave/return_trace.csv.meta.json",
              "row_count": 13699,
              "first_timestamp": "2017-09-28 04:00:00",
              "last_timestamp": "2023-12-31 20:00:00",
              "contains_heldout_rows": false,
              "stage_c_authorized": false,
              "episode_id": "ethusdt_4h_dqn_tech_stat_direct_atr_sltp_s1_20260524T011325Z_project3_stage31_firstwave::eval0",
              "feature_list_hash": null,
              "feature_column_count": 0,
              "observation_state_hash": "a1b97276bf4bd7fae0ba79fc580caaa16c6274e1055a86f3ae9260d816090946"
            }
          ],
          "evidence_file": "/home/harveybc/Documents/GitHub/financial-data/experiments/stage_a_screening/runs/omega/ethusdt_4h_dqn_tech_stat_direct_atr_sltp_s1_20260524T011325Z_project3_stage31_firstwave/evidence.json"
        },
        "return_trace_evidence_file": "/home/harveybc/Documents/GitHub/financial-data/experiments/stage_a_screening/runs/omega/ethusdt_4h_dqn_tech_stat_direct_atr_sltp_s1_20260524T011325Z_project3_stage31_firstwave/evidence.json",
        "mode": "train"
      },
      "run_dir": "/home/harveybc/Documents/GitHub/financial-data/experiments/stage_a_screening/runs/omega/ethusdt_4h_dqn_tech_stat_direct_atr_sltp_s1_20260524T011325Z_project3_stage31_firstwave"
    }
  ]
}
