[seed_sweep] running seed=2 run_dir=/home/harveybc/Documents/GitHub/financial-data/experiments/stage_a_screening/runs/omega/ethusdt_perp_4h_dqn_sota_low_cost_direct_atr_sltp_s2_20260530T105534Z_project3_stage31_firstwave
{
  "ok": true,
  "results": [
    {
      "seed": 2,
      "exit_code": 0,
      "summary": {
        "initial_cash": 10000.0,
        "final_equity": 9982.74527261199,
        "total_return": -0.0017254727388009705,
        "max_drawdown_pct": 0.43244831246362986,
        "max_drawdown_money": 43.24621719914285,
        "sharpe_ratio": -0.4227046580779896,
        "sqn": -0.5763961437227852,
        "trades_total": 45,
        "trades_won": 14,
        "trades_lost": 30,
        "avg_trade_pnl": -0.5100271863376624,
        "action_diagnostics": {
          "steps": 8724,
          "hold_actions": 33,
          "long_actions": 8,
          "short_actions": 8683,
          "non_hold_actions": 8691,
          "continuous_deadband_actions": 0,
          "raw_abs_sum": 17374.0,
          "raw_min": 0.0,
          "raw_max": 2.0,
          "continuous_action_threshold": null
        },
        "execution_diagnostics": {
          "entry_actions_seen": 8690,
          "entry_orders_submitted": 43,
          "blocked_session_filter": 0,
          "blocked_atr_warmup": 13,
          "blocked_non_positive_atr": 0,
          "blocked_non_positive_size": 0,
          "blocked_non_positive_price": 0,
          "default_orders_submitted": 0,
          "plugin_apply_errors": 0
        },
        "episode_reward": -0.0017124627388009678,
        "episode_length": 8724,
        "eval_seed": 2,
        "action_steps": 8724,
        "action_hold_count": 33,
        "action_long_count": 8,
        "action_short_count": 8683,
        "action_non_hold_count": 8691,
        "action_non_hold_rate": 0.9962173314993122,
        "action_abs_mean": 1.9915176524530032,
        "action_raw_min": 0.0,
        "action_raw_max": 2.0,
        "action_deadband_count": 0,
        "action_deadband_rate": 0.0,
        "execution_entry_actions_seen": 8690,
        "execution_entry_orders_submitted": 43,
        "execution_blocked_atr_warmup": 13,
        "execution_blocked_session_filter": 0,
        "execution_blocked_non_positive_atr": 0,
        "execution_blocked_non_positive_size": 0,
        "execution_blocked_non_positive_price": 0,
        "no_trade_diagnosis": "",
        "no_trade_min_trades": 1,
        "no_trade_gate_passed": true,
        "return_trace_file": "/home/harveybc/Documents/GitHub/financial-data/experiments/stage_a_screening/runs/omega/ethusdt_perp_4h_dqn_sota_low_cost_direct_atr_sltp_s2_20260530T105534Z_project3_stage31_firstwave/return_trace.csv",
        "return_trace_metadata_file": "/home/harveybc/Documents/GitHub/financial-data/experiments/stage_a_screening/runs/omega/ethusdt_perp_4h_dqn_sota_low_cost_direct_atr_sltp_s2_20260530T105534Z_project3_stage31_firstwave/return_trace.csv.meta.json",
        "return_trace_evidence": {
          "schema_version": "project3_return_trace_evidence_v1",
          "generated_at": "2026-05-30T10:56:51Z",
          "run_id": "ethusdt_perp_4h_dqn_sota_low_cost_direct_atr_sltp_s2_20260530T105534Z_project3_stage31_firstwave",
          "pipeline_plugin": "rl_pipeline",
          "trace_schema_version": "stage_b_return_trace_v1",
          "asset": "ethusdt_perp_4h",
          "timeframe": "4h",
          "seed": 2,
          "config_hash": "f9a6b2b819857da0404120e23941dbe32e75c0d6c7b18794135acf1ab7394120",
          "data_file": "/home/harveybc/Documents/GitHub/financial-data/experiments/stage_a_screening/inputs/ethusdt_perp/4h/sota_low_cost/train.csv",
          "data_file_hash": "1dcaf734ae9b79e0e36c2c433c683e6d8363f5f3b62e7c2140e0fe84f1e01197",
          "feature_list_hash": null,
          "feature_columns": null,
          "feature_column_count": 0,
          "observation_state_fields": [
            "equity_norm",
            "position",
            "prices",
            "returns",
            "steps_remaining_norm",
            "unrealized_pnl_norm"
          ],
          "observation_state_hash": "a1b97276bf4bd7fae0ba79fc580caaa16c6274e1055a86f3ae9260d816090946",
          "heldout_boundary": "2025-01-01",
          "contains_heldout_rows": false,
          "stage_c_authorized": false,
          "broker_profile": null,
          "market_type": null,
          "trade_rate_band_id": null,
          "calendar_policy_id": null,
          "market_state_profile_id": null,
          "market_state_profile_hash": null,
          "market_state_profile_family": null,
          "market_state_profile_name": null,
          "market_state_selected_columns": null,
          "traces": [
            {
              "split": "evaluation",
              "trace_file": "/home/harveybc/Documents/GitHub/financial-data/experiments/stage_a_screening/runs/omega/ethusdt_perp_4h_dqn_sota_low_cost_direct_atr_sltp_s2_20260530T105534Z_project3_stage31_firstwave/return_trace.csv",
              "trace_file_sha256": "57213878ef573b76db377dd8e5aecd49d1db2067d0754d13381e9b8fad034746",
              "metadata_file": "/home/harveybc/Documents/GitHub/financial-data/experiments/stage_a_screening/runs/omega/ethusdt_perp_4h_dqn_sota_low_cost_direct_atr_sltp_s2_20260530T105534Z_project3_stage31_firstwave/return_trace.csv.meta.json",
              "row_count": 8723,
              "first_timestamp": "2020-01-08 04:00:00",
              "last_timestamp": "2023-12-31 20:00:00",
              "contains_heldout_rows": false,
              "stage_c_authorized": false,
              "episode_id": "ethusdt_perp_4h_dqn_sota_low_cost_direct_atr_sltp_s2_20260530T105534Z_project3_stage31_firstwave::eval0",
              "feature_list_hash": null,
              "feature_column_count": 0,
              "observation_state_hash": "a1b97276bf4bd7fae0ba79fc580caaa16c6274e1055a86f3ae9260d816090946"
            }
          ],
          "evidence_file": "/home/harveybc/Documents/GitHub/financial-data/experiments/stage_a_screening/runs/omega/ethusdt_perp_4h_dqn_sota_low_cost_direct_atr_sltp_s2_20260530T105534Z_project3_stage31_firstwave/evidence.json"
        },
        "return_trace_evidence_file": "/home/harveybc/Documents/GitHub/financial-data/experiments/stage_a_screening/runs/omega/ethusdt_perp_4h_dqn_sota_low_cost_direct_atr_sltp_s2_20260530T105534Z_project3_stage31_firstwave/evidence.json",
        "mode": "train"
      },
      "run_dir": "/home/harveybc/Documents/GitHub/financial-data/experiments/stage_a_screening/runs/omega/ethusdt_perp_4h_dqn_sota_low_cost_direct_atr_sltp_s2_20260530T105534Z_project3_stage31_firstwave"
    }
  ]
}
