[seed_sweep] running seed=1 run_dir=/home/harveybc/Documents/GitHub/financial-data/experiments/stage_a_screening/runs/omega/ethusdt_perp_4h_sac_baseline_12_direct_atr_sltp_s1_20260524T082750Z_project3_stage31_firstwave
{
  "ok": true,
  "results": [
    {
      "seed": 1,
      "exit_code": 0,
      "summary": {
        "initial_cash": 10000.0,
        "final_equity": 11674.554978545151,
        "total_return": 0.16745549785451508,
        "max_drawdown_pct": 7.172749699355215,
        "max_drawdown_money": 855.4973550321374,
        "sharpe_ratio": 0.02853817014110193,
        "sqn": 1.6987637049156188,
        "trades_total": 509,
        "trades_won": 231,
        "trades_lost": 277,
        "avg_trade_pnl": 3.3049671458719536,
        "action_diagnostics": {
          "steps": 8927,
          "hold_actions": 0,
          "long_actions": 8927,
          "short_actions": 0,
          "non_hold_actions": 8927,
          "continuous_deadband_actions": 0,
          "raw_abs_sum": 8605.874770879745,
          "raw_min": 0.9640276432037354,
          "raw_max": 0.9640276432037354,
          "continuous_action_threshold": 0.1
        },
        "execution_diagnostics": {
          "entry_actions_seen": 8926,
          "entry_orders_submitted": 510,
          "blocked_session_filter": 0,
          "blocked_atr_warmup": 13,
          "blocked_non_positive_atr": 0,
          "blocked_non_positive_size": 0,
          "blocked_non_positive_price": 0,
          "default_orders_submitted": 0,
          "plugin_apply_errors": 0
        },
        "episode_reward": 0.16712527358201124,
        "episode_length": 8927,
        "eval_seed": 1,
        "action_steps": 8927,
        "action_hold_count": 0,
        "action_long_count": 8927,
        "action_short_count": 0,
        "action_non_hold_count": 8927,
        "action_non_hold_rate": 1.0,
        "action_abs_mean": 0.9640276432037354,
        "action_raw_min": 0.9640276432037354,
        "action_raw_max": 0.9640276432037354,
        "action_deadband_count": 0,
        "action_deadband_rate": 0.0,
        "execution_entry_actions_seen": 8926,
        "execution_entry_orders_submitted": 510,
        "execution_blocked_atr_warmup": 13,
        "execution_blocked_session_filter": 0,
        "execution_blocked_non_positive_atr": 0,
        "execution_blocked_non_positive_size": 0,
        "execution_blocked_non_positive_price": 0,
        "no_trade_diagnosis": "",
        "no_trade_min_trades": 1,
        "no_trade_gate_passed": true,
        "return_trace_file": "/home/harveybc/Documents/GitHub/financial-data/experiments/stage_a_screening/runs/omega/ethusdt_perp_4h_sac_baseline_12_direct_atr_sltp_s1_20260524T082750Z_project3_stage31_firstwave/return_trace.csv",
        "return_trace_metadata_file": "/home/harveybc/Documents/GitHub/financial-data/experiments/stage_a_screening/runs/omega/ethusdt_perp_4h_sac_baseline_12_direct_atr_sltp_s1_20260524T082750Z_project3_stage31_firstwave/return_trace.csv.meta.json",
        "return_trace_evidence": {
          "schema_version": "project3_return_trace_evidence_v1",
          "generated_at": "2026-05-24T08:35:30Z",
          "run_id": "ethusdt_perp_4h_sac_baseline_12_direct_atr_sltp_s1_20260524T082750Z_project3_stage31_firstwave",
          "pipeline_plugin": "rl_pipeline",
          "trace_schema_version": "stage_b_return_trace_v1",
          "asset": "ethusdt_perp_4h",
          "timeframe": "4h",
          "seed": 1,
          "config_hash": "8f24e0a5d185267012aa7ee705259004306f97fa9fa1decad5776541bd8641aa",
          "data_file": "/home/harveybc/Documents/GitHub/financial-data/experiments/stage_a_screening/inputs/ethusdt_perp/4h/baseline_12/train.csv",
          "data_file_hash": "cbc46ad5103129a089d3090657dd5d28201bc0a699904eb5a73f85d010809992",
          "feature_list_hash": null,
          "feature_columns": null,
          "feature_column_count": 0,
          "observation_state_fields": [
            "equity_norm",
            "position",
            "prices",
            "returns",
            "steps_remaining_norm",
            "unrealized_pnl_norm"
          ],
          "observation_state_hash": "a1b97276bf4bd7fae0ba79fc580caaa16c6274e1055a86f3ae9260d816090946",
          "heldout_boundary": "2025-01-01",
          "contains_heldout_rows": false,
          "stage_c_authorized": false,
          "broker_profile": null,
          "market_type": null,
          "trade_rate_band_id": null,
          "calendar_policy_id": null,
          "traces": [
            {
              "split": "evaluation",
              "trace_file": "/home/harveybc/Documents/GitHub/financial-data/experiments/stage_a_screening/runs/omega/ethusdt_perp_4h_sac_baseline_12_direct_atr_sltp_s1_20260524T082750Z_project3_stage31_firstwave/return_trace.csv",
              "trace_file_sha256": "210b08fb1603351772bc1f9fcfce294641bf640fd689075e98abb3260881ef37",
              "metadata_file": "/home/harveybc/Documents/GitHub/financial-data/experiments/stage_a_screening/runs/omega/ethusdt_perp_4h_sac_baseline_12_direct_atr_sltp_s1_20260524T082750Z_project3_stage31_firstwave/return_trace.csv.meta.json",
              "row_count": 8926,
              "first_timestamp": "2019-12-05 08:00:00",
              "last_timestamp": "2023-12-31 20:00:00",
              "contains_heldout_rows": false,
              "stage_c_authorized": false,
              "episode_id": "ethusdt_perp_4h_sac_baseline_12_direct_atr_sltp_s1_20260524T082750Z_project3_stage31_firstwave::eval0",
              "feature_list_hash": null,
              "feature_column_count": 0,
              "observation_state_hash": "a1b97276bf4bd7fae0ba79fc580caaa16c6274e1055a86f3ae9260d816090946"
            }
          ],
          "evidence_file": "/home/harveybc/Documents/GitHub/financial-data/experiments/stage_a_screening/runs/omega/ethusdt_perp_4h_sac_baseline_12_direct_atr_sltp_s1_20260524T082750Z_project3_stage31_firstwave/evidence.json"
        },
        "return_trace_evidence_file": "/home/harveybc/Documents/GitHub/financial-data/experiments/stage_a_screening/runs/omega/ethusdt_perp_4h_sac_baseline_12_direct_atr_sltp_s1_20260524T082750Z_project3_stage31_firstwave/evidence.json",
        "mode": "train"
      },
      "run_dir": "/home/harveybc/Documents/GitHub/financial-data/experiments/stage_a_screening/runs/omega/ethusdt_perp_4h_sac_baseline_12_direct_atr_sltp_s1_20260524T082750Z_project3_stage31_firstwave"
    }
  ]
}
