[seed_sweep] running seed=0 run_dir=/home/harveybc/Documents/GitHub/financial-data/experiments/stage_a_screening/runs/omega/linkusdt_4h_dqn_crypto_full_direct_atr_sltp_s0_20260524T222115Z_project3_stage31_firstwave
{
  "ok": true,
  "results": [
    {
      "seed": 0,
      "exit_code": 0,
      "summary": {
        "initial_cash": 10000.0,
        "final_equity": 9999.18159972579,
        "total_return": -8.184002742095409e-05,
        "max_drawdown_pct": 0.010258396567829797,
        "max_drawdown_money": 1.0258594235547207,
        "sharpe_ratio": -23.734050645430507,
        "sqn": -1.1801207902764477,
        "trades_total": 3325,
        "trades_won": 1552,
        "trades_lost": 1772,
        "avg_trade_pnl": -0.00024726224018652317,
        "action_diagnostics": {
          "steps": 10605,
          "hold_actions": 472,
          "long_actions": 2978,
          "short_actions": 7155,
          "non_hold_actions": 10133,
          "continuous_deadband_actions": 0,
          "raw_abs_sum": 17288.0,
          "raw_min": 0.0,
          "raw_max": 2.0,
          "continuous_action_threshold": null
        },
        "execution_diagnostics": {
          "entry_actions_seen": 10132,
          "entry_orders_submitted": 3113,
          "blocked_session_filter": 0,
          "blocked_atr_warmup": 5,
          "blocked_non_positive_atr": 0,
          "blocked_non_positive_size": 0,
          "blocked_non_positive_price": 0,
          "default_orders_submitted": 0,
          "plugin_apply_errors": 0
        },
        "episode_reward": -8.149214502100205e-05,
        "episode_length": 10605,
        "eval_seed": 0,
        "action_steps": 10605,
        "action_hold_count": 472,
        "action_long_count": 2978,
        "action_short_count": 7155,
        "action_non_hold_count": 10133,
        "action_non_hold_rate": 0.9554926921263555,
        "action_abs_mean": 1.6301744460160301,
        "action_raw_min": 0.0,
        "action_raw_max": 2.0,
        "action_deadband_count": 0,
        "action_deadband_rate": 0.0,
        "execution_entry_actions_seen": 10132,
        "execution_entry_orders_submitted": 3113,
        "execution_blocked_atr_warmup": 5,
        "execution_blocked_session_filter": 0,
        "execution_blocked_non_positive_atr": 0,
        "execution_blocked_non_positive_size": 0,
        "execution_blocked_non_positive_price": 0,
        "no_trade_diagnosis": "",
        "no_trade_min_trades": 1,
        "no_trade_gate_passed": true,
        "return_trace_file": "/home/harveybc/Documents/GitHub/financial-data/experiments/stage_a_screening/runs/omega/linkusdt_4h_dqn_crypto_full_direct_atr_sltp_s0_20260524T222115Z_project3_stage31_firstwave/return_trace.csv",
        "return_trace_metadata_file": "/home/harveybc/Documents/GitHub/financial-data/experiments/stage_a_screening/runs/omega/linkusdt_4h_dqn_crypto_full_direct_atr_sltp_s0_20260524T222115Z_project3_stage31_firstwave/return_trace.csv.meta.json",
        "return_trace_evidence": {
          "schema_version": "project3_return_trace_evidence_v1",
          "generated_at": "2026-05-24T22:23:05Z",
          "run_id": "linkusdt_4h_dqn_crypto_full_direct_atr_sltp_s0_20260524T222115Z_project3_stage31_firstwave",
          "pipeline_plugin": "rl_pipeline",
          "trace_schema_version": "stage_b_return_trace_v1",
          "asset": "linkusdt_4h",
          "timeframe": "4h",
          "seed": 0,
          "config_hash": "b8f7179ccfd2c18b1a4a73ea9c23554c60a62947cdac10a1c858105066dcc7b5",
          "data_file": "/home/harveybc/Documents/GitHub/financial-data/experiments/stage_a_screening/inputs/linkusdt/4h/crypto_full/train.csv",
          "data_file_hash": "f9d1333ef50cd1e75100954193ef93f14ae23856056dc3981ae667c4a5293adc",
          "feature_list_hash": null,
          "feature_columns": null,
          "feature_column_count": 0,
          "observation_state_fields": [
            "equity_norm",
            "position",
            "prices",
            "returns",
            "steps_remaining_norm",
            "unrealized_pnl_norm"
          ],
          "observation_state_hash": "a1b97276bf4bd7fae0ba79fc580caaa16c6274e1055a86f3ae9260d816090946",
          "heldout_boundary": "2025-01-01",
          "contains_heldout_rows": false,
          "stage_c_authorized": false,
          "broker_profile": null,
          "market_type": null,
          "trade_rate_band_id": null,
          "calendar_policy_id": null,
          "traces": [
            {
              "split": "evaluation",
              "trace_file": "/home/harveybc/Documents/GitHub/financial-data/experiments/stage_a_screening/runs/omega/linkusdt_4h_dqn_crypto_full_direct_atr_sltp_s0_20260524T222115Z_project3_stage31_firstwave/return_trace.csv",
              "trace_file_sha256": "7e754bb1393b9804dc5fa39fc25cd290ddfcc8c9ebd2ff30a64320b363935e76",
              "metadata_file": "/home/harveybc/Documents/GitHub/financial-data/experiments/stage_a_screening/runs/omega/linkusdt_4h_dqn_crypto_full_direct_atr_sltp_s0_20260524T222115Z_project3_stage31_firstwave/return_trace.csv.meta.json",
              "row_count": 10604,
              "first_timestamp": "2019-02-27 20:00:00",
              "last_timestamp": "2023-12-31 20:00:00",
              "contains_heldout_rows": false,
              "stage_c_authorized": false,
              "episode_id": "linkusdt_4h_dqn_crypto_full_direct_atr_sltp_s0_20260524T222115Z_project3_stage31_firstwave::eval0",
              "feature_list_hash": null,
              "feature_column_count": 0,
              "observation_state_hash": "a1b97276bf4bd7fae0ba79fc580caaa16c6274e1055a86f3ae9260d816090946"
            }
          ],
          "evidence_file": "/home/harveybc/Documents/GitHub/financial-data/experiments/stage_a_screening/runs/omega/linkusdt_4h_dqn_crypto_full_direct_atr_sltp_s0_20260524T222115Z_project3_stage31_firstwave/evidence.json"
        },
        "return_trace_evidence_file": "/home/harveybc/Documents/GitHub/financial-data/experiments/stage_a_screening/runs/omega/linkusdt_4h_dqn_crypto_full_direct_atr_sltp_s0_20260524T222115Z_project3_stage31_firstwave/evidence.json",
        "mode": "train"
      },
      "run_dir": "/home/harveybc/Documents/GitHub/financial-data/experiments/stage_a_screening/runs/omega/linkusdt_4h_dqn_crypto_full_direct_atr_sltp_s0_20260524T222115Z_project3_stage31_firstwave"
    }
  ]
}
