[seed_sweep] running seed=0 run_dir=/home/harveybc/Documents/GitHub/financial-data/experiments/stage_a_screening/runs/omega/linkusdt_4h_sac_baseline_12_direct_atr_sltp_s0_20260609T204413Z_project3_stage31_firstwave
{
  "ok": true,
  "results": [
    {
      "seed": 0,
      "exit_code": 0,
      "summary": {
        "initial_cash": 10000.0,
        "final_equity": 10447.659511701575,
        "total_return": 0.04476595117015747,
        "max_drawdown_pct": 3.8737723897607808,
        "max_drawdown_money": 393.1714384906536,
        "sharpe_ratio": -0.012047613932245023,
        "sqn": 0.8835747975569551,
        "trades_total": 70,
        "trades_won": 31,
        "trades_lost": 39,
        "avg_trade_pnl": 6.395135881451076,
        "action_diagnostics": {
          "steps": 10811,
          "hold_actions": 10295,
          "long_actions": 0,
          "short_actions": 516,
          "non_hold_actions": 516,
          "continuous_deadband_actions": 10295,
          "raw_abs_sum": 394.97403156757355,
          "raw_min": -0.19420355558395386,
          "raw_max": -0.0023877620697021484,
          "continuous_action_threshold": 0.1
        },
        "execution_diagnostics": {
          "entry_actions_seen": 516,
          "entry_orders_submitted": 70,
          "blocked_session_filter": 0,
          "blocked_atr_warmup": 0,
          "blocked_non_positive_atr": 0,
          "blocked_non_positive_size": 0,
          "blocked_non_positive_price": 0,
          "default_orders_submitted": 0,
          "plugin_apply_errors": 0,
          "event_context_no_trade_active_steps": 0,
          "event_context_action_overrides": 0,
          "event_context_blocked_entries": 0,
          "event_context_forced_flat_actions": 0,
          "event_context_forced_flat_orders": 0
        },
        "event_context_diagnostics": {
          "event_context_no_trade_value": 0.0,
          "event_context_no_trade_active": 0.0,
          "event_context_spread_stress_multiplier": 1.0,
          "event_context_slippage_stress_multiplier": 1.0,
          "event_context_execution_overlay": false,
          "event_context_action_before_overlay": 0,
          "event_context_action_after_overlay": 0,
          "event_context_action_overridden": false,
          "event_context_blocked_entry": false,
          "event_context_forced_flat": false,
          "event_context_position_before_overlay": 0
        },
        "episode_reward": 0.04476595117015752,
        "episode_length": 10811,
        "eval_seed": 0,
        "action_steps": 10811,
        "action_hold_count": 10295,
        "action_long_count": 0,
        "action_short_count": 516,
        "action_non_hold_count": 516,
        "action_non_hold_rate": 0.04772916473961706,
        "action_abs_mean": 0.03653445856697563,
        "action_raw_min": -0.19420355558395386,
        "action_raw_max": -0.0023877620697021484,
        "action_deadband_count": 10295,
        "action_deadband_rate": 0.9522708352603829,
        "execution_entry_actions_seen": 516,
        "execution_entry_orders_submitted": 70,
        "execution_blocked_atr_warmup": 0,
        "execution_blocked_session_filter": 0,
        "execution_blocked_non_positive_atr": 0,
        "execution_blocked_non_positive_size": 0,
        "execution_blocked_non_positive_price": 0,
        "no_trade_diagnosis": "",
        "no_trade_min_trades": 1,
        "no_trade_gate_passed": true,
        "return_trace_file": "/home/harveybc/Documents/GitHub/financial-data/experiments/stage_a_screening/runs/omega/linkusdt_4h_sac_baseline_12_direct_atr_sltp_s0_20260609T204413Z_project3_stage31_firstwave/return_trace.csv",
        "return_trace_metadata_file": "/home/harveybc/Documents/GitHub/financial-data/experiments/stage_a_screening/runs/omega/linkusdt_4h_sac_baseline_12_direct_atr_sltp_s0_20260609T204413Z_project3_stage31_firstwave/return_trace.csv.meta.json",
        "return_trace_evidence": {
          "schema_version": "project3_return_trace_evidence_v1",
          "generated_at": "2026-06-09T20:51:13Z",
          "run_id": "linkusdt_4h_sac_baseline_12_direct_atr_sltp_s0_20260609T204413Z_project3_stage31_firstwave",
          "pipeline_plugin": "rl_pipeline",
          "trace_schema_version": "stage_b_return_trace_v1",
          "asset": "linkusdt_4h",
          "timeframe": "4h",
          "seed": 0,
          "config_hash": "30a4d31d89df08291fb1238eda83747f0b87e83e6488dbe9925045b96cb7173f",
          "data_file": "/home/harveybc/Documents/GitHub/financial-data/experiments/stage_a_screening/inputs/linkusdt/4h/baseline_12/train.csv",
          "data_file_hash": "5333758f63e6df6973b7c0d509301648e20066d64db02771401b383b9314195a",
          "feature_list_hash": null,
          "feature_columns": null,
          "feature_column_count": 0,
          "observation_state_fields": [
            "equity_norm",
            "position",
            "prices",
            "returns",
            "steps_remaining_norm",
            "unrealized_pnl_norm"
          ],
          "observation_state_hash": "a1b97276bf4bd7fae0ba79fc580caaa16c6274e1055a86f3ae9260d816090946",
          "heldout_boundary": "2025-01-01",
          "contains_heldout_rows": false,
          "stage_c_authorized": false,
          "broker_profile": null,
          "market_type": null,
          "trade_rate_band_id": null,
          "calendar_policy_id": null,
          "market_state_profile_id": null,
          "market_state_profile_hash": null,
          "market_state_profile_family": null,
          "market_state_profile_name": null,
          "market_state_selected_columns": null,
          "traces": [
            {
              "split": "evaluation",
              "trace_file": "/home/harveybc/Documents/GitHub/financial-data/experiments/stage_a_screening/runs/omega/linkusdt_4h_sac_baseline_12_direct_atr_sltp_s0_20260609T204413Z_project3_stage31_firstwave/return_trace.csv",
              "trace_file_sha256": "ec8853b3060720c81291a67ef769b7944f4338f1a10836b24956dbe4b6e5030c",
              "metadata_file": "/home/harveybc/Documents/GitHub/financial-data/experiments/stage_a_screening/runs/omega/linkusdt_4h_sac_baseline_12_direct_atr_sltp_s0_20260609T204413Z_project3_stage31_firstwave/return_trace.csv.meta.json",
              "row_count": 10810,
              "first_timestamp": "2019-01-24 12:00:00",
              "last_timestamp": "2023-12-31 20:00:00",
              "contains_heldout_rows": false,
              "stage_c_authorized": false,
              "episode_id": "linkusdt_4h_sac_baseline_12_direct_atr_sltp_s0_20260609T204413Z_project3_stage31_firstwave::eval0",
              "feature_list_hash": null,
              "feature_column_count": 0,
              "observation_state_hash": "a1b97276bf4bd7fae0ba79fc580caaa16c6274e1055a86f3ae9260d816090946"
            }
          ],
          "evidence_file": "/home/harveybc/Documents/GitHub/financial-data/experiments/stage_a_screening/runs/omega/linkusdt_4h_sac_baseline_12_direct_atr_sltp_s0_20260609T204413Z_project3_stage31_firstwave/evidence.json"
        },
        "return_trace_evidence_file": "/home/harveybc/Documents/GitHub/financial-data/experiments/stage_a_screening/runs/omega/linkusdt_4h_sac_baseline_12_direct_atr_sltp_s0_20260609T204413Z_project3_stage31_firstwave/evidence.json",
        "mode": "train"
      },
      "run_dir": "/home/harveybc/Documents/GitHub/financial-data/experiments/stage_a_screening/runs/omega/linkusdt_4h_sac_baseline_12_direct_atr_sltp_s0_20260609T204413Z_project3_stage31_firstwave"
    }
  ]
}
