[seed_sweep] running seed=2 run_dir=/home/harveybc/Documents/GitHub/financial-data/experiments/stage_a_screening/runs/omega/linkusdt_4h_dqn_learned_lstm_direct_atr_sltp_s2_20260516T070335Z_project3_stage31_firstwave
{
  "ok": true,
  "results": [
    {
      "seed": 2,
      "exit_code": 0,
      "summary": {
        "initial_cash": 10000.0,
        "final_equity": 10000.071264935796,
        "total_return": 7.126493579479032e-06,
        "max_drawdown_pct": 0.0051717622109051405,
        "max_drawdown_money": 0.5172044305963936,
        "sharpe_ratio": -27.741565311184775,
        "sqn": 0.09490657352867389,
        "trades_total": 3967,
        "trades_won": 1886,
        "trades_lost": 2080,
        "avg_trade_pnl": 1.6328121515741083e-05,
        "action_diagnostics": {
          "steps": 10860,
          "hold_actions": 986,
          "long_actions": 2819,
          "short_actions": 7055,
          "non_hold_actions": 9874,
          "continuous_deadband_actions": 0,
          "raw_abs_sum": 16929.0,
          "raw_min": 0.0,
          "raw_max": 2.0,
          "continuous_action_threshold": null
        },
        "execution_diagnostics": {
          "entry_actions_seen": 9873,
          "entry_orders_submitted": 3746,
          "blocked_session_filter": 0,
          "blocked_atr_warmup": 12,
          "blocked_non_positive_atr": 0,
          "blocked_non_positive_size": 0,
          "blocked_non_positive_price": 0,
          "default_orders_submitted": 0,
          "plugin_apply_errors": 0
        },
        "episode_reward": 7.366277150685996e-06,
        "episode_length": 10860,
        "eval_seed": 2,
        "action_steps": 10860,
        "action_hold_count": 986,
        "action_long_count": 2819,
        "action_short_count": 7055,
        "action_non_hold_count": 9874,
        "action_non_hold_rate": 0.9092081031307551,
        "action_abs_mean": 1.5588397790055248,
        "action_raw_min": 0.0,
        "action_raw_max": 2.0,
        "action_deadband_count": 0,
        "action_deadband_rate": 0.0,
        "execution_entry_actions_seen": 9873,
        "execution_entry_orders_submitted": 3746,
        "execution_blocked_atr_warmup": 12,
        "execution_blocked_session_filter": 0,
        "execution_blocked_non_positive_atr": 0,
        "execution_blocked_non_positive_size": 0,
        "execution_blocked_non_positive_price": 0,
        "no_trade_diagnosis": "",
        "no_trade_min_trades": 1,
        "no_trade_gate_passed": true,
        "return_trace_file": "/home/harveybc/Documents/GitHub/financial-data/experiments/stage_a_screening/runs/omega/linkusdt_4h_dqn_learned_lstm_direct_atr_sltp_s2_20260516T070335Z_project3_stage31_firstwave/return_trace.csv",
        "return_trace_metadata_file": "/home/harveybc/Documents/GitHub/financial-data/experiments/stage_a_screening/runs/omega/linkusdt_4h_dqn_learned_lstm_direct_atr_sltp_s2_20260516T070335Z_project3_stage31_firstwave/return_trace.csv.meta.json",
        "return_trace_evidence": {
          "schema_version": "project3_return_trace_evidence_v1",
          "generated_at": "2026-05-16T07:05:40Z",
          "run_id": "linkusdt_4h_dqn_learned_lstm_direct_atr_sltp_s2_20260516T070335Z_project3_stage31_firstwave",
          "pipeline_plugin": "rl_pipeline",
          "trace_schema_version": "stage_b_return_trace_v1",
          "asset": "linkusdt_4h",
          "timeframe": "4h",
          "seed": 2,
          "config_hash": "2407753cac15760a62af0a9bc7c3049059a828e5aad9876f1408cab6bf41dca1",
          "data_file": "/home/harveybc/Documents/GitHub/financial-data/experiments/stage_a_screening/inputs/linkusdt/4h/learned_lstm/train.csv",
          "data_file_hash": "e2d012319ef3f89246fd85d82c029da632be333e15099956e429b46646006ad3",
          "feature_list_hash": null,
          "feature_columns": null,
          "feature_column_count": 0,
          "observation_state_fields": [
            "equity_norm",
            "position",
            "prices",
            "returns",
            "steps_remaining_norm",
            "unrealized_pnl_norm"
          ],
          "observation_state_hash": "a1b97276bf4bd7fae0ba79fc580caaa16c6274e1055a86f3ae9260d816090946",
          "heldout_boundary": "2025-01-01",
          "contains_heldout_rows": false,
          "stage_c_authorized": false,
          "broker_profile": null,
          "market_type": null,
          "trade_rate_band_id": null,
          "calendar_policy_id": null,
          "traces": [
            {
              "split": "evaluation",
              "trace_file": "/home/harveybc/Documents/GitHub/financial-data/experiments/stage_a_screening/runs/omega/linkusdt_4h_dqn_learned_lstm_direct_atr_sltp_s2_20260516T070335Z_project3_stage31_firstwave/return_trace.csv",
              "trace_file_sha256": "acde79e393d0ce4c3138b0a15094f0cd540ed19247c8d4db322e3b01e1204d78",
              "metadata_file": "/home/harveybc/Documents/GitHub/financial-data/experiments/stage_a_screening/runs/omega/linkusdt_4h_dqn_learned_lstm_direct_atr_sltp_s2_20260516T070335Z_project3_stage31_firstwave/return_trace.csv.meta.json",
              "row_count": 10859,
              "first_timestamp": "2019-01-16 08:00:00",
              "last_timestamp": "2023-12-31 20:00:00",
              "contains_heldout_rows": false,
              "stage_c_authorized": false,
              "episode_id": "linkusdt_4h_dqn_learned_lstm_direct_atr_sltp_s2_20260516T070335Z_project3_stage31_firstwave::eval0",
              "feature_list_hash": null,
              "feature_column_count": 0,
              "observation_state_hash": "a1b97276bf4bd7fae0ba79fc580caaa16c6274e1055a86f3ae9260d816090946"
            }
          ],
          "evidence_file": "/home/harveybc/Documents/GitHub/financial-data/experiments/stage_a_screening/runs/omega/linkusdt_4h_dqn_learned_lstm_direct_atr_sltp_s2_20260516T070335Z_project3_stage31_firstwave/evidence.json"
        },
        "return_trace_evidence_file": "/home/harveybc/Documents/GitHub/financial-data/experiments/stage_a_screening/runs/omega/linkusdt_4h_dqn_learned_lstm_direct_atr_sltp_s2_20260516T070335Z_project3_stage31_firstwave/evidence.json",
        "mode": "train"
      },
      "run_dir": "/home/harveybc/Documents/GitHub/financial-data/experiments/stage_a_screening/runs/omega/linkusdt_4h_dqn_learned_lstm_direct_atr_sltp_s2_20260516T070335Z_project3_stage31_firstwave"
    }
  ]
}
