[seed_sweep] running seed=1 run_dir=/home/harveybc/Documents/GitHub/financial-data/experiments/stage_a_screening/runs/omega/linkusdt_4h_dqn_kitchen_sink_guarded_direct_atr_sltp_s1_20260524T223515Z_project3_stage31_firstwave
{
  "ok": true,
  "results": [
    {
      "seed": 1,
      "exit_code": 0,
      "summary": {
        "initial_cash": 10000.0,
        "final_equity": 10000.066495324307,
        "total_return": 6.649532430680338e-06,
        "max_drawdown_pct": 0.006508880454531809,
        "max_drawdown_money": 0.6509261905430321,
        "sharpe_ratio": -32.969298402458726,
        "sqn": -0.03626886683025709,
        "trades_total": 403,
        "trades_won": 197,
        "trades_lost": 205,
        "avg_trade_pnl": -4.418697677327676e-05,
        "action_diagnostics": {
          "steps": 10506,
          "hold_actions": 1503,
          "long_actions": 8820,
          "short_actions": 183,
          "non_hold_actions": 9003,
          "continuous_deadband_actions": 0,
          "raw_abs_sum": 9186.0,
          "raw_min": 0.0,
          "raw_max": 2.0,
          "continuous_action_threshold": null
        },
        "execution_diagnostics": {
          "entry_actions_seen": 9002,
          "entry_orders_submitted": 380,
          "blocked_session_filter": 0,
          "blocked_atr_warmup": 13,
          "blocked_non_positive_atr": 0,
          "blocked_non_positive_size": 0,
          "blocked_non_positive_price": 0,
          "default_orders_submitted": 0,
          "plugin_apply_errors": 0
        },
        "episode_reward": 6.297532430653565e-06,
        "episode_length": 10506,
        "eval_seed": 1,
        "action_steps": 10506,
        "action_hold_count": 1503,
        "action_long_count": 8820,
        "action_short_count": 183,
        "action_non_hold_count": 9003,
        "action_non_hold_rate": 0.8569388920616791,
        "action_abs_mean": 0.874357509994289,
        "action_raw_min": 0.0,
        "action_raw_max": 2.0,
        "action_deadband_count": 0,
        "action_deadband_rate": 0.0,
        "execution_entry_actions_seen": 9002,
        "execution_entry_orders_submitted": 380,
        "execution_blocked_atr_warmup": 13,
        "execution_blocked_session_filter": 0,
        "execution_blocked_non_positive_atr": 0,
        "execution_blocked_non_positive_size": 0,
        "execution_blocked_non_positive_price": 0,
        "no_trade_diagnosis": "",
        "no_trade_min_trades": 1,
        "no_trade_gate_passed": true,
        "return_trace_file": "/home/harveybc/Documents/GitHub/financial-data/experiments/stage_a_screening/runs/omega/linkusdt_4h_dqn_kitchen_sink_guarded_direct_atr_sltp_s1_20260524T223515Z_project3_stage31_firstwave/return_trace.csv",
        "return_trace_metadata_file": "/home/harveybc/Documents/GitHub/financial-data/experiments/stage_a_screening/runs/omega/linkusdt_4h_dqn_kitchen_sink_guarded_direct_atr_sltp_s1_20260524T223515Z_project3_stage31_firstwave/return_trace.csv.meta.json",
        "return_trace_evidence": {
          "schema_version": "project3_return_trace_evidence_v1",
          "generated_at": "2026-05-24T22:36:59Z",
          "run_id": "linkusdt_4h_dqn_kitchen_sink_guarded_direct_atr_sltp_s1_20260524T223515Z_project3_stage31_firstwave",
          "pipeline_plugin": "rl_pipeline",
          "trace_schema_version": "stage_b_return_trace_v1",
          "asset": "linkusdt_4h",
          "timeframe": "4h",
          "seed": 1,
          "config_hash": "3465ab27dbc7d678ebb20369eb0bdb6090dfb4d1b0deff38c99f3aaefbce1017",
          "data_file": "/home/harveybc/Documents/GitHub/financial-data/experiments/stage_a_screening/inputs/linkusdt/4h/kitchen_sink_guarded/train.csv",
          "data_file_hash": "c0927ba10f906c387ef7fdca70deac97b6649fb52f894d548c90f31103e88e48",
          "feature_list_hash": null,
          "feature_columns": null,
          "feature_column_count": 0,
          "observation_state_fields": [
            "equity_norm",
            "position",
            "prices",
            "returns",
            "steps_remaining_norm",
            "unrealized_pnl_norm"
          ],
          "observation_state_hash": "a1b97276bf4bd7fae0ba79fc580caaa16c6274e1055a86f3ae9260d816090946",
          "heldout_boundary": "2025-01-01",
          "contains_heldout_rows": false,
          "stage_c_authorized": false,
          "broker_profile": null,
          "market_type": null,
          "trade_rate_band_id": null,
          "calendar_policy_id": null,
          "traces": [
            {
              "split": "evaluation",
              "trace_file": "/home/harveybc/Documents/GitHub/financial-data/experiments/stage_a_screening/runs/omega/linkusdt_4h_dqn_kitchen_sink_guarded_direct_atr_sltp_s1_20260524T223515Z_project3_stage31_firstwave/return_trace.csv",
              "trace_file_sha256": "01f540f27f695dbcb53cc7a073f9a4be295d7ee75ec39d98c8b7e73976b25e12",
              "metadata_file": "/home/harveybc/Documents/GitHub/financial-data/experiments/stage_a_screening/runs/omega/linkusdt_4h_dqn_kitchen_sink_guarded_direct_atr_sltp_s1_20260524T223515Z_project3_stage31_firstwave/return_trace.csv.meta.json",
              "row_count": 10505,
              "first_timestamp": "2019-03-16 12:00:00",
              "last_timestamp": "2023-12-31 20:00:00",
              "contains_heldout_rows": false,
              "stage_c_authorized": false,
              "episode_id": "linkusdt_4h_dqn_kitchen_sink_guarded_direct_atr_sltp_s1_20260524T223515Z_project3_stage31_firstwave::eval0",
              "feature_list_hash": null,
              "feature_column_count": 0,
              "observation_state_hash": "a1b97276bf4bd7fae0ba79fc580caaa16c6274e1055a86f3ae9260d816090946"
            }
          ],
          "evidence_file": "/home/harveybc/Documents/GitHub/financial-data/experiments/stage_a_screening/runs/omega/linkusdt_4h_dqn_kitchen_sink_guarded_direct_atr_sltp_s1_20260524T223515Z_project3_stage31_firstwave/evidence.json"
        },
        "return_trace_evidence_file": "/home/harveybc/Documents/GitHub/financial-data/experiments/stage_a_screening/runs/omega/linkusdt_4h_dqn_kitchen_sink_guarded_direct_atr_sltp_s1_20260524T223515Z_project3_stage31_firstwave/evidence.json",
        "mode": "train"
      },
      "run_dir": "/home/harveybc/Documents/GitHub/financial-data/experiments/stage_a_screening/runs/omega/linkusdt_4h_dqn_kitchen_sink_guarded_direct_atr_sltp_s1_20260524T223515Z_project3_stage31_firstwave"
    }
  ]
}
