[seed_sweep] running seed=2 run_dir=/home/harveybc/Documents/GitHub/financial-data/experiments/stage_a_screening/runs/omega/linkusdt_4h_sac_tech_stat_decomp_direct_atr_sltp_s2_20260524T221213Z_project3_stage31_firstwave
{
  "ok": true,
  "results": [
    {
      "seed": 2,
      "exit_code": 0,
      "summary": {
        "initial_cash": 10000.0,
        "final_equity": 9796.213265257049,
        "total_return": -0.020378673474295117,
        "max_drawdown_pct": 4.125535235122119,
        "max_drawdown_money": 421.5368825860078,
        "sharpe_ratio": -0.09123291617170352,
        "sqn": -0.7841914033135863,
        "trades_total": 9,
        "trades_won": 3,
        "trades_lost": 6,
        "avg_trade_pnl": -22.64297052699423,
        "action_diagnostics": {
          "steps": 10605,
          "hold_actions": 10579,
          "long_actions": 0,
          "short_actions": 26,
          "non_hold_actions": 26,
          "continuous_deadband_actions": 10579,
          "raw_abs_sum": 460.2333679199219,
          "raw_min": -0.299465537071228,
          "raw_max": -0.012140929698944092,
          "continuous_action_threshold": 0.1
        },
        "execution_diagnostics": {
          "entry_actions_seen": 26,
          "entry_orders_submitted": 9,
          "blocked_session_filter": 0,
          "blocked_atr_warmup": 0,
          "blocked_non_positive_atr": 0,
          "blocked_non_positive_size": 0,
          "blocked_non_positive_price": 0,
          "default_orders_submitted": 0,
          "plugin_apply_errors": 0
        },
        "episode_reward": -0.020378673474295103,
        "episode_length": 10605,
        "eval_seed": 2,
        "action_steps": 10605,
        "action_hold_count": 10579,
        "action_long_count": 0,
        "action_short_count": 26,
        "action_non_hold_count": 26,
        "action_non_hold_rate": 0.0024516737388024516,
        "action_abs_mean": 0.04339777160961074,
        "action_raw_min": -0.299465537071228,
        "action_raw_max": -0.012140929698944092,
        "action_deadband_count": 10579,
        "action_deadband_rate": 0.9975483262611975,
        "execution_entry_actions_seen": 26,
        "execution_entry_orders_submitted": 9,
        "execution_blocked_atr_warmup": 0,
        "execution_blocked_session_filter": 0,
        "execution_blocked_non_positive_atr": 0,
        "execution_blocked_non_positive_size": 0,
        "execution_blocked_non_positive_price": 0,
        "no_trade_diagnosis": "",
        "no_trade_min_trades": 1,
        "no_trade_gate_passed": true,
        "return_trace_file": "/home/harveybc/Documents/GitHub/financial-data/experiments/stage_a_screening/runs/omega/linkusdt_4h_sac_tech_stat_decomp_direct_atr_sltp_s2_20260524T221213Z_project3_stage31_firstwave/return_trace.csv",
        "return_trace_metadata_file": "/home/harveybc/Documents/GitHub/financial-data/experiments/stage_a_screening/runs/omega/linkusdt_4h_sac_tech_stat_decomp_direct_atr_sltp_s2_20260524T221213Z_project3_stage31_firstwave/return_trace.csv.meta.json",
        "return_trace_evidence": {
          "schema_version": "project3_return_trace_evidence_v1",
          "generated_at": "2026-05-24T22:21:02Z",
          "run_id": "linkusdt_4h_sac_tech_stat_decomp_direct_atr_sltp_s2_20260524T221213Z_project3_stage31_firstwave",
          "pipeline_plugin": "rl_pipeline",
          "trace_schema_version": "stage_b_return_trace_v1",
          "asset": "linkusdt_4h",
          "timeframe": "4h",
          "seed": 2,
          "config_hash": "3c2423e3238fa53678704fc14791ae1a6fdbb8b0f546ce6a4b763d9f403f4774",
          "data_file": "/home/harveybc/Documents/GitHub/financial-data/experiments/stage_a_screening/inputs/linkusdt/4h/tech_stat_decomp/train.csv",
          "data_file_hash": "f9d1333ef50cd1e75100954193ef93f14ae23856056dc3981ae667c4a5293adc",
          "feature_list_hash": null,
          "feature_columns": null,
          "feature_column_count": 0,
          "observation_state_fields": [
            "equity_norm",
            "position",
            "prices",
            "returns",
            "steps_remaining_norm",
            "unrealized_pnl_norm"
          ],
          "observation_state_hash": "a1b97276bf4bd7fae0ba79fc580caaa16c6274e1055a86f3ae9260d816090946",
          "heldout_boundary": "2025-01-01",
          "contains_heldout_rows": false,
          "stage_c_authorized": false,
          "broker_profile": null,
          "market_type": null,
          "trade_rate_band_id": null,
          "calendar_policy_id": null,
          "traces": [
            {
              "split": "evaluation",
              "trace_file": "/home/harveybc/Documents/GitHub/financial-data/experiments/stage_a_screening/runs/omega/linkusdt_4h_sac_tech_stat_decomp_direct_atr_sltp_s2_20260524T221213Z_project3_stage31_firstwave/return_trace.csv",
              "trace_file_sha256": "584f70d243f043621977f257a4f4f01655e0f0c50605ffd701d74f05c64404f3",
              "metadata_file": "/home/harveybc/Documents/GitHub/financial-data/experiments/stage_a_screening/runs/omega/linkusdt_4h_sac_tech_stat_decomp_direct_atr_sltp_s2_20260524T221213Z_project3_stage31_firstwave/return_trace.csv.meta.json",
              "row_count": 10604,
              "first_timestamp": "2019-02-27 20:00:00",
              "last_timestamp": "2023-12-31 20:00:00",
              "contains_heldout_rows": false,
              "stage_c_authorized": false,
              "episode_id": "linkusdt_4h_sac_tech_stat_decomp_direct_atr_sltp_s2_20260524T221213Z_project3_stage31_firstwave::eval0",
              "feature_list_hash": null,
              "feature_column_count": 0,
              "observation_state_hash": "a1b97276bf4bd7fae0ba79fc580caaa16c6274e1055a86f3ae9260d816090946"
            }
          ],
          "evidence_file": "/home/harveybc/Documents/GitHub/financial-data/experiments/stage_a_screening/runs/omega/linkusdt_4h_sac_tech_stat_decomp_direct_atr_sltp_s2_20260524T221213Z_project3_stage31_firstwave/evidence.json"
        },
        "return_trace_evidence_file": "/home/harveybc/Documents/GitHub/financial-data/experiments/stage_a_screening/runs/omega/linkusdt_4h_sac_tech_stat_decomp_direct_atr_sltp_s2_20260524T221213Z_project3_stage31_firstwave/evidence.json",
        "mode": "train"
      },
      "run_dir": "/home/harveybc/Documents/GitHub/financial-data/experiments/stage_a_screening/runs/omega/linkusdt_4h_sac_tech_stat_decomp_direct_atr_sltp_s2_20260524T221213Z_project3_stage31_firstwave"
    }
  ]
}
