[seed_sweep] running seed=0 run_dir=/home/harveybc/Documents/GitHub/financial-data/experiments/stage_a_screening/runs/omega/linkusdt_4h_sac_kitchen_sink_guarded_direct_atr_sltp_s0_20260524T220159Z_project3_stage31_firstwave
{
  "ok": true,
  "results": [
    {
      "seed": 0,
      "exit_code": 0,
      "summary": {
        "initial_cash": 10000.0,
        "final_equity": 9460.928805143225,
        "total_return": -0.0539071194856775,
        "max_drawdown_pct": 8.766298160104805,
        "max_drawdown_money": 887.6632531499072,
        "sharpe_ratio": -0.03734698442455891,
        "sqn": -0.9863311621959119,
        "trades_total": 60,
        "trades_won": 24,
        "trades_lost": 36,
        "avg_trade_pnl": -8.98451991427971,
        "action_diagnostics": {
          "steps": 10506,
          "hold_actions": 9878,
          "long_actions": 47,
          "short_actions": 581,
          "non_hold_actions": 628,
          "continuous_deadband_actions": 9878,
          "raw_abs_sum": 536.4421256184578,
          "raw_min": -0.23975646495819092,
          "raw_max": 0.44173455238342285,
          "continuous_action_threshold": 0.1
        },
        "execution_diagnostics": {
          "entry_actions_seen": 628,
          "entry_orders_submitted": 56,
          "blocked_session_filter": 0,
          "blocked_atr_warmup": 0,
          "blocked_non_positive_atr": 0,
          "blocked_non_positive_size": 0,
          "blocked_non_positive_price": 0,
          "default_orders_submitted": 0,
          "plugin_apply_errors": 0
        },
        "episode_reward": -0.053907119485677515,
        "episode_length": 10506,
        "eval_seed": 0,
        "action_steps": 10506,
        "action_hold_count": 9878,
        "action_long_count": 47,
        "action_short_count": 581,
        "action_non_hold_count": 628,
        "action_non_hold_rate": 0.059775366457262516,
        "action_abs_mean": 0.051060548792923835,
        "action_raw_min": -0.23975646495819092,
        "action_raw_max": 0.44173455238342285,
        "action_deadband_count": 9878,
        "action_deadband_rate": 0.9402246335427374,
        "execution_entry_actions_seen": 628,
        "execution_entry_orders_submitted": 56,
        "execution_blocked_atr_warmup": 0,
        "execution_blocked_session_filter": 0,
        "execution_blocked_non_positive_atr": 0,
        "execution_blocked_non_positive_size": 0,
        "execution_blocked_non_positive_price": 0,
        "no_trade_diagnosis": "",
        "no_trade_min_trades": 1,
        "no_trade_gate_passed": true,
        "return_trace_file": "/home/harveybc/Documents/GitHub/financial-data/experiments/stage_a_screening/runs/omega/linkusdt_4h_sac_kitchen_sink_guarded_direct_atr_sltp_s0_20260524T220159Z_project3_stage31_firstwave/return_trace.csv",
        "return_trace_metadata_file": "/home/harveybc/Documents/GitHub/financial-data/experiments/stage_a_screening/runs/omega/linkusdt_4h_sac_kitchen_sink_guarded_direct_atr_sltp_s0_20260524T220159Z_project3_stage31_firstwave/return_trace.csv.meta.json",
        "return_trace_evidence": {
          "schema_version": "project3_return_trace_evidence_v1",
          "generated_at": "2026-05-24T22:10:25Z",
          "run_id": "linkusdt_4h_sac_kitchen_sink_guarded_direct_atr_sltp_s0_20260524T220159Z_project3_stage31_firstwave",
          "pipeline_plugin": "rl_pipeline",
          "trace_schema_version": "stage_b_return_trace_v1",
          "asset": "linkusdt_4h",
          "timeframe": "4h",
          "seed": 0,
          "config_hash": "fc02d8ea2d6b30a6587f58ae90614d1ae28741a52c436c91557927c3021c4ac5",
          "data_file": "/home/harveybc/Documents/GitHub/financial-data/experiments/stage_a_screening/inputs/linkusdt/4h/kitchen_sink_guarded/train.csv",
          "data_file_hash": "c0927ba10f906c387ef7fdca70deac97b6649fb52f894d548c90f31103e88e48",
          "feature_list_hash": null,
          "feature_columns": null,
          "feature_column_count": 0,
          "observation_state_fields": [
            "equity_norm",
            "position",
            "prices",
            "returns",
            "steps_remaining_norm",
            "unrealized_pnl_norm"
          ],
          "observation_state_hash": "a1b97276bf4bd7fae0ba79fc580caaa16c6274e1055a86f3ae9260d816090946",
          "heldout_boundary": "2025-01-01",
          "contains_heldout_rows": false,
          "stage_c_authorized": false,
          "broker_profile": null,
          "market_type": null,
          "trade_rate_band_id": null,
          "calendar_policy_id": null,
          "traces": [
            {
              "split": "evaluation",
              "trace_file": "/home/harveybc/Documents/GitHub/financial-data/experiments/stage_a_screening/runs/omega/linkusdt_4h_sac_kitchen_sink_guarded_direct_atr_sltp_s0_20260524T220159Z_project3_stage31_firstwave/return_trace.csv",
              "trace_file_sha256": "eab3f1993b3282be2aaf982dcd4a297934329c2ae31044a78f96b0a9c1b410b6",
              "metadata_file": "/home/harveybc/Documents/GitHub/financial-data/experiments/stage_a_screening/runs/omega/linkusdt_4h_sac_kitchen_sink_guarded_direct_atr_sltp_s0_20260524T220159Z_project3_stage31_firstwave/return_trace.csv.meta.json",
              "row_count": 10505,
              "first_timestamp": "2019-03-16 12:00:00",
              "last_timestamp": "2023-12-31 20:00:00",
              "contains_heldout_rows": false,
              "stage_c_authorized": false,
              "episode_id": "linkusdt_4h_sac_kitchen_sink_guarded_direct_atr_sltp_s0_20260524T220159Z_project3_stage31_firstwave::eval0",
              "feature_list_hash": null,
              "feature_column_count": 0,
              "observation_state_hash": "a1b97276bf4bd7fae0ba79fc580caaa16c6274e1055a86f3ae9260d816090946"
            }
          ],
          "evidence_file": "/home/harveybc/Documents/GitHub/financial-data/experiments/stage_a_screening/runs/omega/linkusdt_4h_sac_kitchen_sink_guarded_direct_atr_sltp_s0_20260524T220159Z_project3_stage31_firstwave/evidence.json"
        },
        "return_trace_evidence_file": "/home/harveybc/Documents/GitHub/financial-data/experiments/stage_a_screening/runs/omega/linkusdt_4h_sac_kitchen_sink_guarded_direct_atr_sltp_s0_20260524T220159Z_project3_stage31_firstwave/evidence.json",
        "mode": "train"
      },
      "run_dir": "/home/harveybc/Documents/GitHub/financial-data/experiments/stage_a_screening/runs/omega/linkusdt_4h_sac_kitchen_sink_guarded_direct_atr_sltp_s0_20260524T220159Z_project3_stage31_firstwave"
    }
  ]
}
