[seed_sweep] running seed=0 run_dir=/home/harveybc/Documents/GitHub/financial-data/experiments/stage_a_screening/runs/omega/solusdt_4h_dqn_baseline_12_direct_atr_sltp_s0_20260524T140011Z_project3_stage31_firstwave
{
  "ok": true,
  "results": [
    {
      "seed": 0,
      "exit_code": 0,
      "summary": {
        "initial_cash": 10000.0,
        "final_equity": 10000.185044837946,
        "total_return": 1.8504483794590243e-05,
        "max_drawdown_pct": 0.02661393541409902,
        "max_drawdown_money": 2.6619518351690203,
        "sharpe_ratio": -7.562440312887745,
        "sqn": 0.11770190334721822,
        "trades_total": 818,
        "trades_won": 416,
        "trades_lost": 401,
        "avg_trade_pnl": 0.0002683660684420371,
        "action_diagnostics": {
          "steps": 7379,
          "hold_actions": 176,
          "long_actions": 6685,
          "short_actions": 518,
          "non_hold_actions": 7203,
          "continuous_deadband_actions": 0,
          "raw_abs_sum": 7721.0,
          "raw_min": 0.0,
          "raw_max": 2.0,
          "continuous_action_threshold": null
        },
        "execution_diagnostics": {
          "entry_actions_seen": 7202,
          "entry_orders_submitted": 767,
          "blocked_session_filter": 0,
          "blocked_atr_warmup": 13,
          "blocked_non_positive_atr": 0,
          "blocked_non_positive_size": 0,
          "blocked_non_positive_price": 0,
          "default_orders_submitted": 0,
          "plugin_apply_errors": 0
        },
        "episode_reward": 1.645448379458652e-05,
        "episode_length": 7379,
        "eval_seed": 0,
        "action_steps": 7379,
        "action_hold_count": 176,
        "action_long_count": 6685,
        "action_short_count": 518,
        "action_non_hold_count": 7203,
        "action_non_hold_rate": 0.9761485296110584,
        "action_abs_mean": 1.0463477435966932,
        "action_raw_min": 0.0,
        "action_raw_max": 2.0,
        "action_deadband_count": 0,
        "action_deadband_rate": 0.0,
        "execution_entry_actions_seen": 7202,
        "execution_entry_orders_submitted": 767,
        "execution_blocked_atr_warmup": 13,
        "execution_blocked_session_filter": 0,
        "execution_blocked_non_positive_atr": 0,
        "execution_blocked_non_positive_size": 0,
        "execution_blocked_non_positive_price": 0,
        "no_trade_diagnosis": "",
        "no_trade_min_trades": 1,
        "no_trade_gate_passed": true,
        "return_trace_file": "/home/harveybc/Documents/GitHub/financial-data/experiments/stage_a_screening/runs/omega/solusdt_4h_dqn_baseline_12_direct_atr_sltp_s0_20260524T140011Z_project3_stage31_firstwave/return_trace.csv",
        "return_trace_metadata_file": "/home/harveybc/Documents/GitHub/financial-data/experiments/stage_a_screening/runs/omega/solusdt_4h_dqn_baseline_12_direct_atr_sltp_s0_20260524T140011Z_project3_stage31_firstwave/return_trace.csv.meta.json",
        "return_trace_evidence": {
          "schema_version": "project3_return_trace_evidence_v1",
          "generated_at": "2026-05-24T14:02:05Z",
          "run_id": "solusdt_4h_dqn_baseline_12_direct_atr_sltp_s0_20260524T140011Z_project3_stage31_firstwave",
          "pipeline_plugin": "rl_pipeline",
          "trace_schema_version": "stage_b_return_trace_v1",
          "asset": "solusdt_4h",
          "timeframe": "4h",
          "seed": 0,
          "config_hash": "da6e0229205d96510fd1233c43bb2f3a0810e41a8a54081e39a818cddda7c2d4",
          "data_file": "/home/harveybc/Documents/GitHub/financial-data/experiments/stage_a_screening/inputs/solusdt/4h/baseline_12/train.csv",
          "data_file_hash": "07ea53af8d303fd13fb904ce119e3cab762d496c1df50650a9a63b691d9cade5",
          "feature_list_hash": null,
          "feature_columns": null,
          "feature_column_count": 0,
          "observation_state_fields": [
            "equity_norm",
            "position",
            "prices",
            "returns",
            "steps_remaining_norm",
            "unrealized_pnl_norm"
          ],
          "observation_state_hash": "a1b97276bf4bd7fae0ba79fc580caaa16c6274e1055a86f3ae9260d816090946",
          "heldout_boundary": "2025-01-01",
          "contains_heldout_rows": false,
          "stage_c_authorized": false,
          "broker_profile": null,
          "market_type": null,
          "trade_rate_band_id": null,
          "calendar_policy_id": null,
          "traces": [
            {
              "split": "evaluation",
              "trace_file": "/home/harveybc/Documents/GitHub/financial-data/experiments/stage_a_screening/runs/omega/solusdt_4h_dqn_baseline_12_direct_atr_sltp_s0_20260524T140011Z_project3_stage31_firstwave/return_trace.csv",
              "trace_file_sha256": "71d3242eac8b5e420e9934e802ee23aaeff98e130e0ac9a273ffa1f552d83580",
              "metadata_file": "/home/harveybc/Documents/GitHub/financial-data/experiments/stage_a_screening/runs/omega/solusdt_4h_dqn_baseline_12_direct_atr_sltp_s0_20260524T140011Z_project3_stage31_firstwave/return_trace.csv.meta.json",
              "row_count": 7378,
              "first_timestamp": "2020-08-19 08:00:00",
              "last_timestamp": "2023-12-31 20:00:00",
              "contains_heldout_rows": false,
              "stage_c_authorized": false,
              "episode_id": "solusdt_4h_dqn_baseline_12_direct_atr_sltp_s0_20260524T140011Z_project3_stage31_firstwave::eval0",
              "feature_list_hash": null,
              "feature_column_count": 0,
              "observation_state_hash": "a1b97276bf4bd7fae0ba79fc580caaa16c6274e1055a86f3ae9260d816090946"
            }
          ],
          "evidence_file": "/home/harveybc/Documents/GitHub/financial-data/experiments/stage_a_screening/runs/omega/solusdt_4h_dqn_baseline_12_direct_atr_sltp_s0_20260524T140011Z_project3_stage31_firstwave/evidence.json"
        },
        "return_trace_evidence_file": "/home/harveybc/Documents/GitHub/financial-data/experiments/stage_a_screening/runs/omega/solusdt_4h_dqn_baseline_12_direct_atr_sltp_s0_20260524T140011Z_project3_stage31_firstwave/evidence.json",
        "mode": "train"
      },
      "run_dir": "/home/harveybc/Documents/GitHub/financial-data/experiments/stage_a_screening/runs/omega/solusdt_4h_dqn_baseline_12_direct_atr_sltp_s0_20260524T140011Z_project3_stage31_firstwave"
    }
  ]
}
