[seed_sweep] running seed=2 run_dir=/home/harveybc/Documents/GitHub/financial-data/experiments/stage_a_screening/runs/omega/solusdt_4h_ppo_baseline_12_direct_atr_sltp_s2_20260530T111933Z_project3_stage31_firstwave
{
  "ok": true,
  "results": [
    {
      "seed": 2,
      "exit_code": 0,
      "summary": {
        "initial_cash": 10000.0,
        "final_equity": 9999.961183828733,
        "total_return": -3.88161712672197e-06,
        "max_drawdown_pct": 0.024786818424255588,
        "max_drawdown_money": 2.479089063432184,
        "sharpe_ratio": -8.852389935216976,
        "sqn": 0.006619426742500406,
        "trades_total": 410,
        "trades_won": 187,
        "trades_lost": 222,
        "avg_trade_pnl": 2.615434903247938e-05,
        "action_diagnostics": {
          "steps": 7379,
          "hold_actions": 851,
          "long_actions": 6528,
          "short_actions": 0,
          "non_hold_actions": 6528,
          "continuous_deadband_actions": 0,
          "raw_abs_sum": 6528.0,
          "raw_min": 0.0,
          "raw_max": 1.0,
          "continuous_action_threshold": null
        },
        "execution_diagnostics": {
          "entry_actions_seen": 6527,
          "entry_orders_submitted": 412,
          "blocked_session_filter": 0,
          "blocked_atr_warmup": 13,
          "blocked_non_positive_atr": 0,
          "blocked_non_positive_size": 0,
          "blocked_non_positive_price": 0,
          "default_orders_submitted": 0,
          "plugin_apply_errors": 0
        },
        "episode_reward": -5.9316171267711496e-06,
        "episode_length": 7379,
        "eval_seed": 2,
        "action_steps": 7379,
        "action_hold_count": 851,
        "action_long_count": 6528,
        "action_short_count": 0,
        "action_non_hold_count": 6528,
        "action_non_hold_rate": 0.8846727198807427,
        "action_abs_mean": 0.8846727198807427,
        "action_raw_min": 0.0,
        "action_raw_max": 1.0,
        "action_deadband_count": 0,
        "action_deadband_rate": 0.0,
        "execution_entry_actions_seen": 6527,
        "execution_entry_orders_submitted": 412,
        "execution_blocked_atr_warmup": 13,
        "execution_blocked_session_filter": 0,
        "execution_blocked_non_positive_atr": 0,
        "execution_blocked_non_positive_size": 0,
        "execution_blocked_non_positive_price": 0,
        "no_trade_diagnosis": "",
        "no_trade_min_trades": 1,
        "no_trade_gate_passed": true,
        "return_trace_file": "/home/harveybc/Documents/GitHub/financial-data/experiments/stage_a_screening/runs/omega/solusdt_4h_ppo_baseline_12_direct_atr_sltp_s2_20260530T111933Z_project3_stage31_firstwave/return_trace.csv",
        "return_trace_metadata_file": "/home/harveybc/Documents/GitHub/financial-data/experiments/stage_a_screening/runs/omega/solusdt_4h_ppo_baseline_12_direct_atr_sltp_s2_20260530T111933Z_project3_stage31_firstwave/return_trace.csv.meta.json",
        "return_trace_evidence": {
          "schema_version": "project3_return_trace_evidence_v1",
          "generated_at": "2026-05-30T11:22:05Z",
          "run_id": "solusdt_4h_ppo_baseline_12_direct_atr_sltp_s2_20260530T111933Z_project3_stage31_firstwave",
          "pipeline_plugin": "rl_pipeline",
          "trace_schema_version": "stage_b_return_trace_v1",
          "asset": "solusdt_4h",
          "timeframe": "4h",
          "seed": 2,
          "config_hash": "66fdd1266b567ef72112f80de2a4b2e861c2f7ac1f70d50a35a98a04c47df0b2",
          "data_file": "/home/harveybc/Documents/GitHub/financial-data/experiments/stage_a_screening/inputs/solusdt/4h/baseline_12/train.csv",
          "data_file_hash": "07ea53af8d303fd13fb904ce119e3cab762d496c1df50650a9a63b691d9cade5",
          "feature_list_hash": "a3477d689804412c604c64dc9da5a91f73e1a7d1e2209dd08f2eec7ecd7aadc1",
          "feature_columns": [
            "OPEN",
            "HIGH",
            "LOW",
            "CLOSE",
            "VOLUME",
            "returns",
            "log_returns",
            "rsi_14",
            "macd_hist",
            "bb_pos",
            "volume_ratio",
            "ema_cross",
            "atr_norm",
            "obv_delta",
            "momentum_5",
            "momentum_20",
            "vol_20"
          ],
          "feature_column_count": 17,
          "observation_state_fields": [
            "equity_norm",
            "position",
            "prices",
            "returns",
            "steps_remaining_norm",
            "unrealized_pnl_norm"
          ],
          "observation_state_hash": "a1b97276bf4bd7fae0ba79fc580caaa16c6274e1055a86f3ae9260d816090946",
          "heldout_boundary": "2025-01-01",
          "contains_heldout_rows": false,
          "stage_c_authorized": false,
          "broker_profile": null,
          "market_type": null,
          "trade_rate_band_id": null,
          "calendar_policy_id": null,
          "market_state_profile_id": null,
          "market_state_profile_hash": null,
          "market_state_profile_family": null,
          "market_state_profile_name": null,
          "market_state_selected_columns": null,
          "traces": [
            {
              "split": "evaluation",
              "trace_file": "/home/harveybc/Documents/GitHub/financial-data/experiments/stage_a_screening/runs/omega/solusdt_4h_ppo_baseline_12_direct_atr_sltp_s2_20260530T111933Z_project3_stage31_firstwave/return_trace.csv",
              "trace_file_sha256": "901dc3bcaa2402bc47629812c2fd594b34f2246a0f208452435624f579837f47",
              "metadata_file": "/home/harveybc/Documents/GitHub/financial-data/experiments/stage_a_screening/runs/omega/solusdt_4h_ppo_baseline_12_direct_atr_sltp_s2_20260530T111933Z_project3_stage31_firstwave/return_trace.csv.meta.json",
              "row_count": 7378,
              "first_timestamp": "2020-08-19 08:00:00",
              "last_timestamp": "2023-12-31 20:00:00",
              "contains_heldout_rows": false,
              "stage_c_authorized": false,
              "episode_id": "solusdt_4h_ppo_baseline_12_direct_atr_sltp_s2_20260530T111933Z_project3_stage31_firstwave::eval0",
              "feature_list_hash": "a3477d689804412c604c64dc9da5a91f73e1a7d1e2209dd08f2eec7ecd7aadc1",
              "feature_column_count": 17,
              "observation_state_hash": "a1b97276bf4bd7fae0ba79fc580caaa16c6274e1055a86f3ae9260d816090946"
            }
          ],
          "evidence_file": "/home/harveybc/Documents/GitHub/financial-data/experiments/stage_a_screening/runs/omega/solusdt_4h_ppo_baseline_12_direct_atr_sltp_s2_20260530T111933Z_project3_stage31_firstwave/evidence.json"
        },
        "return_trace_evidence_file": "/home/harveybc/Documents/GitHub/financial-data/experiments/stage_a_screening/runs/omega/solusdt_4h_ppo_baseline_12_direct_atr_sltp_s2_20260530T111933Z_project3_stage31_firstwave/evidence.json",
        "mode": "train"
      },
      "run_dir": "/home/harveybc/Documents/GitHub/financial-data/experiments/stage_a_screening/runs/omega/solusdt_4h_ppo_baseline_12_direct_atr_sltp_s2_20260530T111933Z_project3_stage31_firstwave"
    }
  ]
}
