[seed_sweep] running seed=2 run_dir=/home/harveybc/Documents/GitHub/financial-data/experiments/stage_a_screening/runs/omega/solusdt_4h_ppo_learned_lstm_direct_atr_sltp_s2_20260609T205347Z_project3_stage31_firstwave
{
  "ok": true,
  "results": [
    {
      "seed": 2,
      "exit_code": 0,
      "summary": {
        "initial_cash": 10000.0,
        "final_equity": 9999.821054954657,
        "total_return": -1.789450453437702e-05,
        "max_drawdown_pct": 0.027717197753462864,
        "max_drawdown_money": 2.7722175465660257,
        "sharpe_ratio": -8.749500668604513,
        "sqn": -0.07924140896658222,
        "trades_total": 455,
        "trades_won": 208,
        "trades_lost": 246,
        "avg_trade_pnl": -0.0002850919500692293,
        "action_diagnostics": {
          "steps": 7428,
          "hold_actions": 18,
          "long_actions": 7410,
          "short_actions": 0,
          "non_hold_actions": 7410,
          "continuous_deadband_actions": 0,
          "raw_abs_sum": 7410.0,
          "raw_min": 0.0,
          "raw_max": 1.0,
          "continuous_action_threshold": null
        },
        "execution_diagnostics": {
          "entry_actions_seen": 7409,
          "entry_orders_submitted": 457,
          "blocked_session_filter": 0,
          "blocked_atr_warmup": 13,
          "blocked_non_positive_atr": 0,
          "blocked_non_positive_size": 0,
          "blocked_non_positive_price": 0,
          "default_orders_submitted": 0,
          "plugin_apply_errors": 0,
          "event_context_no_trade_active_steps": 0,
          "event_context_action_overrides": 0,
          "event_context_blocked_entries": 0,
          "event_context_forced_flat_actions": 0,
          "event_context_forced_flat_orders": 0
        },
        "event_context_diagnostics": {
          "event_context_no_trade_value": 0.0,
          "event_context_no_trade_active": 0.0,
          "event_context_spread_stress_multiplier": 1.0,
          "event_context_slippage_stress_multiplier": 1.0,
          "event_context_execution_overlay": false,
          "event_context_action_before_overlay": 1,
          "event_context_action_after_overlay": 1,
          "event_context_action_overridden": false,
          "event_context_blocked_entry": false,
          "event_context_forced_flat": false,
          "event_context_position_before_overlay": 1
        },
        "episode_reward": -1.9944504534396593e-05,
        "episode_length": 7428,
        "eval_seed": 2,
        "action_steps": 7428,
        "action_hold_count": 18,
        "action_long_count": 7410,
        "action_short_count": 0,
        "action_non_hold_count": 7410,
        "action_non_hold_rate": 0.9975767366720517,
        "action_abs_mean": 0.9975767366720517,
        "action_raw_min": 0.0,
        "action_raw_max": 1.0,
        "action_deadband_count": 0,
        "action_deadband_rate": 0.0,
        "execution_entry_actions_seen": 7409,
        "execution_entry_orders_submitted": 457,
        "execution_blocked_atr_warmup": 13,
        "execution_blocked_session_filter": 0,
        "execution_blocked_non_positive_atr": 0,
        "execution_blocked_non_positive_size": 0,
        "execution_blocked_non_positive_price": 0,
        "no_trade_diagnosis": "",
        "no_trade_min_trades": 1,
        "no_trade_gate_passed": true,
        "return_trace_file": "/home/harveybc/Documents/GitHub/financial-data/experiments/stage_a_screening/runs/omega/solusdt_4h_ppo_learned_lstm_direct_atr_sltp_s2_20260609T205347Z_project3_stage31_firstwave/return_trace.csv",
        "return_trace_metadata_file": "/home/harveybc/Documents/GitHub/financial-data/experiments/stage_a_screening/runs/omega/solusdt_4h_ppo_learned_lstm_direct_atr_sltp_s2_20260609T205347Z_project3_stage31_firstwave/return_trace.csv.meta.json",
        "return_trace_evidence": {
          "schema_version": "project3_return_trace_evidence_v1",
          "generated_at": "2026-06-09T20:56:10Z",
          "run_id": "solusdt_4h_ppo_learned_lstm_direct_atr_sltp_s2_20260609T205347Z_project3_stage31_firstwave",
          "pipeline_plugin": "rl_pipeline",
          "trace_schema_version": "stage_b_return_trace_v1",
          "asset": "solusdt_4h",
          "timeframe": "4h",
          "seed": 2,
          "config_hash": "aaacd8c54936a395ed38105fe752df6762a8acb8905793c3ed8e96d134d95494",
          "data_file": "/home/harveybc/Documents/GitHub/financial-data/experiments/stage_a_screening/inputs/solusdt/4h/learned_lstm/train.csv",
          "data_file_hash": "c0c154c27d60443154882c0ca92e9fdd216d335a32b31d1b4b1bece93c1ece36",
          "feature_list_hash": "47e262b27817c8bc38977eaaf96f200a50a7041ff42c6ded8d5491523ef24f87",
          "feature_columns": [
            "OPEN",
            "HIGH",
            "LOW",
            "CLOSE",
            "VOLUME"
          ],
          "feature_column_count": 5,
          "observation_state_fields": [
            "equity_norm",
            "position",
            "prices",
            "returns",
            "steps_remaining_norm",
            "unrealized_pnl_norm"
          ],
          "observation_state_hash": "a1b97276bf4bd7fae0ba79fc580caaa16c6274e1055a86f3ae9260d816090946",
          "heldout_boundary": "2025-01-01",
          "contains_heldout_rows": false,
          "stage_c_authorized": false,
          "broker_profile": null,
          "market_type": null,
          "trade_rate_band_id": null,
          "calendar_policy_id": null,
          "market_state_profile_id": null,
          "market_state_profile_hash": null,
          "market_state_profile_family": null,
          "market_state_profile_name": null,
          "market_state_selected_columns": null,
          "traces": [
            {
              "split": "evaluation",
              "trace_file": "/home/harveybc/Documents/GitHub/financial-data/experiments/stage_a_screening/runs/omega/solusdt_4h_ppo_learned_lstm_direct_atr_sltp_s2_20260609T205347Z_project3_stage31_firstwave/return_trace.csv",
              "trace_file_sha256": "ccc2e146ae87bd2d734e6c8f80f978550a3e6350a7d3608cd48588b4793071f8",
              "metadata_file": "/home/harveybc/Documents/GitHub/financial-data/experiments/stage_a_screening/runs/omega/solusdt_4h_ppo_learned_lstm_direct_atr_sltp_s2_20260609T205347Z_project3_stage31_firstwave/return_trace.csv.meta.json",
              "row_count": 7427,
              "first_timestamp": "2020-08-11 04:00:00",
              "last_timestamp": "2023-12-31 20:00:00",
              "contains_heldout_rows": false,
              "stage_c_authorized": false,
              "episode_id": "solusdt_4h_ppo_learned_lstm_direct_atr_sltp_s2_20260609T205347Z_project3_stage31_firstwave::eval0",
              "feature_list_hash": "47e262b27817c8bc38977eaaf96f200a50a7041ff42c6ded8d5491523ef24f87",
              "feature_column_count": 5,
              "observation_state_hash": "a1b97276bf4bd7fae0ba79fc580caaa16c6274e1055a86f3ae9260d816090946"
            }
          ],
          "evidence_file": "/home/harveybc/Documents/GitHub/financial-data/experiments/stage_a_screening/runs/omega/solusdt_4h_ppo_learned_lstm_direct_atr_sltp_s2_20260609T205347Z_project3_stage31_firstwave/evidence.json"
        },
        "return_trace_evidence_file": "/home/harveybc/Documents/GitHub/financial-data/experiments/stage_a_screening/runs/omega/solusdt_4h_ppo_learned_lstm_direct_atr_sltp_s2_20260609T205347Z_project3_stage31_firstwave/evidence.json",
        "mode": "train"
      },
      "run_dir": "/home/harveybc/Documents/GitHub/financial-data/experiments/stage_a_screening/runs/omega/solusdt_4h_ppo_learned_lstm_direct_atr_sltp_s2_20260609T205347Z_project3_stage31_firstwave"
    }
  ]
}
