[seed_sweep] running seed=2 run_dir=/home/harveybc/Documents/GitHub/financial-data/experiments/stage_a_screening/runs/omega/solusdt_4h_dqn_crypto_full_direct_atr_sltp_s2_20260609T205726Z_project3_stage31_firstwave
{
  "ok": true,
  "results": [
    {
      "seed": 2,
      "exit_code": 0,
      "summary": {
        "initial_cash": 10000.0,
        "final_equity": 9998.335291169282,
        "total_return": -0.00016647088307186753,
        "max_drawdown_pct": 0.026308753376487044,
        "max_drawdown_money": 2.630891764199987,
        "sharpe_ratio": -6.422588170316668,
        "sqn": -0.6851894312800473,
        "trades_total": 810,
        "trades_won": 371,
        "trades_lost": 438,
        "avg_trade_pnl": -0.002059709555896164,
        "action_diagnostics": {
          "steps": 7173,
          "hold_actions": 3850,
          "long_actions": 511,
          "short_actions": 2812,
          "non_hold_actions": 3323,
          "continuous_deadband_actions": 0,
          "raw_abs_sum": 6135.0,
          "raw_min": 0.0,
          "raw_max": 2.0,
          "continuous_action_threshold": null
        },
        "execution_diagnostics": {
          "entry_actions_seen": 3323,
          "entry_orders_submitted": 747,
          "blocked_session_filter": 0,
          "blocked_atr_warmup": 2,
          "blocked_non_positive_atr": 0,
          "blocked_non_positive_size": 0,
          "blocked_non_positive_price": 0,
          "default_orders_submitted": 0,
          "plugin_apply_errors": 0,
          "event_context_no_trade_active_steps": 0,
          "event_context_action_overrides": 0,
          "event_context_blocked_entries": 0,
          "event_context_forced_flat_actions": 0,
          "event_context_forced_flat_orders": 0
        },
        "event_context_diagnostics": {
          "event_context_no_trade_value": 0.0,
          "event_context_no_trade_active": 0.0,
          "event_context_spread_stress_multiplier": 1.0,
          "event_context_slippage_stress_multiplier": 1.0,
          "event_context_execution_overlay": false,
          "event_context_action_before_overlay": 0,
          "event_context_action_after_overlay": 0,
          "event_context_action_overridden": false,
          "event_context_blocked_entry": false,
          "event_context_forced_flat": false,
          "event_context_position_before_overlay": -1
        },
        "episode_reward": -0.00016442088307176174,
        "episode_length": 7173,
        "eval_seed": 2,
        "action_steps": 7173,
        "action_hold_count": 3850,
        "action_long_count": 511,
        "action_short_count": 2812,
        "action_non_hold_count": 3323,
        "action_non_hold_rate": 0.46326502160881083,
        "action_abs_mean": 0.8552906733584275,
        "action_raw_min": 0.0,
        "action_raw_max": 2.0,
        "action_deadband_count": 0,
        "action_deadband_rate": 0.0,
        "execution_entry_actions_seen": 3323,
        "execution_entry_orders_submitted": 747,
        "execution_blocked_atr_warmup": 2,
        "execution_blocked_session_filter": 0,
        "execution_blocked_non_positive_atr": 0,
        "execution_blocked_non_positive_size": 0,
        "execution_blocked_non_positive_price": 0,
        "no_trade_diagnosis": "",
        "no_trade_min_trades": 1,
        "no_trade_gate_passed": true,
        "return_trace_file": "/home/harveybc/Documents/GitHub/financial-data/experiments/stage_a_screening/runs/omega/solusdt_4h_dqn_crypto_full_direct_atr_sltp_s2_20260609T205726Z_project3_stage31_firstwave/return_trace.csv",
        "return_trace_metadata_file": "/home/harveybc/Documents/GitHub/financial-data/experiments/stage_a_screening/runs/omega/solusdt_4h_dqn_crypto_full_direct_atr_sltp_s2_20260609T205726Z_project3_stage31_firstwave/return_trace.csv.meta.json",
        "return_trace_evidence": {
          "schema_version": "project3_return_trace_evidence_v1",
          "generated_at": "2026-06-09T20:58:45Z",
          "run_id": "solusdt_4h_dqn_crypto_full_direct_atr_sltp_s2_20260609T205726Z_project3_stage31_firstwave",
          "pipeline_plugin": "rl_pipeline",
          "trace_schema_version": "stage_b_return_trace_v1",
          "asset": "solusdt_4h",
          "timeframe": "4h",
          "seed": 2,
          "config_hash": "952e3881d5fd58b0d19d8745b3c7a5f88231041e861eeeed4c68cca58ac5509f",
          "data_file": "/home/harveybc/Documents/GitHub/financial-data/experiments/stage_a_screening/inputs/solusdt/4h/crypto_full/train.csv",
          "data_file_hash": "dc70849d9bf78c3a15cc1dee67dba078be7ad174f1cbe44c0720af1e30965b4f",
          "feature_list_hash": null,
          "feature_columns": null,
          "feature_column_count": 0,
          "observation_state_fields": [
            "equity_norm",
            "position",
            "prices",
            "returns",
            "steps_remaining_norm",
            "unrealized_pnl_norm"
          ],
          "observation_state_hash": "a1b97276bf4bd7fae0ba79fc580caaa16c6274e1055a86f3ae9260d816090946",
          "heldout_boundary": "2025-01-01",
          "contains_heldout_rows": false,
          "stage_c_authorized": false,
          "broker_profile": null,
          "market_type": null,
          "trade_rate_band_id": null,
          "calendar_policy_id": null,
          "market_state_profile_id": null,
          "market_state_profile_hash": null,
          "market_state_profile_family": null,
          "market_state_profile_name": null,
          "market_state_selected_columns": null,
          "traces": [
            {
              "split": "evaluation",
              "trace_file": "/home/harveybc/Documents/GitHub/financial-data/experiments/stage_a_screening/runs/omega/solusdt_4h_dqn_crypto_full_direct_atr_sltp_s2_20260609T205726Z_project3_stage31_firstwave/return_trace.csv",
              "trace_file_sha256": "75bb1c8d0200fc7a6ed8a2ef646a882752aa59f5b75eb1301498d35b775831e0",
              "metadata_file": "/home/harveybc/Documents/GitHub/financial-data/experiments/stage_a_screening/runs/omega/solusdt_4h_dqn_crypto_full_direct_atr_sltp_s2_20260609T205726Z_project3_stage31_firstwave/return_trace.csv.meta.json",
              "row_count": 7172,
              "first_timestamp": "2020-09-22 16:00:00",
              "last_timestamp": "2023-12-31 20:00:00",
              "contains_heldout_rows": false,
              "stage_c_authorized": false,
              "episode_id": "solusdt_4h_dqn_crypto_full_direct_atr_sltp_s2_20260609T205726Z_project3_stage31_firstwave::eval0",
              "feature_list_hash": null,
              "feature_column_count": 0,
              "observation_state_hash": "a1b97276bf4bd7fae0ba79fc580caaa16c6274e1055a86f3ae9260d816090946"
            }
          ],
          "evidence_file": "/home/harveybc/Documents/GitHub/financial-data/experiments/stage_a_screening/runs/omega/solusdt_4h_dqn_crypto_full_direct_atr_sltp_s2_20260609T205726Z_project3_stage31_firstwave/evidence.json"
        },
        "return_trace_evidence_file": "/home/harveybc/Documents/GitHub/financial-data/experiments/stage_a_screening/runs/omega/solusdt_4h_dqn_crypto_full_direct_atr_sltp_s2_20260609T205726Z_project3_stage31_firstwave/evidence.json",
        "mode": "train"
      },
      "run_dir": "/home/harveybc/Documents/GitHub/financial-data/experiments/stage_a_screening/runs/omega/solusdt_4h_dqn_crypto_full_direct_atr_sltp_s2_20260609T205726Z_project3_stage31_firstwave"
    }
  ]
}
