[seed_sweep] running seed=0 run_dir=/home/harveybc/Documents/GitHub/financial-data/experiments/stage_a_screening/runs/omega/solusdt_4h_ppo_baseline_12_direct_atr_sltp_s0_20260524T135524Z_project3_stage31_firstwave
{
  "ok": true,
  "results": [
    {
      "seed": 0,
      "exit_code": 0,
      "summary": {
        "initial_cash": 10000.0,
        "final_equity": 10000.38485003949,
        "total_return": 3.84850039489848e-05,
        "max_drawdown_pct": 0.0259356790389429,
        "max_drawdown_money": 2.5940600554513367,
        "sharpe_ratio": -7.680993705689256,
        "sqn": 0.20480575944040658,
        "trades_total": 532,
        "trades_won": 245,
        "trades_lost": 286,
        "avg_trade_pnl": 0.000687098756174319,
        "action_diagnostics": {
          "steps": 7379,
          "hold_actions": 1153,
          "long_actions": 4910,
          "short_actions": 1316,
          "non_hold_actions": 6226,
          "continuous_deadband_actions": 0,
          "raw_abs_sum": 7542.0,
          "raw_min": 0.0,
          "raw_max": 2.0,
          "continuous_action_threshold": null
        },
        "execution_diagnostics": {
          "entry_actions_seen": 6225,
          "entry_orders_submitted": 506,
          "blocked_session_filter": 0,
          "blocked_atr_warmup": 13,
          "blocked_non_positive_atr": 0,
          "blocked_non_positive_size": 0,
          "blocked_non_positive_price": 0,
          "default_orders_submitted": 0,
          "plugin_apply_errors": 0
        },
        "episode_reward": 3.643500394900921e-05,
        "episode_length": 7379,
        "eval_seed": 0,
        "action_steps": 7379,
        "action_hold_count": 1153,
        "action_long_count": 4910,
        "action_short_count": 1316,
        "action_non_hold_count": 6226,
        "action_non_hold_rate": 0.8437457650088088,
        "action_abs_mean": 1.0220897140533947,
        "action_raw_min": 0.0,
        "action_raw_max": 2.0,
        "action_deadband_count": 0,
        "action_deadband_rate": 0.0,
        "execution_entry_actions_seen": 6225,
        "execution_entry_orders_submitted": 506,
        "execution_blocked_atr_warmup": 13,
        "execution_blocked_session_filter": 0,
        "execution_blocked_non_positive_atr": 0,
        "execution_blocked_non_positive_size": 0,
        "execution_blocked_non_positive_price": 0,
        "no_trade_diagnosis": "",
        "no_trade_min_trades": 1,
        "no_trade_gate_passed": true,
        "return_trace_file": "/home/harveybc/Documents/GitHub/financial-data/experiments/stage_a_screening/runs/omega/solusdt_4h_ppo_baseline_12_direct_atr_sltp_s0_20260524T135524Z_project3_stage31_firstwave/return_trace.csv",
        "return_trace_metadata_file": "/home/harveybc/Documents/GitHub/financial-data/experiments/stage_a_screening/runs/omega/solusdt_4h_ppo_baseline_12_direct_atr_sltp_s0_20260524T135524Z_project3_stage31_firstwave/return_trace.csv.meta.json",
        "return_trace_evidence": {
          "schema_version": "project3_return_trace_evidence_v1",
          "generated_at": "2026-05-24T13:57:37Z",
          "run_id": "solusdt_4h_ppo_baseline_12_direct_atr_sltp_s0_20260524T135524Z_project3_stage31_firstwave",
          "pipeline_plugin": "rl_pipeline",
          "trace_schema_version": "stage_b_return_trace_v1",
          "asset": "solusdt_4h",
          "timeframe": "4h",
          "seed": 0,
          "config_hash": "e58ffb059400b62367d7c0ec32ddaee6fe44efe1d3fe8b072ebfa7c80816f511",
          "data_file": "/home/harveybc/Documents/GitHub/financial-data/experiments/stage_a_screening/inputs/solusdt/4h/baseline_12/train.csv",
          "data_file_hash": "07ea53af8d303fd13fb904ce119e3cab762d496c1df50650a9a63b691d9cade5",
          "feature_list_hash": "a3477d689804412c604c64dc9da5a91f73e1a7d1e2209dd08f2eec7ecd7aadc1",
          "feature_columns": [
            "OPEN",
            "HIGH",
            "LOW",
            "CLOSE",
            "VOLUME",
            "returns",
            "log_returns",
            "rsi_14",
            "macd_hist",
            "bb_pos",
            "volume_ratio",
            "ema_cross",
            "atr_norm",
            "obv_delta",
            "momentum_5",
            "momentum_20",
            "vol_20"
          ],
          "feature_column_count": 17,
          "observation_state_fields": [
            "equity_norm",
            "position",
            "prices",
            "returns",
            "steps_remaining_norm",
            "unrealized_pnl_norm"
          ],
          "observation_state_hash": "a1b97276bf4bd7fae0ba79fc580caaa16c6274e1055a86f3ae9260d816090946",
          "heldout_boundary": "2025-01-01",
          "contains_heldout_rows": false,
          "stage_c_authorized": false,
          "broker_profile": null,
          "market_type": null,
          "trade_rate_band_id": null,
          "calendar_policy_id": null,
          "traces": [
            {
              "split": "evaluation",
              "trace_file": "/home/harveybc/Documents/GitHub/financial-data/experiments/stage_a_screening/runs/omega/solusdt_4h_ppo_baseline_12_direct_atr_sltp_s0_20260524T135524Z_project3_stage31_firstwave/return_trace.csv",
              "trace_file_sha256": "2a2df00850e81233a9aef5e742640eef8f52bf35f46d9878213928d77f4f6ea7",
              "metadata_file": "/home/harveybc/Documents/GitHub/financial-data/experiments/stage_a_screening/runs/omega/solusdt_4h_ppo_baseline_12_direct_atr_sltp_s0_20260524T135524Z_project3_stage31_firstwave/return_trace.csv.meta.json",
              "row_count": 7378,
              "first_timestamp": "2020-08-19 08:00:00",
              "last_timestamp": "2023-12-31 20:00:00",
              "contains_heldout_rows": false,
              "stage_c_authorized": false,
              "episode_id": "solusdt_4h_ppo_baseline_12_direct_atr_sltp_s0_20260524T135524Z_project3_stage31_firstwave::eval0",
              "feature_list_hash": "a3477d689804412c604c64dc9da5a91f73e1a7d1e2209dd08f2eec7ecd7aadc1",
              "feature_column_count": 17,
              "observation_state_hash": "a1b97276bf4bd7fae0ba79fc580caaa16c6274e1055a86f3ae9260d816090946"
            }
          ],
          "evidence_file": "/home/harveybc/Documents/GitHub/financial-data/experiments/stage_a_screening/runs/omega/solusdt_4h_ppo_baseline_12_direct_atr_sltp_s0_20260524T135524Z_project3_stage31_firstwave/evidence.json"
        },
        "return_trace_evidence_file": "/home/harveybc/Documents/GitHub/financial-data/experiments/stage_a_screening/runs/omega/solusdt_4h_ppo_baseline_12_direct_atr_sltp_s0_20260524T135524Z_project3_stage31_firstwave/evidence.json",
        "mode": "train"
      },
      "run_dir": "/home/harveybc/Documents/GitHub/financial-data/experiments/stage_a_screening/runs/omega/solusdt_4h_ppo_baseline_12_direct_atr_sltp_s0_20260524T135524Z_project3_stage31_firstwave"
    }
  ]
}
