[seed_sweep] running seed=2 run_dir=/home/harveybc/Documents/GitHub/financial-data/experiments/stage_a_screening/runs/omega/solusdt_4h_dqn_baseline_12_direct_atr_sltp_s2_20260530T112212Z_project3_stage31_firstwave
{
  "ok": true,
  "results": [
    {
      "seed": 2,
      "exit_code": 0,
      "summary": {
        "initial_cash": 10000.0,
        "final_equity": 9998.888738423304,
        "total_return": -0.00011112615766961653,
        "max_drawdown_pct": 0.021052086190420802,
        "max_drawdown_money": 2.1052172235795297,
        "sharpe_ratio": -6.99479110867478,
        "sqn": -0.4878914186303989,
        "trades_total": 503,
        "trades_won": 213,
        "trades_lost": 289,
        "avg_trade_pnl": -0.00227679632808196,
        "action_diagnostics": {
          "steps": 7379,
          "hold_actions": 2474,
          "long_actions": 244,
          "short_actions": 4661,
          "non_hold_actions": 4905,
          "continuous_deadband_actions": 0,
          "raw_abs_sum": 9566.0,
          "raw_min": 0.0,
          "raw_max": 2.0,
          "continuous_action_threshold": null
        },
        "execution_diagnostics": {
          "entry_actions_seen": 4905,
          "entry_orders_submitted": 470,
          "blocked_session_filter": 0,
          "blocked_atr_warmup": 1,
          "blocked_non_positive_atr": 0,
          "blocked_non_positive_size": 0,
          "blocked_non_positive_price": 0,
          "default_orders_submitted": 0,
          "plugin_apply_errors": 0
        },
        "episode_reward": -0.0001090761576695512,
        "episode_length": 7379,
        "eval_seed": 2,
        "action_steps": 7379,
        "action_hold_count": 2474,
        "action_long_count": 244,
        "action_short_count": 4661,
        "action_non_hold_count": 4905,
        "action_non_hold_rate": 0.6647242173736279,
        "action_abs_mean": 1.296381623526223,
        "action_raw_min": 0.0,
        "action_raw_max": 2.0,
        "action_deadband_count": 0,
        "action_deadband_rate": 0.0,
        "execution_entry_actions_seen": 4905,
        "execution_entry_orders_submitted": 470,
        "execution_blocked_atr_warmup": 1,
        "execution_blocked_session_filter": 0,
        "execution_blocked_non_positive_atr": 0,
        "execution_blocked_non_positive_size": 0,
        "execution_blocked_non_positive_price": 0,
        "no_trade_diagnosis": "",
        "no_trade_min_trades": 1,
        "no_trade_gate_passed": true,
        "return_trace_file": "/home/harveybc/Documents/GitHub/financial-data/experiments/stage_a_screening/runs/omega/solusdt_4h_dqn_baseline_12_direct_atr_sltp_s2_20260530T112212Z_project3_stage31_firstwave/return_trace.csv",
        "return_trace_metadata_file": "/home/harveybc/Documents/GitHub/financial-data/experiments/stage_a_screening/runs/omega/solusdt_4h_dqn_baseline_12_direct_atr_sltp_s2_20260530T112212Z_project3_stage31_firstwave/return_trace.csv.meta.json",
        "return_trace_evidence": {
          "schema_version": "project3_return_trace_evidence_v1",
          "generated_at": "2026-05-30T11:23:26Z",
          "run_id": "solusdt_4h_dqn_baseline_12_direct_atr_sltp_s2_20260530T112212Z_project3_stage31_firstwave",
          "pipeline_plugin": "rl_pipeline",
          "trace_schema_version": "stage_b_return_trace_v1",
          "asset": "solusdt_4h",
          "timeframe": "4h",
          "seed": 2,
          "config_hash": "cfbe35dc679a17b741f5e80b648824baa433c453db4d2a9fd4ed928edd43bf42",
          "data_file": "/home/harveybc/Documents/GitHub/financial-data/experiments/stage_a_screening/inputs/solusdt/4h/baseline_12/train.csv",
          "data_file_hash": "07ea53af8d303fd13fb904ce119e3cab762d496c1df50650a9a63b691d9cade5",
          "feature_list_hash": null,
          "feature_columns": null,
          "feature_column_count": 0,
          "observation_state_fields": [
            "equity_norm",
            "position",
            "prices",
            "returns",
            "steps_remaining_norm",
            "unrealized_pnl_norm"
          ],
          "observation_state_hash": "a1b97276bf4bd7fae0ba79fc580caaa16c6274e1055a86f3ae9260d816090946",
          "heldout_boundary": "2025-01-01",
          "contains_heldout_rows": false,
          "stage_c_authorized": false,
          "broker_profile": null,
          "market_type": null,
          "trade_rate_band_id": null,
          "calendar_policy_id": null,
          "market_state_profile_id": null,
          "market_state_profile_hash": null,
          "market_state_profile_family": null,
          "market_state_profile_name": null,
          "market_state_selected_columns": null,
          "traces": [
            {
              "split": "evaluation",
              "trace_file": "/home/harveybc/Documents/GitHub/financial-data/experiments/stage_a_screening/runs/omega/solusdt_4h_dqn_baseline_12_direct_atr_sltp_s2_20260530T112212Z_project3_stage31_firstwave/return_trace.csv",
              "trace_file_sha256": "a015c710b0398a25cf6833431a5512b235fd0801f38e9ae64f845599acbdd452",
              "metadata_file": "/home/harveybc/Documents/GitHub/financial-data/experiments/stage_a_screening/runs/omega/solusdt_4h_dqn_baseline_12_direct_atr_sltp_s2_20260530T112212Z_project3_stage31_firstwave/return_trace.csv.meta.json",
              "row_count": 7378,
              "first_timestamp": "2020-08-19 08:00:00",
              "last_timestamp": "2023-12-31 20:00:00",
              "contains_heldout_rows": false,
              "stage_c_authorized": false,
              "episode_id": "solusdt_4h_dqn_baseline_12_direct_atr_sltp_s2_20260530T112212Z_project3_stage31_firstwave::eval0",
              "feature_list_hash": null,
              "feature_column_count": 0,
              "observation_state_hash": "a1b97276bf4bd7fae0ba79fc580caaa16c6274e1055a86f3ae9260d816090946"
            }
          ],
          "evidence_file": "/home/harveybc/Documents/GitHub/financial-data/experiments/stage_a_screening/runs/omega/solusdt_4h_dqn_baseline_12_direct_atr_sltp_s2_20260530T112212Z_project3_stage31_firstwave/evidence.json"
        },
        "return_trace_evidence_file": "/home/harveybc/Documents/GitHub/financial-data/experiments/stage_a_screening/runs/omega/solusdt_4h_dqn_baseline_12_direct_atr_sltp_s2_20260530T112212Z_project3_stage31_firstwave/evidence.json",
        "mode": "train"
      },
      "run_dir": "/home/harveybc/Documents/GitHub/financial-data/experiments/stage_a_screening/runs/omega/solusdt_4h_dqn_baseline_12_direct_atr_sltp_s2_20260530T112212Z_project3_stage31_firstwave"
    }
  ]
}
