[seed_sweep] running seed=1 run_dir=/home/harveybc/Documents/GitHub/financial-data/experiments/stage_a_screening/runs/omega/solusdt_4h_dqn_tech_stat_direct_atr_sltp_s1_20260524T145559Z_project3_stage31_firstwave
{
  "ok": true,
  "results": [
    {
      "seed": 1,
      "exit_code": 0,
      "summary": {
        "initial_cash": 10000.0,
        "final_equity": 10000.167339163854,
        "total_return": 1.6733916385458514e-05,
        "max_drawdown_pct": 0.0067429854617511165,
        "max_drawdown_money": 0.6742988642108685,
        "sharpe_ratio": -19.316953510253352,
        "sqn": 0.1992921892731942,
        "trades_total": 52,
        "trades_won": 19,
        "trades_lost": 33,
        "avg_trade_pnl": 0.0032180608434615346,
        "action_diagnostics": {
          "steps": 7176,
          "hold_actions": 7017,
          "long_actions": 50,
          "short_actions": 109,
          "non_hold_actions": 159,
          "continuous_deadband_actions": 0,
          "raw_abs_sum": 268.0,
          "raw_min": 0.0,
          "raw_max": 2.0,
          "continuous_action_threshold": null
        },
        "execution_diagnostics": {
          "entry_actions_seen": 159,
          "entry_orders_submitted": 48,
          "blocked_session_filter": 0,
          "blocked_atr_warmup": 0,
          "blocked_non_positive_atr": 0,
          "blocked_non_positive_size": 0,
          "blocked_non_positive_price": 0,
          "default_orders_submitted": 0,
          "plugin_apply_errors": 0
        },
        "episode_reward": 1.6733916385419483e-05,
        "episode_length": 7176,
        "eval_seed": 1,
        "action_steps": 7176,
        "action_hold_count": 7017,
        "action_long_count": 50,
        "action_short_count": 109,
        "action_non_hold_count": 159,
        "action_non_hold_rate": 0.022157190635451504,
        "action_abs_mean": 0.037346711259754736,
        "action_raw_min": 0.0,
        "action_raw_max": 2.0,
        "action_deadband_count": 0,
        "action_deadband_rate": 0.0,
        "execution_entry_actions_seen": 159,
        "execution_entry_orders_submitted": 48,
        "execution_blocked_atr_warmup": 0,
        "execution_blocked_session_filter": 0,
        "execution_blocked_non_positive_atr": 0,
        "execution_blocked_non_positive_size": 0,
        "execution_blocked_non_positive_price": 0,
        "no_trade_diagnosis": "",
        "no_trade_min_trades": 1,
        "no_trade_gate_passed": true,
        "return_trace_file": "/home/harveybc/Documents/GitHub/financial-data/experiments/stage_a_screening/runs/omega/solusdt_4h_dqn_tech_stat_direct_atr_sltp_s1_20260524T145559Z_project3_stage31_firstwave/return_trace.csv",
        "return_trace_metadata_file": "/home/harveybc/Documents/GitHub/financial-data/experiments/stage_a_screening/runs/omega/solusdt_4h_dqn_tech_stat_direct_atr_sltp_s1_20260524T145559Z_project3_stage31_firstwave/return_trace.csv.meta.json",
        "return_trace_evidence": {
          "schema_version": "project3_return_trace_evidence_v1",
          "generated_at": "2026-05-24T14:57:37Z",
          "run_id": "solusdt_4h_dqn_tech_stat_direct_atr_sltp_s1_20260524T145559Z_project3_stage31_firstwave",
          "pipeline_plugin": "rl_pipeline",
          "trace_schema_version": "stage_b_return_trace_v1",
          "asset": "solusdt_4h",
          "timeframe": "4h",
          "seed": 1,
          "config_hash": "5d3f0eeeea923686951f3d3cb5c6a2798e722d2c163347ed21fcd0085c4982d2",
          "data_file": "/home/harveybc/Documents/GitHub/financial-data/experiments/stage_a_screening/inputs/solusdt/4h/tech_stat/train.csv",
          "data_file_hash": "a5b6c1010c08cf2c5ce13007ed1436d951112bbf34df28b8ca3c2200e0d5c7e3",
          "feature_list_hash": null,
          "feature_columns": null,
          "feature_column_count": 0,
          "observation_state_fields": [
            "equity_norm",
            "position",
            "prices",
            "returns",
            "steps_remaining_norm",
            "unrealized_pnl_norm"
          ],
          "observation_state_hash": "a1b97276bf4bd7fae0ba79fc580caaa16c6274e1055a86f3ae9260d816090946",
          "heldout_boundary": "2025-01-01",
          "contains_heldout_rows": false,
          "stage_c_authorized": false,
          "broker_profile": null,
          "market_type": null,
          "trade_rate_band_id": null,
          "calendar_policy_id": null,
          "traces": [
            {
              "split": "evaluation",
              "trace_file": "/home/harveybc/Documents/GitHub/financial-data/experiments/stage_a_screening/runs/omega/solusdt_4h_dqn_tech_stat_direct_atr_sltp_s1_20260524T145559Z_project3_stage31_firstwave/return_trace.csv",
              "trace_file_sha256": "3cdbbe4ac249b44f8175d52246b237b663b315a82305b92267e568bed3aae417",
              "metadata_file": "/home/harveybc/Documents/GitHub/financial-data/experiments/stage_a_screening/runs/omega/solusdt_4h_dqn_tech_stat_direct_atr_sltp_s1_20260524T145559Z_project3_stage31_firstwave/return_trace.csv.meta.json",
              "row_count": 7175,
              "first_timestamp": "2020-09-22 04:00:00",
              "last_timestamp": "2023-12-31 20:00:00",
              "contains_heldout_rows": false,
              "stage_c_authorized": false,
              "episode_id": "solusdt_4h_dqn_tech_stat_direct_atr_sltp_s1_20260524T145559Z_project3_stage31_firstwave::eval0",
              "feature_list_hash": null,
              "feature_column_count": 0,
              "observation_state_hash": "a1b97276bf4bd7fae0ba79fc580caaa16c6274e1055a86f3ae9260d816090946"
            }
          ],
          "evidence_file": "/home/harveybc/Documents/GitHub/financial-data/experiments/stage_a_screening/runs/omega/solusdt_4h_dqn_tech_stat_direct_atr_sltp_s1_20260524T145559Z_project3_stage31_firstwave/evidence.json"
        },
        "return_trace_evidence_file": "/home/harveybc/Documents/GitHub/financial-data/experiments/stage_a_screening/runs/omega/solusdt_4h_dqn_tech_stat_direct_atr_sltp_s1_20260524T145559Z_project3_stage31_firstwave/evidence.json",
        "mode": "train"
      },
      "run_dir": "/home/harveybc/Documents/GitHub/financial-data/experiments/stage_a_screening/runs/omega/solusdt_4h_dqn_tech_stat_direct_atr_sltp_s1_20260524T145559Z_project3_stage31_firstwave"
    }
  ]
}
