[seed_sweep] running seed=0 run_dir=/home/harveybc/Documents/GitHub/financial-data/experiments/stage_a_screening/runs/omega/solusdt_4h_dqn_tech_full_direct_atr_sltp_s0_20260524T142655Z_project3_stage31_firstwave
{
  "ok": true,
  "results": [
    {
      "seed": 0,
      "exit_code": 0,
      "summary": {
        "initial_cash": 10000.0,
        "final_equity": 9999.531099157255,
        "total_return": -4.689008427449792e-05,
        "max_drawdown_pct": 0.032121768628449766,
        "max_drawdown_money": 3.2129000154382084,
        "sharpe_ratio": -5.202994837323699,
        "sqn": -0.19045756781830395,
        "trades_total": 2234,
        "trades_won": 1080,
        "trades_lost": 1153,
        "avg_trade_pnl": -0.0002298201982624286,
        "action_diagnostics": {
          "steps": 7229,
          "hold_actions": 298,
          "long_actions": 1326,
          "short_actions": 5605,
          "non_hold_actions": 6931,
          "continuous_deadband_actions": 0,
          "raw_abs_sum": 12536.0,
          "raw_min": 0.0,
          "raw_max": 2.0,
          "continuous_action_threshold": null
        },
        "execution_diagnostics": {
          "entry_actions_seen": 6930,
          "entry_orders_submitted": 2068,
          "blocked_session_filter": 0,
          "blocked_atr_warmup": 13,
          "blocked_non_positive_atr": 0,
          "blocked_non_positive_size": 0,
          "blocked_non_positive_price": 0,
          "default_orders_submitted": 0,
          "plugin_apply_errors": 0
        },
        "episode_reward": -4.4840084274438106e-05,
        "episode_length": 7229,
        "eval_seed": 0,
        "action_steps": 7229,
        "action_hold_count": 298,
        "action_long_count": 1326,
        "action_short_count": 5605,
        "action_non_hold_count": 6931,
        "action_non_hold_rate": 0.9587771475999447,
        "action_abs_mean": 1.7341264351915895,
        "action_raw_min": 0.0,
        "action_raw_max": 2.0,
        "action_deadband_count": 0,
        "action_deadband_rate": 0.0,
        "execution_entry_actions_seen": 6930,
        "execution_entry_orders_submitted": 2068,
        "execution_blocked_atr_warmup": 13,
        "execution_blocked_session_filter": 0,
        "execution_blocked_non_positive_atr": 0,
        "execution_blocked_non_positive_size": 0,
        "execution_blocked_non_positive_price": 0,
        "no_trade_diagnosis": "",
        "no_trade_min_trades": 1,
        "no_trade_gate_passed": true,
        "return_trace_file": "/home/harveybc/Documents/GitHub/financial-data/experiments/stage_a_screening/runs/omega/solusdt_4h_dqn_tech_full_direct_atr_sltp_s0_20260524T142655Z_project3_stage31_firstwave/return_trace.csv",
        "return_trace_metadata_file": "/home/harveybc/Documents/GitHub/financial-data/experiments/stage_a_screening/runs/omega/solusdt_4h_dqn_tech_full_direct_atr_sltp_s0_20260524T142655Z_project3_stage31_firstwave/return_trace.csv.meta.json",
        "return_trace_evidence": {
          "schema_version": "project3_return_trace_evidence_v1",
          "generated_at": "2026-05-24T14:28:38Z",
          "run_id": "solusdt_4h_dqn_tech_full_direct_atr_sltp_s0_20260524T142655Z_project3_stage31_firstwave",
          "pipeline_plugin": "rl_pipeline",
          "trace_schema_version": "stage_b_return_trace_v1",
          "asset": "solusdt_4h",
          "timeframe": "4h",
          "seed": 0,
          "config_hash": "dd03ddea7cbd07eb1cc095143f4918c237ee6873aefe5225d7482951fd106604",
          "data_file": "/home/harveybc/Documents/GitHub/financial-data/experiments/stage_a_screening/inputs/solusdt/4h/tech_full/train.csv",
          "data_file_hash": "8218ff62b3b55ef8a73060965bdf22affc6140d7ca328bae110fbafc31d68af8",
          "feature_list_hash": null,
          "feature_columns": null,
          "feature_column_count": 0,
          "observation_state_fields": [
            "equity_norm",
            "position",
            "prices",
            "returns",
            "steps_remaining_norm",
            "unrealized_pnl_norm"
          ],
          "observation_state_hash": "a1b97276bf4bd7fae0ba79fc580caaa16c6274e1055a86f3ae9260d816090946",
          "heldout_boundary": "2025-01-01",
          "contains_heldout_rows": false,
          "stage_c_authorized": false,
          "broker_profile": null,
          "market_type": null,
          "trade_rate_band_id": null,
          "calendar_policy_id": null,
          "traces": [
            {
              "split": "evaluation",
              "trace_file": "/home/harveybc/Documents/GitHub/financial-data/experiments/stage_a_screening/runs/omega/solusdt_4h_dqn_tech_full_direct_atr_sltp_s0_20260524T142655Z_project3_stage31_firstwave/return_trace.csv",
              "trace_file_sha256": "ada3799ecbe1bbdd8835e1038eb7d4e7c6d726ff8ba60fd76288cf7349526de7",
              "metadata_file": "/home/harveybc/Documents/GitHub/financial-data/experiments/stage_a_screening/runs/omega/solusdt_4h_dqn_tech_full_direct_atr_sltp_s0_20260524T142655Z_project3_stage31_firstwave/return_trace.csv.meta.json",
              "row_count": 7228,
              "first_timestamp": "2020-09-13 08:00:00",
              "last_timestamp": "2023-12-31 20:00:00",
              "contains_heldout_rows": false,
              "stage_c_authorized": false,
              "episode_id": "solusdt_4h_dqn_tech_full_direct_atr_sltp_s0_20260524T142655Z_project3_stage31_firstwave::eval0",
              "feature_list_hash": null,
              "feature_column_count": 0,
              "observation_state_hash": "a1b97276bf4bd7fae0ba79fc580caaa16c6274e1055a86f3ae9260d816090946"
            }
          ],
          "evidence_file": "/home/harveybc/Documents/GitHub/financial-data/experiments/stage_a_screening/runs/omega/solusdt_4h_dqn_tech_full_direct_atr_sltp_s0_20260524T142655Z_project3_stage31_firstwave/evidence.json"
        },
        "return_trace_evidence_file": "/home/harveybc/Documents/GitHub/financial-data/experiments/stage_a_screening/runs/omega/solusdt_4h_dqn_tech_full_direct_atr_sltp_s0_20260524T142655Z_project3_stage31_firstwave/evidence.json",
        "mode": "train"
      },
      "run_dir": "/home/harveybc/Documents/GitHub/financial-data/experiments/stage_a_screening/runs/omega/solusdt_4h_dqn_tech_full_direct_atr_sltp_s0_20260524T142655Z_project3_stage31_firstwave"
    }
  ]
}
