[seed_sweep] running seed=1 run_dir=/home/harveybc/Documents/GitHub/financial-data/experiments/stage_a_screening/runs/omega/solusdt_4h_ppo_baseline_12_direct_atr_sltp_s1_20260524T135747Z_project3_stage31_firstwave
{
  "ok": true,
  "results": [
    {
      "seed": 1,
      "exit_code": 0,
      "summary": {
        "initial_cash": 10000.0,
        "final_equity": 9999.587938830473,
        "total_return": -4.120611695268561e-05,
        "max_drawdown_pct": 0.017243210051806186,
        "max_drawdown_money": 1.724326872423262,
        "sharpe_ratio": -10.594111954846225,
        "sqn": -0.29545505661844645,
        "trades_total": 330,
        "trades_won": 118,
        "trades_lost": 212,
        "avg_trade_pnl": -0.0012486702107012957,
        "action_diagnostics": {
          "steps": 7379,
          "hold_actions": 3580,
          "long_actions": 0,
          "short_actions": 3799,
          "non_hold_actions": 3799,
          "continuous_deadband_actions": 0,
          "raw_abs_sum": 7598.0,
          "raw_min": 0.0,
          "raw_max": 2.0,
          "continuous_action_threshold": null
        },
        "execution_diagnostics": {
          "entry_actions_seen": 3799,
          "entry_orders_submitted": 334,
          "blocked_session_filter": 0,
          "blocked_atr_warmup": 13,
          "blocked_non_positive_atr": 0,
          "blocked_non_positive_size": 0,
          "blocked_non_positive_price": 0,
          "default_orders_submitted": 0,
          "plugin_apply_errors": 0
        },
        "episode_reward": -4.120611695270796e-05,
        "episode_length": 7379,
        "eval_seed": 1,
        "action_steps": 7379,
        "action_hold_count": 3580,
        "action_long_count": 0,
        "action_short_count": 3799,
        "action_non_hold_count": 3799,
        "action_non_hold_rate": 0.514839409134029,
        "action_abs_mean": 1.029678818268058,
        "action_raw_min": 0.0,
        "action_raw_max": 2.0,
        "action_deadband_count": 0,
        "action_deadband_rate": 0.0,
        "execution_entry_actions_seen": 3799,
        "execution_entry_orders_submitted": 334,
        "execution_blocked_atr_warmup": 13,
        "execution_blocked_session_filter": 0,
        "execution_blocked_non_positive_atr": 0,
        "execution_blocked_non_positive_size": 0,
        "execution_blocked_non_positive_price": 0,
        "no_trade_diagnosis": "",
        "no_trade_min_trades": 1,
        "no_trade_gate_passed": true,
        "return_trace_file": "/home/harveybc/Documents/GitHub/financial-data/experiments/stage_a_screening/runs/omega/solusdt_4h_ppo_baseline_12_direct_atr_sltp_s1_20260524T135747Z_project3_stage31_firstwave/return_trace.csv",
        "return_trace_metadata_file": "/home/harveybc/Documents/GitHub/financial-data/experiments/stage_a_screening/runs/omega/solusdt_4h_ppo_baseline_12_direct_atr_sltp_s1_20260524T135747Z_project3_stage31_firstwave/return_trace.csv.meta.json",
        "return_trace_evidence": {
          "schema_version": "project3_return_trace_evidence_v1",
          "generated_at": "2026-05-24T14:00:04Z",
          "run_id": "solusdt_4h_ppo_baseline_12_direct_atr_sltp_s1_20260524T135747Z_project3_stage31_firstwave",
          "pipeline_plugin": "rl_pipeline",
          "trace_schema_version": "stage_b_return_trace_v1",
          "asset": "solusdt_4h",
          "timeframe": "4h",
          "seed": 1,
          "config_hash": "27339c6a50eda403ca116accba53805834d728bf1ce80ec9a2125267d7dc62e8",
          "data_file": "/home/harveybc/Documents/GitHub/financial-data/experiments/stage_a_screening/inputs/solusdt/4h/baseline_12/train.csv",
          "data_file_hash": "07ea53af8d303fd13fb904ce119e3cab762d496c1df50650a9a63b691d9cade5",
          "feature_list_hash": "a3477d689804412c604c64dc9da5a91f73e1a7d1e2209dd08f2eec7ecd7aadc1",
          "feature_columns": [
            "OPEN",
            "HIGH",
            "LOW",
            "CLOSE",
            "VOLUME",
            "returns",
            "log_returns",
            "rsi_14",
            "macd_hist",
            "bb_pos",
            "volume_ratio",
            "ema_cross",
            "atr_norm",
            "obv_delta",
            "momentum_5",
            "momentum_20",
            "vol_20"
          ],
          "feature_column_count": 17,
          "observation_state_fields": [
            "equity_norm",
            "position",
            "prices",
            "returns",
            "steps_remaining_norm",
            "unrealized_pnl_norm"
          ],
          "observation_state_hash": "a1b97276bf4bd7fae0ba79fc580caaa16c6274e1055a86f3ae9260d816090946",
          "heldout_boundary": "2025-01-01",
          "contains_heldout_rows": false,
          "stage_c_authorized": false,
          "broker_profile": null,
          "market_type": null,
          "trade_rate_band_id": null,
          "calendar_policy_id": null,
          "traces": [
            {
              "split": "evaluation",
              "trace_file": "/home/harveybc/Documents/GitHub/financial-data/experiments/stage_a_screening/runs/omega/solusdt_4h_ppo_baseline_12_direct_atr_sltp_s1_20260524T135747Z_project3_stage31_firstwave/return_trace.csv",
              "trace_file_sha256": "4326b0ff989ad4cee924ab2baed77243509ea52068a96d47f03d484b51284f81",
              "metadata_file": "/home/harveybc/Documents/GitHub/financial-data/experiments/stage_a_screening/runs/omega/solusdt_4h_ppo_baseline_12_direct_atr_sltp_s1_20260524T135747Z_project3_stage31_firstwave/return_trace.csv.meta.json",
              "row_count": 7378,
              "first_timestamp": "2020-08-19 08:00:00",
              "last_timestamp": "2023-12-31 20:00:00",
              "contains_heldout_rows": false,
              "stage_c_authorized": false,
              "episode_id": "solusdt_4h_ppo_baseline_12_direct_atr_sltp_s1_20260524T135747Z_project3_stage31_firstwave::eval0",
              "feature_list_hash": "a3477d689804412c604c64dc9da5a91f73e1a7d1e2209dd08f2eec7ecd7aadc1",
              "feature_column_count": 17,
              "observation_state_hash": "a1b97276bf4bd7fae0ba79fc580caaa16c6274e1055a86f3ae9260d816090946"
            }
          ],
          "evidence_file": "/home/harveybc/Documents/GitHub/financial-data/experiments/stage_a_screening/runs/omega/solusdt_4h_ppo_baseline_12_direct_atr_sltp_s1_20260524T135747Z_project3_stage31_firstwave/evidence.json"
        },
        "return_trace_evidence_file": "/home/harveybc/Documents/GitHub/financial-data/experiments/stage_a_screening/runs/omega/solusdt_4h_ppo_baseline_12_direct_atr_sltp_s1_20260524T135747Z_project3_stage31_firstwave/evidence.json",
        "mode": "train"
      },
      "run_dir": "/home/harveybc/Documents/GitHub/financial-data/experiments/stage_a_screening/runs/omega/solusdt_4h_ppo_baseline_12_direct_atr_sltp_s1_20260524T135747Z_project3_stage31_firstwave"
    }
  ]
}
