[seed_sweep] running seed=1 run_dir=/home/harveybc/Documents/GitHub/financial-data/experiments/stage_a_screening/runs/omega/solusdt_4h_ppo_tech_full_direct_atr_sltp_s1_20260524T142427Z_project3_stage31_firstwave
{
  "ok": true,
  "results": [
    {
      "seed": 1,
      "exit_code": 0,
      "summary": {
        "initial_cash": 10000.0,
        "final_equity": 10000.444954559334,
        "total_return": 4.449545593332438e-05,
        "max_drawdown_pct": 0.01883847476624936,
        "max_drawdown_money": 1.8838999999989028,
        "sharpe_ratio": -14.06363730951761,
        "sqn": -0.37681878000859104,
        "trades_total": 104,
        "trades_won": 47,
        "trades_lost": 56,
        "avg_trade_pnl": -0.004472069132676836,
        "action_diagnostics": {
          "steps": 7229,
          "hold_actions": 7011,
          "long_actions": 170,
          "short_actions": 48,
          "non_hold_actions": 218,
          "continuous_deadband_actions": 0,
          "raw_abs_sum": 266.0,
          "raw_min": 0.0,
          "raw_max": 2.0,
          "continuous_action_threshold": null
        },
        "execution_diagnostics": {
          "entry_actions_seen": 218,
          "entry_orders_submitted": 95,
          "blocked_session_filter": 0,
          "blocked_atr_warmup": 0,
          "blocked_non_positive_atr": 0,
          "blocked_non_positive_size": 0,
          "blocked_non_positive_price": 0,
          "default_orders_submitted": 0,
          "plugin_apply_errors": 0
        },
        "episode_reward": 4.2445455933375504e-05,
        "episode_length": 7229,
        "eval_seed": 1,
        "action_steps": 7229,
        "action_hold_count": 7011,
        "action_long_count": 170,
        "action_short_count": 48,
        "action_non_hold_count": 218,
        "action_non_hold_rate": 0.030156314842993498,
        "action_abs_mean": 0.036796237377230596,
        "action_raw_min": 0.0,
        "action_raw_max": 2.0,
        "action_deadband_count": 0,
        "action_deadband_rate": 0.0,
        "execution_entry_actions_seen": 218,
        "execution_entry_orders_submitted": 95,
        "execution_blocked_atr_warmup": 0,
        "execution_blocked_session_filter": 0,
        "execution_blocked_non_positive_atr": 0,
        "execution_blocked_non_positive_size": 0,
        "execution_blocked_non_positive_price": 0,
        "no_trade_diagnosis": "",
        "no_trade_min_trades": 1,
        "no_trade_gate_passed": true,
        "return_trace_file": "/home/harveybc/Documents/GitHub/financial-data/experiments/stage_a_screening/runs/omega/solusdt_4h_ppo_tech_full_direct_atr_sltp_s1_20260524T142427Z_project3_stage31_firstwave/return_trace.csv",
        "return_trace_metadata_file": "/home/harveybc/Documents/GitHub/financial-data/experiments/stage_a_screening/runs/omega/solusdt_4h_ppo_tech_full_direct_atr_sltp_s1_20260524T142427Z_project3_stage31_firstwave/return_trace.csv.meta.json",
        "return_trace_evidence": {
          "schema_version": "project3_return_trace_evidence_v1",
          "generated_at": "2026-05-24T14:26:44Z",
          "run_id": "solusdt_4h_ppo_tech_full_direct_atr_sltp_s1_20260524T142427Z_project3_stage31_firstwave",
          "pipeline_plugin": "rl_pipeline",
          "trace_schema_version": "stage_b_return_trace_v1",
          "asset": "solusdt_4h",
          "timeframe": "4h",
          "seed": 1,
          "config_hash": "cac929f90751bf901aae637d02867a4c409a80d67248e931d5587c0f2536c0b4",
          "data_file": "/home/harveybc/Documents/GitHub/financial-data/experiments/stage_a_screening/inputs/solusdt/4h/tech_full/train.csv",
          "data_file_hash": "8218ff62b3b55ef8a73060965bdf22affc6140d7ca328bae110fbafc31d68af8",
          "feature_list_hash": "ac737b2c0ef9280ea21b64249dd127cce42fcba8bd33443ca6504cbf80c774c7",
          "feature_columns": [
            "OPEN",
            "HIGH",
            "LOW",
            "CLOSE",
            "VOLUME",
            "return_1",
            "log_return_1",
            "return_5",
            "log_return_5",
            "return_10",
            "log_return_10",
            "return_20",
            "log_return_20",
            "return_60",
            "log_return_60",
            "sma_10",
            "ema_10",
            "close_sma_ratio_10",
            "sma_20",
            "ema_20",
            "close_sma_ratio_20",
            "sma_50",
            "ema_50",
            "close_sma_ratio_50",
            "sma_100",
            "ema_100",
            "close_sma_ratio_100",
            "sma_200",
            "ema_200",
            "close_sma_ratio_200",
            "macd",
            "macd_signal",
            "macd_hist",
            "rsi_7",
            "rsi_14",
            "rsi_21",
            "stoch_k",
            "stoch_d",
            "williams_r_14",
            "cci_14",
            "roc_10",
            "roc_20",
            "roc_60",
            "mom_10",
            "mom_20",
            "bb_upper",
            "bb_middle",
            "bb_lower",
            "bb_pct_b",
            "bb_width",
            "atr_14",
            "natr_14",
            "hist_vol_10",
            "hist_vol_20",
            "hist_vol_60",
            "ema_cross_10_50",
            "ema_cross_20_100",
            "trend_slope_50",
            "trend_strength_50",
            "obv",
            "obv_delta_20",
            "volume_sma_10",
            "volume_sma_20",
            "volume_ratio_20",
            "vwap_60",
            "mfi_14"
          ],
          "feature_column_count": 66,
          "observation_state_fields": [
            "equity_norm",
            "position",
            "prices",
            "returns",
            "steps_remaining_norm",
            "unrealized_pnl_norm"
          ],
          "observation_state_hash": "a1b97276bf4bd7fae0ba79fc580caaa16c6274e1055a86f3ae9260d816090946",
          "heldout_boundary": "2025-01-01",
          "contains_heldout_rows": false,
          "stage_c_authorized": false,
          "broker_profile": null,
          "market_type": null,
          "trade_rate_band_id": null,
          "calendar_policy_id": null,
          "traces": [
            {
              "split": "evaluation",
              "trace_file": "/home/harveybc/Documents/GitHub/financial-data/experiments/stage_a_screening/runs/omega/solusdt_4h_ppo_tech_full_direct_atr_sltp_s1_20260524T142427Z_project3_stage31_firstwave/return_trace.csv",
              "trace_file_sha256": "92395655793ecc349ad5b7f28f631d0c5085e1b0550a7ce2643906babcde9576",
              "metadata_file": "/home/harveybc/Documents/GitHub/financial-data/experiments/stage_a_screening/runs/omega/solusdt_4h_ppo_tech_full_direct_atr_sltp_s1_20260524T142427Z_project3_stage31_firstwave/return_trace.csv.meta.json",
              "row_count": 7228,
              "first_timestamp": "2020-09-13 08:00:00",
              "last_timestamp": "2023-12-31 20:00:00",
              "contains_heldout_rows": false,
              "stage_c_authorized": false,
              "episode_id": "solusdt_4h_ppo_tech_full_direct_atr_sltp_s1_20260524T142427Z_project3_stage31_firstwave::eval0",
              "feature_list_hash": "ac737b2c0ef9280ea21b64249dd127cce42fcba8bd33443ca6504cbf80c774c7",
              "feature_column_count": 66,
              "observation_state_hash": "a1b97276bf4bd7fae0ba79fc580caaa16c6274e1055a86f3ae9260d816090946"
            }
          ],
          "evidence_file": "/home/harveybc/Documents/GitHub/financial-data/experiments/stage_a_screening/runs/omega/solusdt_4h_ppo_tech_full_direct_atr_sltp_s1_20260524T142427Z_project3_stage31_firstwave/evidence.json"
        },
        "return_trace_evidence_file": "/home/harveybc/Documents/GitHub/financial-data/experiments/stage_a_screening/runs/omega/solusdt_4h_ppo_tech_full_direct_atr_sltp_s1_20260524T142427Z_project3_stage31_firstwave/evidence.json",
        "mode": "train"
      },
      "run_dir": "/home/harveybc/Documents/GitHub/financial-data/experiments/stage_a_screening/runs/omega/solusdt_4h_ppo_tech_full_direct_atr_sltp_s1_20260524T142427Z_project3_stage31_firstwave"
    }
  ]
}
