[seed_sweep] running seed=0 run_dir=/home/harveybc/Documents/GitHub/financial-data/experiments/stage_a_screening/runs/omega/solusdt_4h_dqn_kitchen_sink_guarded_direct_atr_sltp_s0_20260524T161529Z_project3_stage31_firstwave
{
  "ok": true,
  "results": [
    {
      "seed": 0,
      "exit_code": 0,
      "summary": {
        "initial_cash": 10000.0,
        "final_equity": 10002.873940428193,
        "total_return": 0.00028739404281941106,
        "max_drawdown_pct": 0.021340957065981894,
        "max_drawdown_money": 2.1348268420006207,
        "sharpe_ratio": -7.308011410949607,
        "sqn": 1.6448058468764242,
        "trades_total": 671,
        "trades_won": 341,
        "trades_lost": 329,
        "avg_trade_pnl": 0.004336492728626861,
        "action_diagnostics": {
          "steps": 7074,
          "hold_actions": 171,
          "long_actions": 6259,
          "short_actions": 644,
          "non_hold_actions": 6903,
          "continuous_deadband_actions": 0,
          "raw_abs_sum": 7547.0,
          "raw_min": 0.0,
          "raw_max": 2.0,
          "continuous_action_threshold": null
        },
        "execution_diagnostics": {
          "entry_actions_seen": 6902,
          "entry_orders_submitted": 635,
          "blocked_session_filter": 0,
          "blocked_atr_warmup": 13,
          "blocked_non_positive_atr": 0,
          "blocked_non_positive_size": 0,
          "blocked_non_positive_price": 0,
          "default_orders_submitted": 0,
          "plugin_apply_errors": 0
        },
        "episode_reward": 0.00028534404281926944,
        "episode_length": 7074,
        "eval_seed": 0,
        "action_steps": 7074,
        "action_hold_count": 171,
        "action_long_count": 6259,
        "action_short_count": 644,
        "action_non_hold_count": 6903,
        "action_non_hold_rate": 0.9758269720101781,
        "action_abs_mean": 1.0668645744981622,
        "action_raw_min": 0.0,
        "action_raw_max": 2.0,
        "action_deadband_count": 0,
        "action_deadband_rate": 0.0,
        "execution_entry_actions_seen": 6902,
        "execution_entry_orders_submitted": 635,
        "execution_blocked_atr_warmup": 13,
        "execution_blocked_session_filter": 0,
        "execution_blocked_non_positive_atr": 0,
        "execution_blocked_non_positive_size": 0,
        "execution_blocked_non_positive_price": 0,
        "no_trade_diagnosis": "",
        "no_trade_min_trades": 1,
        "no_trade_gate_passed": true,
        "return_trace_file": "/home/harveybc/Documents/GitHub/financial-data/experiments/stage_a_screening/runs/omega/solusdt_4h_dqn_kitchen_sink_guarded_direct_atr_sltp_s0_20260524T161529Z_project3_stage31_firstwave/return_trace.csv",
        "return_trace_metadata_file": "/home/harveybc/Documents/GitHub/financial-data/experiments/stage_a_screening/runs/omega/solusdt_4h_dqn_kitchen_sink_guarded_direct_atr_sltp_s0_20260524T161529Z_project3_stage31_firstwave/return_trace.csv.meta.json",
        "return_trace_evidence": {
          "schema_version": "project3_return_trace_evidence_v1",
          "generated_at": "2026-05-24T16:17:27Z",
          "run_id": "solusdt_4h_dqn_kitchen_sink_guarded_direct_atr_sltp_s0_20260524T161529Z_project3_stage31_firstwave",
          "pipeline_plugin": "rl_pipeline",
          "trace_schema_version": "stage_b_return_trace_v1",
          "asset": "solusdt_4h",
          "timeframe": "4h",
          "seed": 0,
          "config_hash": "d606f2ebb3ba69bd9bfefac39bdfc84cd4ae3d68720002eb77a696b55c0d11e8",
          "data_file": "/home/harveybc/Documents/GitHub/financial-data/experiments/stage_a_screening/inputs/solusdt/4h/kitchen_sink_guarded/train.csv",
          "data_file_hash": "9a9df280331cec812370e079aae49682a259f8e2da16a045fd2383bff042575c",
          "feature_list_hash": null,
          "feature_columns": null,
          "feature_column_count": 0,
          "observation_state_fields": [
            "equity_norm",
            "position",
            "prices",
            "returns",
            "steps_remaining_norm",
            "unrealized_pnl_norm"
          ],
          "observation_state_hash": "a1b97276bf4bd7fae0ba79fc580caaa16c6274e1055a86f3ae9260d816090946",
          "heldout_boundary": "2025-01-01",
          "contains_heldout_rows": false,
          "stage_c_authorized": false,
          "broker_profile": null,
          "market_type": null,
          "trade_rate_band_id": null,
          "calendar_policy_id": null,
          "traces": [
            {
              "split": "evaluation",
              "trace_file": "/home/harveybc/Documents/GitHub/financial-data/experiments/stage_a_screening/runs/omega/solusdt_4h_dqn_kitchen_sink_guarded_direct_atr_sltp_s0_20260524T161529Z_project3_stage31_firstwave/return_trace.csv",
              "trace_file_sha256": "9fa3bfde40c2be7a91e5fcb30b0bfe87228e5f1a3be4cbd56f53bbc7c21e7f24",
              "metadata_file": "/home/harveybc/Documents/GitHub/financial-data/experiments/stage_a_screening/runs/omega/solusdt_4h_dqn_kitchen_sink_guarded_direct_atr_sltp_s0_20260524T161529Z_project3_stage31_firstwave/return_trace.csv.meta.json",
              "row_count": 7073,
              "first_timestamp": "2020-10-09 04:00:00",
              "last_timestamp": "2023-12-31 20:00:00",
              "contains_heldout_rows": false,
              "stage_c_authorized": false,
              "episode_id": "solusdt_4h_dqn_kitchen_sink_guarded_direct_atr_sltp_s0_20260524T161529Z_project3_stage31_firstwave::eval0",
              "feature_list_hash": null,
              "feature_column_count": 0,
              "observation_state_hash": "a1b97276bf4bd7fae0ba79fc580caaa16c6274e1055a86f3ae9260d816090946"
            }
          ],
          "evidence_file": "/home/harveybc/Documents/GitHub/financial-data/experiments/stage_a_screening/runs/omega/solusdt_4h_dqn_kitchen_sink_guarded_direct_atr_sltp_s0_20260524T161529Z_project3_stage31_firstwave/evidence.json"
        },
        "return_trace_evidence_file": "/home/harveybc/Documents/GitHub/financial-data/experiments/stage_a_screening/runs/omega/solusdt_4h_dqn_kitchen_sink_guarded_direct_atr_sltp_s0_20260524T161529Z_project3_stage31_firstwave/evidence.json",
        "mode": "train"
      },
      "run_dir": "/home/harveybc/Documents/GitHub/financial-data/experiments/stage_a_screening/runs/omega/solusdt_4h_dqn_kitchen_sink_guarded_direct_atr_sltp_s0_20260524T161529Z_project3_stage31_firstwave"
    }
  ]
}
