[seed_sweep] running seed=1 run_dir=/home/harveybc/Documents/GitHub/financial-data/experiments/stage_a_screening/runs/omega/solusdt_4h_sac_learned_lstm_direct_atr_sltp_s1_20260524T150949Z_project3_stage31_firstwave
{
  "ok": true,
  "results": [
    {
      "seed": 1,
      "exit_code": 0,
      "summary": {
        "initial_cash": 10000.0,
        "final_equity": 9418.842612200506,
        "total_return": -0.058115738779949466,
        "max_drawdown_pct": 7.87828790930578,
        "max_drawdown_money": 794.5654543350429,
        "sharpe_ratio": -0.07120060310532499,
        "sqn": -1.5831163666455037,
        "trades_total": 29,
        "trades_won": 9,
        "trades_lost": 20,
        "avg_trade_pnl": -20.039909924120288,
        "action_diagnostics": {
          "steps": 7428,
          "hold_actions": 7221,
          "long_actions": 193,
          "short_actions": 14,
          "non_hold_actions": 207,
          "continuous_deadband_actions": 7221,
          "raw_abs_sum": 294.1966241002083,
          "raw_min": -0.2534710764884949,
          "raw_max": 0.15596497058868408,
          "continuous_action_threshold": 0.1
        },
        "execution_diagnostics": {
          "entry_actions_seen": 207,
          "entry_orders_submitted": 28,
          "blocked_session_filter": 0,
          "blocked_atr_warmup": 0,
          "blocked_non_positive_atr": 0,
          "blocked_non_positive_size": 0,
          "blocked_non_positive_price": 0,
          "default_orders_submitted": 0,
          "plugin_apply_errors": 0
        },
        "episode_reward": -0.05811573877994939,
        "episode_length": 7428,
        "eval_seed": 1,
        "action_steps": 7428,
        "action_hold_count": 7221,
        "action_long_count": 193,
        "action_short_count": 14,
        "action_non_hold_count": 207,
        "action_non_hold_rate": 0.027867528271405494,
        "action_abs_mean": 0.03960643835490149,
        "action_raw_min": -0.2534710764884949,
        "action_raw_max": 0.15596497058868408,
        "action_deadband_count": 7221,
        "action_deadband_rate": 0.9721324717285945,
        "execution_entry_actions_seen": 207,
        "execution_entry_orders_submitted": 28,
        "execution_blocked_atr_warmup": 0,
        "execution_blocked_session_filter": 0,
        "execution_blocked_non_positive_atr": 0,
        "execution_blocked_non_positive_size": 0,
        "execution_blocked_non_positive_price": 0,
        "no_trade_diagnosis": "",
        "no_trade_min_trades": 1,
        "no_trade_gate_passed": true,
        "return_trace_file": "/home/harveybc/Documents/GitHub/financial-data/experiments/stage_a_screening/runs/omega/solusdt_4h_sac_learned_lstm_direct_atr_sltp_s1_20260524T150949Z_project3_stage31_firstwave/return_trace.csv",
        "return_trace_metadata_file": "/home/harveybc/Documents/GitHub/financial-data/experiments/stage_a_screening/runs/omega/solusdt_4h_sac_learned_lstm_direct_atr_sltp_s1_20260524T150949Z_project3_stage31_firstwave/return_trace.csv.meta.json",
        "return_trace_evidence": {
          "schema_version": "project3_return_trace_evidence_v1",
          "generated_at": "2026-05-24T15:18:13Z",
          "run_id": "solusdt_4h_sac_learned_lstm_direct_atr_sltp_s1_20260524T150949Z_project3_stage31_firstwave",
          "pipeline_plugin": "rl_pipeline",
          "trace_schema_version": "stage_b_return_trace_v1",
          "asset": "solusdt_4h",
          "timeframe": "4h",
          "seed": 1,
          "config_hash": "18e99db8f5fcb70209893bc5ef42317df3c562b4b3d44158cb0f4136ac08deda",
          "data_file": "/home/harveybc/Documents/GitHub/financial-data/experiments/stage_a_screening/inputs/solusdt/4h/learned_lstm/train.csv",
          "data_file_hash": "c0c154c27d60443154882c0ca92e9fdd216d335a32b31d1b4b1bece93c1ece36",
          "feature_list_hash": null,
          "feature_columns": null,
          "feature_column_count": 0,
          "observation_state_fields": [
            "equity_norm",
            "position",
            "prices",
            "returns",
            "steps_remaining_norm",
            "unrealized_pnl_norm"
          ],
          "observation_state_hash": "a1b97276bf4bd7fae0ba79fc580caaa16c6274e1055a86f3ae9260d816090946",
          "heldout_boundary": "2025-01-01",
          "contains_heldout_rows": false,
          "stage_c_authorized": false,
          "broker_profile": null,
          "market_type": null,
          "trade_rate_band_id": null,
          "calendar_policy_id": null,
          "traces": [
            {
              "split": "evaluation",
              "trace_file": "/home/harveybc/Documents/GitHub/financial-data/experiments/stage_a_screening/runs/omega/solusdt_4h_sac_learned_lstm_direct_atr_sltp_s1_20260524T150949Z_project3_stage31_firstwave/return_trace.csv",
              "trace_file_sha256": "153d2b873d11c19b32d89460b958789705c364edb0c8f01397ed6038b0683351",
              "metadata_file": "/home/harveybc/Documents/GitHub/financial-data/experiments/stage_a_screening/runs/omega/solusdt_4h_sac_learned_lstm_direct_atr_sltp_s1_20260524T150949Z_project3_stage31_firstwave/return_trace.csv.meta.json",
              "row_count": 7427,
              "first_timestamp": "2020-08-11 04:00:00",
              "last_timestamp": "2023-12-31 20:00:00",
              "contains_heldout_rows": false,
              "stage_c_authorized": false,
              "episode_id": "solusdt_4h_sac_learned_lstm_direct_atr_sltp_s1_20260524T150949Z_project3_stage31_firstwave::eval0",
              "feature_list_hash": null,
              "feature_column_count": 0,
              "observation_state_hash": "a1b97276bf4bd7fae0ba79fc580caaa16c6274e1055a86f3ae9260d816090946"
            }
          ],
          "evidence_file": "/home/harveybc/Documents/GitHub/financial-data/experiments/stage_a_screening/runs/omega/solusdt_4h_sac_learned_lstm_direct_atr_sltp_s1_20260524T150949Z_project3_stage31_firstwave/evidence.json"
        },
        "return_trace_evidence_file": "/home/harveybc/Documents/GitHub/financial-data/experiments/stage_a_screening/runs/omega/solusdt_4h_sac_learned_lstm_direct_atr_sltp_s1_20260524T150949Z_project3_stage31_firstwave/evidence.json",
        "mode": "train"
      },
      "run_dir": "/home/harveybc/Documents/GitHub/financial-data/experiments/stage_a_screening/runs/omega/solusdt_4h_sac_learned_lstm_direct_atr_sltp_s1_20260524T150949Z_project3_stage31_firstwave"
    }
  ]
}
