[seed_sweep] running seed=0 run_dir=/home/harveybc/Documents/GitHub/financial-data/experiments/stage_a_screening/runs/omega/solusdt_4h_ppo_tech_stat_direct_atr_sltp_s0_20260524T144825Z_project3_stage31_firstwave
{
  "ok": true,
  "results": [
    {
      "seed": 0,
      "exit_code": 0,
      "summary": {
        "initial_cash": 10000.0,
        "final_equity": 10000.827519800243,
        "total_return": 8.2751980024387e-05,
        "max_drawdown_pct": 0.0247105450170145,
        "max_drawdown_money": 2.4716661000020395,
        "sharpe_ratio": -8.773858044645163,
        "sqn": 1.4463066841325105,
        "trades_total": 255,
        "trades_won": 129,
        "trades_lost": 125,
        "avg_trade_pnl": 0.0034528862214623177,
        "action_diagnostics": {
          "steps": 7176,
          "hold_actions": 0,
          "long_actions": 7159,
          "short_actions": 17,
          "non_hold_actions": 7176,
          "continuous_deadband_actions": 0,
          "raw_abs_sum": 7193.0,
          "raw_min": 1.0,
          "raw_max": 2.0,
          "continuous_action_threshold": null
        },
        "execution_diagnostics": {
          "entry_actions_seen": 7175,
          "entry_orders_submitted": 255,
          "blocked_session_filter": 0,
          "blocked_atr_warmup": 13,
          "blocked_non_positive_atr": 0,
          "blocked_non_positive_size": 0,
          "blocked_non_positive_price": 0,
          "default_orders_submitted": 0,
          "plugin_apply_errors": 0
        },
        "episode_reward": 8.070198002424176e-05,
        "episode_length": 7176,
        "eval_seed": 0,
        "action_steps": 7176,
        "action_hold_count": 0,
        "action_long_count": 7159,
        "action_short_count": 17,
        "action_non_hold_count": 7176,
        "action_non_hold_rate": 1.0,
        "action_abs_mean": 1.0023690078037903,
        "action_raw_min": 1.0,
        "action_raw_max": 2.0,
        "action_deadband_count": 0,
        "action_deadband_rate": 0.0,
        "execution_entry_actions_seen": 7175,
        "execution_entry_orders_submitted": 255,
        "execution_blocked_atr_warmup": 13,
        "execution_blocked_session_filter": 0,
        "execution_blocked_non_positive_atr": 0,
        "execution_blocked_non_positive_size": 0,
        "execution_blocked_non_positive_price": 0,
        "no_trade_diagnosis": "",
        "no_trade_min_trades": 1,
        "no_trade_gate_passed": true,
        "return_trace_file": "/home/harveybc/Documents/GitHub/financial-data/experiments/stage_a_screening/runs/omega/solusdt_4h_ppo_tech_stat_direct_atr_sltp_s0_20260524T144825Z_project3_stage31_firstwave/return_trace.csv",
        "return_trace_metadata_file": "/home/harveybc/Documents/GitHub/financial-data/experiments/stage_a_screening/runs/omega/solusdt_4h_ppo_tech_stat_direct_atr_sltp_s0_20260524T144825Z_project3_stage31_firstwave/return_trace.csv.meta.json",
        "return_trace_evidence": {
          "schema_version": "project3_return_trace_evidence_v1",
          "generated_at": "2026-05-24T14:50:45Z",
          "run_id": "solusdt_4h_ppo_tech_stat_direct_atr_sltp_s0_20260524T144825Z_project3_stage31_firstwave",
          "pipeline_plugin": "rl_pipeline",
          "trace_schema_version": "stage_b_return_trace_v1",
          "asset": "solusdt_4h",
          "timeframe": "4h",
          "seed": 0,
          "config_hash": "39ae25b433dff62e90c8c34064b34f17abbc039954fe59816d6a03a36b86c1a8",
          "data_file": "/home/harveybc/Documents/GitHub/financial-data/experiments/stage_a_screening/inputs/solusdt/4h/tech_stat/train.csv",
          "data_file_hash": "a5b6c1010c08cf2c5ce13007ed1436d951112bbf34df28b8ca3c2200e0d5c7e3",
          "feature_list_hash": "ace2bdaae896c6987decc13d82575e91e5c40a7d3dbb9d5bc0be738296257075",
          "feature_columns": [
            "OPEN",
            "HIGH",
            "LOW",
            "CLOSE",
            "VOLUME",
            "return_1",
            "log_return_1",
            "return_5",
            "log_return_5",
            "return_10",
            "log_return_10",
            "return_20",
            "log_return_20",
            "return_60",
            "log_return_60",
            "sma_10",
            "ema_10",
            "close_sma_ratio_10",
            "sma_20",
            "ema_20",
            "close_sma_ratio_20",
            "sma_50",
            "ema_50",
            "close_sma_ratio_50",
            "sma_100",
            "ema_100",
            "close_sma_ratio_100",
            "sma_200",
            "ema_200",
            "close_sma_ratio_200",
            "macd",
            "macd_signal",
            "macd_hist",
            "rsi_7",
            "rsi_14",
            "rsi_21",
            "stoch_k",
            "stoch_d",
            "williams_r_14",
            "cci_14",
            "roc_10",
            "roc_20",
            "roc_60",
            "mom_10",
            "mom_20",
            "bb_upper",
            "bb_middle",
            "bb_lower",
            "bb_pct_b",
            "bb_width",
            "atr_14",
            "natr_14",
            "hist_vol_10",
            "hist_vol_20",
            "hist_vol_60",
            "ema_cross_10_50",
            "ema_cross_20_100",
            "trend_slope_50",
            "trend_strength_50",
            "obv",
            "obv_delta_20",
            "volume_sma_10",
            "volume_sma_20",
            "volume_ratio_20",
            "vwap_60",
            "mfi_14",
            "statistical__log_return_1",
            "roll_mean_ret_20",
            "roll_std_ret_20",
            "roll_skew_ret_20",
            "roll_kurt_ret_20",
            "roll_mean_ret_60",
            "roll_std_ret_60",
            "roll_skew_ret_60",
            "roll_kurt_ret_60",
            "roll_mean_ret_252",
            "roll_std_ret_252",
            "roll_skew_ret_252",
            "roll_kurt_ret_252",
            "realized_var_12",
            "realized_var_48",
            "autocorr_lag1_100",
            "autocorr_lag5_100",
            "sqret_autocorr_lag1_100",
            "vol_regime_high",
            "vol_regime_low",
            "hurst_proxy_200",
            "zscore_close_100"
          ],
          "feature_column_count": 88,
          "observation_state_fields": [
            "equity_norm",
            "position",
            "prices",
            "returns",
            "steps_remaining_norm",
            "unrealized_pnl_norm"
          ],
          "observation_state_hash": "a1b97276bf4bd7fae0ba79fc580caaa16c6274e1055a86f3ae9260d816090946",
          "heldout_boundary": "2025-01-01",
          "contains_heldout_rows": false,
          "stage_c_authorized": false,
          "broker_profile": null,
          "market_type": null,
          "trade_rate_band_id": null,
          "calendar_policy_id": null,
          "traces": [
            {
              "split": "evaluation",
              "trace_file": "/home/harveybc/Documents/GitHub/financial-data/experiments/stage_a_screening/runs/omega/solusdt_4h_ppo_tech_stat_direct_atr_sltp_s0_20260524T144825Z_project3_stage31_firstwave/return_trace.csv",
              "trace_file_sha256": "2de3a064ad4f48a1f67622ee71452accd37dc729dc141133b9a7dc3cf459c7cd",
              "metadata_file": "/home/harveybc/Documents/GitHub/financial-data/experiments/stage_a_screening/runs/omega/solusdt_4h_ppo_tech_stat_direct_atr_sltp_s0_20260524T144825Z_project3_stage31_firstwave/return_trace.csv.meta.json",
              "row_count": 7175,
              "first_timestamp": "2020-09-22 04:00:00",
              "last_timestamp": "2023-12-31 20:00:00",
              "contains_heldout_rows": false,
              "stage_c_authorized": false,
              "episode_id": "solusdt_4h_ppo_tech_stat_direct_atr_sltp_s0_20260524T144825Z_project3_stage31_firstwave::eval0",
              "feature_list_hash": "ace2bdaae896c6987decc13d82575e91e5c40a7d3dbb9d5bc0be738296257075",
              "feature_column_count": 88,
              "observation_state_hash": "a1b97276bf4bd7fae0ba79fc580caaa16c6274e1055a86f3ae9260d816090946"
            }
          ],
          "evidence_file": "/home/harveybc/Documents/GitHub/financial-data/experiments/stage_a_screening/runs/omega/solusdt_4h_ppo_tech_stat_direct_atr_sltp_s0_20260524T144825Z_project3_stage31_firstwave/evidence.json"
        },
        "return_trace_evidence_file": "/home/harveybc/Documents/GitHub/financial-data/experiments/stage_a_screening/runs/omega/solusdt_4h_ppo_tech_stat_direct_atr_sltp_s0_20260524T144825Z_project3_stage31_firstwave/evidence.json",
        "mode": "train"
      },
      "run_dir": "/home/harveybc/Documents/GitHub/financial-data/experiments/stage_a_screening/runs/omega/solusdt_4h_ppo_tech_stat_direct_atr_sltp_s0_20260524T144825Z_project3_stage31_firstwave"
    }
  ]
}
