[seed_sweep] running seed=0 run_dir=/home/harveybc/Documents/GitHub/financial-data/experiments/stage_a_screening/runs/omega/solusdt_4h_sac_kitchen_sink_guarded_direct_atr_sltp_s0_20260524T155240Z_project3_stage31_firstwave
{
  "ok": true,
  "results": [
    {
      "seed": 0,
      "exit_code": 0,
      "summary": {
        "initial_cash": 10000.0,
        "final_equity": 9865.97627297543,
        "total_return": -0.013402372702457033,
        "max_drawdown_pct": 2.60083414465671,
        "max_drawdown_money": 260.083414465671,
        "sharpe_ratio": -0.08986413510837817,
        "sqn": -0.6576753296740706,
        "trades_total": 6,
        "trades_won": 2,
        "trades_lost": 4,
        "avg_trade_pnl": -22.33728783742892,
        "action_diagnostics": {
          "steps": 7074,
          "hold_actions": 7048,
          "long_actions": 0,
          "short_actions": 26,
          "non_hold_actions": 26,
          "continuous_deadband_actions": 7048,
          "raw_abs_sum": 114.05896079540253,
          "raw_min": -0.21026456356048584,
          "raw_max": 0.07371902465820312,
          "continuous_action_threshold": 0.1
        },
        "execution_diagnostics": {
          "entry_actions_seen": 26,
          "entry_orders_submitted": 6,
          "blocked_session_filter": 0,
          "blocked_atr_warmup": 0,
          "blocked_non_positive_atr": 0,
          "blocked_non_positive_size": 0,
          "blocked_non_positive_price": 0,
          "default_orders_submitted": 0,
          "plugin_apply_errors": 0
        },
        "episode_reward": -0.013402372702457052,
        "episode_length": 7074,
        "eval_seed": 0,
        "action_steps": 7074,
        "action_hold_count": 7048,
        "action_long_count": 0,
        "action_short_count": 26,
        "action_non_hold_count": 26,
        "action_non_hold_rate": 0.0036754311563471868,
        "action_abs_mean": 0.016123686852615567,
        "action_raw_min": -0.21026456356048584,
        "action_raw_max": 0.07371902465820312,
        "action_deadband_count": 7048,
        "action_deadband_rate": 0.9963245688436528,
        "execution_entry_actions_seen": 26,
        "execution_entry_orders_submitted": 6,
        "execution_blocked_atr_warmup": 0,
        "execution_blocked_session_filter": 0,
        "execution_blocked_non_positive_atr": 0,
        "execution_blocked_non_positive_size": 0,
        "execution_blocked_non_positive_price": 0,
        "no_trade_diagnosis": "",
        "no_trade_min_trades": 1,
        "no_trade_gate_passed": true,
        "return_trace_file": "/home/harveybc/Documents/GitHub/financial-data/experiments/stage_a_screening/runs/omega/solusdt_4h_sac_kitchen_sink_guarded_direct_atr_sltp_s0_20260524T155240Z_project3_stage31_firstwave/return_trace.csv",
        "return_trace_metadata_file": "/home/harveybc/Documents/GitHub/financial-data/experiments/stage_a_screening/runs/omega/solusdt_4h_sac_kitchen_sink_guarded_direct_atr_sltp_s0_20260524T155240Z_project3_stage31_firstwave/return_trace.csv.meta.json",
        "return_trace_evidence": {
          "schema_version": "project3_return_trace_evidence_v1",
          "generated_at": "2026-05-24T16:00:52Z",
          "run_id": "solusdt_4h_sac_kitchen_sink_guarded_direct_atr_sltp_s0_20260524T155240Z_project3_stage31_firstwave",
          "pipeline_plugin": "rl_pipeline",
          "trace_schema_version": "stage_b_return_trace_v1",
          "asset": "solusdt_4h",
          "timeframe": "4h",
          "seed": 0,
          "config_hash": "64fe26ced2c5a2f07a0235963fc437945522a5e2155a51cfb3bd284962bbf8c3",
          "data_file": "/home/harveybc/Documents/GitHub/financial-data/experiments/stage_a_screening/inputs/solusdt/4h/kitchen_sink_guarded/train.csv",
          "data_file_hash": "9a9df280331cec812370e079aae49682a259f8e2da16a045fd2383bff042575c",
          "feature_list_hash": null,
          "feature_columns": null,
          "feature_column_count": 0,
          "observation_state_fields": [
            "equity_norm",
            "position",
            "prices",
            "returns",
            "steps_remaining_norm",
            "unrealized_pnl_norm"
          ],
          "observation_state_hash": "a1b97276bf4bd7fae0ba79fc580caaa16c6274e1055a86f3ae9260d816090946",
          "heldout_boundary": "2025-01-01",
          "contains_heldout_rows": false,
          "stage_c_authorized": false,
          "broker_profile": null,
          "market_type": null,
          "trade_rate_band_id": null,
          "calendar_policy_id": null,
          "traces": [
            {
              "split": "evaluation",
              "trace_file": "/home/harveybc/Documents/GitHub/financial-data/experiments/stage_a_screening/runs/omega/solusdt_4h_sac_kitchen_sink_guarded_direct_atr_sltp_s0_20260524T155240Z_project3_stage31_firstwave/return_trace.csv",
              "trace_file_sha256": "ffc6e212e6609364b133f6429b469bde0c73812ca6257309aacd8dc5584ea6d8",
              "metadata_file": "/home/harveybc/Documents/GitHub/financial-data/experiments/stage_a_screening/runs/omega/solusdt_4h_sac_kitchen_sink_guarded_direct_atr_sltp_s0_20260524T155240Z_project3_stage31_firstwave/return_trace.csv.meta.json",
              "row_count": 7073,
              "first_timestamp": "2020-10-09 04:00:00",
              "last_timestamp": "2023-12-31 20:00:00",
              "contains_heldout_rows": false,
              "stage_c_authorized": false,
              "episode_id": "solusdt_4h_sac_kitchen_sink_guarded_direct_atr_sltp_s0_20260524T155240Z_project3_stage31_firstwave::eval0",
              "feature_list_hash": null,
              "feature_column_count": 0,
              "observation_state_hash": "a1b97276bf4bd7fae0ba79fc580caaa16c6274e1055a86f3ae9260d816090946"
            }
          ],
          "evidence_file": "/home/harveybc/Documents/GitHub/financial-data/experiments/stage_a_screening/runs/omega/solusdt_4h_sac_kitchen_sink_guarded_direct_atr_sltp_s0_20260524T155240Z_project3_stage31_firstwave/evidence.json"
        },
        "return_trace_evidence_file": "/home/harveybc/Documents/GitHub/financial-data/experiments/stage_a_screening/runs/omega/solusdt_4h_sac_kitchen_sink_guarded_direct_atr_sltp_s0_20260524T155240Z_project3_stage31_firstwave/evidence.json",
        "mode": "train"
      },
      "run_dir": "/home/harveybc/Documents/GitHub/financial-data/experiments/stage_a_screening/runs/omega/solusdt_4h_sac_kitchen_sink_guarded_direct_atr_sltp_s0_20260524T155240Z_project3_stage31_firstwave"
    }
  ]
}
