[seed_sweep] running seed=0 run_dir=/home/harveybc/Documents/GitHub/financial-data/experiments/stage_a_screening/runs/omega/solusdt_4h_dqn_learned_cnn_direct_atr_sltp_s0_20260524T152355Z_project3_stage31_firstwave
{
  "ok": true,
  "results": [
    {
      "seed": 0,
      "exit_code": 0,
      "summary": {
        "initial_cash": 10000.0,
        "final_equity": 9999.63696922118,
        "total_return": -3.630307788204945e-05,
        "max_drawdown_pct": 0.025781173651012002,
        "max_drawdown_money": 2.578205571771832,
        "sharpe_ratio": -8.386315362929906,
        "sqn": -0.20525401665986462,
        "trades_total": 387,
        "trades_won": 156,
        "trades_lost": 230,
        "avg_trade_pnl": -0.001006016162783123,
        "action_diagnostics": {
          "steps": 7428,
          "hold_actions": 5734,
          "long_actions": 241,
          "short_actions": 1453,
          "non_hold_actions": 1694,
          "continuous_deadband_actions": 0,
          "raw_abs_sum": 3147.0,
          "raw_min": 0.0,
          "raw_max": 2.0,
          "continuous_action_threshold": null
        },
        "execution_diagnostics": {
          "entry_actions_seen": 1694,
          "entry_orders_submitted": 358,
          "blocked_session_filter": 0,
          "blocked_atr_warmup": 11,
          "blocked_non_positive_atr": 0,
          "blocked_non_positive_size": 0,
          "blocked_non_positive_price": 0,
          "default_orders_submitted": 0,
          "plugin_apply_errors": 0
        },
        "episode_reward": -3.425307788202193e-05,
        "episode_length": 7428,
        "eval_seed": 0,
        "action_steps": 7428,
        "action_hold_count": 5734,
        "action_long_count": 241,
        "action_short_count": 1453,
        "action_non_hold_count": 1694,
        "action_non_hold_rate": 0.2280560043080237,
        "action_abs_mean": 0.4236672051696284,
        "action_raw_min": 0.0,
        "action_raw_max": 2.0,
        "action_deadband_count": 0,
        "action_deadband_rate": 0.0,
        "execution_entry_actions_seen": 1694,
        "execution_entry_orders_submitted": 358,
        "execution_blocked_atr_warmup": 11,
        "execution_blocked_session_filter": 0,
        "execution_blocked_non_positive_atr": 0,
        "execution_blocked_non_positive_size": 0,
        "execution_blocked_non_positive_price": 0,
        "no_trade_diagnosis": "",
        "no_trade_min_trades": 1,
        "no_trade_gate_passed": true,
        "return_trace_file": "/home/harveybc/Documents/GitHub/financial-data/experiments/stage_a_screening/runs/omega/solusdt_4h_dqn_learned_cnn_direct_atr_sltp_s0_20260524T152355Z_project3_stage31_firstwave/return_trace.csv",
        "return_trace_metadata_file": "/home/harveybc/Documents/GitHub/financial-data/experiments/stage_a_screening/runs/omega/solusdt_4h_dqn_learned_cnn_direct_atr_sltp_s0_20260524T152355Z_project3_stage31_firstwave/return_trace.csv.meta.json",
        "return_trace_evidence": {
          "schema_version": "project3_return_trace_evidence_v1",
          "generated_at": "2026-05-24T15:25:50Z",
          "run_id": "solusdt_4h_dqn_learned_cnn_direct_atr_sltp_s0_20260524T152355Z_project3_stage31_firstwave",
          "pipeline_plugin": "rl_pipeline",
          "trace_schema_version": "stage_b_return_trace_v1",
          "asset": "solusdt_4h",
          "timeframe": "4h",
          "seed": 0,
          "config_hash": "938e0813c49f22d7ee91f5e7d30d37c859114a2006d167292d1db5c94fe1667f",
          "data_file": "/home/harveybc/Documents/GitHub/financial-data/experiments/stage_a_screening/inputs/solusdt/4h/learned_cnn/train.csv",
          "data_file_hash": "c0c154c27d60443154882c0ca92e9fdd216d335a32b31d1b4b1bece93c1ece36",
          "feature_list_hash": null,
          "feature_columns": null,
          "feature_column_count": 0,
          "observation_state_fields": [
            "equity_norm",
            "position",
            "prices",
            "returns",
            "steps_remaining_norm",
            "unrealized_pnl_norm"
          ],
          "observation_state_hash": "a1b97276bf4bd7fae0ba79fc580caaa16c6274e1055a86f3ae9260d816090946",
          "heldout_boundary": "2025-01-01",
          "contains_heldout_rows": false,
          "stage_c_authorized": false,
          "broker_profile": null,
          "market_type": null,
          "trade_rate_band_id": null,
          "calendar_policy_id": null,
          "traces": [
            {
              "split": "evaluation",
              "trace_file": "/home/harveybc/Documents/GitHub/financial-data/experiments/stage_a_screening/runs/omega/solusdt_4h_dqn_learned_cnn_direct_atr_sltp_s0_20260524T152355Z_project3_stage31_firstwave/return_trace.csv",
              "trace_file_sha256": "a4e5f78a260150780b013cc8a4e5a7a9a7269ba417588f47e3fbffa6e74c1e30",
              "metadata_file": "/home/harveybc/Documents/GitHub/financial-data/experiments/stage_a_screening/runs/omega/solusdt_4h_dqn_learned_cnn_direct_atr_sltp_s0_20260524T152355Z_project3_stage31_firstwave/return_trace.csv.meta.json",
              "row_count": 7427,
              "first_timestamp": "2020-08-11 04:00:00",
              "last_timestamp": "2023-12-31 20:00:00",
              "contains_heldout_rows": false,
              "stage_c_authorized": false,
              "episode_id": "solusdt_4h_dqn_learned_cnn_direct_atr_sltp_s0_20260524T152355Z_project3_stage31_firstwave::eval0",
              "feature_list_hash": null,
              "feature_column_count": 0,
              "observation_state_hash": "a1b97276bf4bd7fae0ba79fc580caaa16c6274e1055a86f3ae9260d816090946"
            }
          ],
          "evidence_file": "/home/harveybc/Documents/GitHub/financial-data/experiments/stage_a_screening/runs/omega/solusdt_4h_dqn_learned_cnn_direct_atr_sltp_s0_20260524T152355Z_project3_stage31_firstwave/evidence.json"
        },
        "return_trace_evidence_file": "/home/harveybc/Documents/GitHub/financial-data/experiments/stage_a_screening/runs/omega/solusdt_4h_dqn_learned_cnn_direct_atr_sltp_s0_20260524T152355Z_project3_stage31_firstwave/evidence.json",
        "mode": "train"
      },
      "run_dir": "/home/harveybc/Documents/GitHub/financial-data/experiments/stage_a_screening/runs/omega/solusdt_4h_dqn_learned_cnn_direct_atr_sltp_s0_20260524T152355Z_project3_stage31_firstwave"
    }
  ]
}
