[seed_sweep] running seed=1 run_dir=/home/harveybc/Documents/GitHub/financial-data/experiments/stage_a_screening/runs/omega/solusdt_4h_dqn_tech_full_direct_atr_sltp_s1_20260524T142849Z_project3_stage31_firstwave
{
  "ok": true,
  "results": [
    {
      "seed": 1,
      "exit_code": 0,
      "summary": {
        "initial_cash": 10000.0,
        "final_equity": 9997.501952440254,
        "total_return": -0.00024980475597458085,
        "max_drawdown_pct": 0.0322313346379141,
        "max_drawdown_money": 3.2232290559659305,
        "sharpe_ratio": -11.698425219221512,
        "sqn": -1.0687799154825073,
        "trades_total": 175,
        "trades_won": 77,
        "trades_lost": 97,
        "avg_trade_pnl": -0.010652189459967175,
        "action_diagnostics": {
          "steps": 7229,
          "hold_actions": 6847,
          "long_actions": 205,
          "short_actions": 177,
          "non_hold_actions": 382,
          "continuous_deadband_actions": 0,
          "raw_abs_sum": 559.0,
          "raw_min": 0.0,
          "raw_max": 2.0,
          "continuous_action_threshold": null
        },
        "execution_diagnostics": {
          "entry_actions_seen": 382,
          "entry_orders_submitted": 168,
          "blocked_session_filter": 0,
          "blocked_atr_warmup": 13,
          "blocked_non_positive_atr": 0,
          "blocked_non_positive_size": 0,
          "blocked_non_positive_price": 0,
          "default_orders_submitted": 0,
          "plugin_apply_errors": 0
        },
        "episode_reward": -0.00024570475597465757,
        "episode_length": 7229,
        "eval_seed": 1,
        "action_steps": 7229,
        "action_hold_count": 6847,
        "action_long_count": 205,
        "action_short_count": 177,
        "action_non_hold_count": 382,
        "action_non_hold_rate": 0.05284271683497026,
        "action_abs_mean": 0.07732743117996957,
        "action_raw_min": 0.0,
        "action_raw_max": 2.0,
        "action_deadband_count": 0,
        "action_deadband_rate": 0.0,
        "execution_entry_actions_seen": 382,
        "execution_entry_orders_submitted": 168,
        "execution_blocked_atr_warmup": 13,
        "execution_blocked_session_filter": 0,
        "execution_blocked_non_positive_atr": 0,
        "execution_blocked_non_positive_size": 0,
        "execution_blocked_non_positive_price": 0,
        "no_trade_diagnosis": "",
        "no_trade_min_trades": 1,
        "no_trade_gate_passed": true,
        "return_trace_file": "/home/harveybc/Documents/GitHub/financial-data/experiments/stage_a_screening/runs/omega/solusdt_4h_dqn_tech_full_direct_atr_sltp_s1_20260524T142849Z_project3_stage31_firstwave/return_trace.csv",
        "return_trace_metadata_file": "/home/harveybc/Documents/GitHub/financial-data/experiments/stage_a_screening/runs/omega/solusdt_4h_dqn_tech_full_direct_atr_sltp_s1_20260524T142849Z_project3_stage31_firstwave/return_trace.csv.meta.json",
        "return_trace_evidence": {
          "schema_version": "project3_return_trace_evidence_v1",
          "generated_at": "2026-05-24T14:30:33Z",
          "run_id": "solusdt_4h_dqn_tech_full_direct_atr_sltp_s1_20260524T142849Z_project3_stage31_firstwave",
          "pipeline_plugin": "rl_pipeline",
          "trace_schema_version": "stage_b_return_trace_v1",
          "asset": "solusdt_4h",
          "timeframe": "4h",
          "seed": 1,
          "config_hash": "67cc91580381d13d5f8aafeb38813ff15a3bad6e0dc762659c8d14e393b38423",
          "data_file": "/home/harveybc/Documents/GitHub/financial-data/experiments/stage_a_screening/inputs/solusdt/4h/tech_full/train.csv",
          "data_file_hash": "8218ff62b3b55ef8a73060965bdf22affc6140d7ca328bae110fbafc31d68af8",
          "feature_list_hash": null,
          "feature_columns": null,
          "feature_column_count": 0,
          "observation_state_fields": [
            "equity_norm",
            "position",
            "prices",
            "returns",
            "steps_remaining_norm",
            "unrealized_pnl_norm"
          ],
          "observation_state_hash": "a1b97276bf4bd7fae0ba79fc580caaa16c6274e1055a86f3ae9260d816090946",
          "heldout_boundary": "2025-01-01",
          "contains_heldout_rows": false,
          "stage_c_authorized": false,
          "broker_profile": null,
          "market_type": null,
          "trade_rate_band_id": null,
          "calendar_policy_id": null,
          "traces": [
            {
              "split": "evaluation",
              "trace_file": "/home/harveybc/Documents/GitHub/financial-data/experiments/stage_a_screening/runs/omega/solusdt_4h_dqn_tech_full_direct_atr_sltp_s1_20260524T142849Z_project3_stage31_firstwave/return_trace.csv",
              "trace_file_sha256": "0f53362c527e451e1b585e4c67f6a82b7020be7dadd00c6954198f1e8714d2f0",
              "metadata_file": "/home/harveybc/Documents/GitHub/financial-data/experiments/stage_a_screening/runs/omega/solusdt_4h_dqn_tech_full_direct_atr_sltp_s1_20260524T142849Z_project3_stage31_firstwave/return_trace.csv.meta.json",
              "row_count": 7228,
              "first_timestamp": "2020-09-13 08:00:00",
              "last_timestamp": "2023-12-31 20:00:00",
              "contains_heldout_rows": false,
              "stage_c_authorized": false,
              "episode_id": "solusdt_4h_dqn_tech_full_direct_atr_sltp_s1_20260524T142849Z_project3_stage31_firstwave::eval0",
              "feature_list_hash": null,
              "feature_column_count": 0,
              "observation_state_hash": "a1b97276bf4bd7fae0ba79fc580caaa16c6274e1055a86f3ae9260d816090946"
            }
          ],
          "evidence_file": "/home/harveybc/Documents/GitHub/financial-data/experiments/stage_a_screening/runs/omega/solusdt_4h_dqn_tech_full_direct_atr_sltp_s1_20260524T142849Z_project3_stage31_firstwave/evidence.json"
        },
        "return_trace_evidence_file": "/home/harveybc/Documents/GitHub/financial-data/experiments/stage_a_screening/runs/omega/solusdt_4h_dqn_tech_full_direct_atr_sltp_s1_20260524T142849Z_project3_stage31_firstwave/evidence.json",
        "mode": "train"
      },
      "run_dir": "/home/harveybc/Documents/GitHub/financial-data/experiments/stage_a_screening/runs/omega/solusdt_4h_dqn_tech_full_direct_atr_sltp_s1_20260524T142849Z_project3_stage31_firstwave"
    }
  ]
}
