[seed_sweep] running seed=0 run_dir=/home/harveybc/Documents/GitHub/financial-data/experiments/stage_a_screening/runs/omega/solusdt_4h_sac_sota_low_cost_direct_atr_sltp_s0_20260524T152916Z_project3_stage31_firstwave
{
  "ok": true,
  "results": [
    {
      "seed": 0,
      "exit_code": 0,
      "summary": {
        "initial_cash": 10000.0,
        "final_equity": 10558.410587131575,
        "total_return": 0.055841058713157476,
        "max_drawdown_pct": 2.397542161399005,
        "max_drawdown_money": 247.4720684785807,
        "sharpe_ratio": 0.006632324335141993,
        "sqn": 1.3548103605561135,
        "trades_total": 15,
        "trades_won": 9,
        "trades_lost": 6,
        "avg_trade_pnl": 37.22737247543833,
        "action_diagnostics": {
          "steps": 7176,
          "hold_actions": 7092,
          "long_actions": 47,
          "short_actions": 37,
          "non_hold_actions": 84,
          "continuous_deadband_actions": 7092,
          "raw_abs_sum": 223.96344536542892,
          "raw_min": -0.13272738456726074,
          "raw_max": 0.24182474613189697,
          "continuous_action_threshold": 0.1
        },
        "execution_diagnostics": {
          "entry_actions_seen": 84,
          "entry_orders_submitted": 15,
          "blocked_session_filter": 0,
          "blocked_atr_warmup": 0,
          "blocked_non_positive_atr": 0,
          "blocked_non_positive_size": 0,
          "blocked_non_positive_price": 0,
          "default_orders_submitted": 0,
          "plugin_apply_errors": 0
        },
        "episode_reward": 0.055841058713157504,
        "episode_length": 7176,
        "eval_seed": 0,
        "action_steps": 7176,
        "action_hold_count": 7092,
        "action_long_count": 47,
        "action_short_count": 37,
        "action_non_hold_count": 84,
        "action_non_hold_rate": 0.011705685618729096,
        "action_abs_mean": 0.031210067637322873,
        "action_raw_min": -0.13272738456726074,
        "action_raw_max": 0.24182474613189697,
        "action_deadband_count": 7092,
        "action_deadband_rate": 0.9882943143812709,
        "execution_entry_actions_seen": 84,
        "execution_entry_orders_submitted": 15,
        "execution_blocked_atr_warmup": 0,
        "execution_blocked_session_filter": 0,
        "execution_blocked_non_positive_atr": 0,
        "execution_blocked_non_positive_size": 0,
        "execution_blocked_non_positive_price": 0,
        "no_trade_diagnosis": "",
        "no_trade_min_trades": 1,
        "no_trade_gate_passed": true,
        "return_trace_file": "/home/harveybc/Documents/GitHub/financial-data/experiments/stage_a_screening/runs/omega/solusdt_4h_sac_sota_low_cost_direct_atr_sltp_s0_20260524T152916Z_project3_stage31_firstwave/return_trace.csv",
        "return_trace_metadata_file": "/home/harveybc/Documents/GitHub/financial-data/experiments/stage_a_screening/runs/omega/solusdt_4h_sac_sota_low_cost_direct_atr_sltp_s0_20260524T152916Z_project3_stage31_firstwave/return_trace.csv.meta.json",
        "return_trace_evidence": {
          "schema_version": "project3_return_trace_evidence_v1",
          "generated_at": "2026-05-24T15:37:47Z",
          "run_id": "solusdt_4h_sac_sota_low_cost_direct_atr_sltp_s0_20260524T152916Z_project3_stage31_firstwave",
          "pipeline_plugin": "rl_pipeline",
          "trace_schema_version": "stage_b_return_trace_v1",
          "asset": "solusdt_4h",
          "timeframe": "4h",
          "seed": 0,
          "config_hash": "23ebad9409e71c7ac6768c1c124b85bc5ac660a0db7b2638a79110f45d660196",
          "data_file": "/home/harveybc/Documents/GitHub/financial-data/experiments/stage_a_screening/inputs/solusdt/4h/sota_low_cost/train.csv",
          "data_file_hash": "a5b6c1010c08cf2c5ce13007ed1436d951112bbf34df28b8ca3c2200e0d5c7e3",
          "feature_list_hash": null,
          "feature_columns": null,
          "feature_column_count": 0,
          "observation_state_fields": [
            "equity_norm",
            "position",
            "prices",
            "returns",
            "steps_remaining_norm",
            "unrealized_pnl_norm"
          ],
          "observation_state_hash": "a1b97276bf4bd7fae0ba79fc580caaa16c6274e1055a86f3ae9260d816090946",
          "heldout_boundary": "2025-01-01",
          "contains_heldout_rows": false,
          "stage_c_authorized": false,
          "broker_profile": null,
          "market_type": null,
          "trade_rate_band_id": null,
          "calendar_policy_id": null,
          "traces": [
            {
              "split": "evaluation",
              "trace_file": "/home/harveybc/Documents/GitHub/financial-data/experiments/stage_a_screening/runs/omega/solusdt_4h_sac_sota_low_cost_direct_atr_sltp_s0_20260524T152916Z_project3_stage31_firstwave/return_trace.csv",
              "trace_file_sha256": "51be4883e8bd2e466dc4df703065008036e69a6f3b92ff1c7624c6f8277f0a39",
              "metadata_file": "/home/harveybc/Documents/GitHub/financial-data/experiments/stage_a_screening/runs/omega/solusdt_4h_sac_sota_low_cost_direct_atr_sltp_s0_20260524T152916Z_project3_stage31_firstwave/return_trace.csv.meta.json",
              "row_count": 7175,
              "first_timestamp": "2020-09-22 04:00:00",
              "last_timestamp": "2023-12-31 20:00:00",
              "contains_heldout_rows": false,
              "stage_c_authorized": false,
              "episode_id": "solusdt_4h_sac_sota_low_cost_direct_atr_sltp_s0_20260524T152916Z_project3_stage31_firstwave::eval0",
              "feature_list_hash": null,
              "feature_column_count": 0,
              "observation_state_hash": "a1b97276bf4bd7fae0ba79fc580caaa16c6274e1055a86f3ae9260d816090946"
            }
          ],
          "evidence_file": "/home/harveybc/Documents/GitHub/financial-data/experiments/stage_a_screening/runs/omega/solusdt_4h_sac_sota_low_cost_direct_atr_sltp_s0_20260524T152916Z_project3_stage31_firstwave/evidence.json"
        },
        "return_trace_evidence_file": "/home/harveybc/Documents/GitHub/financial-data/experiments/stage_a_screening/runs/omega/solusdt_4h_sac_sota_low_cost_direct_atr_sltp_s0_20260524T152916Z_project3_stage31_firstwave/evidence.json",
        "mode": "train"
      },
      "run_dir": "/home/harveybc/Documents/GitHub/financial-data/experiments/stage_a_screening/runs/omega/solusdt_4h_sac_sota_low_cost_direct_atr_sltp_s0_20260524T152916Z_project3_stage31_firstwave"
    }
  ]
}
