[seed_sweep] running seed=1 run_dir=/home/harveybc/Documents/GitHub/financial-data/experiments/stage_a_screening/runs/omega/solusdt_4h_sac_tech_stat_decomp_direct_atr_sltp_s1_20260524T145743Z_project3_stage31_firstwave
{
  "ok": true,
  "results": [
    {
      "seed": 1,
      "exit_code": 0,
      "summary": {
        "initial_cash": 10000.0,
        "final_equity": 9569.292649154904,
        "total_return": -0.04307073508450954,
        "max_drawdown_pct": 6.6816012813931405,
        "max_drawdown_money": 684.5146030380074,
        "sharpe_ratio": -0.06584340627238046,
        "sqn": -0.9973539867004021,
        "trades_total": 56,
        "trades_won": 18,
        "trades_lost": 37,
        "avg_trade_pnl": -7.426226934868594,
        "action_diagnostics": {
          "steps": 7173,
          "hold_actions": 6285,
          "long_actions": 888,
          "short_actions": 0,
          "non_hold_actions": 888,
          "continuous_deadband_actions": 6285,
          "raw_abs_sum": 434.09815484285355,
          "raw_min": -0.031196892261505127,
          "raw_max": 0.20170342922210693,
          "continuous_action_threshold": 0.1
        },
        "execution_diagnostics": {
          "entry_actions_seen": 888,
          "entry_orders_submitted": 56,
          "blocked_session_filter": 0,
          "blocked_atr_warmup": 0,
          "blocked_non_positive_atr": 0,
          "blocked_non_positive_size": 0,
          "blocked_non_positive_price": 0,
          "default_orders_submitted": 0,
          "plugin_apply_errors": 0
        },
        "episode_reward": -0.043992567851180685,
        "episode_length": 7173,
        "eval_seed": 1,
        "action_steps": 7173,
        "action_hold_count": 6285,
        "action_long_count": 888,
        "action_short_count": 0,
        "action_non_hold_count": 888,
        "action_non_hold_rate": 0.12379757423672104,
        "action_abs_mean": 0.06051835422317769,
        "action_raw_min": -0.031196892261505127,
        "action_raw_max": 0.20170342922210693,
        "action_deadband_count": 6285,
        "action_deadband_rate": 0.872202225763279,
        "execution_entry_actions_seen": 888,
        "execution_entry_orders_submitted": 56,
        "execution_blocked_atr_warmup": 0,
        "execution_blocked_session_filter": 0,
        "execution_blocked_non_positive_atr": 0,
        "execution_blocked_non_positive_size": 0,
        "execution_blocked_non_positive_price": 0,
        "no_trade_diagnosis": "",
        "no_trade_min_trades": 1,
        "no_trade_gate_passed": true,
        "return_trace_file": "/home/harveybc/Documents/GitHub/financial-data/experiments/stage_a_screening/runs/omega/solusdt_4h_sac_tech_stat_decomp_direct_atr_sltp_s1_20260524T145743Z_project3_stage31_firstwave/return_trace.csv",
        "return_trace_metadata_file": "/home/harveybc/Documents/GitHub/financial-data/experiments/stage_a_screening/runs/omega/solusdt_4h_sac_tech_stat_decomp_direct_atr_sltp_s1_20260524T145743Z_project3_stage31_firstwave/return_trace.csv.meta.json",
        "return_trace_evidence": {
          "schema_version": "project3_return_trace_evidence_v1",
          "generated_at": "2026-05-24T15:06:45Z",
          "run_id": "solusdt_4h_sac_tech_stat_decomp_direct_atr_sltp_s1_20260524T145743Z_project3_stage31_firstwave",
          "pipeline_plugin": "rl_pipeline",
          "trace_schema_version": "stage_b_return_trace_v1",
          "asset": "solusdt_4h",
          "timeframe": "4h",
          "seed": 1,
          "config_hash": "20a56729637a216014c59d71acee6ac924dac64da456effd2e7e5571ae9fe000",
          "data_file": "/home/harveybc/Documents/GitHub/financial-data/experiments/stage_a_screening/inputs/solusdt/4h/tech_stat_decomp/train.csv",
          "data_file_hash": "dc70849d9bf78c3a15cc1dee67dba078be7ad174f1cbe44c0720af1e30965b4f",
          "feature_list_hash": null,
          "feature_columns": null,
          "feature_column_count": 0,
          "observation_state_fields": [
            "equity_norm",
            "position",
            "prices",
            "returns",
            "steps_remaining_norm",
            "unrealized_pnl_norm"
          ],
          "observation_state_hash": "a1b97276bf4bd7fae0ba79fc580caaa16c6274e1055a86f3ae9260d816090946",
          "heldout_boundary": "2025-01-01",
          "contains_heldout_rows": false,
          "stage_c_authorized": false,
          "broker_profile": null,
          "market_type": null,
          "trade_rate_band_id": null,
          "calendar_policy_id": null,
          "traces": [
            {
              "split": "evaluation",
              "trace_file": "/home/harveybc/Documents/GitHub/financial-data/experiments/stage_a_screening/runs/omega/solusdt_4h_sac_tech_stat_decomp_direct_atr_sltp_s1_20260524T145743Z_project3_stage31_firstwave/return_trace.csv",
              "trace_file_sha256": "3f711ad2402d3bb11d132b1dfc52366b3988052f4528549292d1aaaed0e2508b",
              "metadata_file": "/home/harveybc/Documents/GitHub/financial-data/experiments/stage_a_screening/runs/omega/solusdt_4h_sac_tech_stat_decomp_direct_atr_sltp_s1_20260524T145743Z_project3_stage31_firstwave/return_trace.csv.meta.json",
              "row_count": 7172,
              "first_timestamp": "2020-09-22 16:00:00",
              "last_timestamp": "2023-12-31 20:00:00",
              "contains_heldout_rows": false,
              "stage_c_authorized": false,
              "episode_id": "solusdt_4h_sac_tech_stat_decomp_direct_atr_sltp_s1_20260524T145743Z_project3_stage31_firstwave::eval0",
              "feature_list_hash": null,
              "feature_column_count": 0,
              "observation_state_hash": "a1b97276bf4bd7fae0ba79fc580caaa16c6274e1055a86f3ae9260d816090946"
            }
          ],
          "evidence_file": "/home/harveybc/Documents/GitHub/financial-data/experiments/stage_a_screening/runs/omega/solusdt_4h_sac_tech_stat_decomp_direct_atr_sltp_s1_20260524T145743Z_project3_stage31_firstwave/evidence.json"
        },
        "return_trace_evidence_file": "/home/harveybc/Documents/GitHub/financial-data/experiments/stage_a_screening/runs/omega/solusdt_4h_sac_tech_stat_decomp_direct_atr_sltp_s1_20260524T145743Z_project3_stage31_firstwave/evidence.json",
        "mode": "train"
      },
      "run_dir": "/home/harveybc/Documents/GitHub/financial-data/experiments/stage_a_screening/runs/omega/solusdt_4h_sac_tech_stat_decomp_direct_atr_sltp_s1_20260524T145743Z_project3_stage31_firstwave"
    }
  ]
}
