[seed_sweep] running seed=0 run_dir=/home/harveybc/Documents/GitHub/financial-data/experiments/stage_a_screening/runs/omega/solusdt_4h_dqn_tech_stat_direct_atr_sltp_s0_20260524T145353Z_project3_stage31_firstwave
{
  "ok": true,
  "results": [
    {
      "seed": 0,
      "exit_code": 0,
      "summary": {
        "initial_cash": 10000.0,
        "final_equity": 10003.226595218275,
        "total_return": 0.00032265952182752855,
        "max_drawdown_pct": 0.015244797236008106,
        "max_drawdown_money": 1.5250272425782896,
        "sharpe_ratio": -6.853594708869504,
        "sqn": 1.4986412608546351,
        "trades_total": 697,
        "trades_won": 354,
        "trades_lost": 342,
        "avg_trade_pnl": 0.004642384365279151,
        "action_diagnostics": {
          "steps": 7176,
          "hold_actions": 37,
          "long_actions": 6823,
          "short_actions": 316,
          "non_hold_actions": 7139,
          "continuous_deadband_actions": 0,
          "raw_abs_sum": 7455.0,
          "raw_min": 0.0,
          "raw_max": 2.0,
          "continuous_action_threshold": null
        },
        "execution_diagnostics": {
          "entry_actions_seen": 7138,
          "entry_orders_submitted": 640,
          "blocked_session_filter": 0,
          "blocked_atr_warmup": 13,
          "blocked_non_positive_atr": 0,
          "blocked_non_positive_size": 0,
          "blocked_non_positive_price": 0,
          "default_orders_submitted": 0,
          "plugin_apply_errors": 0
        },
        "episode_reward": 0.0003206095218274641,
        "episode_length": 7176,
        "eval_seed": 0,
        "action_steps": 7176,
        "action_hold_count": 37,
        "action_long_count": 6823,
        "action_short_count": 316,
        "action_non_hold_count": 7139,
        "action_non_hold_rate": 0.9948439241917503,
        "action_abs_mean": 1.0388795986622072,
        "action_raw_min": 0.0,
        "action_raw_max": 2.0,
        "action_deadband_count": 0,
        "action_deadband_rate": 0.0,
        "execution_entry_actions_seen": 7138,
        "execution_entry_orders_submitted": 640,
        "execution_blocked_atr_warmup": 13,
        "execution_blocked_session_filter": 0,
        "execution_blocked_non_positive_atr": 0,
        "execution_blocked_non_positive_size": 0,
        "execution_blocked_non_positive_price": 0,
        "no_trade_diagnosis": "",
        "no_trade_min_trades": 1,
        "no_trade_gate_passed": true,
        "return_trace_file": "/home/harveybc/Documents/GitHub/financial-data/experiments/stage_a_screening/runs/omega/solusdt_4h_dqn_tech_stat_direct_atr_sltp_s0_20260524T145353Z_project3_stage31_firstwave/return_trace.csv",
        "return_trace_metadata_file": "/home/harveybc/Documents/GitHub/financial-data/experiments/stage_a_screening/runs/omega/solusdt_4h_dqn_tech_stat_direct_atr_sltp_s0_20260524T145353Z_project3_stage31_firstwave/return_trace.csv.meta.json",
        "return_trace_evidence": {
          "schema_version": "project3_return_trace_evidence_v1",
          "generated_at": "2026-05-24T14:55:47Z",
          "run_id": "solusdt_4h_dqn_tech_stat_direct_atr_sltp_s0_20260524T145353Z_project3_stage31_firstwave",
          "pipeline_plugin": "rl_pipeline",
          "trace_schema_version": "stage_b_return_trace_v1",
          "asset": "solusdt_4h",
          "timeframe": "4h",
          "seed": 0,
          "config_hash": "96f20590c25d315de04afba00e380cb386d54937773499002c81b211ec0a6a4e",
          "data_file": "/home/harveybc/Documents/GitHub/financial-data/experiments/stage_a_screening/inputs/solusdt/4h/tech_stat/train.csv",
          "data_file_hash": "a5b6c1010c08cf2c5ce13007ed1436d951112bbf34df28b8ca3c2200e0d5c7e3",
          "feature_list_hash": null,
          "feature_columns": null,
          "feature_column_count": 0,
          "observation_state_fields": [
            "equity_norm",
            "position",
            "prices",
            "returns",
            "steps_remaining_norm",
            "unrealized_pnl_norm"
          ],
          "observation_state_hash": "a1b97276bf4bd7fae0ba79fc580caaa16c6274e1055a86f3ae9260d816090946",
          "heldout_boundary": "2025-01-01",
          "contains_heldout_rows": false,
          "stage_c_authorized": false,
          "broker_profile": null,
          "market_type": null,
          "trade_rate_band_id": null,
          "calendar_policy_id": null,
          "traces": [
            {
              "split": "evaluation",
              "trace_file": "/home/harveybc/Documents/GitHub/financial-data/experiments/stage_a_screening/runs/omega/solusdt_4h_dqn_tech_stat_direct_atr_sltp_s0_20260524T145353Z_project3_stage31_firstwave/return_trace.csv",
              "trace_file_sha256": "9607e57498b0935d93dbf6058e5304347e216669c9c763b55d17c6b5fe20d902",
              "metadata_file": "/home/harveybc/Documents/GitHub/financial-data/experiments/stage_a_screening/runs/omega/solusdt_4h_dqn_tech_stat_direct_atr_sltp_s0_20260524T145353Z_project3_stage31_firstwave/return_trace.csv.meta.json",
              "row_count": 7175,
              "first_timestamp": "2020-09-22 04:00:00",
              "last_timestamp": "2023-12-31 20:00:00",
              "contains_heldout_rows": false,
              "stage_c_authorized": false,
              "episode_id": "solusdt_4h_dqn_tech_stat_direct_atr_sltp_s0_20260524T145353Z_project3_stage31_firstwave::eval0",
              "feature_list_hash": null,
              "feature_column_count": 0,
              "observation_state_hash": "a1b97276bf4bd7fae0ba79fc580caaa16c6274e1055a86f3ae9260d816090946"
            }
          ],
          "evidence_file": "/home/harveybc/Documents/GitHub/financial-data/experiments/stage_a_screening/runs/omega/solusdt_4h_dqn_tech_stat_direct_atr_sltp_s0_20260524T145353Z_project3_stage31_firstwave/evidence.json"
        },
        "return_trace_evidence_file": "/home/harveybc/Documents/GitHub/financial-data/experiments/stage_a_screening/runs/omega/solusdt_4h_dqn_tech_stat_direct_atr_sltp_s0_20260524T145353Z_project3_stage31_firstwave/evidence.json",
        "mode": "train"
      },
      "run_dir": "/home/harveybc/Documents/GitHub/financial-data/experiments/stage_a_screening/runs/omega/solusdt_4h_dqn_tech_stat_direct_atr_sltp_s0_20260524T145353Z_project3_stage31_firstwave"
    }
  ]
}
