[seed_sweep] running seed=1 run_dir=/home/harveybc/Documents/GitHub/financial-data/experiments/stage_a_screening/runs/omega/xrpusdt_4h_dqn_learned_lstm_direct_atr_sltp_s1_20260609T192724Z_project3_stage31_firstwave
{
  "ok": true,
  "results": [
    {
      "seed": 1,
      "exit_code": 0,
      "summary": {
        "initial_cash": 10000.0,
        "final_equity": 9999.999616296238,
        "total_return": -3.837037620968431e-08,
        "max_drawdown_pct": 0.0002980572379001859,
        "max_drawdown_money": 0.02980579615177703,
        "sharpe_ratio": -869.9220734000799,
        "sqn": -0.056372393400833026,
        "trades_total": 757,
        "trades_won": 324,
        "trades_lost": 432,
        "avg_trade_pnl": -1.5235536292516784e-06,
        "action_diagnostics": {
          "steps": 12398,
          "hold_actions": 2288,
          "long_actions": 9765,
          "short_actions": 345,
          "non_hold_actions": 10110,
          "continuous_deadband_actions": 0,
          "raw_abs_sum": 10455.0,
          "raw_min": 0.0,
          "raw_max": 2.0,
          "continuous_action_threshold": null
        },
        "execution_diagnostics": {
          "entry_actions_seen": 10109,
          "entry_orders_submitted": 705,
          "blocked_session_filter": 0,
          "blocked_atr_warmup": 13,
          "blocked_non_positive_atr": 0,
          "blocked_non_positive_size": 0,
          "blocked_non_positive_price": 0,
          "default_orders_submitted": 0,
          "plugin_apply_errors": 0,
          "event_context_no_trade_active_steps": 0,
          "event_context_action_overrides": 0,
          "event_context_blocked_entries": 0,
          "event_context_forced_flat_actions": 0,
          "event_context_forced_flat_orders": 0
        },
        "event_context_diagnostics": {
          "event_context_no_trade_value": 0.0,
          "event_context_no_trade_active": 0.0,
          "event_context_spread_stress_multiplier": 1.0,
          "event_context_slippage_stress_multiplier": 1.0,
          "event_context_execution_overlay": false,
          "event_context_action_before_overlay": 1,
          "event_context_action_after_overlay": 1,
          "event_context_action_overridden": false,
          "event_context_blocked_entry": false,
          "event_context_forced_flat": false,
          "event_context_position_before_overlay": 1
        },
        "episode_reward": -4.337037626100691e-08,
        "episode_length": 12398,
        "eval_seed": 1,
        "action_steps": 12398,
        "action_hold_count": 2288,
        "action_long_count": 9765,
        "action_short_count": 345,
        "action_non_hold_count": 10110,
        "action_non_hold_rate": 0.8154541055008873,
        "action_abs_mean": 0.843281174382965,
        "action_raw_min": 0.0,
        "action_raw_max": 2.0,
        "action_deadband_count": 0,
        "action_deadband_rate": 0.0,
        "execution_entry_actions_seen": 10109,
        "execution_entry_orders_submitted": 705,
        "execution_blocked_atr_warmup": 13,
        "execution_blocked_session_filter": 0,
        "execution_blocked_non_positive_atr": 0,
        "execution_blocked_non_positive_size": 0,
        "execution_blocked_non_positive_price": 0,
        "no_trade_diagnosis": "",
        "no_trade_min_trades": 1,
        "no_trade_gate_passed": true,
        "return_trace_file": "/home/harveybc/Documents/GitHub/financial-data/experiments/stage_a_screening/runs/omega/xrpusdt_4h_dqn_learned_lstm_direct_atr_sltp_s1_20260609T192724Z_project3_stage31_firstwave/return_trace.csv",
        "return_trace_metadata_file": "/home/harveybc/Documents/GitHub/financial-data/experiments/stage_a_screening/runs/omega/xrpusdt_4h_dqn_learned_lstm_direct_atr_sltp_s1_20260609T192724Z_project3_stage31_firstwave/return_trace.csv.meta.json",
        "return_trace_evidence": {
          "schema_version": "project3_return_trace_evidence_v1",
          "generated_at": "2026-06-09T19:28:50Z",
          "run_id": "xrpusdt_4h_dqn_learned_lstm_direct_atr_sltp_s1_20260609T192724Z_project3_stage31_firstwave",
          "pipeline_plugin": "rl_pipeline",
          "trace_schema_version": "stage_b_return_trace_v1",
          "asset": "xrpusdt_4h",
          "timeframe": "4h",
          "seed": 1,
          "config_hash": "881f2ab10707996682b3f1592f1b1ad13f4a726bf82dd068e8e2cde70c6f8e5b",
          "data_file": "/home/harveybc/Documents/GitHub/financial-data/experiments/stage_a_screening/inputs/xrpusdt/4h/learned_lstm/train.csv",
          "data_file_hash": "eee2cd5c904211e1a9a86ea42bfa88e6cec5f0100bc54105ff10b1d47834cfca",
          "feature_list_hash": null,
          "feature_columns": null,
          "feature_column_count": 0,
          "observation_state_fields": [
            "equity_norm",
            "position",
            "prices",
            "returns",
            "steps_remaining_norm",
            "unrealized_pnl_norm"
          ],
          "observation_state_hash": "a1b97276bf4bd7fae0ba79fc580caaa16c6274e1055a86f3ae9260d816090946",
          "heldout_boundary": "2025-01-01",
          "contains_heldout_rows": false,
          "stage_c_authorized": false,
          "broker_profile": null,
          "market_type": null,
          "trade_rate_band_id": null,
          "calendar_policy_id": null,
          "market_state_profile_id": null,
          "market_state_profile_hash": null,
          "market_state_profile_family": null,
          "market_state_profile_name": null,
          "market_state_selected_columns": null,
          "traces": [
            {
              "split": "evaluation",
              "trace_file": "/home/harveybc/Documents/GitHub/financial-data/experiments/stage_a_screening/runs/omega/xrpusdt_4h_dqn_learned_lstm_direct_atr_sltp_s1_20260609T192724Z_project3_stage31_firstwave/return_trace.csv",
              "trace_file_sha256": "1608f93a4992b01c1d7523e1aa0af07165aef3b94bdc9b50244de3d87a044833",
              "metadata_file": "/home/harveybc/Documents/GitHub/financial-data/experiments/stage_a_screening/runs/omega/xrpusdt_4h_dqn_learned_lstm_direct_atr_sltp_s1_20260609T192724Z_project3_stage31_firstwave/return_trace.csv.meta.json",
              "row_count": 12397,
              "first_timestamp": "2018-05-04 08:00:00",
              "last_timestamp": "2023-12-31 20:00:00",
              "contains_heldout_rows": false,
              "stage_c_authorized": false,
              "episode_id": "xrpusdt_4h_dqn_learned_lstm_direct_atr_sltp_s1_20260609T192724Z_project3_stage31_firstwave::eval0",
              "feature_list_hash": null,
              "feature_column_count": 0,
              "observation_state_hash": "a1b97276bf4bd7fae0ba79fc580caaa16c6274e1055a86f3ae9260d816090946"
            }
          ],
          "evidence_file": "/home/harveybc/Documents/GitHub/financial-data/experiments/stage_a_screening/runs/omega/xrpusdt_4h_dqn_learned_lstm_direct_atr_sltp_s1_20260609T192724Z_project3_stage31_firstwave/evidence.json"
        },
        "return_trace_evidence_file": "/home/harveybc/Documents/GitHub/financial-data/experiments/stage_a_screening/runs/omega/xrpusdt_4h_dqn_learned_lstm_direct_atr_sltp_s1_20260609T192724Z_project3_stage31_firstwave/evidence.json",
        "mode": "train"
      },
      "run_dir": "/home/harveybc/Documents/GitHub/financial-data/experiments/stage_a_screening/runs/omega/xrpusdt_4h_dqn_learned_lstm_direct_atr_sltp_s1_20260609T192724Z_project3_stage31_firstwave"
    }
  ]
}
