[seed_sweep] running seed=1 run_dir=/home/harveybc/Documents/GitHub/financial-data/experiments/stage_a_screening/runs/omega/xrpusdt_4h_ppo_baseline_12_direct_atr_sltp_s1_20260609T191940Z_project3_stage31_firstwave
{
  "ok": true,
  "results": [
    {
      "seed": 1,
      "exit_code": 0,
      "summary": {
        "initial_cash": 10000.0,
        "final_equity": 10000.013585573633,
        "total_return": 1.3585573632735048e-06,
        "max_drawdown_pct": 0.00015610760098400256,
        "max_drawdown_money": 0.01561077492806362,
        "sharpe_ratio": -1105.977161708091,
        "sqn": 0.8494472459480794,
        "trades_total": 549,
        "trades_won": 225,
        "trades_lost": 323,
        "avg_trade_pnl": 2.457632955057348e-05,
        "action_diagnostics": {
          "steps": 12349,
          "hold_actions": 792,
          "long_actions": 0,
          "short_actions": 11557,
          "non_hold_actions": 11557,
          "continuous_deadband_actions": 0,
          "raw_abs_sum": 23114.0,
          "raw_min": 0.0,
          "raw_max": 2.0,
          "continuous_action_threshold": null
        },
        "execution_diagnostics": {
          "entry_actions_seen": 11556,
          "entry_orders_submitted": 554,
          "blocked_session_filter": 0,
          "blocked_atr_warmup": 13,
          "blocked_non_positive_atr": 0,
          "blocked_non_positive_size": 0,
          "blocked_non_positive_price": 0,
          "default_orders_submitted": 0,
          "plugin_apply_errors": 0,
          "event_context_no_trade_active_steps": 0,
          "event_context_action_overrides": 0,
          "event_context_blocked_entries": 0,
          "event_context_forced_flat_actions": 0,
          "event_context_forced_flat_orders": 0
        },
        "event_context_diagnostics": {
          "event_context_no_trade_value": 0.0,
          "event_context_no_trade_active": 0.0,
          "event_context_spread_stress_multiplier": 1.0,
          "event_context_slippage_stress_multiplier": 1.0,
          "event_context_execution_overlay": false,
          "event_context_action_before_overlay": 2,
          "event_context_action_after_overlay": 2,
          "event_context_action_overridden": false,
          "event_context_blocked_entry": false,
          "event_context_forced_flat": false,
          "event_context_position_before_overlay": -1
        },
        "episode_reward": 1.363557363401918e-06,
        "episode_length": 12349,
        "eval_seed": 1,
        "action_steps": 12349,
        "action_hold_count": 792,
        "action_long_count": 0,
        "action_short_count": 11557,
        "action_non_hold_count": 11557,
        "action_non_hold_rate": 0.9358652522471456,
        "action_abs_mean": 1.8717305044942911,
        "action_raw_min": 0.0,
        "action_raw_max": 2.0,
        "action_deadband_count": 0,
        "action_deadband_rate": 0.0,
        "execution_entry_actions_seen": 11556,
        "execution_entry_orders_submitted": 554,
        "execution_blocked_atr_warmup": 13,
        "execution_blocked_session_filter": 0,
        "execution_blocked_non_positive_atr": 0,
        "execution_blocked_non_positive_size": 0,
        "execution_blocked_non_positive_price": 0,
        "no_trade_diagnosis": "",
        "no_trade_min_trades": 1,
        "no_trade_gate_passed": true,
        "return_trace_file": "/home/harveybc/Documents/GitHub/financial-data/experiments/stage_a_screening/runs/omega/xrpusdt_4h_ppo_baseline_12_direct_atr_sltp_s1_20260609T191940Z_project3_stage31_firstwave/return_trace.csv",
        "return_trace_metadata_file": "/home/harveybc/Documents/GitHub/financial-data/experiments/stage_a_screening/runs/omega/xrpusdt_4h_ppo_baseline_12_direct_atr_sltp_s1_20260609T191940Z_project3_stage31_firstwave/return_trace.csv.meta.json",
        "return_trace_evidence": {
          "schema_version": "project3_return_trace_evidence_v1",
          "generated_at": "2026-06-09T19:22:19Z",
          "run_id": "xrpusdt_4h_ppo_baseline_12_direct_atr_sltp_s1_20260609T191940Z_project3_stage31_firstwave",
          "pipeline_plugin": "rl_pipeline",
          "trace_schema_version": "stage_b_return_trace_v1",
          "asset": "xrpusdt_4h",
          "timeframe": "4h",
          "seed": 1,
          "config_hash": "28001c1d9bef4ba32fd11f7b5bc9f6d1008d6cd39aaa4f30ea8faec5cb07ee56",
          "data_file": "/home/harveybc/Documents/GitHub/financial-data/experiments/stage_a_screening/inputs/xrpusdt/4h/baseline_12/train.csv",
          "data_file_hash": "dda7153269156a541625e1b9b1a0f207b2a4751472f2d8717ad55c9034563d17",
          "feature_list_hash": "a3477d689804412c604c64dc9da5a91f73e1a7d1e2209dd08f2eec7ecd7aadc1",
          "feature_columns": [
            "OPEN",
            "HIGH",
            "LOW",
            "CLOSE",
            "VOLUME",
            "returns",
            "log_returns",
            "rsi_14",
            "macd_hist",
            "bb_pos",
            "volume_ratio",
            "ema_cross",
            "atr_norm",
            "obv_delta",
            "momentum_5",
            "momentum_20",
            "vol_20"
          ],
          "feature_column_count": 17,
          "observation_state_fields": [
            "equity_norm",
            "position",
            "prices",
            "returns",
            "steps_remaining_norm",
            "unrealized_pnl_norm"
          ],
          "observation_state_hash": "a1b97276bf4bd7fae0ba79fc580caaa16c6274e1055a86f3ae9260d816090946",
          "heldout_boundary": "2025-01-01",
          "contains_heldout_rows": false,
          "stage_c_authorized": false,
          "broker_profile": null,
          "market_type": null,
          "trade_rate_band_id": null,
          "calendar_policy_id": null,
          "market_state_profile_id": null,
          "market_state_profile_hash": null,
          "market_state_profile_family": null,
          "market_state_profile_name": null,
          "market_state_selected_columns": null,
          "traces": [
            {
              "split": "evaluation",
              "trace_file": "/home/harveybc/Documents/GitHub/financial-data/experiments/stage_a_screening/runs/omega/xrpusdt_4h_ppo_baseline_12_direct_atr_sltp_s1_20260609T191940Z_project3_stage31_firstwave/return_trace.csv",
              "trace_file_sha256": "e9d21c2902557752174a00dcf68f0de9e7bf124d0e48e33debe4070596779d73",
              "metadata_file": "/home/harveybc/Documents/GitHub/financial-data/experiments/stage_a_screening/runs/omega/xrpusdt_4h_ppo_baseline_12_direct_atr_sltp_s1_20260609T191940Z_project3_stage31_firstwave/return_trace.csv.meta.json",
              "row_count": 12348,
              "first_timestamp": "2018-05-12 12:00:00",
              "last_timestamp": "2023-12-31 20:00:00",
              "contains_heldout_rows": false,
              "stage_c_authorized": false,
              "episode_id": "xrpusdt_4h_ppo_baseline_12_direct_atr_sltp_s1_20260609T191940Z_project3_stage31_firstwave::eval0",
              "feature_list_hash": "a3477d689804412c604c64dc9da5a91f73e1a7d1e2209dd08f2eec7ecd7aadc1",
              "feature_column_count": 17,
              "observation_state_hash": "a1b97276bf4bd7fae0ba79fc580caaa16c6274e1055a86f3ae9260d816090946"
            }
          ],
          "evidence_file": "/home/harveybc/Documents/GitHub/financial-data/experiments/stage_a_screening/runs/omega/xrpusdt_4h_ppo_baseline_12_direct_atr_sltp_s1_20260609T191940Z_project3_stage31_firstwave/evidence.json"
        },
        "return_trace_evidence_file": "/home/harveybc/Documents/GitHub/financial-data/experiments/stage_a_screening/runs/omega/xrpusdt_4h_ppo_baseline_12_direct_atr_sltp_s1_20260609T191940Z_project3_stage31_firstwave/evidence.json",
        "mode": "train"
      },
      "run_dir": "/home/harveybc/Documents/GitHub/financial-data/experiments/stage_a_screening/runs/omega/xrpusdt_4h_ppo_baseline_12_direct_atr_sltp_s1_20260609T191940Z_project3_stage31_firstwave"
    }
  ]
}
