[seed_sweep] running seed=1 run_dir=/home/harveybc/Documents/GitHub/financial-data/experiments/stage_a_screening/runs/omega/xrpusdt_4h_ppo_tech_full_direct_atr_sltp_s1_20260524T173055Z_project3_stage31_firstwave
{
  "ok": true,
  "results": [
    {
      "seed": 1,
      "exit_code": 0,
      "summary": {
        "initial_cash": 10000.0,
        "final_equity": 10000.011972807608,
        "total_return": 1.197280760756314e-06,
        "max_drawdown_pct": 0.00015610762616048623,
        "max_drawdown_money": 0.01561077492806362,
        "sharpe_ratio": -1104.4309521511216,
        "sqn": 0.7501053815262584,
        "trades_total": 553,
        "trades_won": 224,
        "trades_lost": 328,
        "avg_trade_pnl": 2.1476562637163553e-05,
        "action_diagnostics": {
          "steps": 12199,
          "hold_actions": 0,
          "long_actions": 0,
          "short_actions": 12199,
          "non_hold_actions": 12199,
          "continuous_deadband_actions": 0,
          "raw_abs_sum": 24398.0,
          "raw_min": 2.0,
          "raw_max": 2.0,
          "continuous_action_threshold": null
        },
        "execution_diagnostics": {
          "entry_actions_seen": 12198,
          "entry_orders_submitted": 558,
          "blocked_session_filter": 0,
          "blocked_atr_warmup": 13,
          "blocked_non_positive_atr": 0,
          "blocked_non_positive_size": 0,
          "blocked_non_positive_price": 0,
          "default_orders_submitted": 0,
          "plugin_apply_errors": 0
        },
        "episode_reward": 1.2022807608445846e-06,
        "episode_length": 12199,
        "eval_seed": 1,
        "action_steps": 12199,
        "action_hold_count": 0,
        "action_long_count": 0,
        "action_short_count": 12199,
        "action_non_hold_count": 12199,
        "action_non_hold_rate": 1.0,
        "action_abs_mean": 2.0,
        "action_raw_min": 2.0,
        "action_raw_max": 2.0,
        "action_deadband_count": 0,
        "action_deadband_rate": 0.0,
        "execution_entry_actions_seen": 12198,
        "execution_entry_orders_submitted": 558,
        "execution_blocked_atr_warmup": 13,
        "execution_blocked_session_filter": 0,
        "execution_blocked_non_positive_atr": 0,
        "execution_blocked_non_positive_size": 0,
        "execution_blocked_non_positive_price": 0,
        "no_trade_diagnosis": "",
        "no_trade_min_trades": 1,
        "no_trade_gate_passed": true,
        "return_trace_file": "/home/harveybc/Documents/GitHub/financial-data/experiments/stage_a_screening/runs/omega/xrpusdt_4h_ppo_tech_full_direct_atr_sltp_s1_20260524T173055Z_project3_stage31_firstwave/return_trace.csv",
        "return_trace_metadata_file": "/home/harveybc/Documents/GitHub/financial-data/experiments/stage_a_screening/runs/omega/xrpusdt_4h_ppo_tech_full_direct_atr_sltp_s1_20260524T173055Z_project3_stage31_firstwave/return_trace.csv.meta.json",
        "return_trace_evidence": {
          "schema_version": "project3_return_trace_evidence_v1",
          "generated_at": "2026-05-24T17:33:39Z",
          "run_id": "xrpusdt_4h_ppo_tech_full_direct_atr_sltp_s1_20260524T173055Z_project3_stage31_firstwave",
          "pipeline_plugin": "rl_pipeline",
          "trace_schema_version": "stage_b_return_trace_v1",
          "asset": "xrpusdt_4h",
          "timeframe": "4h",
          "seed": 1,
          "config_hash": "e051e3adf2a70ba694df99d69739fd506cab31357a461e1d7d5a751072dc5a76",
          "data_file": "/home/harveybc/Documents/GitHub/financial-data/experiments/stage_a_screening/inputs/xrpusdt/4h/tech_full/train.csv",
          "data_file_hash": "45f04a766941b09fa4408585d4aeac0eb45f8f48cb85938971323f811973366a",
          "feature_list_hash": "ac737b2c0ef9280ea21b64249dd127cce42fcba8bd33443ca6504cbf80c774c7",
          "feature_columns": [
            "OPEN",
            "HIGH",
            "LOW",
            "CLOSE",
            "VOLUME",
            "return_1",
            "log_return_1",
            "return_5",
            "log_return_5",
            "return_10",
            "log_return_10",
            "return_20",
            "log_return_20",
            "return_60",
            "log_return_60",
            "sma_10",
            "ema_10",
            "close_sma_ratio_10",
            "sma_20",
            "ema_20",
            "close_sma_ratio_20",
            "sma_50",
            "ema_50",
            "close_sma_ratio_50",
            "sma_100",
            "ema_100",
            "close_sma_ratio_100",
            "sma_200",
            "ema_200",
            "close_sma_ratio_200",
            "macd",
            "macd_signal",
            "macd_hist",
            "rsi_7",
            "rsi_14",
            "rsi_21",
            "stoch_k",
            "stoch_d",
            "williams_r_14",
            "cci_14",
            "roc_10",
            "roc_20",
            "roc_60",
            "mom_10",
            "mom_20",
            "bb_upper",
            "bb_middle",
            "bb_lower",
            "bb_pct_b",
            "bb_width",
            "atr_14",
            "natr_14",
            "hist_vol_10",
            "hist_vol_20",
            "hist_vol_60",
            "ema_cross_10_50",
            "ema_cross_20_100",
            "trend_slope_50",
            "trend_strength_50",
            "obv",
            "obv_delta_20",
            "volume_sma_10",
            "volume_sma_20",
            "volume_ratio_20",
            "vwap_60",
            "mfi_14"
          ],
          "feature_column_count": 66,
          "observation_state_fields": [
            "equity_norm",
            "position",
            "prices",
            "returns",
            "steps_remaining_norm",
            "unrealized_pnl_norm"
          ],
          "observation_state_hash": "a1b97276bf4bd7fae0ba79fc580caaa16c6274e1055a86f3ae9260d816090946",
          "heldout_boundary": "2025-01-01",
          "contains_heldout_rows": false,
          "stage_c_authorized": false,
          "broker_profile": null,
          "market_type": null,
          "trade_rate_band_id": null,
          "calendar_policy_id": null,
          "traces": [
            {
              "split": "evaluation",
              "trace_file": "/home/harveybc/Documents/GitHub/financial-data/experiments/stage_a_screening/runs/omega/xrpusdt_4h_ppo_tech_full_direct_atr_sltp_s1_20260524T173055Z_project3_stage31_firstwave/return_trace.csv",
              "trace_file_sha256": "410f856a9473a6ba733c123c1c24de3d906f23e0de288cf116f2fd391418d213",
              "metadata_file": "/home/harveybc/Documents/GitHub/financial-data/experiments/stage_a_screening/runs/omega/xrpusdt_4h_ppo_tech_full_direct_atr_sltp_s1_20260524T173055Z_project3_stage31_firstwave/return_trace.csv.meta.json",
              "row_count": 12198,
              "first_timestamp": "2018-06-06 12:00:00",
              "last_timestamp": "2023-12-31 20:00:00",
              "contains_heldout_rows": false,
              "stage_c_authorized": false,
              "episode_id": "xrpusdt_4h_ppo_tech_full_direct_atr_sltp_s1_20260524T173055Z_project3_stage31_firstwave::eval0",
              "feature_list_hash": "ac737b2c0ef9280ea21b64249dd127cce42fcba8bd33443ca6504cbf80c774c7",
              "feature_column_count": 66,
              "observation_state_hash": "a1b97276bf4bd7fae0ba79fc580caaa16c6274e1055a86f3ae9260d816090946"
            }
          ],
          "evidence_file": "/home/harveybc/Documents/GitHub/financial-data/experiments/stage_a_screening/runs/omega/xrpusdt_4h_ppo_tech_full_direct_atr_sltp_s1_20260524T173055Z_project3_stage31_firstwave/evidence.json"
        },
        "return_trace_evidence_file": "/home/harveybc/Documents/GitHub/financial-data/experiments/stage_a_screening/runs/omega/xrpusdt_4h_ppo_tech_full_direct_atr_sltp_s1_20260524T173055Z_project3_stage31_firstwave/evidence.json",
        "mode": "train"
      },
      "run_dir": "/home/harveybc/Documents/GitHub/financial-data/experiments/stage_a_screening/runs/omega/xrpusdt_4h_ppo_tech_full_direct_atr_sltp_s1_20260524T173055Z_project3_stage31_firstwave"
    }
  ]
}
