[seed_sweep] running seed=2 run_dir=/home/harveybc/Documents/GitHub/financial-data/experiments/stage_a_screening/runs/omega/xrpusdt_4h_dqn_tech_stat_direct_atr_sltp_s2_20260609T212402Z_project3_stage31_firstwave
{
  "ok": true,
  "results": [
    {
      "seed": 2,
      "exit_code": 0,
      "summary": {
        "initial_cash": 10000.0,
        "final_equity": 10000.001332261341,
        "total_return": 1.3322613412469764e-07,
        "max_drawdown_pct": 0.00018584285361458478,
        "max_drawdown_money": 0.018584291654406115,
        "sharpe_ratio": -880.6964352734938,
        "sqn": 0.06891521830678088,
        "trades_total": 1233,
        "trades_won": 576,
        "trades_lost": 656,
        "avg_trade_pnl": 1.0426154807514218e-06,
        "action_diagnostics": {
          "steps": 12146,
          "hold_actions": 7683,
          "long_actions": 636,
          "short_actions": 3827,
          "non_hold_actions": 4463,
          "continuous_deadband_actions": 0,
          "raw_abs_sum": 8290.0,
          "raw_min": 0.0,
          "raw_max": 2.0,
          "continuous_action_threshold": null
        },
        "execution_diagnostics": {
          "entry_actions_seen": 4462,
          "entry_orders_submitted": 1126,
          "blocked_session_filter": 0,
          "blocked_atr_warmup": 12,
          "blocked_non_positive_atr": 0,
          "blocked_non_positive_size": 0,
          "blocked_non_positive_price": 0,
          "default_orders_submitted": 0,
          "plugin_apply_errors": 0,
          "event_context_no_trade_active_steps": 0,
          "event_context_action_overrides": 0,
          "event_context_blocked_entries": 0,
          "event_context_forced_flat_actions": 0,
          "event_context_forced_flat_orders": 0
        },
        "event_context_diagnostics": {
          "event_context_no_trade_value": 0.0,
          "event_context_no_trade_active": 0.0,
          "event_context_spread_stress_multiplier": 1.0,
          "event_context_slippage_stress_multiplier": 1.0,
          "event_context_execution_overlay": false,
          "event_context_action_before_overlay": 2,
          "event_context_action_after_overlay": 2,
          "event_context_action_overridden": false,
          "event_context_blocked_entry": false,
          "event_context_forced_flat": false,
          "event_context_position_before_overlay": -1
        },
        "episode_reward": 1.3822613418596655e-07,
        "episode_length": 12146,
        "eval_seed": 2,
        "action_steps": 12146,
        "action_hold_count": 7683,
        "action_long_count": 636,
        "action_short_count": 3827,
        "action_non_hold_count": 4463,
        "action_non_hold_rate": 0.36744607278116254,
        "action_abs_mean": 0.6825292277292936,
        "action_raw_min": 0.0,
        "action_raw_max": 2.0,
        "action_deadband_count": 0,
        "action_deadband_rate": 0.0,
        "execution_entry_actions_seen": 4462,
        "execution_entry_orders_submitted": 1126,
        "execution_blocked_atr_warmup": 12,
        "execution_blocked_session_filter": 0,
        "execution_blocked_non_positive_atr": 0,
        "execution_blocked_non_positive_size": 0,
        "execution_blocked_non_positive_price": 0,
        "no_trade_diagnosis": "",
        "no_trade_min_trades": 1,
        "no_trade_gate_passed": true,
        "return_trace_file": "/home/harveybc/Documents/GitHub/financial-data/experiments/stage_a_screening/runs/omega/xrpusdt_4h_dqn_tech_stat_direct_atr_sltp_s2_20260609T212402Z_project3_stage31_firstwave/return_trace.csv",
        "return_trace_metadata_file": "/home/harveybc/Documents/GitHub/financial-data/experiments/stage_a_screening/runs/omega/xrpusdt_4h_dqn_tech_stat_direct_atr_sltp_s2_20260609T212402Z_project3_stage31_firstwave/return_trace.csv.meta.json",
        "return_trace_evidence": {
          "schema_version": "project3_return_trace_evidence_v1",
          "generated_at": "2026-06-09T21:25:37Z",
          "run_id": "xrpusdt_4h_dqn_tech_stat_direct_atr_sltp_s2_20260609T212402Z_project3_stage31_firstwave",
          "pipeline_plugin": "rl_pipeline",
          "trace_schema_version": "stage_b_return_trace_v1",
          "asset": "xrpusdt_4h",
          "timeframe": "4h",
          "seed": 2,
          "config_hash": "41d1914de4002fc3e47b80e1492f3d741e0981aaef01304ab73fc4b0faff0eab",
          "data_file": "/home/harveybc/Documents/GitHub/financial-data/experiments/stage_a_screening/inputs/xrpusdt/4h/tech_stat/train.csv",
          "data_file_hash": "643cee6de76137f24c3eb30d6ca25aa61b5287737b82bc9c885e3086c0a47b76",
          "feature_list_hash": null,
          "feature_columns": null,
          "feature_column_count": 0,
          "observation_state_fields": [
            "equity_norm",
            "position",
            "prices",
            "returns",
            "steps_remaining_norm",
            "unrealized_pnl_norm"
          ],
          "observation_state_hash": "a1b97276bf4bd7fae0ba79fc580caaa16c6274e1055a86f3ae9260d816090946",
          "heldout_boundary": "2025-01-01",
          "contains_heldout_rows": false,
          "stage_c_authorized": false,
          "broker_profile": null,
          "market_type": null,
          "trade_rate_band_id": null,
          "calendar_policy_id": null,
          "market_state_profile_id": null,
          "market_state_profile_hash": null,
          "market_state_profile_family": null,
          "market_state_profile_name": null,
          "market_state_selected_columns": null,
          "traces": [
            {
              "split": "evaluation",
              "trace_file": "/home/harveybc/Documents/GitHub/financial-data/experiments/stage_a_screening/runs/omega/xrpusdt_4h_dqn_tech_stat_direct_atr_sltp_s2_20260609T212402Z_project3_stage31_firstwave/return_trace.csv",
              "trace_file_sha256": "be8349e81aacd071ab736d6ab0bbc0b8967b2947e137a7d5500a579d33e13090",
              "metadata_file": "/home/harveybc/Documents/GitHub/financial-data/experiments/stage_a_screening/runs/omega/xrpusdt_4h_dqn_tech_stat_direct_atr_sltp_s2_20260609T212402Z_project3_stage31_firstwave/return_trace.csv.meta.json",
              "row_count": 12145,
              "first_timestamp": "2018-06-15 08:00:00",
              "last_timestamp": "2023-12-31 20:00:00",
              "contains_heldout_rows": false,
              "stage_c_authorized": false,
              "episode_id": "xrpusdt_4h_dqn_tech_stat_direct_atr_sltp_s2_20260609T212402Z_project3_stage31_firstwave::eval0",
              "feature_list_hash": null,
              "feature_column_count": 0,
              "observation_state_hash": "a1b97276bf4bd7fae0ba79fc580caaa16c6274e1055a86f3ae9260d816090946"
            }
          ],
          "evidence_file": "/home/harveybc/Documents/GitHub/financial-data/experiments/stage_a_screening/runs/omega/xrpusdt_4h_dqn_tech_stat_direct_atr_sltp_s2_20260609T212402Z_project3_stage31_firstwave/evidence.json"
        },
        "return_trace_evidence_file": "/home/harveybc/Documents/GitHub/financial-data/experiments/stage_a_screening/runs/omega/xrpusdt_4h_dqn_tech_stat_direct_atr_sltp_s2_20260609T212402Z_project3_stage31_firstwave/evidence.json",
        "mode": "train"
      },
      "run_dir": "/home/harveybc/Documents/GitHub/financial-data/experiments/stage_a_screening/runs/omega/xrpusdt_4h_dqn_tech_stat_direct_atr_sltp_s2_20260609T212402Z_project3_stage31_firstwave"
    }
  ]
}
