[seed_sweep] running seed=0 run_dir=/home/harveybc/Documents/GitHub/financial-data/experiments/stage_a_screening/runs/omega/xrpusdt_4h_dqn_tech_full_direct_atr_sltp_s0_20260524T173351Z_project3_stage31_firstwave
{
  "ok": true,
  "results": [
    {
      "seed": 0,
      "exit_code": 0,
      "summary": {
        "initial_cash": 10000.0,
        "final_equity": 9999.98571388808,
        "total_return": -1.4286111920114308e-06,
        "max_drawdown_pct": 0.00021695622035621946,
        "max_drawdown_money": 0.02169563360075699,
        "sharpe_ratio": -927.5225629830511,
        "sqn": -0.7566171096894353,
        "trades_total": 3565,
        "trades_won": 1752,
        "trades_lost": 1812,
        "avg_trade_pnl": -4.280849978595458e-06,
        "action_diagnostics": {
          "steps": 12199,
          "hold_actions": 3405,
          "long_actions": 2988,
          "short_actions": 5806,
          "non_hold_actions": 8794,
          "continuous_deadband_actions": 0,
          "raw_abs_sum": 14600.0,
          "raw_min": 0.0,
          "raw_max": 2.0,
          "continuous_action_threshold": null
        },
        "execution_diagnostics": {
          "entry_actions_seen": 8794,
          "entry_orders_submitted": 3239,
          "blocked_session_filter": 0,
          "blocked_atr_warmup": 13,
          "blocked_non_positive_atr": 0,
          "blocked_non_positive_size": 0,
          "blocked_non_positive_price": 0,
          "default_orders_submitted": 0,
          "plugin_apply_errors": 0
        },
        "episode_reward": -1.423611191967216e-06,
        "episode_length": 12199,
        "eval_seed": 0,
        "action_steps": 12199,
        "action_hold_count": 3405,
        "action_long_count": 2988,
        "action_short_count": 5806,
        "action_non_hold_count": 8794,
        "action_non_hold_rate": 0.7208787605541438,
        "action_abs_mean": 1.1968194114271662,
        "action_raw_min": 0.0,
        "action_raw_max": 2.0,
        "action_deadband_count": 0,
        "action_deadband_rate": 0.0,
        "execution_entry_actions_seen": 8794,
        "execution_entry_orders_submitted": 3239,
        "execution_blocked_atr_warmup": 13,
        "execution_blocked_session_filter": 0,
        "execution_blocked_non_positive_atr": 0,
        "execution_blocked_non_positive_size": 0,
        "execution_blocked_non_positive_price": 0,
        "no_trade_diagnosis": "",
        "no_trade_min_trades": 1,
        "no_trade_gate_passed": true,
        "return_trace_file": "/home/harveybc/Documents/GitHub/financial-data/experiments/stage_a_screening/runs/omega/xrpusdt_4h_dqn_tech_full_direct_atr_sltp_s0_20260524T173351Z_project3_stage31_firstwave/return_trace.csv",
        "return_trace_metadata_file": "/home/harveybc/Documents/GitHub/financial-data/experiments/stage_a_screening/runs/omega/xrpusdt_4h_dqn_tech_full_direct_atr_sltp_s0_20260524T173351Z_project3_stage31_firstwave/return_trace.csv.meta.json",
        "return_trace_evidence": {
          "schema_version": "project3_return_trace_evidence_v1",
          "generated_at": "2026-05-24T17:35:58Z",
          "run_id": "xrpusdt_4h_dqn_tech_full_direct_atr_sltp_s0_20260524T173351Z_project3_stage31_firstwave",
          "pipeline_plugin": "rl_pipeline",
          "trace_schema_version": "stage_b_return_trace_v1",
          "asset": "xrpusdt_4h",
          "timeframe": "4h",
          "seed": 0,
          "config_hash": "612f44d1c9b3d5a1fcc12e14261cb9c694843a2ecff2bee3dd78a777b70b7cb8",
          "data_file": "/home/harveybc/Documents/GitHub/financial-data/experiments/stage_a_screening/inputs/xrpusdt/4h/tech_full/train.csv",
          "data_file_hash": "45f04a766941b09fa4408585d4aeac0eb45f8f48cb85938971323f811973366a",
          "feature_list_hash": null,
          "feature_columns": null,
          "feature_column_count": 0,
          "observation_state_fields": [
            "equity_norm",
            "position",
            "prices",
            "returns",
            "steps_remaining_norm",
            "unrealized_pnl_norm"
          ],
          "observation_state_hash": "a1b97276bf4bd7fae0ba79fc580caaa16c6274e1055a86f3ae9260d816090946",
          "heldout_boundary": "2025-01-01",
          "contains_heldout_rows": false,
          "stage_c_authorized": false,
          "broker_profile": null,
          "market_type": null,
          "trade_rate_band_id": null,
          "calendar_policy_id": null,
          "traces": [
            {
              "split": "evaluation",
              "trace_file": "/home/harveybc/Documents/GitHub/financial-data/experiments/stage_a_screening/runs/omega/xrpusdt_4h_dqn_tech_full_direct_atr_sltp_s0_20260524T173351Z_project3_stage31_firstwave/return_trace.csv",
              "trace_file_sha256": "3ea970087e4201e6ee307257401e6e4b828acc7296dae23f7faeaffe95b059cb",
              "metadata_file": "/home/harveybc/Documents/GitHub/financial-data/experiments/stage_a_screening/runs/omega/xrpusdt_4h_dqn_tech_full_direct_atr_sltp_s0_20260524T173351Z_project3_stage31_firstwave/return_trace.csv.meta.json",
              "row_count": 12198,
              "first_timestamp": "2018-06-06 12:00:00",
              "last_timestamp": "2023-12-31 20:00:00",
              "contains_heldout_rows": false,
              "stage_c_authorized": false,
              "episode_id": "xrpusdt_4h_dqn_tech_full_direct_atr_sltp_s0_20260524T173351Z_project3_stage31_firstwave::eval0",
              "feature_list_hash": null,
              "feature_column_count": 0,
              "observation_state_hash": "a1b97276bf4bd7fae0ba79fc580caaa16c6274e1055a86f3ae9260d816090946"
            }
          ],
          "evidence_file": "/home/harveybc/Documents/GitHub/financial-data/experiments/stage_a_screening/runs/omega/xrpusdt_4h_dqn_tech_full_direct_atr_sltp_s0_20260524T173351Z_project3_stage31_firstwave/evidence.json"
        },
        "return_trace_evidence_file": "/home/harveybc/Documents/GitHub/financial-data/experiments/stage_a_screening/runs/omega/xrpusdt_4h_dqn_tech_full_direct_atr_sltp_s0_20260524T173351Z_project3_stage31_firstwave/evidence.json",
        "mode": "train"
      },
      "run_dir": "/home/harveybc/Documents/GitHub/financial-data/experiments/stage_a_screening/runs/omega/xrpusdt_4h_dqn_tech_full_direct_atr_sltp_s0_20260524T173351Z_project3_stage31_firstwave"
    }
  ]
}
