[seed_sweep] running seed=2 run_dir=/home/harveybc/Documents/GitHub/financial-data/experiments/stage_a_screening/runs/omega/xrpusdt_4h_dqn_learned_cnn_direct_atr_sltp_s2_20260530T115447Z_project3_stage31_firstwave
{
  "ok": true,
  "results": [
    {
      "seed": 2,
      "exit_code": 0,
      "summary": {
        "initial_cash": 10000.0,
        "final_equity": 10000.023816917977,
        "total_return": 2.381691797781471e-06,
        "max_drawdown_pct": 0.00023986625016880018,
        "max_drawdown_money": 0.02398673473726376,
        "sharpe_ratio": -842.414091591889,
        "sqn": 1.0787729335086316,
        "trades_total": 1779,
        "trades_won": 839,
        "trades_lost": 940,
        "avg_trade_pnl": 1.3387812237211965e-05,
        "action_diagnostics": {
          "steps": 12398,
          "hold_actions": 6603,
          "long_actions": 1873,
          "short_actions": 3922,
          "non_hold_actions": 5795,
          "continuous_deadband_actions": 0,
          "raw_abs_sum": 9717.0,
          "raw_min": 0.0,
          "raw_max": 2.0,
          "continuous_action_threshold": null
        },
        "execution_diagnostics": {
          "entry_actions_seen": 5795,
          "entry_orders_submitted": 1618,
          "blocked_session_filter": 0,
          "blocked_atr_warmup": 13,
          "blocked_non_positive_atr": 0,
          "blocked_non_positive_size": 0,
          "blocked_non_positive_price": 0,
          "default_orders_submitted": 0,
          "plugin_apply_errors": 0
        },
        "episode_reward": 2.3816917977455874e-06,
        "episode_length": 12398,
        "eval_seed": 2,
        "action_steps": 12398,
        "action_hold_count": 6603,
        "action_long_count": 1873,
        "action_short_count": 3922,
        "action_non_hold_count": 5795,
        "action_non_hold_rate": 0.4674140990482336,
        "action_abs_mean": 0.7837554444265205,
        "action_raw_min": 0.0,
        "action_raw_max": 2.0,
        "action_deadband_count": 0,
        "action_deadband_rate": 0.0,
        "execution_entry_actions_seen": 5795,
        "execution_entry_orders_submitted": 1618,
        "execution_blocked_atr_warmup": 13,
        "execution_blocked_session_filter": 0,
        "execution_blocked_non_positive_atr": 0,
        "execution_blocked_non_positive_size": 0,
        "execution_blocked_non_positive_price": 0,
        "no_trade_diagnosis": "",
        "no_trade_min_trades": 1,
        "no_trade_gate_passed": true,
        "return_trace_file": "/home/harveybc/Documents/GitHub/financial-data/experiments/stage_a_screening/runs/omega/xrpusdt_4h_dqn_learned_cnn_direct_atr_sltp_s2_20260530T115447Z_project3_stage31_firstwave/return_trace.csv",
        "return_trace_metadata_file": "/home/harveybc/Documents/GitHub/financial-data/experiments/stage_a_screening/runs/omega/xrpusdt_4h_dqn_learned_cnn_direct_atr_sltp_s2_20260530T115447Z_project3_stage31_firstwave/return_trace.csv.meta.json",
        "return_trace_evidence": {
          "schema_version": "project3_return_trace_evidence_v1",
          "generated_at": "2026-05-30T11:56:09Z",
          "run_id": "xrpusdt_4h_dqn_learned_cnn_direct_atr_sltp_s2_20260530T115447Z_project3_stage31_firstwave",
          "pipeline_plugin": "rl_pipeline",
          "trace_schema_version": "stage_b_return_trace_v1",
          "asset": "xrpusdt_4h",
          "timeframe": "4h",
          "seed": 2,
          "config_hash": "68699ff3506106942d7d317aff2c17fabfab3ae67e355388d8a6537b1b388aaa",
          "data_file": "/home/harveybc/Documents/GitHub/financial-data/experiments/stage_a_screening/inputs/xrpusdt/4h/learned_cnn/train.csv",
          "data_file_hash": "eee2cd5c904211e1a9a86ea42bfa88e6cec5f0100bc54105ff10b1d47834cfca",
          "feature_list_hash": null,
          "feature_columns": null,
          "feature_column_count": 0,
          "observation_state_fields": [
            "equity_norm",
            "position",
            "prices",
            "returns",
            "steps_remaining_norm",
            "unrealized_pnl_norm"
          ],
          "observation_state_hash": "a1b97276bf4bd7fae0ba79fc580caaa16c6274e1055a86f3ae9260d816090946",
          "heldout_boundary": "2025-01-01",
          "contains_heldout_rows": false,
          "stage_c_authorized": false,
          "broker_profile": null,
          "market_type": null,
          "trade_rate_band_id": null,
          "calendar_policy_id": null,
          "market_state_profile_id": null,
          "market_state_profile_hash": null,
          "market_state_profile_family": null,
          "market_state_profile_name": null,
          "market_state_selected_columns": null,
          "traces": [
            {
              "split": "evaluation",
              "trace_file": "/home/harveybc/Documents/GitHub/financial-data/experiments/stage_a_screening/runs/omega/xrpusdt_4h_dqn_learned_cnn_direct_atr_sltp_s2_20260530T115447Z_project3_stage31_firstwave/return_trace.csv",
              "trace_file_sha256": "3c8a93b2723d27baea3531bc84032541a279b1e4b2735d04a053192db8fce60a",
              "metadata_file": "/home/harveybc/Documents/GitHub/financial-data/experiments/stage_a_screening/runs/omega/xrpusdt_4h_dqn_learned_cnn_direct_atr_sltp_s2_20260530T115447Z_project3_stage31_firstwave/return_trace.csv.meta.json",
              "row_count": 12397,
              "first_timestamp": "2018-05-04 08:00:00",
              "last_timestamp": "2023-12-31 20:00:00",
              "contains_heldout_rows": false,
              "stage_c_authorized": false,
              "episode_id": "xrpusdt_4h_dqn_learned_cnn_direct_atr_sltp_s2_20260530T115447Z_project3_stage31_firstwave::eval0",
              "feature_list_hash": null,
              "feature_column_count": 0,
              "observation_state_hash": "a1b97276bf4bd7fae0ba79fc580caaa16c6274e1055a86f3ae9260d816090946"
            }
          ],
          "evidence_file": "/home/harveybc/Documents/GitHub/financial-data/experiments/stage_a_screening/runs/omega/xrpusdt_4h_dqn_learned_cnn_direct_atr_sltp_s2_20260530T115447Z_project3_stage31_firstwave/evidence.json"
        },
        "return_trace_evidence_file": "/home/harveybc/Documents/GitHub/financial-data/experiments/stage_a_screening/runs/omega/xrpusdt_4h_dqn_learned_cnn_direct_atr_sltp_s2_20260530T115447Z_project3_stage31_firstwave/evidence.json",
        "mode": "train"
      },
      "run_dir": "/home/harveybc/Documents/GitHub/financial-data/experiments/stage_a_screening/runs/omega/xrpusdt_4h_dqn_learned_cnn_direct_atr_sltp_s2_20260530T115447Z_project3_stage31_firstwave"
    }
  ]
}
