[seed_sweep] running seed=1 run_dir=/home/harveybc/Documents/GitHub/financial-data/experiments/stage_a_screening/runs/omega/xrpusdt_4h_dqn_baseline_12_direct_atr_sltp_s1_20260524T172702Z_project3_stage31_firstwave
{
  "ok": true,
  "results": [
    {
      "seed": 1,
      "exit_code": 0,
      "summary": {
        "initial_cash": 10000.0,
        "final_equity": 9999.984143785254,
        "total_return": -1.5856214746756692e-06,
        "max_drawdown_pct": 0.0002720121357747803,
        "max_drawdown_money": 0.027201241511647822,
        "sharpe_ratio": -906.5393333498517,
        "sqn": -0.7669298770629769,
        "trades_total": 852,
        "trades_won": 388,
        "trades_lost": 463,
        "avg_trade_pnl": -1.8378824216551972e-05,
        "action_diagnostics": {
          "steps": 12349,
          "hold_actions": 7610,
          "long_actions": 632,
          "short_actions": 4107,
          "non_hold_actions": 4739,
          "continuous_deadband_actions": 0,
          "raw_abs_sum": 8846.0,
          "raw_min": 0.0,
          "raw_max": 2.0,
          "continuous_action_threshold": null
        },
        "execution_diagnostics": {
          "entry_actions_seen": 4739,
          "entry_orders_submitted": 775,
          "blocked_session_filter": 0,
          "blocked_atr_warmup": 2,
          "blocked_non_positive_atr": 0,
          "blocked_non_positive_size": 0,
          "blocked_non_positive_price": 0,
          "default_orders_submitted": 0,
          "plugin_apply_errors": 0
        },
        "episode_reward": -1.5806214745680346e-06,
        "episode_length": 12349,
        "eval_seed": 1,
        "action_steps": 12349,
        "action_hold_count": 7610,
        "action_long_count": 632,
        "action_short_count": 4107,
        "action_non_hold_count": 4739,
        "action_non_hold_rate": 0.3837557696979513,
        "action_abs_mean": 0.7163333063405943,
        "action_raw_min": 0.0,
        "action_raw_max": 2.0,
        "action_deadband_count": 0,
        "action_deadband_rate": 0.0,
        "execution_entry_actions_seen": 4739,
        "execution_entry_orders_submitted": 775,
        "execution_blocked_atr_warmup": 2,
        "execution_blocked_session_filter": 0,
        "execution_blocked_non_positive_atr": 0,
        "execution_blocked_non_positive_size": 0,
        "execution_blocked_non_positive_price": 0,
        "no_trade_diagnosis": "",
        "no_trade_min_trades": 1,
        "no_trade_gate_passed": true,
        "return_trace_file": "/home/harveybc/Documents/GitHub/financial-data/experiments/stage_a_screening/runs/omega/xrpusdt_4h_dqn_baseline_12_direct_atr_sltp_s1_20260524T172702Z_project3_stage31_firstwave/return_trace.csv",
        "return_trace_metadata_file": "/home/harveybc/Documents/GitHub/financial-data/experiments/stage_a_screening/runs/omega/xrpusdt_4h_dqn_baseline_12_direct_atr_sltp_s1_20260524T172702Z_project3_stage31_firstwave/return_trace.csv.meta.json",
        "return_trace_evidence": {
          "schema_version": "project3_return_trace_evidence_v1",
          "generated_at": "2026-05-24T17:28:49Z",
          "run_id": "xrpusdt_4h_dqn_baseline_12_direct_atr_sltp_s1_20260524T172702Z_project3_stage31_firstwave",
          "pipeline_plugin": "rl_pipeline",
          "trace_schema_version": "stage_b_return_trace_v1",
          "asset": "xrpusdt_4h",
          "timeframe": "4h",
          "seed": 1,
          "config_hash": "359121401646649012f14470afa7cd0e49cb66c486a1efbef878f1d6f3e1ff8c",
          "data_file": "/home/harveybc/Documents/GitHub/financial-data/experiments/stage_a_screening/inputs/xrpusdt/4h/baseline_12/train.csv",
          "data_file_hash": "dda7153269156a541625e1b9b1a0f207b2a4751472f2d8717ad55c9034563d17",
          "feature_list_hash": null,
          "feature_columns": null,
          "feature_column_count": 0,
          "observation_state_fields": [
            "equity_norm",
            "position",
            "prices",
            "returns",
            "steps_remaining_norm",
            "unrealized_pnl_norm"
          ],
          "observation_state_hash": "a1b97276bf4bd7fae0ba79fc580caaa16c6274e1055a86f3ae9260d816090946",
          "heldout_boundary": "2025-01-01",
          "contains_heldout_rows": false,
          "stage_c_authorized": false,
          "broker_profile": null,
          "market_type": null,
          "trade_rate_band_id": null,
          "calendar_policy_id": null,
          "traces": [
            {
              "split": "evaluation",
              "trace_file": "/home/harveybc/Documents/GitHub/financial-data/experiments/stage_a_screening/runs/omega/xrpusdt_4h_dqn_baseline_12_direct_atr_sltp_s1_20260524T172702Z_project3_stage31_firstwave/return_trace.csv",
              "trace_file_sha256": "b2671be650166e67d158114a6b57d4c281baa5b4781bd42c544cff710f3778dc",
              "metadata_file": "/home/harveybc/Documents/GitHub/financial-data/experiments/stage_a_screening/runs/omega/xrpusdt_4h_dqn_baseline_12_direct_atr_sltp_s1_20260524T172702Z_project3_stage31_firstwave/return_trace.csv.meta.json",
              "row_count": 12348,
              "first_timestamp": "2018-05-12 12:00:00",
              "last_timestamp": "2023-12-31 20:00:00",
              "contains_heldout_rows": false,
              "stage_c_authorized": false,
              "episode_id": "xrpusdt_4h_dqn_baseline_12_direct_atr_sltp_s1_20260524T172702Z_project3_stage31_firstwave::eval0",
              "feature_list_hash": null,
              "feature_column_count": 0,
              "observation_state_hash": "a1b97276bf4bd7fae0ba79fc580caaa16c6274e1055a86f3ae9260d816090946"
            }
          ],
          "evidence_file": "/home/harveybc/Documents/GitHub/financial-data/experiments/stage_a_screening/runs/omega/xrpusdt_4h_dqn_baseline_12_direct_atr_sltp_s1_20260524T172702Z_project3_stage31_firstwave/evidence.json"
        },
        "return_trace_evidence_file": "/home/harveybc/Documents/GitHub/financial-data/experiments/stage_a_screening/runs/omega/xrpusdt_4h_dqn_baseline_12_direct_atr_sltp_s1_20260524T172702Z_project3_stage31_firstwave/evidence.json",
        "mode": "train"
      },
      "run_dir": "/home/harveybc/Documents/GitHub/financial-data/experiments/stage_a_screening/runs/omega/xrpusdt_4h_dqn_baseline_12_direct_atr_sltp_s1_20260524T172702Z_project3_stage31_firstwave"
    }
  ]
}
