Attempting to load plugin: gym_fx_env from group: env.plugins
Successfully loaded plugin: gym_fx_env (class-level defaults, see config_out.json for actual): {'env_mode': 'inference', 'input_data_file': None, 'price_column': 'CLOSE', 'date_column': 'DATE_TIME', 'headers': True, 'max_rows': None, 'window_size': 32, 'initial_cash': 10000.0, 'position_size': 1.0, 'commission': 0.0, 'slippage': 0.0, 'data_feed_plugin': 'default_data_feed', 'broker_plugin': 'default_broker', 'strategy_plugin': 'default_strategy', 'preprocessor_plugin': 'default_preprocessor', 'reward_plugin': 'pnl_reward', 'metrics_plugin': 'default_metrics'}
Attempting to load plugin: dqn_agent from group: agent.plugins
Successfully loaded plugin: dqn_agent (class-level defaults, see config_out.json for actual): {'total_timesteps': 10000, 'learning_rate': 0.0001, 'buffer_size': 100000, 'learning_starts': 1000, 'batch_size': 64, 'tau': 1.0, 'gamma': 0.99, 'train_freq': 4, 'gradient_steps': 1, 'target_update_interval': 1000, 'exploration_fraction': 0.1, 'exploration_initial_eps': 1.0, 'exploration_final_eps': 0.05, 'max_grad_norm': 10.0, 'net_arch': (128, 128), 'device': 'auto', 'agent_verbose': 0, 'train_seed': 0, 'training_progress_file': None, 'progress_file': None, 'progress_update_interval_steps': 1000, 'ga_fitness_dd_lambda': 1.0}
Attempting to load plugin: rl_pipeline from group: pipeline.plugins
Successfully loaded plugin: rl_pipeline (class-level defaults, see config_out.json for actual): {'eval_seed': 0, 'train_seed': 0, 'total_timesteps': 10000, 'save_model': './agent_model.zip', 'load_model': None, 'return_trace_file': None}
2026-05-09 08:12:25.075270: E external/local_xla/xla/stream_executor/cuda/cuda_fft.cc:467] Unable to register cuFFT factory: Attempting to register factory for plugin cuFFT when one has already been registered
WARNING: All log messages before absl::InitializeLog() is called are written to STDERR
E0000 00:00:1778332345.087247  258264 cuda_dnn.cc:8579] Unable to register cuDNN factory: Attempting to register factory for plugin cuDNN when one has already been registered
E0000 00:00:1778332345.090822  258264 cuda_blas.cc:1407] Unable to register cuBLAS factory: Attempting to register factory for plugin cuBLAS when one has already been registered
W0000 00:00:1778332345.101594  258264 computation_placer.cc:177] computation placer already registered. Please check linkage and avoid linking the same target more than once.
W0000 00:00:1778332345.101631  258264 computation_placer.cc:177] computation placer already registered. Please check linkage and avoid linking the same target more than once.
W0000 00:00:1778332345.101635  258264 computation_placer.cc:177] computation placer already registered. Please check linkage and avoid linking the same target more than once.
W0000 00:00:1778332345.101637  258264 computation_placer.cc:177] computation placer already registered. Please check linkage and avoid linking the same target more than once.
2026-05-09 08:12:25.104620: I tensorflow/core/platform/cpu_feature_guard.cc:210] This TensorFlow binary is optimized to use available CPU instructions in performance-critical operations.
To enable the following instructions: AVX2 FMA, in other operations, rebuild TensorFlow with the appropriate compiler flags.
Traceback (most recent call last):
  File "/home/harveybc/anaconda3/envs/tensorflow/bin/agent-multi", line 6, in <module>
    sys.exit(main())
             ^^^^^^
  File "/home/harveybc/Documents/GitHub/agent-multi/app/main.py", line 99, in main
    summary = _run(config)
              ^^^^^^^^^^^^
  File "/home/harveybc/Documents/GitHub/agent-multi/app/main.py", line 79, in _run
    summary = pipeline_plugin.run_pipeline(
              ^^^^^^^^^^^^^^^^^^^^^^^^^^^^^
  File "/home/harveybc/Documents/GitHub/agent-multi/pipeline_plugins/rl_pipeline.py", line 89, in run_pipeline
    summary = self._evaluate(env, agent_plugin, model, config)
              ^^^^^^^^^^^^^^^^^^^^^^^^^^^^^^^^^^^^^^^^^^^^^^^^
  File "/home/harveybc/Documents/GitHub/agent-multi/pipeline_plugins/rl_pipeline.py", line 154, in _evaluate
    metadata = _trace_mod.write_return_trace(
               ^^^^^^^^^^^^^^^^^^^^^^^^^^^^^^
  File "/home/harveybc/Documents/GitHub/agent-multi/pipeline_plugins/_return_trace.py", line 323, in write_return_trace
    raise TraceTimestampError(
pipeline_plugins._return_trace.TraceTimestampError: return_trace timestamps must be strictly increasing within each split; row 39076 timestamp '2023-12-31 23:00:00' is not after the previous timestamp '2023-12-31 23:00:00'
