======================================================================
PHASE 5 — Q3: EUR/USD MR OPERATIONAL DEPLOYMENT
======================================================================

--- Loading EUR/USD daily data ---
  5806 daily bars from 2003-12-01 to 2026-04-17

--- Task 3.1: MR Backtest Validation ---
  Sharpe: +0.273
  Worst 2Y: -0.997
  Trades: 424
  Win rate: 64.2%
  Avg win: +1.092%, Avg loss: -1.619%
  Avg bars held: 7.3
  Exit reasons: {'stop_loss': 129, 'z_exit': 291, 'max_hold': 4}
  Max drawdown: 23.5%
  Total return: 67.5%

--- Task 3.2: Position Sizing ---
  Initial capital: $10,000
  Typical position: 3,835 units
  Leverage used: 0.4x
  Risk per trade: 0.5% = $50

--- Task 3.3: LTS Plugin Generation ---
  Written: /home/harveybc/Documents/GitHub/lts/plugins_strategy/eurusd_mr_strategy.py

--- Task 3.4: Deployment Configuration ---
  Config: /home/harveybc/Documents/GitHub/heuristic-strategy/trading_research/results/phase5_q3_deployment_config.json
  Log dir: /home/harveybc/Documents/GitHub/heuristic-strategy/trading_research/results/q3_deployment_logs

--- Task 3.5: Auto-Pause Protocol ---
  max_drawdown_pct: 0.15
  max_consecutive_losses: 10
  max_slippage_multiple: 2.0
  max_divergence_sigma: 2.0
  review_period_days: 7
  min_observation_days: 90

--- Task 3.6: 90-Day Observation ---
  Start: 2026-04-17
  End: 2026-07-16
  Weekly reviews on Fridays

======================================================================
Q3 — DEPLOYMENT READINESS SUMMARY
======================================================================

  ✅ READY FOR DEMO DEPLOYMENT

  Saved to /home/harveybc/Documents/GitHub/heuristic-strategy/trading_research/results/phase5_q3_deployment_results.json

