nohup: ignoring input
======================================================================
PHASE 3.5 — TASK 3: HISTORICAL DATA EXTENSION
======================================================================

--- Task 3.1: Download Extended Historical Data ---
    Downloading GBP/USD (GBPUSD=X) 4h from 2003-01-01... 
1 Failed download:
['GBPUSD=X']: YFPricesMissingError('possibly delisted; no price data found  (1h 2022-01-01 -> 2025-12-31) (Yahoo error = "1h data not available for startTime=1640995200 and endTime=1767139200. The requested range must be within the last 730 days.")')
EMPTY
    Downloading AUD/USD (AUDUSD=X) weekly from 2003-01-01... 1025 bars, 2006-05-15 to 2025-12-29

--- Task 3.2: Recompute Oracle Sweep on Extended Data ---

  GBP/USD / 4h / vol_regime_switch...
    ⚠ No data, skipping

  AUD/USD / weekly / vol_regime_switch...
    Oracle SR: +0.454, B&H: -0.050, Edge: +0.504
    Noise budget: 0.75σ, Robustness: 0.47
    Worst window: -1.933, Max DD: 43.5%
    Regime analysis: positive edge in 4/5 regimes
      pre_gfc (2000-2007): edge=+0.161, n=85
      gfc_euro_crisis (2008-2012): edge=+1.441, n=261
      post_crisis_qe (2013-2019): edge=+0.195, n=365
      covid_stimulus (2020-2021): edge=+0.192, n=104
      inflation_hikes (2022-2025): edge=-0.354, n=209
    ✗ KILLED: worst window Sharpe = -1.933 (threshold: -0.5)

======================================================================
TASK 3 SUMMARY
======================================================================

  Total cells evaluated: 1
  Survived: 0
  Killed: 1

  Killed cells:
    AUD/USD/weekly/vol_regime_switch: worst window Sharpe = -1.933 (threshold: -0.5)

  Saved to trading_research/results/task3_omega2.json
